OpenJDK 64-Bit Server VM (25.362-b08) for linux-amd64 JRE (1.8.0_362-b08), built on Jan 25 2023 16:43:50 by "mockbuild" with gcc 4.8.5 20150623 (Red Hat 4.8.5-44)
Memory: 4k page, physical 58720256k(58713180k free), swap 0k(0k free)
CommandLine flags: -XX:+HeapDumpOnOutOfMemoryError -XX:HeapDumpPath=/opt/CA/itoa/ade/logs/heap_dump.bin -XX:InitialHeapSize=268435456 -XX:MaxHeapFreeRatio=70 -XX:MaxHeapSize=42949672960 -XX:MinHeapFreeRatio=10 -XX:+PrintGC -XX:+PrintGCDateStamps -XX:+PrintGCDetails -XX:+PrintGCTimeStamps -XX:+UseParallelGC 
2023-04-09T19:10:36.440+0000: 1.859: [GC (Allocation Failure) [PSYoungGen: 65536K->4313K(76288K)] 65536K->4329K(251392K), 0.0041483 secs] [Times: user=0.01 sys=0.03, real=0.01 secs] 
2023-04-09T19:10:37.711+0000: 3.131: [GC (Allocation Failure) [PSYoungGen: 69849K->5289K(76288K)] 69865K->5377K(251392K), 0.0051929 secs] [Times: user=0.03 sys=0.01, real=0.00 secs] 
2023-04-09T19:10:38.848+0000: 4.268: [GC (Allocation Failure) [PSYoungGen: 70825K->5975K(76288K)] 70913K->6071K(251392K), 0.0041627 secs] [Times: user=0.03 sys=0.00, real=0.01 secs] 
2023-04-09T19:10:39.701+0000: 5.121: [GC (Allocation Failure) [PSYoungGen: 71511K->6168K(76288K)] 71607K->6272K(251392K), 0.0039816 secs] [Times: user=0.03 sys=0.00, real=0.00 secs] 
2023-04-09T19:10:39.887+0000: 5.306: [GC (Metadata GC Threshold) [PSYoungGen: 20681K->6088K(76288K)] 20785K->6200K(251392K), 0.0273568 secs] [Times: user=0.03 sys=0.00, real=0.03 secs] 
2023-04-09T19:10:39.914+0000: 5.334: [Full GC (Metadata GC Threshold) [PSYoungGen: 6088K->0K(76288K)] [ParOldGen: 112K->6036K(175104K)] 6200K->6036K(251392K), [Metaspace: 20614K->20603K(22528K)], 0.0618305 secs] [Times: user=0.08 sys=0.00, real=0.06 secs] 
2023-04-09T19:10:40.931+0000: 6.351: [GC (Allocation Failure) [PSYoungGen: 65536K->512K(77824K)] 71572K->6548K(252928K), 0.0473282 secs] [Times: user=0.05 sys=0.00, real=0.04 secs] 
2023-04-09T19:10:42.271+0000: 7.690: [GC (Allocation Failure) [PSYoungGen: 71168K->1600K(78848K)] 77204K->7644K(253952K), 0.0034134 secs] [Times: user=0.01 sys=0.00, real=0.00 secs] 
2023-04-09T19:10:43.545+0000: 8.965: [GC (Allocation Failure) [PSYoungGen: 72256K->2420K(77824K)] 78300K->8472K(252928K), 0.0031947 secs] [Times: user=0.02 sys=0.00, real=0.00 secs] 
2023-04-09T19:10:44.167+0000: 9.587: [GC (Allocation Failure) [PSYoungGen: 73076K->2580K(79360K)] 79128K->9052K(254464K), 0.0039137 secs] [Times: user=0.03 sys=0.00, real=0.01 secs] 
2023-04-09T19:10:44.705+0000: 10.125: [GC (Allocation Failure) [PSYoungGen: 73236K->1184K(77824K)] 79708K->9448K(252928K), 0.0029192 secs] [Times: user=0.02 sys=0.00, real=0.00 secs] 
2023-04-09T19:10:45.237+0000: 10.657: [GC (Allocation Failure) [PSYoungGen: 71840K->576K(78848K)] 80104K->9760K(253952K), 0.0036032 secs] [Times: user=0.01 sys=0.00, real=0.01 secs] 
2023-04-09T19:10:45.718+0000: 11.138: [GC (Allocation Failure) [PSYoungGen: 71232K->576K(78336K)] 80416K->10184K(253440K), 0.0038794 secs] [Times: user=0.01 sys=0.00, real=0.01 secs] 
2023-04-09T19:10:46.628+0000: 12.048: [GC (Allocation Failure) [PSYoungGen: 71744K->1184K(79360K)] 81352K->11120K(254464K), 0.0026043 secs] [Times: user=0.02 sys=0.00, real=0.01 secs] 
2023-04-09T19:10:46.693+0000: 12.113: [GC (Metadata GC Threshold) [PSYoungGen: 6658K->1784K(78336K)] 16595K->11728K(253440K), 0.0024006 secs] [Times: user=0.01 sys=0.00, real=0.00 secs] 
2023-04-09T19:10:46.695+0000: 12.115: [Full GC (Metadata GC Threshold) [PSYoungGen: 1784K->0K(78336K)] [ParOldGen: 9944K->10769K(175104K)] 11728K->10769K(253440K), [Metaspace: 34117K->34108K(36864K)], 0.0455892 secs] [Times: user=0.37 sys=0.00, real=0.05 secs] 
2023-04-09T19:10:47.141+0000: 12.560: [GC (Allocation Failure) [PSYoungGen: 71680K->791K(79360K)] 82449K->11569K(254464K), 0.0020026 secs] [Times: user=0.02 sys=0.00, real=0.00 secs] 
2023-04-09T19:10:47.674+0000: 13.093: [GC (Allocation Failure) [PSYoungGen: 72471K->1651K(78848K)] 83249K->13016K(253952K), 0.0024290 secs] [Times: user=0.01 sys=0.00, real=0.00 secs] 
2023-04-09T19:10:48.680+0000: 14.100: [GC (Allocation Failure) [PSYoungGen: 74355K->1175K(79872K)] 85720K->13990K(254976K), 0.0028276 secs] [Times: user=0.02 sys=0.00, real=0.01 secs] 
2023-04-09T19:10:49.654+0000: 15.074: [GC (Allocation Failure) [PSYoungGen: 73879K->896K(79360K)] 86694K->14559K(254464K), 0.0027610 secs] [Times: user=0.01 sys=0.00, real=0.00 secs] 
2023-04-09T19:10:50.512+0000: 15.931: [GC (Allocation Failure) [PSYoungGen: 74112K->1664K(80384K)] 87775K->15335K(255488K), 0.0023086 secs] [Times: user=0.01 sys=0.00, real=0.00 secs] 
2023-04-09T19:10:51.565+0000: 16.985: [GC (Allocation Failure) [PSYoungGen: 74880K->2453K(80896K)] 88551K->16133K(256000K), 0.0031743 secs] [Times: user=0.02 sys=0.00, real=0.00 secs] 
2023-04-09T19:10:52.606+0000: 18.026: [GC (Allocation Failure) [PSYoungGen: 77205K->3168K(80896K)] 90885K->16855K(256000K), 0.0033480 secs] [Times: user=0.02 sys=0.00, real=0.00 secs] 
2023-04-09T19:10:53.634+0000: 19.053: [GC (Allocation Failure) [PSYoungGen: 77920K->4080K(80896K)] 91607K->17775K(256000K), 0.0033023 secs] [Times: user=0.02 sys=0.00, real=0.00 secs] 
2023-04-09T19:10:54.774+0000: 20.193: [GC (Allocation Failure) [PSYoungGen: 78832K->4528K(81408K)] 92527K->18231K(256512K), 0.0030215 secs] [Times: user=0.02 sys=0.00, real=0.00 secs] 
2023-04-09T19:10:55.972+0000: 21.392: [GC (Allocation Failure) [PSYoungGen: 79280K->5664K(81408K)] 92983K->19375K(256512K), 0.0041389 secs] [Times: user=0.03 sys=0.00, real=0.00 secs] 
2023-04-09T19:10:57.373+0000: 22.792: [GC (Allocation Failure) [PSYoungGen: 79904K->6560K(81920K)] 93615K->20279K(257024K), 0.0037865 secs] [Times: user=0.02 sys=0.00, real=0.00 secs] 
2023-04-09T19:10:59.252+0000: 24.671: [GC (Allocation Failure) [PSYoungGen: 80800K->8464K(81920K)] 94519K->22191K(257024K), 0.0679898 secs] [Times: user=0.07 sys=0.00, real=0.06 secs] 
2023-04-09T19:11:01.694+0000: 27.114: [GC (Allocation Failure) [PSYoungGen: 81680K->8507K(82944K)] 95407K->23562K(258048K), 0.0125027 secs] [Times: user=0.03 sys=0.00, real=0.01 secs] 
2023-04-09T19:11:03.577+0000: 28.997: [GC (Allocation Failure) [PSYoungGen: 81723K->8976K(83456K)] 96778K->24695K(258560K), 0.0055304 secs] [Times: user=0.03 sys=0.02, real=0.01 secs] 
2023-04-09T19:11:05.813+0000: 31.233: [GC (Allocation Failure) [PSYoungGen: 81168K->9232K(84480K)] 96887K->24959K(259584K), 0.0043225 secs] [Times: user=0.03 sys=0.00, real=0.00 secs] 
2023-04-09T19:11:08.116+0000: 33.536: [GC (Allocation Failure) [PSYoungGen: 81424K->10832K(84480K)] 97151K->26567K(259584K), 0.0049171 secs] [Times: user=0.03 sys=0.00, real=0.01 secs] 
2023-04-09T19:11:08.382+0000: 33.802: [GC (Metadata GC Threshold) [PSYoungGen: 16432K->10976K(85504K)] 32168K->26720K(260608K), 0.0048304 secs] [Times: user=0.04 sys=0.00, real=0.00 secs] 
2023-04-09T19:11:08.387+0000: 33.806: [Full GC (Metadata GC Threshold) [PSYoungGen: 10976K->0K(85504K)] [ParOldGen: 15743K->24061K(175104K)] 26720K->24061K(260608K), [Metaspace: 56346K->56346K(59392K)], 0.0681252 secs] [Times: user=0.51 sys=0.00, real=0.07 secs] 
2023-04-09T19:11:10.584+0000: 36.004: [GC (Allocation Failure) [PSYoungGen: 71168K->1472K(86528K)] 95229K->25541K(261632K), 0.0042429 secs] [Times: user=0.02 sys=0.00, real=0.00 secs] 
2023-04-09T19:11:12.326+0000: 37.745: [GC (Allocation Failure) [PSYoungGen: 72640K->1856K(86528K)] 96709K->25933K(261632K), 0.0038890 secs] [Times: user=0.03 sys=0.00, real=0.00 secs] 
2023-04-09T19:11:14.322+0000: 39.742: [GC (Allocation Failure) [PSYoungGen: 73024K->2880K(85504K)] 97101K->26965K(260608K), 0.0045969 secs] [Times: user=0.02 sys=0.00, real=0.00 secs] 
2023-04-09T19:11:15.630+0000: 41.050: [GC (Allocation Failure) [PSYoungGen: 74048K->4480K(75776K)] 98133K->28573K(250880K), 0.0044797 secs] [Times: user=0.03 sys=0.00, real=0.00 secs] 
2023-04-09T19:11:17.135+0000: 42.555: [GC (Allocation Failure) [PSYoungGen: 75648K->5184K(82944K)] 99741K->29285K(258048K), 0.0045328 secs] [Times: user=0.02 sys=0.00, real=0.00 secs] 
2023-04-09T19:11:19.567+0000: 44.986: [GC (Allocation Failure) [PSYoungGen: 76352K->6050K(83968K)] 100453K->30159K(259072K), 0.0050736 secs] [Times: user=0.03 sys=0.00, real=0.01 secs] 
2023-04-09T19:11:21.166+0000: 46.586: [GC (Allocation Failure) [PSYoungGen: 77218K->6048K(82944K)] 101327K->30157K(258048K), 0.0041781 secs] [Times: user=0.02 sys=0.00, real=0.01 secs] 
2023-04-09T19:11:22.812+0000: 48.231: [GC (Allocation Failure) [PSYoungGen: 77216K->6416K(77824K)] 101325K->30533K(252928K), 0.0049043 secs] [Times: user=0.03 sys=0.00, real=0.00 secs] 
2023-04-09T19:11:24.319+0000: 49.738: [GC (Allocation Failure) [PSYoungGen: 77584K->6576K(82944K)] 101701K->30693K(258048K), 0.0047998 secs] [Times: user=0.03 sys=0.01, real=0.01 secs] 
2023-04-09T19:11:25.749+0000: 51.168: [GC (Allocation Failure) [PSYoungGen: 77744K->6864K(82944K)] 101861K->30981K(258048K), 0.0045240 secs] [Times: user=0.03 sys=0.00, real=0.01 secs] 
2023-04-09T19:11:27.581+0000: 53.001: [GC (Allocation Failure) [PSYoungGen: 78032K->7024K(82944K)] 102149K->31141K(258048K), 0.0045876 secs] [Times: user=0.03 sys=0.00, real=0.00 secs] 
2023-04-09T19:11:29.283+0000: 54.703: [GC (Allocation Failure) [PSYoungGen: 78192K->7232K(82944K)] 102309K->31357K(258048K), 0.0057711 secs] [Times: user=0.04 sys=0.00, real=0.00 secs] 
2023-04-09T19:11:30.927+0000: 56.347: [GC (Allocation Failure) [PSYoungGen: 78400K->7456K(82944K)] 102525K->31581K(258048K), 0.0049162 secs] [Times: user=0.03 sys=0.00, real=0.01 secs] 
2023-04-09T19:11:32.497+0000: 57.917: [GC (Allocation Failure) [PSYoungGen: 78624K->7632K(82944K)] 102749K->31757K(258048K), 0.0055432 secs] [Times: user=0.03 sys=0.00, real=0.01 secs] 
2023-04-09T19:11:34.275+0000: 59.695: [GC (Allocation Failure) [PSYoungGen: 78800K->8496K(82944K)] 102925K->32629K(258048K), 0.0056051 secs] [Times: user=0.04 sys=0.00, real=0.01 secs] 
2023-04-09T19:11:34.775+0000: 60.195: [GC (Allocation Failure) [PSYoungGen: 79664K->11760K(82944K)] 103797K->42069K(258048K), 0.0084644 secs] [Times: user=0.04 sys=0.01, real=0.01 secs] 
2023-04-09T19:11:35.134+0000: 60.554: [GC (Allocation Failure) [PSYoungGen: 82928K->15840K(82944K)] 113237K->51909K(258048K), 0.0121719 secs] [Times: user=0.06 sys=0.01, real=0.01 secs] 
2023-04-09T19:11:35.519+0000: 60.939: [GC (Allocation Failure) [PSYoungGen: 82912K->19936K(87040K)] 118981K->61589K(262144K), 0.0145835 secs] [Times: user=0.07 sys=0.01, real=0.02 secs] 
2023-04-09T19:11:35.892+0000: 61.311: [GC (Allocation Failure) [PSYoungGen: 87008K->25056K(88064K)] 128661K->70533K(263168K), 0.0171855 secs] [Times: user=0.07 sys=0.01, real=0.01 secs] 
2023-04-09T19:11:36.285+0000: 61.705: [GC (Allocation Failure) [PSYoungGen: 88032K->29152K(92160K)] 133509K->80429K(267264K), 0.0378930 secs] [Times: user=0.20 sys=0.00, real=0.04 secs] 
2023-04-09T19:11:36.729+0000: 62.149: [GC (Allocation Failure) [PSYoungGen: 92128K->29152K(92160K)] 143405K->88853K(267264K), 0.0922593 secs] [Times: user=0.17 sys=0.01, real=0.10 secs] 
2023-04-09T19:11:37.235+0000: 62.654: [GC (Allocation Failure) [PSYoungGen: 92128K->29152K(92160K)] 151829K->97289K(267264K), 0.0826099 secs] [Times: user=0.09 sys=0.01, real=0.08 secs] 
2023-04-09T19:11:37.700+0000: 63.120: [GC (Allocation Failure) [PSYoungGen: 92128K->29152K(92160K)] 160265K->105705K(267264K), 0.0273381 secs] [Times: user=0.08 sys=0.00, real=0.03 secs] 
2023-04-09T19:11:38.101+0000: 63.520: [GC (Allocation Failure) [PSYoungGen: 92128K->29152K(92160K)] 168681K->117105K(267264K), 0.0338391 secs] [Times: user=0.17 sys=0.01, real=0.03 secs] 
2023-04-09T19:11:38.558+0000: 63.978: [GC (Allocation Failure) [PSYoungGen: 92128K->29152K(92160K)] 180081K->125513K(267264K), 0.0294043 secs] [Times: user=0.15 sys=0.01, real=0.03 secs] 
2023-04-09T19:11:38.931+0000: 64.351: [GC (Allocation Failure) [PSYoungGen: 92128K->29152K(92160K)] 188489K->133929K(267264K), 0.0313607 secs] [Times: user=0.13 sys=0.01, real=0.03 secs] 
2023-04-09T19:11:39.295+0000: 64.715: [GC (Allocation Failure) [PSYoungGen: 92128K->29152K(92160K)] 196905K->142321K(267264K), 0.0307454 secs] [Times: user=0.13 sys=0.01, real=0.03 secs] 
2023-04-09T19:11:39.657+0000: 65.077: [GC (Allocation Failure) [PSYoungGen: 92128K->19744K(92160K)] 205297K->150929K(267264K), 0.0323244 secs] [Times: user=0.15 sys=0.00, real=0.03 secs] 
2023-04-09T19:11:39.996+0000: 65.416: [GC (Allocation Failure) [PSYoungGen: 82720K->16768K(92160K)] 213905K->159361K(267264K), 0.0376465 secs] [Times: user=0.23 sys=0.00, real=0.04 secs] 
2023-04-09T19:11:40.379+0000: 65.799: [GC (Allocation Failure) [PSYoungGen: 79744K->8448K(92160K)] 222337K->167785K(267264K), 0.0365600 secs] [Times: user=0.21 sys=0.01, real=0.04 secs] 
2023-04-09T19:11:40.415+0000: 65.835: [Full GC (Ergonomics) [PSYoungGen: 8448K->0K(92160K)] [ParOldGen: 159337K->164393K(336896K)] 167785K->164393K(429056K), [Metaspace: 76721K->76721K(79872K)], 0.4098641 secs] [Times: user=3.16 sys=0.05, real=0.41 secs] 
2023-04-09T19:11:41.146+0000: 66.566: [GC (Allocation Failure) [PSYoungGen: 62976K->8512K(65536K)] 227369K->172905K(402432K), 0.0266114 secs] [Times: user=0.09 sys=0.00, real=0.03 secs] 
2023-04-09T19:11:41.366+0000: 66.786: [GC (Allocation Failure) [PSYoungGen: 44864K->5024K(92160K)] 209257K->177833K(429056K), 0.0354459 secs] [Times: user=0.19 sys=0.01, real=0.04 secs] 
2023-04-09T19:11:41.588+0000: 67.008: [GC (Allocation Failure) [PSYoungGen: 41376K->5024K(97280K)] 214185K->182713K(434176K), 0.0310766 secs] [Times: user=0.10 sys=0.00, real=0.03 secs] 
2023-04-09T19:11:41.827+0000: 67.247: [GC (Allocation Failure) [PSYoungGen: 43332K->5184K(98304K)] 221022K->187745K(435200K), 0.0304738 secs] [Times: user=0.10 sys=0.00, real=0.03 secs] 
2023-04-09T19:11:42.068+0000: 67.488: [GC (Allocation Failure) [PSYoungGen: 48704K->20128K(99840K)] 231265K->207785K(436736K), 0.0376997 secs] [Times: user=0.19 sys=0.00, real=0.04 secs] 
2023-04-09T19:11:42.405+0000: 67.824: [GC (Allocation Failure) [PSYoungGen: 71840K->7040K(102400K)] 259497K->214737K(439296K), 0.0516813 secs] [Times: user=0.34 sys=0.01, real=0.05 secs] 
2023-04-09T19:11:42.752+0000: 68.172: [GC (Allocation Failure) [PSYoungGen: 58752K->6976K(108032K)] 266449K->221577K(444928K), 0.0376087 secs] [Times: user=0.16 sys=0.01, real=0.03 secs] 
2023-04-09T19:11:43.131+0000: 68.551: [GC (Allocation Failure) [PSYoungGen: 68928K->8288K(109568K)] 283529K->229777K(446464K), 0.0393495 secs] [Times: user=0.12 sys=0.00, real=0.04 secs] 
2023-04-09T19:11:43.513+0000: 68.932: [GC (Allocation Failure) [PSYoungGen: 70240K->8384K(116224K)] 291729K->238129K(453120K), 0.0440885 secs] [Times: user=0.19 sys=0.00, real=0.04 secs] 
2023-04-09T19:11:43.980+0000: 69.400: [GC (Allocation Failure) [PSYoungGen: 82624K->9952K(118272K)] 312369K->247977K(455168K), 0.0514209 secs] [Times: user=0.23 sys=0.01, real=0.06 secs] 
2023-04-09T19:11:44.449+0000: 69.869: [GC (Allocation Failure) [PSYoungGen: 84192K->10016K(120832K)] 322217K->257937K(457728K), 0.0557248 secs] [Times: user=0.23 sys=0.01, real=0.06 secs] 
2023-04-09T19:11:44.966+0000: 70.386: [GC (Allocation Failure) [PSYoungGen: 92960K->11200K(122368K)] 340881K->269009K(459264K), 0.0570066 secs] [Times: user=0.26 sys=0.00, real=0.06 secs] 
2023-04-09T19:11:45.514+0000: 70.933: [GC (Allocation Failure) [PSYoungGen: 94144K->11104K(125440K)] 351953K->279953K(462336K), 0.0585515 secs] [Times: user=0.22 sys=0.01, real=0.06 secs] 
2023-04-09T19:11:46.120+0000: 71.540: [GC (Allocation Failure) [PSYoungGen: 102752K->12256K(126976K)] 371601K->292153K(463872K), 0.0635032 secs] [Times: user=0.25 sys=0.00, real=0.07 secs] 
2023-04-09T19:11:46.758+0000: 72.178: [GC (Allocation Failure) [PSYoungGen: 103904K->12224K(129536K)] 383801K->304321K(466432K), 0.0712312 secs] [Times: user=0.27 sys=0.01, real=0.07 secs] 
2023-04-09T19:11:47.416+0000: 72.836: [GC (Allocation Failure) [PSYoungGen: 112064K->13344K(131072K)] 404161K->317673K(467968K), 0.0730143 secs] [Times: user=0.28 sys=0.02, real=0.07 secs] 
2023-04-09T19:11:48.091+0000: 73.511: [GC (Allocation Failure) [PSYoungGen: 113184K->13408K(134144K)] 417513K->331025K(471040K), 0.0774765 secs] [Times: user=0.32 sys=0.02, real=0.07 secs] 
2023-04-09T19:11:48.829+0000: 74.249: [GC (Allocation Failure) [PSYoungGen: 120928K->14304K(135680K)] 438545K->345241K(472576K), 0.0755658 secs] [Times: user=0.28 sys=0.01, real=0.08 secs] 
2023-04-09T19:11:48.905+0000: 74.325: [Full GC (Ergonomics) [PSYoungGen: 14304K->0K(135680K)] [ParOldGen: 330937K->334359K(515584K)] 345241K->334359K(651264K), [Metaspace: 76722K->76722K(79872K)], 0.6020746 secs] [Times: user=4.08 sys=0.17, real=0.60 secs] 
2023-04-09T19:11:50.101+0000: 75.521: [GC (Allocation Failure) [PSYoungGen: 107520K->10016K(141312K)] 441879K->377143K(656896K), 0.1093795 secs] [Times: user=0.64 sys=0.02, real=0.11 secs] 
2023-04-09T19:11:50.919+0000: 76.338: [GC (Allocation Failure) [PSYoungGen: 124192K->15264K(140800K)] 491319K->392367K(656384K), 0.0886859 secs] [Times: user=0.32 sys=0.00, real=0.09 secs] 
2023-04-09T19:11:51.743+0000: 77.163: [GC (Allocation Failure) [PSYoungGen: 129440K->15232K(158208K)] 506543K->407527K(673792K), 0.0936939 secs] [Times: user=0.34 sys=0.02, real=0.09 secs] 
2023-04-09T19:11:52.740+0000: 78.160: [GC (Allocation Failure) [PSYoungGen: 148352K->17696K(158720K)] 540647K->425175K(674304K), 0.1332501 secs] [Times: user=0.41 sys=0.00, real=0.14 secs] 
2023-04-09T19:11:53.860+0000: 79.280: [GC (Allocation Failure) [PSYoungGen: 150816K->17728K(181248K)] 558295K->442903K(696832K), 0.1119919 secs] [Times: user=0.39 sys=0.02, real=0.11 secs] 
2023-04-09T19:11:55.105+0000: 80.524: [GC (Allocation Failure) [PSYoungGen: 172864K->20672K(181248K)] 598039K->463559K(696832K), 0.1448867 secs] [Times: user=0.48 sys=0.02, real=0.14 secs] 
2023-04-09T19:11:56.500+0000: 81.920: [GC (Allocation Failure) [PSYoungGen: 175808K->20640K(208384K)] 618695K->484143K(723968K), 0.1262827 secs] [Times: user=0.47 sys=0.02, real=0.13 secs] 
2023-04-09T19:11:57.792+0000: 83.211: [GC (Allocation Failure) [PSYoungGen: 201376K->24000K(208896K)] 664879K->508135K(724480K), 0.1272418 secs] [Times: user=0.49 sys=0.01, real=0.12 secs] 
2023-04-09T19:11:59.112+0000: 84.532: [GC (Allocation Failure) [PSYoungGen: 204736K->24000K(229376K)] 688871K->532167K(744960K), 0.1366488 secs] [Times: user=0.51 sys=0.02, real=0.13 secs] 
2023-04-09T19:11:59.249+0000: 84.669: [Full GC (Ergonomics) [PSYoungGen: 24000K->0K(229376K)] [ParOldGen: 508167K->513638K(724480K)] 532167K->513638K(953856K), [Metaspace: 76733K->76733K(79872K)], 0.8777860 secs] [Times: user=6.13 sys=0.18, real=0.88 secs] 
2023-04-09T19:12:01.720+0000: 87.140: [GC (Allocation Failure) [PSYoungGen: 199168K->26432K(230912K)] 712806K->540078K(955392K), 0.1321404 secs] [Times: user=0.29 sys=0.00, real=0.14 secs] 
2023-04-09T19:12:03.369+0000: 88.789: [GC (Allocation Failure) [PSYoungGen: 225600K->26400K(259584K)] 739246K->566542K(984064K), 0.1614250 secs] [Times: user=0.59 sys=0.02, real=0.17 secs] 
2023-04-09T19:12:05.225+0000: 90.645: [GC (Allocation Failure) [PSYoungGen: 252192K->29920K(261120K)] 792334K->596534K(985600K), 0.1917846 secs] [Times: user=0.86 sys=0.02, real=0.19 secs] 
2023-04-09T19:12:07.054+0000: 92.474: [GC (Allocation Failure) [PSYoungGen: 255712K->29920K(294400K)] 822326K->626566K(1018880K), 0.1878659 secs] [Times: user=0.68 sys=0.03, real=0.19 secs] 
2023-04-09T19:12:08.915+0000: 94.335: [GC (Allocation Failure) [PSYoungGen: 255630K->29248K(296448K)] 852276K->655934K(1020928K), 0.2009665 secs] [Times: user=0.75 sys=0.02, real=0.20 secs] 
2023-04-09T19:12:10.891+0000: 96.311: [GC (Allocation Failure) [PSYoungGen: 285760K->25248K(317952K)] 912446K->746766K(1042432K), 0.2552499 secs] [Times: user=1.32 sys=0.06, real=0.25 secs] 
2023-04-09T19:12:11.147+0000: 96.566: [Full GC (Ergonomics) [PSYoungGen: 25248K->0K(317952K)] [ParOldGen: 721518K->711891K(979456K)] 746766K->711891K(1297408K), [Metaspace: 76735K->76735K(79872K)], 1.4965812 secs] [Times: user=12.70 sys=0.14, real=1.50 secs] 
2023-04-09T19:12:15.296+0000: 100.715: [GC (Allocation Failure) [PSYoungGen: 281088K->37184K(321536K)] 992979K->749075K(1300992K), 0.2012548 secs] [Times: user=0.58 sys=0.01, real=0.20 secs] 
2023-04-09T19:12:17.714+0000: 103.134: [GC (Allocation Failure) [PSYoungGen: 318272K->37216K(356352K)] 1030163K->786443K(1335808K), 0.2477300 secs] [Times: user=0.94 sys=0.04, real=0.25 secs] 
2023-04-09T19:12:20.458+0000: 105.877: [GC (Allocation Failure) [PSYoungGen: 349536K->41312K(359424K)] 1098763K->827875K(1338880K), 0.2761108 secs] [Times: user=1.10 sys=0.02, real=0.28 secs] 
2023-04-09T19:12:23.299+0000: 108.719: [GC (Allocation Failure) [PSYoungGen: 353632K->41280K(399360K)] 1140195K->869331K(1378816K), 0.3068227 secs] [Times: user=1.43 sys=0.04, real=0.31 secs] 
2023-04-09T19:12:26.637+0000: 112.056: [GC (Allocation Failure) [PSYoungGen: 389440K->45984K(402432K)] 1217491K->915531K(1381888K), 0.2933919 secs] [Times: user=1.14 sys=0.03, real=0.29 secs] 
2023-04-09T19:12:30.056+0000: 115.476: [GC (Allocation Failure) [PSYoungGen: 394144K->46016K(434176K)] 1263691K->961779K(1413632K), 0.3193985 secs] [Times: user=1.20 sys=0.07, real=0.32 secs] 
2023-04-09T19:12:30.375+0000: 115.795: [Full GC (Ergonomics) [PSYoungGen: 46016K->0K(434176K)] [ParOldGen: 915763K->959040K(1254912K)] 961779K->959040K(1689088K), [Metaspace: 76765K->76765K(79872K)], 1.8751428 secs] [Times: user=14.47 sys=0.26, real=1.88 secs] 
2023-04-09T19:12:35.916+0000: 121.336: [GC (Allocation Failure) [PSYoungGen: 376832K->49472K(438272K)] 1335872K->1008512K(1693184K), 0.2861068 secs] [Times: user=0.81 sys=0.01, real=0.29 secs] 
2023-04-09T19:12:39.790+0000: 125.210: [GC (Allocation Failure) [PSYoungGen: 426304K->49728K(480768K)] 1385344K->1058528K(1735680K), 0.3857932 secs] [Times: user=1.31 sys=0.06, real=0.39 secs] 
2023-04-09T19:12:43.992+0000: 129.412: [GC (Allocation Failure) [PSYoungGen: 465472K->54880K(483840K)] 1474272K->1113680K(1738752K), 0.3657176 secs] [Times: user=1.33 sys=0.04, real=0.36 secs] 
2023-04-09T19:12:48.281+0000: 133.700: [GC (Allocation Failure) [PSYoungGen: 470624K->54848K(531968K)] 1529424K->1168872K(1786880K), 0.3735775 secs] [Times: user=1.27 sys=0.06, real=0.37 secs] 
2023-04-09T19:12:53.597+0000: 139.017: [GC (Allocation Failure) [PSYoungGen: 514624K->60640K(535040K)] 1628648K->1229848K(1789952K), 0.4138716 secs] [Times: user=1.53 sys=0.04, real=0.42 secs] 
2023-04-09T19:12:57.816+0000: 143.236: [GC (Allocation Failure) [PSYoungGen: 446673K->50112K(543232K)] 1615881K->1280392K(1798144K), 0.4260617 secs] [Times: user=1.57 sys=0.06, real=0.43 secs] 
2023-04-09T19:12:58.242+0000: 143.662: [Full GC (Ergonomics) [PSYoungGen: 50112K->22189K(543232K)] [ParOldGen: 1230280K->1254534K(1593344K)] 1280392K->1276724K(2136576K), [Metaspace: 76775K->76775K(79872K)], 3.0121495 secs] [Times: user=24.63 sys=0.52, real=3.01 secs] 
2023-04-09T19:13:05.521+0000: 150.941: [GC (Allocation Failure) [PSYoungGen: 494253K->45024K(551424K)] 1748788K->1453062K(2144768K), 0.4882120 secs] [Times: user=2.30 sys=0.07, real=0.48 secs] 
2023-04-09T19:13:11.299+0000: 156.719: [GC (Allocation Failure) [PSYoungGen: 517088K->62272K(593920K)] 1925126K->1515518K(2187264K), 0.4249769 secs] [Times: user=1.30 sys=0.05, real=0.43 secs] 
2023-04-09T19:13:13.363+0000: 158.783: [GC (Allocation Failure) [PSYoungGen: 579392K->80864K(598016K)] 2032638K->1768775K(2289152K), 0.4843192 secs] [Times: user=1.67 sys=0.16, real=0.48 secs] 
2023-04-09T19:13:13.848+0000: 159.267: [Full GC (Ergonomics) [PSYoungGen: 80864K->10195K(598016K)] [ParOldGen: 1687910K->1690645K(2152448K)] 1768775K->1700840K(2750464K), [Metaspace: 76842K->76842K(81920K)], 3.4229616 secs] [Times: user=30.78 sys=0.28, real=3.43 secs] 
2023-04-09T19:13:17.378+0000: 162.798: [GC (Allocation Failure) [PSYoungGen: 527315K->177632K(248320K)] 2217960K->4295014K(4368896K), 1.0536437 secs] [Times: user=3.00 sys=2.29, real=1.06 secs] 
2023-04-09T19:13:18.432+0000: 163.852: [Full GC (Ergonomics) [PSYoungGen: 177632K->0K(248320K)] [ParOldGen: 4117382K->2156579K(3521024K)] 4295014K->2156579K(3769344K), [Metaspace: 76842K->76842K(81920K)], 3.3967611 secs] [Times: user=27.41 sys=0.29, real=3.39 secs] 
2023-04-09T19:13:21.948+0000: 167.368: [GC (Allocation Failure) [PSYoungGen: 70656K->50464K(121344K)] 2227235K->2207043K(3642368K), 0.5441204 secs] [Times: user=2.76 sys=0.01, real=0.55 secs] 
2023-04-09T19:13:22.670+0000: 168.090: [GC (Allocation Failure) [PSYoungGen: 121120K->128K(662528K)] 2277699K->2207219K(4183552K), 0.5326425 secs] [Times: user=2.95 sys=0.00, real=0.54 secs] 
2023-04-09T19:13:23.653+0000: 169.072: [GC (Allocation Failure) [PSYoungGen: 75904K->4768K(662528K)] 2282995K->2211859K(4183552K), 0.3350351 secs] [Times: user=0.37 sys=0.00, real=0.33 secs] 
2023-04-09T19:13:24.771+0000: 170.191: [GC (Allocation Failure) [PSYoungGen: 80544K->11040K(671232K)] 2287635K->2222555K(4192256K), 0.3386308 secs] [Times: user=0.39 sys=0.01, real=0.33 secs] 
2023-04-09T19:13:26.084+0000: 171.504: [GC (Allocation Failure) [PSYoungGen: 95520K->13120K(671232K)] 2307035K->2234547K(4192256K), 0.4193482 secs] [Times: user=0.51 sys=0.00, real=0.42 secs] 
2023-04-09T19:13:27.692+0000: 173.112: [GC (Allocation Failure) [PSYoungGen: 97600K->11296K(680448K)] 2319027K->2245779K(4201472K), 0.4255239 secs] [Times: user=0.66 sys=0.01, real=0.42 secs] 
2023-04-09T19:13:29.217+0000: 174.637: [GC (Allocation Failure) [PSYoungGen: 104992K->16128K(680448K)] 2339475K->2261867K(4201472K), 0.3537896 secs] [Times: user=0.45 sys=0.00, real=0.36 secs] 
2023-04-09T19:13:30.654+0000: 176.074: [GC (Allocation Failure) [PSYoungGen: 109824K->12544K(689664K)] 2355563K->2274323K(4210688K), 0.3573123 secs] [Times: user=0.44 sys=0.01, real=0.36 secs] 
2023-04-09T19:13:32.179+0000: 177.599: [GC (Allocation Failure) [PSYoungGen: 115968K->13792K(690176K)] 2377747K->2288051K(4211200K), 0.3944139 secs] [Times: user=0.69 sys=0.00, real=0.40 secs] 
2023-04-09T19:13:33.674+0000: 179.094: [GC (Allocation Failure) [PSYoungGen: 117216K->20928K(700928K)] 2391475K->2308955K(4221952K), 0.3700799 secs] [Times: user=0.52 sys=0.01, real=0.37 secs] 
2023-04-09T19:13:35.332+0000: 180.752: [GC (Allocation Failure) [PSYoungGen: 135104K->15200K(700928K)] 2423131K->2324091K(4221952K), 0.3760148 secs] [Times: user=0.52 sys=0.00, real=0.37 secs] 
2023-04-09T19:13:36.997+0000: 182.417: [GC (Allocation Failure) [PSYoungGen: 129376K->15200K(712192K)] 2438267K->2339267K(4233216K), 0.3906989 secs] [Times: user=0.64 sys=0.00, real=0.39 secs] 
2023-04-09T19:13:38.826+0000: 184.246: [GC (Allocation Failure) [PSYoungGen: 140640K->16704K(712192K)] 2464707K->2355987K(4233216K), 0.3996817 secs] [Times: user=0.65 sys=0.00, real=0.40 secs] 
2023-04-09T19:13:40.545+0000: 185.964: [GC (Allocation Failure) [PSYoungGen: 131843K->15264K(674304K)] 2471126K->2371251K(4195328K), 0.3934071 secs] [Times: user=0.62 sys=0.00, real=0.39 secs] 
2023-04-09T19:13:42.446+0000: 187.866: [GC (Allocation Failure) [PSYoungGen: 152992K->47616K(185856K)] 2508979K->2403603K(3706880K), 0.4232529 secs] [Times: user=0.68 sys=0.00, real=0.42 secs] 
2023-04-09T19:13:44.505+0000: 189.925: [GC (Allocation Failure) [PSYoungGen: 185344K->65728K(588800K)] 2541331K->2421715K(4109824K), 0.4143893 secs] [Times: user=0.62 sys=0.00, real=0.41 secs] 
2023-04-09T19:13:46.940+0000: 192.360: [GC (Allocation Failure) [PSYoungGen: 216256K->85536K(236544K)] 2572243K->2441523K(3757568K), 0.4611230 secs] [Times: user=0.83 sys=0.01, real=0.47 secs] 
2023-04-09T19:13:49.182+0000: 194.601: [GC (Allocation Failure) [PSYoungGen: 236064K->105280K(550912K)] 2592051K->2461267K(4071936K), 0.4330613 secs] [Times: user=0.69 sys=0.02, real=0.43 secs] 
2023-04-09T19:13:51.609+0000: 197.029: [GC (Allocation Failure) [PSYoungGen: 269120K->126816K(290816K)] 2625107K->2482803K(3811840K), 0.4395247 secs] [Times: user=0.74 sys=0.01, real=0.44 secs] 
2023-04-09T19:13:54.049+0000: 199.469: [GC (Allocation Failure) [PSYoungGen: 290656K->148416K(559104K)] 2646643K->2504403K(4080128K), 0.4517768 secs] [Times: user=0.85 sys=0.00, real=0.46 secs] 
2023-04-09T19:13:56.618+0000: 202.038: [GC (Allocation Failure) [PSYoungGen: 326592K->171840K(567296K)] 2682579K->2527827K(4088320K), 0.4694114 secs] [Times: user=0.89 sys=0.01, real=0.47 secs] 
2023-04-09T19:13:58.953+0000: 204.372: [GC (Allocation Failure) [PSYoungGen: 350016K->207328K(570880K)] 2706003K->2563315K(4091904K), 0.5204092 secs] [Times: user=1.17 sys=0.01, real=0.52 secs] 
2023-04-09T19:14:01.927+0000: 207.346: [GC (Allocation Failure) [PSYoungGen: 390112K->231328K(581632K)] 2746099K->2587315K(4102656K), 0.5270880 secs] [Times: user=1.10 sys=0.00, real=0.53 secs] 
2023-04-09T19:14:04.980+0000: 210.400: [GC (Allocation Failure) [PSYoungGen: 414112K->255488K(593408K)] 2770099K->2611475K(4114432K), 0.5684511 secs] [Times: user=1.15 sys=0.00, real=0.56 secs] 
2023-04-09T19:14:07.764+0000: 213.184: [GC (Allocation Failure) [PSYoungGen: 434688K->278976K(612864K)] 2790675K->2634963K(4133888K), 0.5195138 secs] [Times: user=1.06 sys=0.00, real=0.52 secs] 
2023-04-09T19:14:10.492+0000: 215.912: [GC (Allocation Failure) [PSYoungGen: 458176K->302592K(625664K)] 2814163K->2658579K(4146688K), 0.5341505 secs] [Times: user=1.12 sys=0.01, real=0.53 secs] 
2023-04-09T19:14:13.413+0000: 218.833: [GC (Allocation Failure) [PSYoungGen: 471552K->324768K(651264K)] 2827539K->2680763K(4172288K), 0.5652908 secs] [Times: user=1.20 sys=0.00, real=0.56 secs] 
2023-04-09T19:14:16.095+0000: 221.515: [GC (Allocation Failure) [PSYoungGen: 493728K->347104K(663552K)] 2849723K->2703107K(4184576K), 0.5549800 secs] [Times: user=1.18 sys=0.05, real=0.55 secs] 
2023-04-09T19:14:18.690+0000: 224.109: [GC (Allocation Failure) [PSYoungGen: 501728K->352416K(692224K)] 2857731K->2723643K(4213248K), 0.5952586 secs] [Times: user=1.68 sys=0.00, real=0.60 secs] 
2023-04-09T19:14:21.286+0000: 226.706: [GC (Allocation Failure) [PSYoungGen: 507040K->356352K(710144K)] 2878267K->2743739K(4231168K), 0.6050808 secs] [Times: user=1.51 sys=0.02, real=0.61 secs] 
2023-04-09T19:14:24.209+0000: 229.628: [GC (Allocation Failure) [PSYoungGen: 506368K->390752K(728576K)] 2893755K->2796467K(4249600K), 0.6068005 secs] [Times: user=1.66 sys=0.00, real=0.61 secs] 
2023-04-09T19:14:26.829+0000: 232.249: [GC (Allocation Failure) [PSYoungGen: 540768K->338304K(750080K)] 2946483K->2784019K(4271104K), 0.5935467 secs] [Times: user=1.35 sys=0.00, real=0.60 secs] 
2023-04-09T19:14:29.644+0000: 235.064: [GC (Allocation Failure) [PSYoungGen: 501632K->316608K(750080K)] 2947347K->2805851K(4271104K), 0.6111149 secs] [Times: user=1.44 sys=0.00, real=0.61 secs] 
2023-04-09T19:14:32.540+0000: 237.959: [GC (Allocation Failure) [PSYoungGen: 479936K->262688K(708608K)] 2969179K->2827747K(4229632K), 0.5959724 secs] [Times: user=1.30 sys=0.00, real=0.60 secs] 
2023-04-09T19:14:35.373+0000: 240.793: [GC (Allocation Failure) [PSYoungGen: 430208K->284352K(462848K)] 2995268K->2849411K(3983872K), 0.7604069 secs] [Times: user=3.39 sys=0.00, real=0.76 secs] 
2023-04-09T19:14:37.957+0000: 243.377: [GC (Allocation Failure) [PSYoungGen: 462528K->364640K(721920K)] 3027587K->2929699K(4242944K), 0.6257055 secs] [Times: user=1.58 sys=0.00, real=0.63 secs] 
2023-04-09T19:14:41.382+0000: 246.802: [GC (Allocation Failure) [PSYoungGen: 548960K->454400K(732160K)] 3114019K->3019459K(4253184K), 0.7150540 secs] [Times: user=1.56 sys=0.00, real=0.71 secs] 
2023-04-09T19:14:44.660+0000: 250.079: [GC (Allocation Failure) [PSYoungGen: 638720K->365088K(784896K)] 3203779K->2978659K(4305920K), 0.6631123 secs] [Times: user=1.89 sys=0.02, real=0.67 secs] 
2023-04-09T19:14:48.154+0000: 253.573: [GC (Allocation Failure) [PSYoungGen: 566304K->391616K(786432K)] 3179875K->3005187K(4307456K), 0.6536467 secs] [Times: user=1.60 sys=0.00, real=0.65 secs] 
2023-04-09T19:14:51.655+0000: 257.075: [GC (Allocation Failure) [PSYoungGen: 592832K->370816K(803840K)] 3206403K->3031955K(4324864K), 0.7017118 secs] [Times: user=2.13 sys=0.01, real=0.70 secs] 
2023-04-09T19:14:55.533+0000: 260.953: [GC (Allocation Failure) [PSYoungGen: 589952K->399648K(804864K)] 3251091K->3060787K(4325888K), 0.6939110 secs] [Times: user=1.91 sys=0.00, real=0.69 secs] 
2023-04-09T19:14:59.777+0000: 265.197: [GC (Allocation Failure) [PSYoungGen: 618784K->384096K(823808K)] 3279923K->3090091K(4344832K), 0.8415719 secs] [Times: user=1.93 sys=0.02, real=0.84 secs] 
2023-04-09T19:15:04.524+0000: 269.944: [GC (Allocation Failure) [PSYoungGen: 622176K->415392K(824320K)] 3328171K->3121387K(4345344K), 0.7224998 secs] [Times: user=2.05 sys=0.00, real=0.72 secs] 
2023-04-09T19:15:08.695+0000: 274.114: [GC (Allocation Failure) [PSYoungGen: 653472K->406368K(843776K)] 3359467K->3153083K(4364800K), 0.7244389 secs] [Times: user=2.01 sys=0.01, real=0.72 secs] 
2023-04-09T19:15:13.256+0000: 278.676: [GC (Allocation Failure) [PSYoungGen: 663904K->400768K(844288K)] 3410619K->3187315K(4365312K), 0.7529711 secs] [Times: user=2.17 sys=0.00, real=0.75 secs] 
2023-04-09T19:15:18.006+0000: 283.426: [GC (Allocation Failure) [PSYoungGen: 658304K->391680K(851968K)] 3444851K->3221595K(4372992K), 0.9052414 secs] [Times: user=2.14 sys=0.00, real=0.91 secs] 
2023-04-09T19:15:23.309+0000: 288.729: [GC (Allocation Failure) [PSYoungGen: 670208K->428352K(858624K)] 3500123K->3258267K(4379648K), 0.7467465 secs] [Times: user=2.06 sys=0.00, real=0.75 secs] 
2023-04-09T19:15:28.373+0000: 293.793: [GC (Allocation Failure) [PSYoungGen: 706880K->464928K(884224K)] 3536795K->3294843K(4405248K), 0.7461321 secs] [Times: user=1.80 sys=0.04, real=0.74 secs] 
2023-04-09T19:15:34.103+0000: 299.522: [GC (Allocation Failure) [PSYoungGen: 763936K->402240K(885760K)] 3593851K->3334483K(4406784K), 0.7942852 secs] [Times: user=2.13 sys=0.00, real=0.79 secs] 
2023-04-09T19:15:40.252+0000: 305.672: [GC (Allocation Failure) [PSYoungGen: 701248K->392992K(884736K)] 3633491K->3374139K(4405760K), 1.2720560 secs] [Times: user=8.12 sys=0.01, real=1.27 secs] 
2023-04-09T19:15:47.013+0000: 312.433: [GC (Allocation Failure) [PSYoungGen: 715040K->435392K(896512K)] 3696187K->3416539K(4417536K), 1.1716465 secs] [Times: user=4.66 sys=0.01, real=1.17 secs] 
2023-04-09T19:15:53.584+0000: 319.004: [GC (Allocation Failure) [PSYoungGen: 757440K->477696K(913408K)] 3738587K->3458843K(4434432K), 1.3232636 secs] [Times: user=7.08 sys=0.02, real=1.32 secs] 
2023-04-09T19:16:00.827+0000: 326.247: [GC (Allocation Failure) [PSYoungGen: 814592K->469024K(923648K)] 3795739K->3503555K(4444672K), 1.3029899 secs] [Times: user=7.01 sys=0.00, real=1.30 secs] 
2023-04-09T19:16:06.059+0000: 331.478: [GC (Allocation Failure) [PSYoungGen: 805920K->569504K(950784K)] 3840451K->3662155K(4471808K), 0.9512045 secs] [Times: user=3.18 sys=0.07, real=0.95 secs] 
2023-04-09T19:16:13.214+0000: 338.633: [GC (Allocation Failure) [PSYoungGen: 933536K->554304K(950784K)] 4026187K->3710187K(4471808K), 1.1474457 secs] [Times: user=2.53 sys=0.00, real=1.15 secs] 
2023-04-09T19:16:20.672+0000: 346.091: [GC (Allocation Failure) [PSYoungGen: 918336K->534368K(977920K)] 4074219K->3758547K(4498944K), 0.9670161 secs] [Times: user=3.52 sys=0.00, real=0.96 secs] 
2023-04-09T19:16:22.673+0000: 348.093: [GC (Allocation Failure) [PSYoungGen: 926560K->586720K(978944K)] 4150739K->4490572K(4882944K), 1.8603743 secs] [Times: user=14.51 sys=0.20, real=1.86 secs] 
2023-04-09T19:16:24.533+0000: 349.953: [Full GC (Ergonomics) [PSYoungGen: 586720K->0K(978944K)] [ParOldGen: 3903851K->3390744K(4130304K)] 4490572K->3390744K(5109248K), [Metaspace: 76902K->76902K(81920K)], 7.4167807 secs] [Times: user=34.76 sys=0.16, real=7.41 secs] 
2023-04-09T19:16:32.023+0000: 357.443: [GC (Allocation Failure) [PSYoungGen: 392192K->385920K(1045504K)] 3782936K->3776664K(5175808K), 1.0684247 secs] [Times: user=2.98 sys=0.01, real=1.07 secs] 
2023-04-09T19:16:35.721+0000: 361.140: [GC (Allocation Failure) [PSYoungGen: 781184K->688096K(1083392K)] 4171928K->4197376K(5213696K), 1.0222768 secs] [Times: user=5.01 sys=0.01, real=1.02 secs] 
2023-04-09T19:16:43.513+0000: 368.932: [GC (Allocation Failure) [PSYoungGen: 1083360K->688096K(1124352K)] 4592640K->4251904K(5254656K), 1.0123542 secs] [Times: user=3.85 sys=0.21, real=1.01 secs] 
2023-04-09T19:16:52.382+0000: 377.802: [GC (Allocation Failure) [PSYoungGen: 1124320K->688096K(1126912K)] 4688128K->4312712K(5257216K), 0.9286905 secs] [Times: user=3.26 sys=0.02, real=0.93 secs] 
2023-04-09T19:17:01.035+0000: 386.454: [GC (Allocation Failure) [PSYoungGen: 1126880K->188128K(903680K)] 4751496K->5687688K(6609920K), 1.1430560 secs] [Times: user=3.69 sys=0.73, real=1.14 secs] 
2023-04-09T19:17:02.178+0000: 387.597: [Full GC (Ergonomics) [PSYoungGen: 188128K->0K(903680K)] [ParOldGen: 5499560K->3436717K(4787200K)] 5687688K->3436717K(5690880K), [Metaspace: 76903K->76903K(81920K)], 6.9267851 secs] [Times: user=40.49 sys=0.16, real=6.93 secs] 
2023-04-09T19:17:13.173+0000: 398.592: [GC (Allocation Failure) [PSYoungGen: 215552K->28608K(244224K)] 3652269K->3465325K(5031424K), 0.7751566 secs] [Times: user=1.07 sys=0.00, real=0.77 secs] 
2023-04-09T19:17:17.953+0000: 403.372: [GC (Allocation Failure) [PSYoungGen: 244160K->56928K(1031680K)] 3680877K->3493645K(5818880K), 0.8001545 secs] [Times: user=1.26 sys=0.00, real=0.80 secs] 
2023-04-09T19:17:23.310+0000: 408.730: [GC (Allocation Failure) [PSYoungGen: 290912K->31104K(1031680K)] 3727629K->3525037K(5818880K), 0.8271826 secs] [Times: user=1.60 sys=0.01, real=0.83 secs] 
2023-04-09T19:17:28.873+0000: 414.293: [GC (Allocation Failure) [PSYoungGen: 265088K->30976K(1052160K)] 3759021K->3556013K(5839360K), 0.8193664 secs] [Times: user=1.43 sys=0.01, real=0.82 secs] 
2023-04-09T19:17:33.974+0000: 419.394: [GC (Allocation Failure) [PSYoungGen: 285440K->62176K(1052160K)] 3810477K->3618285K(5839360K), 0.8038934 secs] [Times: user=1.18 sys=0.00, real=0.80 secs] 
2023-04-09T19:17:39.448+0000: 424.868: [GC (Allocation Failure) [PSYoungGen: 316640K->33728K(1074176K)] 3872749K->3652061K(5861376K), 0.8211218 secs] [Times: user=1.27 sys=0.00, real=0.82 secs] 
2023-04-09T19:17:45.598+0000: 431.018: [GC (Allocation Failure) [PSYoungGen: 310208K->36544K(1074176K)] 3928541K->3688669K(5861376K), 0.9843692 secs] [Times: user=1.39 sys=0.00, real=0.99 secs] 
2023-04-09T19:17:51.834+0000: 437.254: [GC (Allocation Failure) [PSYoungGen: 313024K->36576K(1097216K)] 3965149K->3725429K(5884416K), 0.9013960 secs] [Times: user=1.82 sys=0.01, real=0.90 secs] 
2023-04-09T19:17:58.390+0000: 443.809: [GC (Allocation Failure) [PSYoungGen: 336608K->39712K(1097728K)] 4025461K->3765309K(5884928K), 0.8855170 secs] [Times: user=1.63 sys=0.00, real=0.89 secs] 
2023-04-09T19:18:05.774+0000: 451.194: [GC (Allocation Failure) [PSYoungGen: 339744K->39680K(1122304K)] 4065341K->3805141K(5909504K), 0.9169774 secs] [Times: user=1.84 sys=0.00, real=0.92 secs] 
2023-04-09T19:18:13.237+0000: 458.657: [GC (Allocation Failure) [PSYoungGen: 364800K->43040K(1122816K)] 4130261K->3848357K(5910016K), 0.9116184 secs] [Times: user=1.68 sys=0.00, real=0.91 secs] 
2023-04-09T19:18:19.920+0000: 465.339: [GC (Allocation Failure) [PSYoungGen: 341799K->38944K(1148928K)] 4147116K->3887469K(5936128K), 0.9150815 secs] [Times: user=1.56 sys=0.01, real=0.92 secs] 
2023-04-09T19:18:27.135+0000: 472.555: [GC (Allocation Failure) [PSYoungGen: 390176K->103392K(1148928K)] 4238701K->3990989K(5936128K), 0.9551714 secs] [Times: user=1.80 sys=0.00, real=0.95 secs] 
2023-04-09T19:18:35.260+0000: 480.679: [GC (Allocation Failure) [PSYoungGen: 454624K->149504K(1053696K)] 4342221K->4037101K(5840896K), 0.9803470 secs] [Times: user=1.93 sys=0.00, real=0.98 secs] 
2023-04-09T19:18:44.294+0000: 489.713: [GC (Allocation Failure) [PSYoungGen: 528896K->199488K(579072K)] 4416493K->4087085K(5366272K), 0.9954845 secs] [Times: user=1.88 sys=0.00, real=0.99 secs] 
2023-04-09T19:18:53.111+0000: 498.530: [GC (Allocation Failure) [PSYoungGen: 578880K->249408K(1048576K)] 4466477K->4137005K(5835776K), 1.0541769 secs] [Times: user=1.80 sys=0.01, real=1.05 secs] 
2023-04-09T19:19:03.582+0000: 509.002: [GC (Allocation Failure) [PSYoungGen: 657984K->303136K(1071616K)] 4545581K->4190733K(5858816K), 1.0651287 secs] [Times: user=2.42 sys=0.00, real=1.06 secs] 
2023-04-09T19:19:13.509+0000: 518.929: [GC (Allocation Failure) [PSYoungGen: 711712K->356832K(1084928K)] 4599309K->4244429K(5872128K), 1.0938800 secs] [Times: user=2.31 sys=0.00, real=1.10 secs] 
2023-04-09T19:19:24.089+0000: 529.509: [GC (Allocation Failure) [PSYoungGen: 781792K->412736K(1098752K)] 4669389K->4300333K(5885952K), 1.0981208 secs] [Times: user=2.22 sys=0.01, real=1.10 secs] 
2023-04-09T19:19:34.408+0000: 539.828: [GC (Allocation Failure) [PSYoungGen: 837696K->468640K(1117184K)] 4725293K->4356237K(5904384K), 1.2257233 secs] [Times: user=2.31 sys=0.00, real=1.23 secs] 
2023-04-09T19:19:45.273+0000: 550.692: [GC (Allocation Failure) [PSYoungGen: 883360K->523104K(1158144K)] 4770957K->4410701K(5945344K), 1.1782950 secs] [Times: user=2.53 sys=0.00, real=1.18 secs] 
2023-04-09T19:19:56.193+0000: 561.612: [GC (Allocation Failure) [PSYoungGen: 937824K->577632K(1234944K)] 4825421K->4465229K(6022144K), 1.2183430 secs] [Times: user=2.66 sys=0.04, real=1.22 secs] 
2023-04-09T19:20:07.809+0000: 573.229: [GC (Allocation Failure) [PSYoungGen: 1018464K->486272K(1238528K)] 4906061K->4524005K(6025728K), 1.2618542 secs] [Times: user=3.03 sys=0.00, real=1.27 secs] 
2023-04-09T19:20:17.158+0000: 582.578: [GC (Allocation Failure) [PSYoungGen: 927104K->558144K(1269760K)] 4964837K->4696533K(6056960K), 1.2945067 secs] [Times: user=3.58 sys=0.01, real=1.30 secs] 
2023-04-09T19:20:29.643+0000: 595.062: [GC (Allocation Failure) [PSYoungGen: 1030208K->512800K(1269760K)] 5168597K->4759525K(6056960K), 1.4216862 secs] [Times: user=3.08 sys=0.00, real=1.42 secs] 
2023-04-09T19:20:39.024+0000: 604.444: [GC (Allocation Failure) [PSYoungGen: 984864K->716768K(1304576K)] 5231589K->5076021K(6091776K), 1.6078716 secs] [Times: user=7.34 sys=0.11, real=1.61 secs] 
2023-04-09T19:20:41.826+0000: 607.245: [GC (Allocation Failure) [PSYoungGen: 1223648K->797664K(1304576K)] 5582901K->5293301K(6091776K), 2.9896408 secs] [Times: user=25.06 sys=0.01, real=2.99 secs] 
2023-04-09T19:20:44.815+0000: 610.235: [Full GC (Ergonomics) [PSYoungGen: 797664K->0K(1304576K)] [ParOldGen: 4495637K->4713694K(5520384K)] 5293301K->4713694K(6824960K), [Metaspace: 77726K->77726K(81920K)], 7.4114975 secs] [Times: user=48.41 sys=0.15, real=7.41 secs] 
2023-04-09T19:21:17.235+0000: 642.655: [GC (Allocation Failure) [PSYoungGen: 506880K->30976K(1240576K)] 5220574K->4744670K(6760960K), 1.1026277 secs] [Times: user=1.21 sys=0.00, real=1.10 secs] 
2023-04-09T19:21:45.791+0000: 671.211: [GC (Allocation Failure) [PSYoungGen: 473856K->83648K(1362944K)] 5187550K->4797342K(6883328K), 1.1536460 secs] [Times: user=1.38 sys=0.00, real=1.15 secs] 
2023-04-09T19:22:14.906+0000: 700.326: [GC (Allocation Failure) [PSYoungGen: 526528K->103776K(1399296K)] 5240222K->4846133K(6919680K), 1.2089308 secs] [Times: user=1.60 sys=0.00, real=1.21 secs] 
2023-04-09T19:22:46.119+0000: 731.539: [GC (Allocation Failure) [PSYoungGen: 587616K->67648K(1403904K)] 5329973K->4906093K(6924288K), 1.2717343 secs] [Times: user=1.70 sys=0.02, real=1.28 secs] 
2023-04-09T19:23:02.717+0000: 748.137: [GC (Allocation Failure) [PSYoungGen: 551488K->113376K(1440256K)] 5389933K->5019685K(6960640K), 1.2732362 secs] [Times: user=1.73 sys=0.03, real=1.27 secs] 
2023-04-09T19:23:37.733+0000: 783.153: [GC (Allocation Failure) [PSYoungGen: 635616K->64352K(1442304K)] 5541925K->5082069K(6962688K), 1.3276226 secs] [Times: user=1.90 sys=0.05, real=1.33 secs] 
2023-04-09T19:24:13.531+0000: 818.951: [GC (Allocation Failure) [PSYoungGen: 586592K->57568K(1473024K)] 5604309K->5139989K(6993408K), 1.3765842 secs] [Times: user=1.75 sys=0.04, real=1.37 secs] 
2023-04-09T19:24:43.572+0000: 848.992: [GC (Allocation Failure) [PSYoungGen: 613600K->447904K(1476096K)] 5696021K->5587973K(6996480K), 1.4524659 secs] [Times: user=2.36 sys=0.03, real=1.45 secs] 
2023-04-09T19:25:11.792+0000: 877.212: [GC (Allocation Failure) [PSYoungGen: 1003936K->72832K(1506816K)] 6144005K->5398525K(7027200K), 1.5056996 secs] [Times: user=2.61 sys=0.08, real=1.50 secs] 
2023-04-09T19:25:13.298+0000: 878.718: [Full GC (Ergonomics) [PSYoungGen: 72832K->0K(1506816K)] [ParOldGen: 5325693K->5198576K(5962752K)] 5398525K->5198576K(7469568K), [Metaspace: 88092K->88092K(92160K)], 6.8605349 secs] [Times: user=44.89 sys=0.04, real=6.86 secs] 
2023-04-09T19:25:59.977+0000: 925.397: [GC (Allocation Failure) [PSYoungGen: 588288K->72128K(1508352K)] 5786864K->5270704K(7471104K), 1.7407181 secs] [Times: user=1.98 sys=0.00, real=1.74 secs] 
2023-04-09T19:26:41.654+0000: 967.073: [GC (Allocation Failure) [PSYoungGen: 660416K->142944K(1411072K)] 5858992K->5341520K(7373824K), 1.7547769 secs] [Times: user=2.19 sys=0.00, real=1.75 secs] 
2023-04-09T19:27:01.161+0000: 986.581: [GC (Allocation Failure) [PSYoungGen: 766560K->231088K(855040K)] 5965136K->5429681K(6817792K), 1.8006355 secs] [Times: user=3.99 sys=0.00, real=1.80 secs] 
2023-04-09T19:27:18.066+0000: 1003.486: [GC (Allocation Failure) [PSYoungGen: 854704K->237628K(1349120K)] 6053297K->5436229K(7311872K), 1.7193163 secs] [Times: user=4.26 sys=0.00, real=1.72 secs] 
2023-04-09T19:27:27.805+0000: 1013.225: [GC (Allocation Failure) [PSYoungGen: 906812K->400159K(1396224K)] 6105413K->5598784K(7358976K), 1.8805785 secs] [Times: user=3.91 sys=0.01, real=1.88 secs] 
2023-04-09T19:27:29.910+0000: 1015.330: [GC (Allocation Failure) [PSYoungGen: 1069343K->434927K(1448960K)] 6267968K->5633560K(7411712K), 1.7260135 secs] [Times: user=4.10 sys=0.00, real=1.72 secs] 
2023-04-09T19:27:31.820+0000: 1017.240: [GC (Allocation Failure) [PSYoungGen: 1143535K->333311K(1469440K)] 6342168K->5675272K(7432192K), 1.8929967 secs] [Times: user=4.29 sys=0.00, real=1.90 secs] 
2023-04-09T19:27:34.271+0000: 1019.691: [GC (Allocation Failure) [PSYoungGen: 1041919K->265011K(1473536K)] 6383880K->5701390K(7436288K), 1.8857060 secs] [Times: user=3.21 sys=0.06, real=1.88 secs] 
2023-04-09T19:27:36.383+0000: 1021.803: [GC (Allocation Failure) [PSYoungGen: 1087751K->110255K(1514496K)] 6524130K->5725294K(7477248K), 1.5589043 secs] [Times: user=1.85 sys=0.11, real=1.56 secs] 
2023-04-09T19:27:38.178+0000: 1023.598: [GC (Allocation Failure) [PSYoungGen: 933551K->79663K(1616384K)] 6548590K->5756702K(7579136K), 1.5137963 secs] [Times: user=1.79 sys=0.03, real=1.52 secs] 
2023-04-09T19:27:40.001+0000: 1025.420: [GC (Allocation Failure) [PSYoungGen: 1041711K->62337K(1626624K)] 6718750K->5792926K(7589376K), 1.5336741 secs] [Times: user=1.84 sys=0.03, real=1.53 secs] 
2023-04-09T19:27:41.535+0000: 1026.954: [Full GC (Ergonomics) [PSYoungGen: 62337K->0K(1626624K)] [ParOldGen: 5730589K->5695256K(6423040K)] 5792926K->5695256K(8049664K), [Metaspace: 127037K->125254K(135168K)], 7.4486871 secs] [Times: user=48.40 sys=0.16, real=7.45 secs] 
2023-04-09T19:27:49.251+0000: 1034.670: [GC (Allocation Failure) [PSYoungGen: 962048K->72607K(1738240K)] 6657304K->5767864K(8161280K), 1.5279944 secs] [Times: user=1.74 sys=0.00, real=1.52 secs] 
2023-04-09T19:27:51.092+0000: 1036.512: [GC (Allocation Failure) [PSYoungGen: 1196959K->58081K(1757696K)] 6892216K->5789318K(8180736K), 1.6732862 secs] [Times: user=1.98 sys=0.00, real=1.67 secs] 
2023-04-09T19:27:53.244+0000: 1038.664: [GC (Allocation Failure) [PSYoungGen: 1182433K->54208K(1897472K)] 6913670K->5816536K(8320512K), 1.6058671 secs] [Times: user=1.90 sys=0.02, real=1.60 secs] 
2023-04-09T19:27:55.205+0000: 1040.624: [GC (Allocation Failure) [PSYoungGen: 1373120K->62689K(1915392K)] 7135448K->5857857K(8338432K), 1.5464270 secs] [Times: user=1.86 sys=0.02, real=1.55 secs] 
2023-04-09T19:27:57.073+0000: 1042.493: [GC (Allocation Failure) [PSYoungGen: 1381601K->66337K(2077184K)] 7176769K->5897145K(8500224K), 1.5470864 secs] [Times: user=1.84 sys=0.04, real=1.55 secs] 
2023-04-09T19:27:59.039+0000: 1044.459: [GC (Allocation Failure) [PSYoungGen: 1616161K->65537K(2099712K)] 7446969K->5930680K(8522752K), 1.5874874 secs] [Times: user=1.89 sys=0.03, real=1.59 secs] 
2023-04-09T19:28:01.249+0000: 1046.669: [GC (Allocation Failure) [PSYoungGen: 1615361K->76017K(2294784K)] 7480504K->5981965K(8717824K), 1.6934566 secs] [Times: user=2.22 sys=0.06, real=1.70 secs] 
2023-04-09T19:28:03.519+0000: 1048.939: [GC (Allocation Failure) [PSYoungGen: 1897201K->76161K(2320896K)] 7803149K->6033773K(8743936K), 1.5555268 secs] [Times: user=1.92 sys=0.02, real=1.56 secs] 
2023-04-09T19:28:05.558+0000: 1050.977: [GC (Allocation Failure) [PSYoungGen: 1897345K->73841K(2566144K)] 7854957K->6081406K(8989184K), 1.5231114 secs] [Times: user=1.83 sys=0.06, real=1.53 secs] 
2023-04-09T19:28:07.676+0000: 1053.096: [GC (Allocation Failure) [PSYoungGen: 2213489K->98209K(2590208K)] 8221054K->6147142K(9013248K), 1.5716523 secs] [Times: user=2.10 sys=0.03, real=1.57 secs] 
2023-04-09T19:28:09.826+0000: 1055.246: [GC (Allocation Failure) [PSYoungGen: 2237857K->79265K(2718720K)] 8286790K->6192870K(9141760K), 1.7024011 secs] [Times: user=2.10 sys=0.06, real=1.70 secs] 
2023-04-09T19:28:12.421+0000: 1057.841: [GC (Allocation Failure) [PSYoungGen: 2416545K->75169K(2738176K)] 8530150K->6238302K(9161216K), 1.5869233 secs] [Times: user=2.06 sys=0.02, real=1.58 secs] 
2023-04-09T19:28:14.585+0000: 1060.005: [GC (Allocation Failure) [PSYoungGen: 2412449K->77761K(2771456K)] 8575582K->6289110K(9194496K), 1.6978416 secs] [Times: user=2.06 sys=0.07, real=1.70 secs] 
2023-04-09T19:28:16.900+0000: 1062.320: [GC (Allocation Failure) [PSYoungGen: 2507713K->85185K(2790400K)] 8719062K->6342502K(9213440K), 1.5640395 secs] [Times: user=2.05 sys=0.06, real=1.57 secs] 
2023-04-09T19:28:19.017+0000: 1064.436: [GC (Allocation Failure) [PSYoungGen: 2515137K->110849K(2808320K)] 8772454K->6423302K(9231360K), 1.5485865 secs] [Times: user=2.01 sys=0.04, real=1.55 secs] 
2023-04-09T19:28:21.149+0000: 1066.569: [GC (Allocation Failure) [PSYoungGen: 2621697K->79073K(2828800K)] 8934150K->6467062K(9251840K), 1.5568648 secs] [Times: user=1.99 sys=0.05, real=1.56 secs] 
2023-04-09T19:28:22.706+0000: 1068.126: [Full GC (Ergonomics) [PSYoungGen: 79073K->0K(2828800K)] [ParOldGen: 6387988K->6372533K(7080960K)] 6467062K->6372533K(9909760K), [Metaspace: 127406K->127151K(137216K)], 7.0321549 secs] [Times: user=45.19 sys=0.69, real=7.03 secs] 
2023-04-09T19:28:30.712+0000: 1076.131: [GC (Allocation Failure) [PSYoungGen: 2510848K->81089K(2913280K)] 8883381K->6453622K(9994240K), 1.7089465 secs] [Times: user=2.16 sys=0.01, real=1.71 secs] 
2023-04-09T19:28:33.053+0000: 1078.473: [GC (Allocation Failure) [PSYoungGen: 2692289K->76417K(2897920K)] 9064822K->6500231K(9978880K), 1.5410678 secs] [Times: user=2.03 sys=0.02, real=1.54 secs] 
2023-04-09T19:28:35.204+0000: 1080.624: [GC (Allocation Failure) [PSYoungGen: 2687617K->87522K(3238912K)] 9111431K->6561352K(10319872K), 1.5408613 secs] [Times: user=1.95 sys=0.06, real=1.54 secs] 
2023-04-09T19:28:37.491+0000: 1082.911: [GC (Allocation Failure) [PSYoungGen: 3054050K->100834K(3224576K)] 9527880K->6627224K(10305536K), 1.5408300 secs] [Times: user=1.99 sys=0.06, real=1.54 secs] 
2023-04-09T19:28:39.778+0000: 1085.197: [GC (Allocation Failure) [PSYoungGen: 3067362K->120321K(3259392K)] 9593752K->6716464K(10340352K), 1.5510635 secs] [Times: user=2.13 sys=0.07, real=1.55 secs] 
2023-04-09T19:28:42.062+0000: 1087.481: [GC (Allocation Failure) [PSYoungGen: 3137025K->126049K(3252736K)] 9733168K->6815209K(10333696K), 1.5979214 secs] [Times: user=2.12 sys=0.09, real=1.59 secs] 
2023-04-09T19:28:44.424+0000: 1089.844: [GC (Allocation Failure) [PSYoungGen: 3142753K->81376K(3295232K)] 9831913K->6863080K(10376192K), 1.5687546 secs] [Times: user=2.12 sys=0.04, real=1.57 secs] 
2023-04-09T19:28:46.748+0000: 1092.168: [GC (Allocation Failure) [PSYoungGen: 3152352K->80993K(3293696K)] 9934056K->6920192K(10374656K), 1.6772176 secs] [Times: user=2.27 sys=0.03, real=1.68 secs] 
2023-04-09T19:28:49.667+0000: 1095.086: [GC (Allocation Failure) [PSYoungGen: 3151969K->84385K(3308544K)] 9991168K->6976436K(10389504K), 1.6647170 secs] [Times: user=2.37 sys=0.02, real=1.67 secs] 
2023-04-09T19:28:52.070+0000: 1097.490: [GC (Allocation Failure) [PSYoungGen: 3187105K->87393K(3308032K)] 10079156K->7033380K(10388992K), 1.5450697 secs] [Times: user=2.04 sys=0.03, real=1.54 secs] 
2023-04-09T19:28:54.362+0000: 1099.782: [GC (Allocation Failure) [PSYoungGen: 3190113K->85617K(3327488K)] 10136100K->7085957K(10408448K), 1.5711920 secs] [Times: user=2.08 sys=0.03, real=1.57 secs] 
2023-04-09T19:28:55.933+0000: 1101.353: [Full GC (Ergonomics) [PSYoungGen: 85617K->0K(3327488K)] [ParOldGen: 7000339K->6974458K(7749632K)] 7085957K->6974458K(11077120K), [Metaspace: 129022K->129022K(139264K)], 7.1502647 secs] [Times: user=46.48 sys=0.52, real=7.15 secs] 
2023-04-09T19:29:04.154+0000: 1109.574: [GC (Allocation Failure) [PSYoungGen: 3137024K->106050K(3325952K)] 10111482K->7080508K(11075584K), 1.5838373 secs] [Times: user=2.05 sys=0.02, real=1.58 secs] 
2023-04-09T19:29:06.507+0000: 1111.927: [GC (Allocation Failure) [PSYoungGen: 3243074K->131873K(3674624K)] 10217532K->7180281K(11424256K), 1.7493552 secs] [Times: user=2.33 sys=0.07, real=1.75 secs] 
2023-04-09T19:29:09.352+0000: 1114.772: [GC (Allocation Failure) [PSYoungGen: 3623201K->94561K(3678720K)] 10671609K->7251289K(11428352K), 1.6212434 secs] [Times: user=2.16 sys=0.10, real=1.62 secs] 
2023-04-09T19:29:11.789+0000: 1117.208: [GC (Allocation Failure) [PSYoungGen: 3585889K->86753K(3679744K)] 10742617K->7309089K(11429376K), 1.5484076 secs] [Times: user=2.13 sys=0.04, real=1.55 secs] 
2023-04-09T19:29:14.141+0000: 1119.560: [GC (Allocation Failure) [PSYoungGen: 3594465K->83808K(3681792K)] 10816801K->7363249K(11431424K), 1.5593871 secs] [Times: user=2.18 sys=0.02, real=1.55 secs] 
2023-04-09T19:29:16.528+0000: 1121.948: [GC (Allocation Failure) [PSYoungGen: 3591520K->86529K(3693568K)] 10870961K->7422337K(11443200K), 1.5479456 secs] [Times: user=2.08 sys=0.04, real=1.55 secs] 
2023-04-09T19:29:18.901+0000: 1124.320: [GC (Allocation Failure) [PSYoungGen: 3618305K->83761K(3695616K)] 10954113K->7475657K(11445248K), 1.5548360 secs] [Times: user=2.17 sys=0.05, real=1.55 secs] 
2023-04-09T19:29:21.257+0000: 1126.676: [GC (Allocation Failure) [PSYoungGen: 3615537K->96962K(3702272K)] 11007433K->7545898K(11451904K), 1.5831543 secs] [Times: user=2.11 sys=0.04, real=1.58 secs] 
2023-04-09T19:29:23.649+0000: 1129.069: [GC (Allocation Failure) [PSYoungGen: 3648706K->88609K(3705344K)] 11097642K->7623876K(11454976K), 1.5596234 secs] [Times: user=2.06 sys=0.05, real=1.56 secs] 
2023-04-09T19:29:26.069+0000: 1131.489: [GC (Allocation Failure) [PSYoungGen: 3640353K->83520K(3715584K)] 11175620K->7676380K(11465216K), 1.8472096 secs] [Times: user=2.45 sys=0.02, real=1.85 secs] 
2023-04-09T19:29:29.732+0000: 1135.152: [GC (Allocation Failure) [PSYoungGen: 3655744K->86305K(3717632K)] 11248604K->7734588K(11467264K), 1.6405790 secs] [Times: user=2.33 sys=0.04, real=1.64 secs] 
2023-04-09T19:29:32.209+0000: 1137.629: [GC (Allocation Failure) [PSYoungGen: 3658529K->141281K(3692032K)] 11306812K->7849628K(11441664K), 1.6180972 secs] [Times: user=2.22 sys=0.05, real=1.62 secs] 
2023-04-09T19:29:33.827+0000: 1139.247: [Full GC (Ergonomics) [PSYoungGen: 141281K->0K(3692032K)] [ParOldGen: 7708347K->7671698K(8524288K)] 7849628K->7671698K(12216320K), [Metaspace: 129090K->129090K(139264K)], 6.7765459 secs] [Times: user=46.83 sys=0.63, real=6.78 secs] 
2023-04-09T19:29:41.449+0000: 1146.869: [GC (Allocation Failure) [PSYoungGen: 3550720K->148466K(3727360K)] 11222418K->7820164K(12251648K), 1.5577039 secs] [Times: user=1.99 sys=0.01, real=1.56 secs] 
2023-04-09T19:29:43.800+0000: 1149.220: [GC (Allocation Failure) [PSYoungGen: 3699186K->94017K(4030464K)] 11370884K->7873221K(12554752K), 1.6206523 secs] [Times: user=2.22 sys=0.07, real=1.63 secs] 
2023-04-09T19:29:46.402+0000: 1151.822: [GC (Allocation Failure) [PSYoungGen: 3993409K->118051K(4080128K)] 11772613K->7958511K(12604416K), 1.8144627 secs] [Times: user=2.61 sys=0.08, real=1.81 secs] 
2023-04-09T19:29:49.351+0000: 1154.771: [GC (Allocation Failure) [PSYoungGen: 4017443K->85185K(4027392K)] 11857903K->8012071K(12551680K), 1.7172849 secs] [Times: user=2.34 sys=0.04, real=1.71 secs] 
2023-04-09T19:29:52.019+0000: 1157.439: [GC (Allocation Failure) [PSYoungGen: 3988673K->83680K(4077568K)] 11915559K->8068790K(12601856K), 1.5858022 secs] [Times: user=2.14 sys=0.03, real=1.59 secs] 
2023-04-09T19:29:54.525+0000: 1159.945: [GC (Allocation Failure) [PSYoungGen: 3987168K->87224K(4032512K)] 11972278K->8130758K(12556800K), 1.6167914 secs] [Times: user=2.21 sys=0.04, real=1.62 secs] 
2023-04-09T19:29:57.115+0000: 1162.535: [GC (Allocation Failure) [PSYoungGen: 4004024K->88673K(4083712K)] 12047558K->8192151K(12608000K), 1.5768989 secs] [Times: user=2.15 sys=0.03, real=1.58 secs] 
2023-04-09T19:29:59.598+0000: 1165.018: [GC (Allocation Failure) [PSYoungGen: 4005473K->90721K(4038656K)] 12108951K->8253207K(12562944K), 1.6571475 secs] [Times: user=2.15 sys=0.03, real=1.66 secs] 
2023-04-09T19:30:02.393+0000: 1167.813: [GC (Allocation Failure) [PSYoungGen: 4022881K->94625K(4090368K)] 12185367K->8316375K(12614656K), 1.7166397 secs] [Times: user=2.42 sys=0.04, real=1.71 secs] 
2023-04-09T19:30:05.218+0000: 1170.637: [GC (Allocation Failure) [PSYoungGen: 4026785K->85329K(4050944K)] 12248535K->8379856K(12575232K), 1.7865379 secs] [Times: user=2.51 sys=0.04, real=1.79 secs] 
2023-04-09T19:30:08.184+0000: 1173.604: [GC (Allocation Failure) [PSYoungGen: 4035921K->89121K(4100608K)] 12330448K->8442696K(12624896K), 1.5958639 secs] [Times: user=2.26 sys=0.03, real=1.59 secs] 
2023-04-09T19:30:10.701+0000: 1176.121: [GC (Allocation Failure) [PSYoungGen: 4039713K->96033K(4061696K)] 12393288K->8507929K(12585984K), 1.6183125 secs] [Times: user=2.21 sys=0.03, real=1.61 secs] 
2023-04-09T19:30:13.290+0000: 1178.710: [GC (Allocation Failure) [PSYoungGen: 4061473K->103585K(4112896K)] 12473369K->8575217K(12637184K), 1.5697396 secs] [Times: user=2.15 sys=0.05, real=1.56 secs] 
2023-04-09T19:30:14.860+0000: 1180.280: [Full GC (Ergonomics) [PSYoungGen: 103585K->0K(4112896K)] [ParOldGen: 8471631K->8443116K(9381376K)] 8575217K->8443116K(13494272K), [Metaspace: 129135K->129135K(139264K)], 7.4531132 secs] [Times: user=54.57 sys=0.69, real=7.45 secs] 
2023-04-09T19:30:23.223+0000: 1188.643: [GC (Allocation Failure) [PSYoungGen: 3971584K->139745K(4148224K)] 12414700K->8594986K(13529600K), 1.6179919 secs] [Times: user=2.07 sys=0.02, real=1.62 secs] 
2023-04-09T19:30:26.305+0000: 1191.724: [GC (Allocation Failure) [PSYoungGen: 4148193K->155616K(4164096K)] 12603434K->8783722K(13545472K), 1.7931180 secs] [Times: user=2.54 sys=0.10, real=1.79 secs] 
2023-04-09T19:30:29.043+0000: 1194.463: [GC (Allocation Failure) [PSYoungGen: 4164064K->108115K(4424192K)] 12792170K->8908891K(13805568K), 1.5769040 secs] [Times: user=2.13 sys=0.11, real=1.57 secs] 
2023-04-09T19:30:31.644+0000: 1197.063: [GC (Allocation Failure) [PSYoungGen: 4408915K->108225K(4526592K)] 13209691K->8990960K(13907968K), 1.5791565 secs] [Times: user=2.20 sys=0.08, real=1.58 secs] 
2023-04-09T19:30:34.255+0000: 1199.675: [GC (Allocation Failure) [PSYoungGen: 4409025K->95745K(4468736K)] 13291760K->9058856K(13850112K), 1.5806588 secs] [Times: user=2.19 sys=0.07, real=1.58 secs] 
2023-04-09T19:30:37.025+0000: 1202.445: [GC (Allocation Failure) [PSYoungGen: 4396545K->94272K(4514304K)] 13359656K->9130200K(13895680K), 1.8113423 secs] [Times: user=3.00 sys=0.06, real=1.81 secs] 
2023-04-09T19:30:39.880+0000: 1205.300: [GC (Allocation Failure) [PSYoungGen: 4395072K->102401K(4487680K)] 13431000K->9209689K(13869056K), 1.6085134 secs] [Times: user=2.29 sys=0.06, real=1.60 secs] 
2023-04-09T19:30:42.565+0000: 1207.985: [GC (Allocation Failure) [PSYoungGen: 4403201K->96801K(4398080K)] 13510489K->9291937K(13779456K), 1.6770518 secs] [Times: user=2.29 sys=0.03, real=1.68 secs] 
2023-04-09T19:30:45.890+0000: 1211.310: [GC (Allocation Failure) [PSYoungGen: 4397601K->92480K(4502528K)] 13592737K->9357865K(13883904K), 1.5966601 secs] [Times: user=2.15 sys=0.04, real=1.60 secs] 
2023-04-09T19:30:47.487+0000: 1212.906: [Full GC (Ergonomics) [PSYoungGen: 92480K->0K(4502528K)] [ParOldGen: 9265384K->9089699K(10099712K)] 9357865K->9089699K(14602240K), [Metaspace: 129150K->129150K(139264K)], 7.4143108 secs] [Times: user=55.52 sys=0.62, real=7.42 secs] 
2023-04-09T19:30:55.974+0000: 1221.394: [GC (Allocation Failure) [PSYoungGen: 4306432K->95552K(4497920K)] 13396131K->9185252K(14597632K), 1.5577620 secs] [Times: user=1.98 sys=0.00, real=1.56 secs] 
2023-04-09T19:30:58.635+0000: 1224.054: [GC (Allocation Failure) [PSYoungGen: 4401984K->107611K(4851200K)] 13491684K->9270867K(14950912K), 1.5739593 secs] [Times: user=2.10 sys=0.04, real=1.57 secs] 
2023-04-09T19:31:01.686+0000: 1227.106: [GC (Allocation Failure) [PSYoungGen: 4777051K->106049K(4848640K)] 13940307K->9346715K(14948352K), 1.8083116 secs] [Times: user=2.55 sys=0.04, real=1.81 secs] 
2023-04-09T19:31:05.416+0000: 1230.836: [GC (Allocation Failure) [PSYoungGen: 4775489K->94368K(4865024K)] 14016155K->9422291K(14964736K), 1.6008746 secs] [Times: user=2.23 sys=0.03, real=1.60 secs] 
2023-04-09T19:31:08.198+0000: 1233.618: [GC (Allocation Failure) [PSYoungGen: 4786848K->99745K(4861440K)] 14114771K->9502913K(14961152K), 1.5493609 secs] [Times: user=2.20 sys=0.04, real=1.55 secs] 
2023-04-09T19:31:10.846+0000: 1236.266: [GC (Allocation Failure) [PSYoungGen: 4792225K->78865K(4873728K)] 14195393K->9555210K(14973440K), 1.5757854 secs] [Times: user=2.15 sys=0.05, real=1.58 secs] 
2023-04-09T19:31:13.520+0000: 1238.940: [GC (Allocation Failure) [PSYoungGen: 4788241K->58017K(4872704K)] 14264586K->9589042K(14972416K), 1.6404468 secs] [Times: user=2.17 sys=0.03, real=1.64 secs] 
2023-04-09T19:31:16.195+0000: 1241.615: [GC (Allocation Failure) [PSYoungGen: 4767393K->58817K(4886528K)] 14298418K->9622779K(14986240K), 1.5675508 secs] [Times: user=2.11 sys=0.02, real=1.57 secs] 
2023-04-09T19:31:18.761+0000: 1244.180: [GC (Allocation Failure) [PSYoungGen: 4779969K->48929K(4887040K)] 14343931K->9648507K(14986752K), 1.6272589 secs] [Times: user=2.08 sys=0.03, real=1.62 secs] 
2023-04-09T19:31:21.434+0000: 1246.854: [GC (Allocation Failure) [PSYoungGen: 4770081K->61810K(4882432K)] 14369659K->9691165K(14982144K), 1.7120220 secs] [Times: user=2.12 sys=0.02, real=1.71 secs] 
2023-04-09T19:31:24.777+0000: 1250.197: [GC (Allocation Failure) [PSYoungGen: 4782962K->58305K(4884992K)] 14412317K->9725358K(14984704K), 1.7609353 secs] [Times: user=2.37 sys=0.02, real=1.76 secs] 
2023-04-09T19:31:27.573+0000: 1252.992: [GC (Allocation Failure) [PSYoungGen: 4779457K->60161K(4879872K)] 14446510K->9759551K(14979584K), 1.5778262 secs] [Times: user=2.10 sys=0.02, real=1.58 secs] 
2023-04-09T19:31:30.200+0000: 1255.619: [GC (Allocation Failure) [PSYoungGen: 4784897K->114529K(4882944K)] 14484287K->9850072K(14982656K), 1.5641257 secs] [Times: user=2.11 sys=0.04, real=1.57 secs] 
2023-04-09T19:31:32.880+0000: 1258.300: [GC (Allocation Failure) [PSYoungGen: 4839265K->109698K(4887552K)] 14574808K->9943033K(14987264K), 1.6460013 secs] [Times: user=2.49 sys=0.08, real=1.65 secs] 
2023-04-09T19:31:35.537+0000: 1260.956: [GC (Allocation Failure) [PSYoungGen: 4839042K->140225K(4893184K)] 14672377K->10064842K(14992896K), 1.5470773 secs] [Times: user=2.05 sys=0.06, real=1.55 secs] 
2023-04-09T19:31:38.135+0000: 1263.554: [GC (Allocation Failure) [PSYoungGen: 4869569K->73569K(4894720K)] 14794186K->10121898K(14994432K), 1.5949605 secs] [Times: user=2.14 sys=0.07, real=1.59 secs] 
2023-04-09T19:31:39.730+0000: 1265.149: [Full GC (Ergonomics) [PSYoungGen: 73569K->0K(4894720K)] [ParOldGen: 10048329K->9817288K(10908160K)] 10121898K->9817288K(15802880K), [Metaspace: 129172K->129172K(139264K)], 8.0394818 secs] [Times: user=55.94 sys=0.59, real=8.04 secs] 
2023-04-09T19:31:49.011+0000: 1274.431: [GC (Allocation Failure) [PSYoungGen: 4729344K->92097K(4899840K)] 14546632K->9909385K(15808000K), 1.5758562 secs] [Times: user=2.00 sys=0.01, real=1.57 secs] 
2023-04-09T19:31:51.778+0000: 1277.198: [GC (Allocation Failure) [PSYoungGen: 4821441K->91393K(5271552K)] 14638729K->9975593K(16179712K), 1.5824343 secs] [Times: user=2.18 sys=0.04, real=1.59 secs] 
2023-04-09T19:31:54.667+0000: 1280.086: [GC (Allocation Failure) [PSYoungGen: 5211905K->103554K(5276160K)] 15096105K->10054770K(16184320K), 1.5570244 secs] [Times: user=2.15 sys=0.04, real=1.56 secs] 
2023-04-09T19:31:57.510+0000: 1282.929: [GC (Allocation Failure) [PSYoungGen: 5224066K->103426K(5289984K)] 15175282K->10132139K(16198144K), 1.5979028 secs] [Times: user=2.29 sys=0.01, real=1.60 secs] 
2023-04-09T19:32:00.505+0000: 1285.925: [GC (Allocation Failure) [PSYoungGen: 5247490K->90784K(5295616K)] 15276203K->10191250K(16203776K), 1.8146976 secs] [Times: user=2.56 sys=0.04, real=1.81 secs] 
2023-04-09T19:32:04.454+0000: 1289.874: [GC (Allocation Failure) [PSYoungGen: 5234848K->93121K(5291520K)] 15335314K->10263578K(16199680K), 1.7388749 secs] [Times: user=2.87 sys=0.04, real=1.74 secs] 
2023-04-09T19:32:07.516+0000: 1292.936: [GC (Allocation Failure) [PSYoungGen: 5248961K->110172K(5297152K)] 15419418K->10364007K(16205312K), 1.5731761 secs] [Times: user=2.15 sys=0.07, real=1.57 secs] 
2023-04-09T19:32:10.373+0000: 1295.793: [GC (Allocation Failure) [PSYoungGen: 5266012K->97825K(5297152K)] 15519847K->10432933K(16205312K), 1.8045851 secs] [Times: user=2.54 sys=0.05, real=1.80 secs] 
2023-04-09T19:32:13.540+0000: 1298.959: [GC (Allocation Failure) [PSYoungGen: 5267489K->94817K(5308416K)] 15602597K->10501365K(16216576K), 1.5711552 secs] [Times: user=2.21 sys=0.04, real=1.58 secs] 
2023-04-09T19:32:16.376+0000: 1301.796: [GC (Allocation Failure) [PSYoungGen: 5264481K->106113K(5307904K)] 15671029K->10583782K(16216064K), 1.5816636 secs] [Times: user=2.19 sys=0.04, real=1.58 secs] 
2023-04-09T19:32:19.315+0000: 1304.735: [GC (Allocation Failure) [PSYoungGen: 5286529K->98977K(5315072K)] 15764198K->10653470K(16223232K), 1.6591432 secs] [Times: user=2.40 sys=0.04, real=1.66 secs] 
2023-04-09T19:32:23.166+0000: 1308.585: [GC (Allocation Failure) [PSYoungGen: 5279393K->100128K(5309440K)] 15833886K->10731101K(16217600K), 1.8004426 secs] [Times: user=2.77 sys=0.03, real=1.80 secs] 
2023-04-09T19:32:26.403+0000: 1311.823: [GC (Allocation Failure) [PSYoungGen: 5287200K->106368K(5316608K)] 15918173K->10818534K(16224768K), 1.5685520 secs] [Times: user=2.22 sys=0.04, real=1.57 secs] 
2023-04-09T19:32:29.295+0000: 1314.715: [GC (Allocation Failure) [PSYoungGen: 5293440K->119778K(5324288K)] 16005606K->10915775K(16232448K), 1.5671064 secs] [Times: user=2.13 sys=0.06, real=1.57 secs] 
2023-04-09T19:32:32.196+0000: 1317.615: [GC (Allocation Failure) [PSYoungGen: 5314018K->105633K(5300224K)] 16110015K->11011944K(16208384K), 1.5829190 secs] [Times: user=2.23 sys=0.05, real=1.58 secs] 
2023-04-09T19:32:33.779+0000: 1319.198: [Full GC (Ergonomics) [PSYoungGen: 105633K->0K(5300224K)] [ParOldGen: 10906311K->10882461K(12091904K)] 11011944K->10882461K(17392128K), [Metaspace: 129212K->129212K(139264K)], 8.3029880 secs] [Times: user=62.06 sys=0.68, real=8.31 secs] 
2023-04-09T19:32:43.858+0000: 1329.278: [GC (Allocation Failure) [PSYoungGen: 5194240K->106640K(5328896K)] 16076701K->10989102K(17420800K), 1.5870411 secs] [Times: user=2.06 sys=0.01, real=1.59 secs] 
2023-04-09T19:32:46.861+0000: 1332.281: [GC (Allocation Failure) [PSYoungGen: 5301904K->103938K(5327872K)] 16184366K->11074979K(17419776K), 1.6146315 secs] [Times: user=2.27 sys=0.04, real=1.61 secs] 
2023-04-09T19:32:49.916+0000: 1335.336: [GC (Allocation Failure) [PSYoungGen: 5299202K->109569K(5910016K)] 16270243K->11170677K(18001920K), 1.5606127 secs] [Times: user=2.16 sys=0.11, real=1.56 secs] 
2023-04-09T19:32:53.129+0000: 1338.549: [GC (Allocation Failure) [PSYoungGen: 5889025K->130528K(5910016K)] 16950133K->11309570K(18001920K), 1.5610224 secs] [Times: user=2.15 sys=0.11, real=1.56 secs] 
2023-04-09T19:32:56.148+0000: 1341.568: [GC (Allocation Failure) [PSYoungGen: 5909984K->162881K(5955584K)] 17089026K->11474491K(18047488K), 1.5904929 secs] [Times: user=2.27 sys=0.11, real=1.59 secs] 
2023-04-09T19:32:59.439+0000: 1344.859: [GC (Allocation Failure) [PSYoungGen: 5936705K->120929K(5895168K)] 17248315K->11578667K(17987072K), 1.8399524 secs] [Times: user=2.64 sys=0.07, real=1.84 secs] 
2023-04-09T19:33:03.231+0000: 1348.650: [GC (Allocation Failure) [PSYoungGen: 5894753K->102548K(5953024K)] 17352491K->11680015K(18044928K), 1.8238759 secs] [Times: user=2.44 sys=0.05, real=1.82 secs] 
2023-04-09T19:33:06.351+0000: 1351.771: [GC (Allocation Failure) [PSYoungGen: 5876372K->72833K(5956096K)] 17453839K->11747821K(18048000K), 1.6012096 secs] [Times: user=2.25 sys=0.05, real=1.60 secs] 
2023-04-09T19:33:09.192+0000: 1354.612: [GC (Allocation Failure) [PSYoungGen: 5846657K->54401K(5954048K)] 17521645K->11778526K(18045952K), 1.5658946 secs] [Times: user=2.05 sys=0.02, real=1.56 secs] 
2023-04-09T19:33:12.018+0000: 1357.438: [GC (Allocation Failure) [PSYoungGen: 5824641K->58657K(5957632K)] 17548766K->11828327K(18049536K), 1.5589338 secs] [Times: user=2.03 sys=0.02, real=1.56 secs] 
2023-04-09T19:33:14.930+0000: 1360.350: [GC (Allocation Failure) [PSYoungGen: 5828897K->49123K(5957120K)] 17598567K->11856250K(18049024K), 1.5999497 secs] [Times: user=2.12 sys=0.02, real=1.60 secs] 
2023-04-09T19:33:17.847+0000: 1363.267: [GC (Allocation Failure) [PSYoungGen: 5818339K->50561K(5819904K)] 17625466K->11881618K(17911808K), 1.6147693 secs] [Times: user=2.00 sys=0.01, real=1.62 secs] 
2023-04-09T19:33:21.514+0000: 1366.934: [GC (Allocation Failure) [PSYoungGen: 5819777K->64864K(5961728K)] 17650834K->11946204K(18053632K), 1.8597722 secs] [Times: user=3.58 sys=0.04, real=1.86 secs] 
2023-04-09T19:33:25.350+0000: 1370.770: [GC (Allocation Failure) [PSYoungGen: 5838688K->103338K(5877248K)] 17720028K->12038422K(17969152K), 1.6186043 secs] [Times: user=2.34 sys=0.02, real=1.62 secs] 
2023-04-09T19:33:29.182+0000: 1374.602: [GC (Allocation Failure) [PSYoungGen: 5877162K->87615K(5937152K)] 17812246K->12124765K(18029056K), 1.6252251 secs] [Times: user=2.24 sys=0.05, real=1.62 secs] 
2023-04-09T19:33:30.807+0000: 1376.227: [Full GC (Ergonomics) [PSYoungGen: 87615K->0K(5937152K)] [ParOldGen: 12037150K->11729275K(13032960K)] 12124765K->11729275K(18970112K), [Metaspace: 129230K->129230K(139264K)], 8.2970245 secs] [Times: user=65.33 sys=0.81, real=8.30 secs] 
2023-04-09T19:33:42.070+0000: 1387.489: [GC (Allocation Failure) [PSYoungGen: 5773824K->97345K(5944832K)] 17503099K->11826620K(18977792K), 1.5727792 secs] [Times: user=2.02 sys=0.00, real=1.58 secs] 
2023-04-09T19:33:46.250+0000: 1391.670: [GC (Allocation Failure) [PSYoungGen: 5871169K->97089K(6331904K)] 17600444K->11909769K(19364864K), 1.6528504 secs] [Times: user=2.17 sys=0.05, real=1.65 secs] 
2023-04-09T19:33:50.907+0000: 1396.327: [GC (Allocation Failure) [PSYoungGen: 6276929K->83899K(6339584K)] 18089609K->11984155K(19372544K), 1.5667619 secs] [Times: user=2.00 sys=0.03, real=1.57 secs] 
2023-04-09T19:33:54.079+0000: 1399.498: [GC (Allocation Failure) [PSYoungGen: 6263739K->36033K(6355968K)] 18163995K->12020228K(19388928K), 1.5711665 secs] [Times: user=1.89 sys=0.00, real=1.57 secs] 
2023-04-09T19:33:57.182+0000: 1402.601: [GC (Allocation Failure) [PSYoungGen: 6237377K->22272K(6359040K)] 18221572K->12022572K(19392000K), 1.5913948 secs] [Times: user=1.87 sys=0.00, real=1.59 secs] 
2023-04-09T19:34:01.250+0000: 1406.669: [GC (Allocation Failure) [PSYoungGen: 6223616K->31868K(6360064K)] 18223916K->12051352K(19393024K), 1.8249923 secs] [Times: user=2.66 sys=0.01, real=1.83 secs] 
2023-04-09T19:34:04.679+0000: 1410.099: [GC (Allocation Failure) [PSYoungGen: 6233212K->37046K(6238720K)] 18252696K->12068723K(19271680K), 1.6013549 secs] [Times: user=2.07 sys=0.00, real=1.61 secs] 
2023-04-09T19:34:07.771+0000: 1413.191: [GC (Allocation Failure) [PSYoungGen: 6238390K->40803K(6364160K)] 18270067K->12098680K(19397120K), 1.5622956 secs] [Times: user=2.04 sys=0.02, real=1.56 secs] 
2023-04-09T19:34:10.924+0000: 1416.343: [GC (Allocation Failure) [PSYoungGen: 6245731K->27777K(6233088K)] 18303608K->12110829K(19266048K), 1.5431660 secs] [Times: user=1.83 sys=0.02, real=1.54 secs] 
2023-04-09T19:34:15.074+0000: 1420.494: [GC (Allocation Failure) [PSYoungGen: 6232705K->82656K(6360576K)] 18315757K->12179861K(19393536K), 1.5905763 secs] [Times: user=1.97 sys=0.01, real=1.59 secs] 
2023-04-09T19:34:19.999+0000: 1425.419: [GC (Allocation Failure) [PSYoungGen: 6289632K->97057K(6358528K)] 18386837K->12268533K(19391488K), 1.7702654 secs] [Times: user=2.08 sys=0.05, real=1.77 secs] 
2023-04-09T19:34:25.178+0000: 1430.598: [GC (Allocation Failure) [PSYoungGen: 6304033K->101099K(6362112K)] 18475509K->12368168K(19395072K), 1.5605947 secs] [Times: user=1.96 sys=0.06, real=1.56 secs] 
2023-04-09T19:34:28.687+0000: 1434.107: [GC (Allocation Failure) [PSYoungGen: 6308587K->24691K(6232576K)] 18575656K->12395428K(19265536K), 1.5683264 secs] [Times: user=1.85 sys=0.06, real=1.57 secs] 
2023-04-09T19:34:31.866+0000: 1437.285: [GC (Allocation Failure) [PSYoungGen: 6231655K->18636K(6366208K)] 18602392K->12403957K(19399168K), 1.6287254 secs] [Times: user=1.91 sys=0.02, real=1.63 secs] 
2023-04-09T19:34:35.038+0000: 1440.458: [GC (Allocation Failure) [PSYoungGen: 6227148K->24848K(6233600K)] 18612469K->12411601K(19266560K), 1.5470986 secs] [Times: user=1.74 sys=0.00, real=1.55 secs] 
2023-04-09T19:34:38.501+0000: 1443.920: [GC (Allocation Failure) [PSYoungGen: 6233360K->13751K(6364672K)] 18620113K->12401584K(19397632K), 1.8095855 secs] [Times: user=2.11 sys=0.00, real=1.81 secs] 
2023-04-09T19:34:41.958+0000: 1447.378: [GC (Allocation Failure) [PSYoungGen: 6224311K->24700K(6235648K)] 18612144K->12412653K(19268608K), 1.5588723 secs] [Times: user=1.78 sys=0.00, real=1.56 secs] 
2023-04-09T19:34:45.499+0000: 1450.919: [GC (Allocation Failure) [PSYoungGen: 6235260K->44426K(6366720K)] 18623213K->12442900K(19399680K), 1.5166553 secs] [Times: user=1.74 sys=0.01, real=1.52 secs] 
2023-04-09T19:34:49.990+0000: 1455.410: [GC (Allocation Failure) [PSYoungGen: 6263690K->80491K(6358016K)] 18662164K->12512358K(19390976K), 1.5390331 secs] [Times: user=1.79 sys=0.03, real=1.54 secs] 
2023-04-09T19:34:54.804+0000: 1460.224: [GC (Allocation Failure) [PSYoungGen: 6299755K->79876K(6370304K)] 18731622K->12581046K(19403264K), 1.5528945 secs] [Times: user=1.84 sys=0.04, real=1.55 secs] 
2023-04-09T19:35:00.590+0000: 1466.009: [GC (Allocation Failure) [PSYoungGen: 6308868K->84563K(6371328K)] 18810038K->12658173K(19404288K), 1.7106519 secs] [Times: user=2.00 sys=0.05, real=1.71 secs] 
2023-04-09T19:35:05.331+0000: 1470.751: [GC (Allocation Failure) [PSYoungGen: 6313555K->88567K(6373888K)] 18887165K->12744058K(19406848K), 1.6140893 secs] [Times: user=2.19 sys=0.05, real=1.61 secs] 
2023-04-09T19:35:08.973+0000: 1474.393: [GC (Allocation Failure) [PSYoungGen: 6318583K->38817K(6268928K)] 18974074K->12775132K(19301888K), 1.5625345 secs] [Times: user=2.03 sys=0.05, real=1.56 secs] 
2023-04-09T19:35:12.148+0000: 1477.568: [GC (Allocation Failure) [PSYoungGen: 6268833K->20985K(6373376K)] 19005148K->12781630K(19406336K), 1.5340936 secs] [Times: user=1.82 sys=0.01, real=1.54 secs] 
2023-04-09T19:35:15.447+0000: 1480.867: [GC (Allocation Failure) [PSYoungGen: 6252537K->25398K(6257152K)] 19013182K->12788187K(19290112K), 1.6094354 secs] [Times: user=1.77 sys=0.01, real=1.61 secs] 
2023-04-09T19:35:19.294+0000: 1484.714: [GC (Allocation Failure) [PSYoungGen: 6256950K->16111K(6373376K)] 19019739K->12778956K(19406336K), 1.9428603 secs] [Times: user=2.17 sys=0.00, real=1.94 secs] 
2023-04-09T19:35:22.935+0000: 1488.354: [GC (Allocation Failure) [PSYoungGen: 6252271K->17945K(6371328K)] 19015116K->12780862K(19404288K), 1.5804236 secs] [Times: user=1.75 sys=0.00, real=1.58 secs] 
2023-04-09T19:35:26.723+0000: 1492.143: [GC (Allocation Failure) [PSYoungGen: 6254105K->35185K(6373376K)] 19017022K->12800830K(19406336K), 1.5646520 secs] [Times: user=1.73 sys=0.00, real=1.56 secs] 
2023-04-09T19:35:31.903+0000: 1497.323: [GC (Allocation Failure) [PSYoungGen: 6284657K->87306K(6374400K)] 19050302K->12874431K(19407360K), 1.6362249 secs] [Times: user=2.11 sys=0.03, real=1.63 secs] 
2023-04-09T19:35:37.630+0000: 1503.049: [GC (Allocation Failure) [PSYoungGen: 6336778K->85648K(6391296K)] 19123903K->12954845K(19424256K), 1.7015243 secs] [Times: user=2.06 sys=0.06, real=1.71 secs] 
2023-04-09T19:35:42.629+0000: 1508.049: [GC (Allocation Failure) [PSYoungGen: 6344336K->75243K(6396416K)] 19213533K->13016496K(19429376K), 1.5725536 secs] [Times: user=1.82 sys=0.05, real=1.58 secs] 
2023-04-09T19:35:44.202+0000: 1509.621: [Full GC (Ergonomics) [PSYoungGen: 75243K->0K(6396416K)] [ParOldGen: 12941253K->12725560K(14139904K)] 13016496K->12725560K(20536320K), [Metaspace: 129607K->129607K(139264K)], 8.6392544 secs] [Times: user=67.41 sys=0.54, real=8.64 secs] 
2023-04-09T19:35:54.549+0000: 1519.969: [GC (Allocation Failure) [PSYoungGen: 6258688K->26382K(6400000K)] 18984248K->12751943K(20539904K), 1.7466986 secs] [Times: user=1.93 sys=0.01, real=1.75 secs] 
2023-04-09T19:35:58.418+0000: 1523.838: [GC (Allocation Failure) [PSYoungGen: 6288654K->20420K(6396416K)] 19014215K->12750309K(20536320K), 1.6613476 secs] [Times: user=1.94 sys=0.01, real=1.66 secs] 
2023-04-09T19:36:01.961+0000: 1527.381: [GC (Allocation Failure) [PSYoungGen: 6282692K->27435K(6930944K)] 19012581K->12759468K(21070848K), 1.6959229 secs] [Times: user=1.92 sys=0.01, real=1.69 secs] 
2023-04-09T19:36:05.362+0000: 1530.782: [GC (Allocation Failure) [PSYoungGen: 6829867K->42515K(6929408K)] 19561900K->12781916K(21069312K), 1.6388845 secs] [Times: user=2.04 sys=0.03, real=1.64 secs] 
2023-04-09T19:36:09.050+0000: 1534.470: [GC (Allocation Failure) [PSYoungGen: 6844947K->14935K(6936064K)] 19584348K->12777946K(21075968K), 1.5499585 secs] [Times: user=1.84 sys=0.02, real=1.55 secs] 
2023-04-09T19:36:12.507+0000: 1537.927: [GC (Allocation Failure) [PSYoungGen: 6831191K->17845K(6934016K)] 19594202K->12780888K(21073920K), 1.5442248 secs] [Times: user=1.71 sys=0.01, real=1.55 secs] 
2023-04-09T19:36:16.578+0000: 1541.998: [GC (Allocation Failure) [PSYoungGen: 6834101K->22369K(6947840K)] 19597144K->12786485K(21087744K), 1.8101638 secs] [Times: user=2.12 sys=0.02, real=1.81 secs] 
2023-04-09T19:36:20.387+0000: 1545.807: [GC (Allocation Failure) [PSYoungGen: 6858593K->24840K(6946816K)] 19622709K->12791068K(21086720K), 1.6496547 secs] [Times: user=1.87 sys=0.01, real=1.65 secs] 
2023-04-09T19:36:25.430+0000: 1550.850: [GC (Allocation Failure) [PSYoungGen: 6861064K->71230K(6946816K)] 19627292K->12845930K(21086720K), 1.5318848 secs] [Times: user=1.74 sys=0.03, real=1.54 secs] 
2023-04-09T19:36:30.868+0000: 1556.288: [GC (Allocation Failure) [PSYoungGen: 6912574K->82945K(6952960K)] 19687274K->12912069K(21092864K), 1.5803595 secs] [Times: user=1.85 sys=0.04, real=1.58 secs] 
2023-04-09T19:36:37.338+0000: 1562.758: [GC (Allocation Failure) [PSYoungGen: 6924289K->82227K(6961152K)] 19753413K->12980983K(21101056K), 1.6437849 secs] [Times: user=2.04 sys=0.02, real=1.65 secs] 
2023-04-09T19:36:40.986+0000: 1566.406: [GC (Allocation Failure) [PSYoungGen: 6923571K->39513K(6881280K)] 19822327K->13005493K(21021184K), 1.5840527 secs] [Times: user=1.99 sys=0.12, real=1.58 secs] 
2023-04-09T19:36:44.352+0000: 1569.772: [GC (Allocation Failure) [PSYoungGen: 6880857K->15481K(6963712K)] 19846837K->12991741K(21103616K), 1.5701722 secs] [Times: user=1.76 sys=0.07, real=1.57 secs] 
2023-04-09T19:36:47.706+0000: 1573.126: [GC (Allocation Failure) [PSYoungGen: 6858873K->27569K(6871040K)] 19835133K->13005293K(21010944K), 1.5607215 secs] [Times: user=1.79 sys=0.00, real=1.56 secs] 
2023-04-09T19:36:51.116+0000: 1576.535: [GC (Allocation Failure) [PSYoungGen: 6870961K->26976K(6962176K)] 19848685K->13004779K(21102080K), 1.5681556 secs] [Times: user=1.79 sys=0.00, real=1.57 secs] 
2023-04-09T19:36:55.086+0000: 1580.506: [GC (Allocation Failure) [PSYoungGen: 6874976K->22589K(6871040K)] 19852779K->13000424K(21010944K), 1.8284170 secs] [Times: user=2.03 sys=0.10, real=1.83 secs] 
2023-04-09T19:37:00.349+0000: 1585.769: [GC (Allocation Failure) [PSYoungGen: 6870589K->64497K(6951424K)] 19848424K->13053637K(21091328K), 1.7163335 secs] [Times: user=1.95 sys=0.01, real=1.72 secs] 
2023-04-09T19:37:05.670+0000: 1591.089: [GC (Allocation Failure) [PSYoungGen: 6909937K->94189K(6953984K)] 19899077K->13138802K(21093888K), 1.5634871 secs] [Times: user=2.16 sys=0.04, real=1.57 secs] 
2023-04-09T19:37:11.054+0000: 1596.474: [GC (Allocation Failure) [PSYoungGen: 6939629K->76800K(6964224K)] 19984242K->13201250K(21104128K), 1.5792595 secs] [Times: user=2.09 sys=0.05, real=1.58 secs] 
2023-04-09T19:37:15.729+0000: 1601.149: [GC (Allocation Failure) [PSYoungGen: 6922240K->47627K(6893568K)] 20046690K->13239766K(21033472K), 1.7941864 secs] [Times: user=2.12 sys=0.04, real=1.80 secs] 
2023-04-09T19:37:19.291+0000: 1604.711: [GC (Allocation Failure) [PSYoungGen: 6893067K->24486K(6965760K)] 20085206K->13241920K(21105664K), 1.5727679 secs] [Times: user=1.85 sys=0.02, real=1.57 secs] 
2023-04-09T19:37:22.712+0000: 1608.132: [GC (Allocation Failure) [PSYoungGen: 6872486K->16316K(6864384K)] 20089920K->13235806K(21004288K), 1.5478075 secs] [Times: user=1.74 sys=0.01, real=1.55 secs] 
2023-04-09T19:37:26.072+0000: 1611.492: [GC (Allocation Failure) [PSYoungGen: 6864316K->42484K(6968320K)] 20083806K->13262062K(21108224K), 1.5567245 secs] [Times: user=1.77 sys=0.09, real=1.55 secs] 
2023-04-09T19:37:29.450+0000: 1614.870: [GC (Allocation Failure) [PSYoungGen: 6897140K->34607K(6889472K)] 20116718K->13254249K(21029376K), 1.5656554 secs] [Times: user=1.80 sys=0.00, real=1.57 secs] 
2023-04-09T19:37:34.089+0000: 1619.509: [GC (Allocation Failure) [PSYoungGen: 6889263K->62178K(6955520K)] 20108905K->13285596K(21095424K), 1.8774548 secs] [Times: user=2.59 sys=0.05, real=1.88 secs] 
2023-04-09T19:37:39.601+0000: 1625.021: [GC (Allocation Failure) [PSYoungGen: 6915298K->74752K(6957056K)] 20138716K->13337922K(21096960K), 1.5490303 secs] [Times: user=1.87 sys=0.10, real=1.55 secs] 
2023-04-09T19:37:45.183+0000: 1630.603: [GC (Allocation Failure) [PSYoungGen: 6927872K->78823K(6965760K)] 20191042K->13406362K(21105664K), 1.5788199 secs] [Times: user=1.87 sys=0.09, real=1.58 secs] 
2023-04-09T19:37:50.152+0000: 1635.572: [GC (Allocation Failure) [PSYoungGen: 6935527K->64059K(6921216K)] 20263066K->13456230K(21061120K), 1.5419803 secs] [Times: user=1.78 sys=0.04, real=1.54 secs] 
2023-04-09T19:37:54.527+0000: 1639.946: [GC (Allocation Failure) [PSYoungGen: 6920763K->24574K(6970368K)] 20312934K->13478569K(21110272K), 1.6824818 secs] [Times: user=1.89 sys=0.03, real=1.68 secs] 
2023-04-09T19:37:57.966+0000: 1643.385: [GC (Allocation Failure) [PSYoungGen: 6882302K->21347K(6879232K)] 20336297K->13480966K(21019136K), 1.5754791 secs] [Times: user=1.88 sys=0.00, real=1.58 secs] 
2023-04-09T19:38:01.667+0000: 1647.087: [GC (Allocation Failure) [PSYoungGen: 6879075K->26200K(6970368K)] 20338694K->13488219K(21110272K), 1.7502740 secs] [Times: user=2.06 sys=0.00, real=1.75 secs] 
2023-04-09T19:38:05.261+0000: 1650.681: [GC (Allocation Failure) [PSYoungGen: 6886488K->32797K(6893568K)] 20348507K->13500896K(21033472K), 1.5810864 secs] [Times: user=2.04 sys=0.07, real=1.58 secs] 
2023-04-09T19:38:08.817+0000: 1654.236: [GC (Allocation Failure) [PSYoungGen: 6893085K->25290K(6965760K)] 20361184K->13515853K(21105664K), 1.6013533 secs] [Times: user=2.02 sys=0.02, real=1.60 secs] 
2023-04-09T19:38:14.917+0000: 1660.336: [GC (Allocation Failure) [PSYoungGen: 6888138K->70531K(6963200K)] 20378701K->13570270K(21103104K), 1.5939499 secs] [Times: user=1.87 sys=0.01, real=1.60 secs] 
2023-04-09T19:38:20.977+0000: 1666.397: [GC (Allocation Failure) [PSYoungGen: 6933379K->91649K(6960128K)] 20433118K->13655180K(21100032K), 1.5699114 secs] [Times: user=1.87 sys=0.04, real=1.57 secs] 
2023-04-09T19:38:27.370+0000: 1672.790: [GC (Allocation Failure) [PSYoungGen: 6946817K->86098K(6971392K)] 20510348K->13727622K(21111296K), 1.7116692 secs] [Times: user=2.05 sys=0.10, real=1.72 secs] 
2023-04-09T19:38:33.291+0000: 1678.710: [GC (Allocation Failure) [PSYoungGen: 6941266K->57558K(6968320K)] 20582790K->13777017K(21108224K), 1.7192347 secs] [Times: user=1.94 sys=0.06, real=1.71 secs] 
2023-04-09T19:38:36.870+0000: 1682.290: [GC (Allocation Failure) [PSYoungGen: 6912726K->21546K(6877184K)] 20632185K->13788870K(21017088K), 1.5800401 secs] [Times: user=1.84 sys=0.02, real=1.58 secs] 
2023-04-09T19:38:40.168+0000: 1685.587: [GC (Allocation Failure) [PSYoungGen: 6876714K->13663K(6972928K)] 20644038K->13785826K(21112832K), 1.5855699 secs] [Times: user=1.87 sys=0.01, real=1.59 secs] 
2023-04-09T19:38:43.546+0000: 1688.966: [GC (Allocation Failure) [PSYoungGen: 6869343K->13671K(6869504K)] 20641506K->13786434K(21009408K), 1.5464347 secs] [Times: user=1.71 sys=0.00, real=1.55 secs] 
2023-04-09T19:38:46.916+0000: 1692.336: [GC (Allocation Failure) [PSYoungGen: 6869351K->23085K(6974464K)] 20642114K->13795897K(21114368K), 1.5669162 secs] [Times: user=1.77 sys=0.01, real=1.57 secs] 
2023-04-09T19:38:51.060+0000: 1696.479: [GC (Allocation Failure) [PSYoungGen: 6882349K->31120K(6890496K)] 20655161K->13813589K(21030400K), 1.7985041 secs] [Times: user=2.08 sys=0.01, real=1.80 secs] 
2023-04-09T19:38:57.215+0000: 1702.634: [GC (Allocation Failure) [PSYoungGen: 6890384K->75208K(6958592K)] 20672853K->13882236K(21098496K), 1.5658984 secs] [Times: user=1.85 sys=0.11, real=1.57 secs] 
2023-04-09T19:39:03.218+0000: 1708.638: [GC (Allocation Failure) [PSYoungGen: 6927816K->75591K(6965248K)] 20734844K->13947523K(21105152K), 1.7322782 secs] [Times: user=2.47 sys=0.12, real=1.74 secs] 
2023-04-09T19:39:08.984+0000: 1714.404: [GC (Allocation Failure) [PSYoungGen: 6928199K->90125K(6961664K)] 20800131K->14031921K(21101568K), 1.7169221 secs] [Times: user=2.24 sys=0.06, real=1.72 secs] 
2023-04-09T19:39:13.255+0000: 1718.675: [GC (Allocation Failure) [PSYoungGen: 6934029K->23501K(6867456K)] 20875825K->14048670K(21007360K), 1.5875552 secs] [Times: user=1.95 sys=0.04, real=1.59 secs] 
2023-04-09T19:39:14.843+0000: 1720.263: [Full GC (Ergonomics) [PSYoungGen: 23501K->0K(6867456K)] [ParOldGen: 14025168K->13216322K(14685184K)] 14048670K->13216322K(21552640K), [Metaspace: 129682K->129662K(139264K)], 8.7470973 secs] [Times: user=66.76 sys=0.63, real=8.74 secs] 
2023-04-09T19:39:25.516+0000: 1730.936: [GC (Allocation Failure) [PSYoungGen: 6843904K->36541K(6973440K)] 20060226K->13252872K(21658624K), 1.5454754 secs] [Times: user=1.72 sys=0.00, real=1.55 secs] 
2023-04-09T19:39:29.013+0000: 1734.433: [GC (Allocation Failure) [PSYoungGen: 6886077K->23024K(6967808K)] 20102408K->13241875K(21652992K), 1.7937111 secs] [Times: user=2.01 sys=0.00, real=1.79 secs] 
2023-04-09T19:39:33.141+0000: 1738.560: [GC (Allocation Failure) [PSYoungGen: 6872560K->23163K(7218688K)] 20091411K->13242094K(21903872K), 1.7012717 secs] [Times: user=1.97 sys=0.02, real=1.70 secs] 
2023-04-09T19:39:36.673+0000: 1742.093: [GC (Allocation Failure) [PSYoungGen: 7126651K->29066K(7215616K)] 20345582K->13248037K(21900800K), 1.5393289 secs] [Times: user=1.75 sys=0.02, real=1.54 secs] 
2023-04-09T19:39:39.979+0000: 1745.399: [GC (Allocation Failure) [PSYoungGen: 7132554K->24000K(7226368K)] 20351525K->13243035K(21911552K), 1.5535881 secs] [Times: user=1.73 sys=0.01, real=1.56 secs] 
2023-04-09T19:39:43.471+0000: 1748.891: [GC (Allocation Failure) [PSYoungGen: 7142848K->19348K(7222784K)] 20361883K->13238431K(21907968K), 1.5669608 secs] [Times: user=1.77 sys=0.07, real=1.56 secs] 
2023-04-09T19:39:47.644+0000: 1753.063: [GC (Allocation Failure) [PSYoungGen: 7138196K->33461K(7233024K)] 20357279K->13262961K(21918208K), 1.5891477 secs] [Times: user=1.80 sys=0.02, real=1.59 secs] 
2023-04-09T19:39:53.912+0000: 1759.332: [GC (Allocation Failure) [PSYoungGen: 7170229K->73683K(7232000K)] 20399729K->13320407K(21917184K), 1.5593120 secs] [Times: user=1.78 sys=0.03, real=1.56 secs] 
2023-04-09T19:39:59.840+0000: 1765.259: [GC (Allocation Failure) [PSYoungGen: 7210451K->75900K(7247360K)] 20457175K->13382872K(21932544K), 1.6705097 secs] [Times: user=1.93 sys=0.05, real=1.67 secs] 
2023-04-09T19:40:05.808+0000: 1771.228: [GC (Allocation Failure) [PSYoungGen: 7220348K->86801K(7254016K)] 20527320K->13464237K(21939200K), 1.5899994 secs] [Times: user=2.46 sys=0.11, real=1.59 secs] 
2023-04-09T19:40:09.934+0000: 1775.354: [GC (Allocation Failure) [PSYoungGen: 7231249K->33378K(7255040K)] 20608685K->13485990K(21940224K), 1.8104774 secs] [Times: user=2.29 sys=0.00, real=1.81 secs] 
2023-04-09T19:40:13.870+0000: 1779.290: [GC (Allocation Failure) [PSYoungGen: 7177826K->18770K(7163392K)] 20630438K->13497694K(21848576K), 1.5856728 secs] [Times: user=1.89 sys=0.00, real=1.59 secs] 
2023-04-09T19:40:17.341+0000: 1782.760: [GC (Allocation Failure) [PSYoungGen: 7163218K->17282K(7259136K)] 20642142K->13497870K(21944320K), 1.5647140 secs] [Times: user=1.75 sys=0.01, real=1.56 secs] 
2023-04-09T19:40:20.876+0000: 1786.296: [GC (Allocation Failure) [PSYoungGen: 7163778K->19335K(7165952K)] 20644366K->13499979K(21851136K), 1.5877883 secs] [Times: user=1.89 sys=0.02, real=1.59 secs] 
2023-04-09T19:40:24.923+0000: 1790.343: [GC (Allocation Failure) [PSYoungGen: 7165831K->33701K(7260160K)] 20646475K->13517441K(21945344K), 1.5964324 secs] [Times: user=1.79 sys=0.00, real=1.59 secs] 
2023-04-09T19:40:31.658+0000: 1797.078: [GC (Allocation Failure) [PSYoungGen: 7186341K->84353K(7254016K)] 20670081K->13584941K(21939200K), 1.5549064 secs] [Times: user=1.83 sys=0.01, real=1.56 secs] 
2023-04-09T19:40:38.250+0000: 1803.669: [GC (Allocation Failure) [PSYoungGen: 7236993K->86981K(7255552K)] 20737581K->13661297K(21940736K), 1.5632168 secs] [Times: user=1.87 sys=0.06, real=1.57 secs] 
2023-04-09T19:40:44.655+0000: 1810.075: [GC (Allocation Failure) [PSYoungGen: 7230405K->84104K(7264768K)] 20804721K->13740668K(21949952K), 1.5651931 secs] [Times: user=1.90 sys=0.01, real=1.57 secs] 
2023-04-09T19:40:48.800+0000: 1814.220: [GC (Allocation Failure) [PSYoungGen: 7227528K->34824K(7261696K)] 20884092K->13767685K(21946880K), 1.9331670 secs] [Times: user=2.28 sys=0.01, real=1.94 secs] 
2023-04-09T19:40:53.083+0000: 1818.503: [GC (Allocation Failure) [PSYoungGen: 7178248K->18178K(7161856K)] 20911109K->13765038K(21847040K), 1.6309941 secs] [Times: user=1.86 sys=0.04, real=1.63 secs] 
2023-04-09T19:40:56.562+0000: 1821.982: [GC (Allocation Failure) [PSYoungGen: 7161602K->15029K(7266304K)] 20908462K->13762976K(21951488K), 1.5492935 secs] [Times: user=1.75 sys=0.01, real=1.55 secs] 
2023-04-09T19:40:59.937+0000: 1825.357: [GC (Allocation Failure) [PSYoungGen: 7160501K->27282K(7173120K)] 20908448K->13775277K(21858304K), 1.6831636 secs] [Times: user=1.90 sys=0.00, real=1.69 secs] 
2023-04-09T19:41:03.902+0000: 1829.321: [GC (Allocation Failure) [PSYoungGen: 7172754K->44000K(7266304K)] 20920749K->13796228K(21951488K), 1.6232241 secs] [Times: user=2.26 sys=0.01, real=1.62 secs] 
2023-04-09T19:41:10.299+0000: 1835.718: [GC (Allocation Failure) [PSYoungGen: 7196128K->83687K(7259648K)] 20948356K->13864427K(21944832K), 1.6146092 secs] [Times: user=2.21 sys=0.00, real=1.62 secs] 
2023-04-09T19:41:16.562+0000: 1841.982: [GC (Allocation Failure) [PSYoungGen: 7235815K->77778K(7264256K)] 21016555K->13927116K(21949440K), 1.6083664 secs] [Times: user=1.93 sys=0.00, real=1.60 secs] 
2023-04-09T19:41:22.946+0000: 1848.366: [GC (Allocation Failure) [PSYoungGen: 7225298K->79514K(7268864K)] 21074636K->14001956K(21954048K), 1.5706125 secs] [Times: user=1.89 sys=0.00, real=1.57 secs] 
2023-04-09T19:41:29.796+0000: 1855.215: [GC (Allocation Failure) [PSYoungGen: 7227034K->69297K(7270912K)] 21149476K->14066315K(21956096K), 1.6438188 secs] [Times: user=2.02 sys=0.01, real=1.64 secs] 
2023-04-09T19:41:33.671+0000: 1859.091: [GC (Allocation Failure) [PSYoungGen: 7216817K->26273K(7174144K)] 21213835K->14087779K(21859328K), 1.6080912 secs] [Times: user=1.88 sys=0.03, real=1.60 secs] 
2023-04-09T19:41:37.102+0000: 1862.522: [GC (Allocation Failure) [PSYoungGen: 7173793K->25544K(7271936K)] 21235299K->14093978K(21957120K), 1.6569953 secs] [Times: user=2.03 sys=0.01, real=1.65 secs] 
2023-04-09T19:41:40.882+0000: 1866.302: [GC (Allocation Failure) [PSYoungGen: 7175624K->14464K(7164928K)] 21244058K->14083466K(21850112K), 1.5354222 secs] [Times: user=1.71 sys=0.00, real=1.53 secs] 
2023-04-09T19:41:44.333+0000: 1869.753: [GC (Allocation Failure) [PSYoungGen: 7164544K->27445K(7272960K)] 21233546K->14096511K(21958144K), 1.5986220 secs] [Times: user=1.98 sys=0.00, real=1.60 secs] 
2023-04-09T19:41:49.266+0000: 1874.686: [GC (Allocation Failure) [PSYoungGen: 7182133K->50117K(7204864K)] 21251199K->14122975K(21890048K), 1.6074944 secs] [Times: user=1.83 sys=0.00, real=1.61 secs] 
2023-04-09T19:41:55.497+0000: 1880.916: [GC (Allocation Failure) [PSYoungGen: 7204805K->84630K(7255040K)] 21277663K->14179008K(21940224K), 1.5230157 secs] [Times: user=1.77 sys=0.02, real=1.52 secs] 
2023-04-09T19:42:01.388+0000: 1886.807: [GC (Allocation Failure) [PSYoungGen: 7230614K->82788K(7263744K)] 21324992K->14251198K(21948928K), 1.6537906 secs] [Times: user=2.21 sys=0.05, real=1.66 secs] 
2023-04-09T19:42:07.358+0000: 1892.778: [GC (Allocation Failure) [PSYoungGen: 7228772K->88244K(7262720K)] 21397182K->14332918K(21947904K), 1.7565779 secs] [Times: user=2.23 sys=0.02, real=1.76 secs] 
2023-04-09T19:42:12.716+0000: 1898.136: [GC (Allocation Failure) [PSYoungGen: 7227572K->60992K(7200768K)] 21472246K->14387695K(21885952K), 1.5682769 secs] [Times: user=1.97 sys=0.05, real=1.57 secs] 
2023-04-09T19:42:16.164+0000: 1901.584: [GC (Allocation Failure) [PSYoungGen: 7200320K->18640K(7264256K)] 21527023K->14399511K(21949440K), 1.5389770 secs] [Times: user=1.76 sys=0.03, real=1.54 secs] 
2023-04-09T19:42:19.414+0000: 1904.834: [GC (Allocation Failure) [PSYoungGen: 7158480K->14013K(7154176K)] 21539351K->14398524K(21839360K), 1.6750729 secs] [Times: user=1.93 sys=0.01, real=1.67 secs] 
2023-04-09T19:42:22.932+0000: 1908.352: [GC (Allocation Failure) [PSYoungGen: 7153853K->14642K(7264768K)] 21538364K->14399266K(21949952K), 1.5665865 secs] [Times: user=1.74 sys=0.01, real=1.56 secs] 
2023-04-09T19:42:27.331+0000: 1912.751: [GC (Allocation Failure) [PSYoungGen: 7156018K->31811K(7173632K)] 21540642K->14416506K(21858816K), 1.8099642 secs] [Times: user=2.11 sys=0.01, real=1.81 secs] 
2023-04-09T19:42:32.356+0000: 1917.776: [GC (Allocation Failure) [PSYoungGen: 7173187K->69251K(7255552K)] 21557882K->14454594K(21940736K), 1.5388924 secs] [Times: user=1.84 sys=0.00, real=1.54 secs] 
2023-04-09T19:42:38.286+0000: 1923.705: [GC (Allocation Failure) [PSYoungGen: 7208579K->85135K(7257600K)] 21593922K->14508151K(21942784K), 1.5736525 secs] [Times: user=1.85 sys=0.05, real=1.57 secs] 
2023-04-09T19:42:44.184+0000: 1929.603: [GC (Allocation Failure) [PSYoungGen: 7224463K->85684K(7259648K)] 21647479K->14589299K(21944832K), 1.7109099 secs] [Times: user=2.02 sys=0.05, real=1.71 secs] 
2023-04-09T19:42:50.609+0000: 1936.028: [GC (Allocation Failure) [PSYoungGen: 7219380K->82583K(7265280K)] 21722995K->14666550K(21950464K), 1.5173731 secs] [Times: user=1.80 sys=0.04, real=1.52 secs] 
2023-04-09T19:42:52.126+0000: 1937.546: [Full GC (Ergonomics) [PSYoungGen: 82583K->0K(7265280K)] [ParOldGen: 14583967K->13283975K(14760448K)] 14666550K->13283975K(22025728K), [Metaspace: 129750K->129750K(139264K)], 8.4693050 secs] [Times: user=68.03 sys=0.36, real=8.47 secs] 
2023-04-09T19:43:04.810+0000: 1950.230: [GC (Allocation Failure) [PSYoungGen: 7133696K->120918K(7251456K)] 20417671K->13404893K(22011904K), 1.9916774 secs] [Times: user=3.11 sys=0.09, real=2.00 secs] 
2023-04-09T19:43:08.693+0000: 1954.113: [GC (Allocation Failure) [PSYoungGen: 7238230K->29893K(7147520K)] 20522205K->13436996K(21907968K), 1.5792700 secs] [Times: user=2.01 sys=0.00, real=1.58 secs] 
2023-04-09T19:43:12.052+0000: 1957.471: [GC (Allocation Failure) [PSYoungGen: 7147205K->17844K(7266816K)] 20554308K->13442649K(22027264K), 1.5819716 secs] [Times: user=1.79 sys=0.00, real=1.58 secs] 
2023-04-09T19:43:16.030+0000: 1961.449: [GC (Allocation Failure) [PSYoungGen: 7137204K->22350K(7141888K)] 20562009K->13447212K(21902336K), 1.5649132 secs] [Times: user=1.81 sys=0.00, real=1.57 secs] 
2023-04-09T19:43:19.724+0000: 1965.144: [GC (Allocation Failure) [PSYoungGen: 7141710K->17282K(7264768K)] 20566572K->13442192K(22025216K), 1.5818855 secs] [Times: user=1.76 sys=0.00, real=1.58 secs] 
2023-04-09T19:43:23.308+0000: 1968.727: [GC (Allocation Failure) [PSYoungGen: 7139714K->23732K(7146496K)] 20564624K->13451010K(21906944K), 1.7360882 secs] [Times: user=1.96 sys=0.00, real=1.74 secs] 
2023-04-09T19:43:26.937+0000: 1972.357: [GC (Allocation Failure) [PSYoungGen: 7146164K->24446K(7262208K)] 20573442K->13454860K(22022656K), 1.5526661 secs] [Times: user=1.81 sys=0.00, real=1.55 secs] 
2023-04-09T19:43:30.416+0000: 1975.836: [GC (Allocation Failure) [PSYoungGen: 7151998K->17652K(7145472K)] 20582412K->13449130K(21905920K), 1.5796895 secs] [Times: user=1.81 sys=0.03, real=1.58 secs] 
2023-04-09T19:43:35.086+0000: 1980.505: [GC (Allocation Failure) [PSYoungGen: 7145204K->53893K(7257088K)] 20576682K->13495716K(22017536K), 1.5519655 secs] [Times: user=1.85 sys=0.07, real=1.55 secs] 
2023-04-09T19:43:40.378+0000: 1985.798: [GC (Allocation Failure) [PSYoungGen: 7185541K->84353K(7252992K)] 20627364K->13568024K(22013440K), 1.5864550 secs] [Times: user=1.90 sys=0.00, real=1.59 secs] 
2023-04-09T19:43:46.569+0000: 1991.989: [GC (Allocation Failure) [PSYoungGen: 7216001K->78180K(7258624K)] 20699672K->13633723K(22019072K), 1.5288153 secs] [Times: user=1.81 sys=0.00, real=1.53 secs] 
2023-04-09T19:43:51.421+0000: 1996.840: [GC (Allocation Failure) [PSYoungGen: 7207780K->63776K(7193600K)] 20763323K->13691799K(21954048K), 1.5717031 secs] [Times: user=1.87 sys=0.00, real=1.57 secs] 
2023-04-09T19:43:54.988+0000: 2000.408: [GC (Allocation Failure) [PSYoungGen: 7193376K->20082K(7261696K)] 20821399K->13699113K(22022144K), 1.5994342 secs] [Times: user=1.83 sys=0.00, real=1.60 secs] 
2023-04-09T19:43:58.470+0000: 2003.890: [GC (Allocation Failure) [PSYoungGen: 7152242K->31862K(7164416K)] 20831273K->13714726K(21924864K), 1.6274475 secs] [Times: user=1.84 sys=0.00, real=1.63 secs] 
2023-04-09T19:44:02.896+0000: 2008.316: [GC (Allocation Failure) [PSYoungGen: 7164022K->29219K(7258624K)] 20846886K->13713171K(22019072K), 1.9380264 secs] [Times: user=2.48 sys=0.00, real=1.94 secs] 
2023-04-09T19:44:07.154+0000: 2012.574: [GC (Allocation Failure) [PSYoungGen: 7165987K->35637K(7172608K)] 20849939K->13728781K(21933056K), 1.5942875 secs] [Times: user=1.99 sys=0.00, real=1.59 secs] 
2023-04-09T19:44:11.415+0000: 2016.835: [GC (Allocation Failure) [PSYoungGen: 7172405K->37536K(7258112K)] 20865549K->13746894K(22018560K), 1.5838341 secs] [Times: user=1.88 sys=0.00, real=1.58 secs] 
2023-04-09T19:44:17.068+0000: 2022.488: [GC (Allocation Failure) [PSYoungGen: 7184032K->89535K(7252480K)] 20893390K->13824197K(22012928K), 1.5406790 secs] [Times: user=1.77 sys=0.00, real=1.54 secs] 
2023-04-09T19:44:22.647+0000: 2028.067: [GC (Allocation Failure) [PSYoungGen: 7236031K->77909K(7273984K)] 20970693K->13885627K(22034432K), 1.7448677 secs] [Times: user=2.04 sys=0.00, real=1.75 secs] 
2023-04-09T19:44:28.924+0000: 2034.343: [GC (Allocation Failure) [PSYoungGen: 7235157K->82441K(7278592K)] 21042875K->13963183K(22039040K), 1.5669408 secs] [Times: user=1.87 sys=0.01, real=1.57 secs] 
2023-04-09T19:44:32.742+0000: 2038.162: [GC (Allocation Failure) [PSYoungGen: 7239689K->23929K(7279104K)] 21120431K->13977975K(22039552K), 1.5999895 secs] [Times: user=1.87 sys=0.01, real=1.60 secs] 
2023-04-09T19:44:36.294+0000: 2041.714: [GC (Allocation Failure) [PSYoungGen: 7181177K->30669K(7187968K)] 21135223K->13996091K(21948416K), 1.5955811 secs] [Times: user=2.01 sys=0.00, real=1.59 secs] 
2023-04-09T19:44:39.791+0000: 2045.211: [GC (Allocation Failure) [PSYoungGen: 7187917K->15062K(7278080K)] 21153339K->13980517K(22038528K), 1.5933240 secs] [Times: user=1.82 sys=0.00, real=1.59 secs] 
2023-04-09T19:44:43.633+0000: 2049.053: [GC (Allocation Failure) [PSYoungGen: 7173334K->16862K(7175168K)] 21138789K->13982356K(21935616K), 1.6965901 secs] [Times: user=1.86 sys=0.00, real=1.69 secs] 
2023-04-09T19:44:47.533+0000: 2052.953: [GC (Allocation Failure) [PSYoungGen: 7175134K->35447K(7280640K)] 21140628K->14000998K(22041088K), 1.5550819 secs] [Times: user=1.82 sys=0.00, real=1.55 secs] 
2023-04-09T19:44:54.047+0000: 2059.467: [GC (Allocation Failure) [PSYoungGen: 7199863K->86917K(7274496K)] 21165414K->14064067K(22034944K), 1.5122072 secs] [Times: user=1.76 sys=0.01, real=1.51 secs] 
2023-04-09T19:44:59.852+0000: 2065.272: [GC (Allocation Failure) [PSYoungGen: 7251333K->83801K(7277568K)] 21228483K->14137095K(22038016K), 1.7596551 secs] [Times: user=2.08 sys=0.01, real=1.76 secs] 
2023-04-09T19:45:05.252+0000: 2070.672: [GC (Allocation Failure) [PSYoungGen: 7241561K->88083K(7284224K)] 21294855K->14222154K(22044672K), 1.6923371 secs] [Times: user=2.29 sys=0.01, real=1.69 secs] 
2023-04-09T19:45:08.744+0000: 2074.164: [GC (Allocation Failure) [PSYoungGen: 7245843K->43202K(7278592K)] 21379914K->14261304K(22039040K), 1.5996359 secs] [Times: user=2.10 sys=0.01, real=1.60 secs] 
2023-04-09T19:45:12.180+0000: 2077.600: [GC (Allocation Failure) [PSYoungGen: 7200962K->15269K(7173120K)] 21419064K->14258738K(21933568K), 1.5721073 secs] [Times: user=2.06 sys=0.01, real=1.58 secs] 
2023-04-09T19:45:15.623+0000: 2081.043: [GC (Allocation Failure) [PSYoungGen: 7173029K->16710K(7285760K)] 21416498K->14260211K(22046208K), 1.5614058 secs] [Times: user=1.78 sys=0.01, real=1.56 secs] 
2023-04-09T19:45:19.050+0000: 2084.470: [GC (Allocation Failure) [PSYoungGen: 7176518K->31853K(7192064K)] 21420019K->14275417K(21952512K), 1.5738636 secs] [Times: user=1.89 sys=0.00, real=1.57 secs] 
2023-04-09T19:45:24.421+0000: 2089.841: [GC (Allocation Failure) [PSYoungGen: 7191661K->61142K(7279104K)] 21435225K->14306803K(22039552K), 1.6064962 secs] [Times: user=1.91 sys=0.00, real=1.60 secs] 
2023-04-09T19:45:30.067+0000: 2095.487: [GC (Allocation Failure) [PSYoungGen: 7221974K->82712K(7278080K)] 21467635K->14376909K(22038528K), 1.5199638 secs] [Times: user=1.83 sys=0.00, real=1.52 secs] 
2023-04-09T19:45:35.471+0000: 2100.891: [GC (Allocation Failure) [PSYoungGen: 7243544K->73860K(7282688K)] 21537741K->14443905K(22043136K), 1.5382285 secs] [Times: user=1.87 sys=0.02, real=1.53 secs] 
2023-04-09T19:45:39.696+0000: 2105.116: [GC (Allocation Failure) [PSYoungGen: 7233156K->24468K(7183872K)] 21603201K->14462865K(21944320K), 1.7588859 secs] [Times: user=2.03 sys=0.00, real=1.76 secs] 
2023-04-09T19:45:44.065+0000: 2109.484: [GC (Allocation Failure) [PSYoungGen: 7183764K->15185K(7283712K)] 21622161K->14458854K(22044160K), 1.6393853 secs] [Times: user=1.91 sys=0.00, real=1.64 secs] 
2023-04-09T19:45:47.539+0000: 2112.959: [GC (Allocation Failure) [PSYoungGen: 7176017K->18454K(7179776K)] 21619686K->14462178K(21940224K), 1.5723982 secs] [Times: user=1.81 sys=0.01, real=1.58 secs] 
2023-04-09T19:45:50.971+0000: 2116.391: [GC (Allocation Failure) [PSYoungGen: 7179286K->14501K(7281664K)] 21623010K->14458258K(22042112K), 1.5904101 secs] [Times: user=1.77 sys=0.01, real=1.59 secs] 
2023-04-09T19:45:55.040+0000: 2120.460: [GC (Allocation Failure) [PSYoungGen: 7177893K->39217K(7202816K)] 21621650K->14483030K(21963264K), 1.5235617 secs] [Times: user=1.72 sys=0.00, real=1.52 secs] 
2023-04-09T19:46:00.641+0000: 2126.060: [GC (Allocation Failure) [PSYoungGen: 7202609K->91873K(7259648K)] 21646422K->14557934K(22020096K), 1.8063619 secs] [Times: user=2.14 sys=0.00, real=1.80 secs] 
2023-04-09T19:46:06.637+0000: 2132.057: [GC (Allocation Failure) [PSYoungGen: 7242977K->93273K(7271936K)] 21709038K->14646878K(22032384K), 1.5681500 secs] [Times: user=2.05 sys=0.00, real=1.57 secs] 
2023-04-09T19:46:12.521+0000: 2137.941: [GC (Allocation Failure) [PSYoungGen: 7244377K->82158K(7278592K)] 21797982K->14724955K(22039040K), 1.6385297 secs] [Times: user=2.10 sys=0.04, real=1.63 secs] 
2023-04-09T19:46:14.160+0000: 2139.580: [Full GC (Ergonomics) [PSYoungGen: 82158K->0K(7278592K)] [ParOldGen: 14642797K->13414851K(14905856K)] 14724955K->13414851K(22184448K), [Metaspace: 129754K->129754K(139264K)], 8.7230066 secs] [Times: user=67.09 sys=0.11, real=8.73 secs] 
2023-04-09T19:46:26.818+0000: 2152.238: [GC (Allocation Failure) [PSYoungGen: 7147520K->70126K(7282176K)] 20562371K->13484978K(22188032K), 1.7303100 secs] [Times: user=2.01 sys=0.00, real=1.73 secs] 
2023-04-09T19:46:30.500+0000: 2155.920: [GC (Allocation Failure) [PSYoungGen: 7217646K->32341K(7309312K)] 20632498K->13505761K(22215168K), 1.6482407 secs] [Times: user=1.89 sys=0.00, real=1.64 secs] 
2023-04-09T19:46:34.034+0000: 2159.454: [GC (Allocation Failure) [PSYoungGen: 7217749K->16978K(7314432K)] 20691169K->13491166K(22220288K), 1.6089197 secs] [Times: user=1.89 sys=0.00, real=1.61 secs] 
2023-04-09T19:46:37.463+0000: 2162.883: [GC (Allocation Failure) [PSYoungGen: 7202386K->17018K(7314944K)] 20676574K->13491270K(22220800K), 1.5570881 secs] [Times: user=1.78 sys=0.00, real=1.55 secs] 
2023-04-09T19:46:41.610+0000: 2167.030: [GC (Allocation Failure) [PSYoungGen: 7213178K->19071K(7321088K)] 20687430K->13493386K(22226944K), 1.6891540 secs] [Times: user=1.85 sys=0.03, real=1.69 secs] 
2023-04-09T19:46:45.160+0000: 2170.580: [GC (Allocation Failure) [PSYoungGen: 7215231K->30524K(7313408K)] 20689546K->13504896K(22219264K), 1.5791326 secs] [Times: user=1.78 sys=0.00, real=1.58 secs] 
2023-04-09T19:46:48.597+0000: 2174.017: [GC (Allocation Failure) [PSYoungGen: 7236412K->26311K(7322112K)] 20710784K->13500739K(22227968K), 1.5854784 secs] [Times: user=1.76 sys=0.02, real=1.59 secs] 
2023-04-09T19:46:52.055+0000: 2177.474: [GC (Allocation Failure) [PSYoungGen: 7232199K->29956K(7321088K)] 20706627K->13505480K(22226944K), 1.5264507 secs] [Times: user=1.71 sys=0.00, real=1.53 secs] 
2023-04-09T19:46:57.312+0000: 2182.732: [GC (Allocation Failure) [PSYoungGen: 7254788K->80499K(7330816K)] 20730312K->13558375K(22236672K), 1.5603089 secs] [Times: user=1.77 sys=0.00, real=1.56 secs] 
2023-04-09T19:47:03.820+0000: 2189.240: [GC (Allocation Failure) [PSYoungGen: 7305331K->106457K(7346688K)] 20783207K->13646813K(22252544K), 1.6079493 secs] [Times: user=2.04 sys=0.05, real=1.60 secs] 
2023-04-09T19:47:09.506+0000: 2194.925: [GC (Allocation Failure) [PSYoungGen: 7338457K->97831K(7363072K)] 20878813K->13732483K(22268928K), 1.5602482 secs] [Times: user=2.05 sys=0.00, real=1.56 secs] 
2023-04-09T19:47:15.086+0000: 2200.506: [GC (Allocation Failure) [PSYoungGen: 7329831K->62642K(7361536K)] 20964483K->13789544K(22267392K), 1.5749273 secs] [Times: user=1.95 sys=0.01, real=1.58 secs] 
2023-04-09T19:47:18.568+0000: 2203.987: [GC (Allocation Failure) [PSYoungGen: 7294642K->16958K(7249408K)] 21021544K->13798173K(22155264K), 1.9769174 secs] [Times: user=2.39 sys=0.01, real=1.98 secs] 
2023-04-09T19:47:22.667+0000: 2208.087: [GC (Allocation Failure) [PSYoungGen: 7248958K->18484K(7368192K)] 21030173K->13800083K(22274048K), 1.5513437 secs] [Times: user=1.73 sys=0.00, real=1.55 secs] 
2023-04-09T19:47:26.052+0000: 2211.472: [GC (Allocation Failure) [PSYoungGen: 7253044K->15503K(7250432K)] 21034643K->13797158K(22156288K), 1.5378586 secs] [Times: user=1.88 sys=0.00, real=1.53 secs] 
2023-04-09T19:47:29.491+0000: 2214.910: [GC (Allocation Failure) [PSYoungGen: 7250063K->13733K(7366144K)] 21031718K->13796468K(22272000K), 1.5628580 secs] [Times: user=1.78 sys=0.00, real=1.56 secs] 
2023-04-09T19:47:34.357+0000: 2219.777: [GC (Allocation Failure) [PSYoungGen: 7251365K->67494K(7363072K)] 21034100K->13851669K(22268928K), 1.5484502 secs] [Times: user=1.78 sys=0.00, real=1.55 secs] 
2023-04-09T19:47:40.717+0000: 2226.137: [GC (Allocation Failure) [PSYoungGen: 7305126K->80391K(7358976K)] 21089301K->13908190K(22264832K), 1.5422403 secs] [Times: user=1.82 sys=0.00, real=1.54 secs] 
2023-04-09T19:47:46.505+0000: 2231.925: [GC (Allocation Failure) [PSYoungGen: 7312903K->77988K(7364096K)] 21140702K->13979739K(22269952K), 1.5505371 secs] [Times: user=1.85 sys=0.00, real=1.55 secs] 
2023-04-09T19:47:50.540+0000: 2235.960: [GC (Allocation Failure) [PSYoungGen: 7310500K->34613K(7356416K)] 21212251K->14009924K(22262272K), 1.5554023 secs] [Times: user=1.82 sys=0.00, real=1.56 secs] 
2023-04-09T19:47:53.965+0000: 2239.385: [GC (Allocation Failure) [PSYoungGen: 7267125K->16804K(7249408K)] 21242436K->14011218K(22155264K), 1.5672498 secs] [Times: user=1.79 sys=0.00, real=1.57 secs] 
2023-04-09T19:47:57.508+0000: 2242.928: [GC (Allocation Failure) [PSYoungGen: 7249316K->23882K(7363072K)] 21243730K->14018329K(22268928K), 1.7565656 secs] [Times: user=2.01 sys=0.00, real=1.76 secs] 
2023-04-09T19:48:01.995+0000: 2247.415: [GC (Allocation Failure) [PSYoungGen: 7260490K->34579K(7271424K)] 21254937K->14029090K(22177280K), 1.7563810 secs] [Times: user=2.41 sys=0.00, real=1.76 secs] 
2023-04-09T19:48:05.832+0000: 2251.252: [GC (Allocation Failure) [PSYoungGen: 7271187K->40675K(7360000K)] 21265698K->14054514K(22265856K), 1.5735438 secs] [Times: user=2.01 sys=0.00, real=1.57 secs] 
2023-04-09T19:48:10.957+0000: 2256.377: [GC (Allocation Failure) [PSYoungGen: 7284451K->60850K(7352832K)] 21298290K->14105565K(22258688K), 1.5318106 secs] [Times: user=1.90 sys=0.00, real=1.53 secs] 
2023-04-09T19:48:16.391+0000: 2261.811: [GC (Allocation Failure) [PSYoungGen: 7304626K->76354K(7347200K)] 21349341K->14173212K(22253056K), 1.6911184 secs] [Times: user=1.98 sys=0.00, real=1.69 secs] 
2023-04-09T19:48:22.158+0000: 2267.578: [GC (Allocation Failure) [PSYoungGen: 7314498K->71540K(7352832K)] 21411356K->14235646K(22258688K), 1.5557877 secs] [Times: user=1.87 sys=0.06, real=1.56 secs] 
2023-04-09T19:48:25.704+0000: 2271.123: [GC (Allocation Failure) [PSYoungGen: 7309684K->20785K(7351808K)] 21473790K->14247083K(22257664K), 1.5810048 secs] [Times: user=1.84 sys=0.00, real=1.58 secs] 
2023-04-09T19:48:29.148+0000: 2274.568: [GC (Allocation Failure) [PSYoungGen: 7258929K->22520K(7260672K)] 21485227K->14255442K(22166528K), 1.6252861 secs] [Times: user=1.94 sys=0.00, real=1.63 secs] 
2023-04-09T19:48:32.753+0000: 2278.173: [GC (Allocation Failure) [PSYoungGen: 7260664K->15085K(7352832K)] 21493586K->14248080K(22258688K), 1.5664683 secs] [Times: user=1.89 sys=0.00, real=1.56 secs] 
2023-04-09T19:48:36.477+0000: 2281.896: [GC (Allocation Failure) [PSYoungGen: 7255277K->13460K(7254016K)] 21488272K->14246511K(22159872K), 1.7482202 secs] [Times: user=1.95 sys=0.01, real=1.75 secs] 
2023-04-09T19:48:40.923+0000: 2286.343: [GC (Allocation Failure) [PSYoungGen: 7253652K->33865K(7354880K)] 21486703K->14269436K(22260736K), 1.5567786 secs] [Times: user=1.84 sys=0.05, real=1.56 secs] 
2023-04-09T19:48:46.650+0000: 2292.069: [GC (Allocation Failure) [PSYoungGen: 7280201K->78177K(7348736K)] 21515772K->14334804K(22254592K), 1.6029741 secs] [Times: user=1.90 sys=0.00, real=1.61 secs] 
2023-04-09T19:48:52.653+0000: 2298.073: [GC (Allocation Failure) [PSYoungGen: 7324513K->83068K(7349248K)] 21581140K->14408295K(22255104K), 1.5812016 secs] [Times: user=1.92 sys=0.00, real=1.58 secs] 
2023-04-09T19:48:58.886+0000: 2304.305: [GC (Allocation Failure) [PSYoungGen: 7321212K->62236K(7300608K)] 21646439K->14456071K(22206464K), 1.6179722 secs] [Times: user=1.91 sys=0.00, real=1.62 secs] 
2023-04-09T19:49:02.949+0000: 2308.369: [GC (Allocation Failure) [PSYoungGen: 7300380K->37943K(7361024K)] 21694215K->14486434K(22266880K), 1.7100825 secs] [Times: user=2.06 sys=0.00, real=1.71 secs] 
2023-04-09T19:49:06.517+0000: 2311.937: [GC (Allocation Failure) [PSYoungGen: 7281207K->42327K(7285760K)] 21729698K->14507738K(22191616K), 1.6008676 secs] [Times: user=1.99 sys=0.01, real=1.60 secs] 
2023-04-09T19:49:09.945+0000: 2315.365: [GC (Allocation Failure) [PSYoungGen: 7285591K->20451K(7351808K)] 21751002K->14515715K(22257664K), 1.5996030 secs] [Times: user=1.98 sys=0.01, real=1.60 secs] 
2023-04-09T19:49:13.393+0000: 2318.812: [GC (Allocation Failure) [PSYoungGen: 7265251K->18644K(7263744K)] 21760515K->14513980K(22169600K), 1.6106421 secs] [Times: user=1.83 sys=0.00, real=1.61 secs] 
2023-04-09T19:49:18.549+0000: 2323.969: [GC (Allocation Failure) [PSYoungGen: 7263444K->36120K(7353344K)] 21758780K->14534279K(22259200K), 1.6025722 secs] [Times: user=1.96 sys=0.00, real=1.61 secs] 
2023-04-09T19:49:24.663+0000: 2330.082: [GC (Allocation Failure) [PSYoungGen: 7286040K->97717K(7348224K)] 21784199K->14618709K(22254080K), 1.5181922 secs] [Times: user=1.82 sys=0.00, real=1.52 secs] 
2023-04-09T19:49:30.666+0000: 2336.086: [GC (Allocation Failure) [PSYoungGen: 7347637K->100771K(7351296K)] 21868629K->14709091K(22257152K), 1.5633812 secs] [Times: user=1.91 sys=0.01, real=1.56 secs] 
2023-04-09T19:49:37.264+0000: 2342.684: [GC (Allocation Failure) [PSYoungGen: 7338403K->98051K(7364608K)] 21946723K->14794410K(22270464K), 1.7068691 secs] [Times: user=2.15 sys=0.05, real=1.71 secs] 
2023-04-09T19:49:41.010+0000: 2346.430: [GC (Allocation Failure) [PSYoungGen: 7335683K->19153K(7370240K)] 22032042K->14798946K(22276096K), 1.5610625 secs] [Times: user=1.99 sys=0.04, real=1.57 secs] 
2023-04-09T19:49:42.571+0000: 2347.991: [Full GC (Ergonomics) [PSYoungGen: 19153K->0K(7370240K)] [ParOldGen: 14779792K->13534089K(15037952K)] 14798946K->13534089K(22408192K), [Metaspace: 129827K->129827K(139264K)], 7.8013342 secs] [Times: user=60.33 sys=0.09, real=7.80 secs] 
2023-04-09T19:49:52.398+0000: 2357.817: [GC (Allocation Failure) [PSYoungGen: 7237632K->16912K(7372288K)] 20771721K->13551002K(22410240K), 1.5761350 secs] [Times: user=1.73 sys=0.00, real=1.58 secs] 
2023-04-09T19:49:56.348+0000: 2361.768: [GC (Allocation Failure) [PSYoungGen: 7254544K->18529K(7377920K)] 20788634K->13553290K(22415872K), 1.8108639 secs] [Times: user=2.02 sys=0.11, real=1.81 secs] 
2023-04-09T19:50:00.406+0000: 2365.825: [GC (Allocation Failure) [PSYoungGen: 7269985K->29057K(7380992K)] 20804746K->13563858K(22418944K), 1.6738765 secs] [Times: user=1.89 sys=0.00, real=1.67 secs] 
2023-04-09T19:50:04.233+0000: 2369.652: [GC (Allocation Failure) [PSYoungGen: 7280513K->35908K(7377920K)] 20815314K->13572317K(22415872K), 1.7133732 secs] [Times: user=2.07 sys=0.00, real=1.71 secs] 
2023-04-09T19:50:07.887+0000: 2373.307: [GC (Allocation Failure) [PSYoungGen: 7300676K->37584K(7382528K)] 20837085K->13598161K(22420480K), 1.6217234 secs] [Times: user=2.24 sys=0.00, real=1.62 secs] 
2023-04-09T19:50:11.422+0000: 2376.842: [GC (Allocation Failure) [PSYoungGen: 7302352K->21424K(7395328K)] 20862929K->13607719K(22433280K), 1.5793137 secs] [Times: user=2.00 sys=0.00, real=1.58 secs] 
2023-04-09T19:50:16.895+0000: 2382.314: [GC (Allocation Failure) [PSYoungGen: 7310768K->60330K(7397376K)] 20897063K->13649633K(22435328K), 1.6220697 secs] [Times: user=1.92 sys=0.01, real=1.62 secs] 
2023-04-09T19:50:23.624+0000: 2389.043: [GC (Allocation Failure) [PSYoungGen: 7349674K->93586K(7400960K)] 20938977K->13724833K(22438912K), 1.6500073 secs] [Times: user=1.92 sys=0.02, real=1.65 secs] 
2023-04-09T19:50:30.005+0000: 2395.425: [GC (Allocation Failure) [PSYoungGen: 7386002K->89225K(7413248K)] 21017249K->13805448K(22451200K), 1.5498312 secs] [Times: user=1.83 sys=0.01, real=1.55 secs] 
2023-04-09T19:50:34.587+0000: 2400.006: [GC (Allocation Failure) [PSYoungGen: 7381641K->45041K(7408128K)] 21097864K->13844944K(22446080K), 1.8003041 secs] [Times: user=2.08 sys=0.01, real=1.80 secs] 
2023-04-09T19:50:38.566+0000: 2403.986: [GC (Allocation Failure) [PSYoungGen: 7337457K->18283K(7310848K)] 21137360K->13847802K(22348800K), 1.5726202 secs] [Times: user=1.76 sys=0.00, real=1.57 secs] 
2023-04-09T19:50:42.120+0000: 2407.540: [GC (Allocation Failure) [PSYoungGen: 7310699K->21879K(7415808K)] 21140218K->13851526K(22453760K), 1.5668913 secs] [Times: user=1.81 sys=0.01, real=1.57 secs] 
2023-04-09T19:50:45.750+0000: 2411.170: [GC (Allocation Failure) [PSYoungGen: 7316855K->15345K(7310336K)] 21146502K->13845056K(22348288K), 1.6388340 secs] [Times: user=1.84 sys=0.01, real=1.63 secs] 
2023-04-09T19:50:49.380+0000: 2414.800: [GC (Allocation Failure) [PSYoungGen: 7310321K->23039K(7415296K)] 21140032K->13853823K(22453248K), 1.5923919 secs] [Times: user=1.77 sys=0.00, real=1.60 secs] 
2023-04-09T19:50:55.621+0000: 2421.041: [GC (Allocation Failure) [PSYoungGen: 7322111K->76306K(7411200K)] 21152895K->13911458K(22449152K), 1.6770595 secs] [Times: user=2.03 sys=0.01, real=1.67 secs] 
2023-04-09T19:51:01.580+0000: 2427.000: [GC (Allocation Failure) [PSYoungGen: 7375378K->79385K(7411712K)] 21210530K->13977040K(22449664K), 1.6808150 secs] [Times: user=2.05 sys=0.01, real=1.69 secs] 
2023-04-09T19:51:06.044+0000: 2431.464: [GC (Allocation Failure) [PSYoungGen: 7372825K->56068K(7349760K)] 21270480K->14026675K(22387712K), 1.6188640 secs] [Times: user=2.19 sys=0.01, real=1.62 secs] 
2023-04-09T19:51:09.619+0000: 2435.039: [GC (Allocation Failure) [PSYoungGen: 7349508K->19448K(7414784K)] 21320115K->14037655K(22452736K), 1.6900337 secs] [Times: user=2.15 sys=0.02, real=1.69 secs] 
2023-04-09T19:51:13.432+0000: 2438.851: [GC (Allocation Failure) [PSYoungGen: 7314936K->18894K(7314432K)] 21333143K->14037284K(22352384K), 1.8109198 secs] [Times: user=1.98 sys=0.00, real=1.81 secs] 
2023-04-09T19:51:17.544+0000: 2442.964: [GC (Allocation Failure) [PSYoungGen: 7314382K->14271K(7412736K)] 21332772K->14032685K(22450688K), 1.5683608 secs] [Times: user=1.78 sys=0.00, real=1.57 secs] 
2023-04-09T19:51:21.238+0000: 2446.658: [GC (Allocation Failure) [PSYoungGen: 7312319K->16566K(7314944K)] 21330733K->14036053K(22352896K), 1.6124039 secs] [Times: user=1.87 sys=0.00, real=1.62 secs] 
2023-04-09T19:51:26.925+0000: 2452.344: [GC (Allocation Failure) [PSYoungGen: 7314614K->67905K(7403008K)] 21334101K->14090656K(22440960K), 1.5709715 secs] [Times: user=1.79 sys=0.00, real=1.57 secs] 
2023-04-09T19:51:33.161+0000: 2458.580: [GC (Allocation Failure) [PSYoungGen: 7361857K->78954K(7407104K)] 21384608K->14158809K(22445056K), 1.7626894 secs] [Times: user=2.08 sys=0.00, real=1.76 secs] 
2023-04-09T19:51:39.505+0000: 2464.925: [GC (Allocation Failure) [PSYoungGen: 7372906K->77828K(7412224K)] 21452761K->14231098K(22450176K), 1.5356094 secs] [Times: user=1.83 sys=0.01, real=1.54 secs] 
2023-04-09T19:51:44.930+0000: 2470.350: [GC (Allocation Failure) [PSYoungGen: 7369732K->63553K(7355904K)] 21523002K->14289944K(22393856K), 1.5707765 secs] [Times: user=1.82 sys=0.00, real=1.58 secs] 
2023-04-09T19:51:48.376+0000: 2473.796: [GC (Allocation Failure) [PSYoungGen: 7355457K->16644K(7416320K)] 21581848K->14301554K(22454272K), 1.5574622 secs] [Times: user=1.77 sys=0.01, real=1.56 secs] 
2023-04-09T19:51:51.841+0000: 2477.261: [GC (Allocation Failure) [PSYoungGen: 7310084K->19705K(7313408K)] 21594994K->14305640K(22351360K), 1.7544186 secs] [Times: user=2.02 sys=0.00, real=1.75 secs] 
2023-04-09T19:51:55.905+0000: 2481.325: [GC (Allocation Failure) [PSYoungGen: 7313145K->19122K(7414784K)] 21599080K->14305233K(22452736K), 1.7904732 secs] [Times: user=2.05 sys=0.01, real=1.79 secs] 
2023-04-09T19:51:59.746+0000: 2485.166: [GC (Allocation Failure) [PSYoungGen: 7315634K->21318K(7318016K)] 21601745K->14307501K(22355968K), 1.6800474 secs] [Times: user=1.95 sys=0.01, real=1.68 secs] 
2023-04-09T19:52:04.557+0000: 2489.976: [GC (Allocation Failure) [PSYoungGen: 7317830K->60527K(7407104K)] 21604013K->14350823K(22445056K), 1.6083463 secs] [Times: user=2.16 sys=0.00, real=1.61 secs] 
2023-04-09T19:52:10.574+0000: 2495.993: [GC (Allocation Failure) [PSYoungGen: 7356527K->88432K(7407616K)] 21646823K->14427863K(22445568K), 1.7056881 secs] [Times: user=2.19 sys=0.00, real=1.70 secs] 
2023-04-09T19:52:17.438+0000: 2502.857: [GC (Allocation Failure) [PSYoungGen: 7384432K->78674K(7414272K)] 21723863K->14501085K(22452224K), 1.6046900 secs] [Times: user=1.93 sys=0.00, real=1.61 secs] 
2023-04-09T19:52:21.543+0000: 2506.963: [GC (Allocation Failure) [PSYoungGen: 7370578K->28543K(7320576K)] 21792989K->14529002K(22358528K), 1.6488468 secs] [Times: user=1.94 sys=0.00, real=1.65 secs] 
2023-04-09T19:52:25.165+0000: 2510.585: [GC (Allocation Failure) [PSYoungGen: 7320447K->23619K(7417856K)] 21820906K->14542246K(22455808K), 1.6215637 secs] [Times: user=1.90 sys=0.00, real=1.62 secs] 
2023-04-09T19:52:28.788+0000: 2514.208: [GC (Allocation Failure) [PSYoungGen: 7319107K->14368K(7310336K)] 21837734K->14533052K(22348288K), 1.6511803 secs] [Times: user=1.85 sys=0.00, real=1.65 secs] 
2023-04-09T19:52:33.080+0000: 2518.499: [GC (Allocation Failure) [PSYoungGen: 7309856K->14967K(7415296K)] 21828540K->14533698K(22453248K), 1.7641554 secs] [Times: user=1.89 sys=0.00, real=1.77 secs] 
2023-04-09T19:52:36.987+0000: 2522.407: [GC (Allocation Failure) [PSYoungGen: 7313527K->20567K(7319552K)] 21832258K->14540402K(22357504K), 1.5540769 secs] [Times: user=1.85 sys=0.00, real=1.56 secs] 
2023-04-09T19:52:42.803+0000: 2528.222: [GC (Allocation Failure) [PSYoungGen: 7319127K->81808K(7398912K)] 21838962K->14610851K(22436864K), 1.7064168 secs] [Times: user=1.95 sys=0.00, real=1.70 secs] 
2023-04-09T19:52:48.892+0000: 2534.312: [GC (Allocation Failure) [PSYoungGen: 7371152K->81203K(7408128K)] 21900195K->14685438K(22446080K), 1.5839396 secs] [Times: user=1.90 sys=0.00, real=1.58 secs] 
2023-04-09T19:52:55.360+0000: 2540.779: [GC (Allocation Failure) [PSYoungGen: 7370547K->70125K(7415296K)] 21974782K->14750856K(22453248K), 1.5751814 secs] [Times: user=1.97 sys=0.00, real=1.58 secs] 
2023-04-09T19:52:58.910+0000: 2544.329: [GC (Allocation Failure) [PSYoungGen: 7359469K->19647K(7309312K)] 22040200K->14760275K(22347264K), 1.6124489 secs] [Times: user=1.85 sys=0.01, real=1.62 secs] 
2023-04-09T19:53:02.762+0000: 2548.182: [GC (Allocation Failure) [PSYoungGen: 7308991K->26460K(7417856K)] 22049619K->14771456K(22455808K), 1.6654086 secs] [Times: user=2.00 sys=0.00, real=1.66 secs] 
2023-04-09T19:53:06.319+0000: 2551.739: [GC (Allocation Failure) [PSYoungGen: 7320412K->36412K(7330816K)] 22065408K->14791992K(22368768K), 1.6233840 secs] [Times: user=2.09 sys=0.00, real=1.63 secs] 
2023-04-09T19:53:09.942+0000: 2555.362: [GC (Allocation Failure) [PSYoungGen: 7330364K->19070K(7409152K)] 22085944K->14796476K(22447104K), 1.8136262 secs] [Times: user=2.25 sys=0.00, real=1.81 secs] 
2023-04-09T19:53:13.986+0000: 2559.406: [GC (Allocation Failure) [PSYoungGen: 7315582K->14055K(7310848K)] 22092988K->14791501K(22348800K), 1.6154467 secs] [Times: user=1.84 sys=0.01, real=1.62 secs] 
2023-04-09T19:53:17.519+0000: 2562.939: [GC (Allocation Failure) [PSYoungGen: 7310567K->13843K(7407104K)] 22088013K->14791337K(22445056K), 1.5879873 secs] [Times: user=1.81 sys=0.00, real=1.59 secs] 
2023-04-09T19:53:21.125+0000: 2566.545: [GC (Allocation Failure) [PSYoungGen: 7313427K->28184K(7404032K)] 22090921K->14806766K(22441984K), 1.5575826 secs] [Times: user=1.77 sys=0.01, real=1.56 secs] 
2023-04-09T19:53:26.548+0000: 2571.967: [GC (Allocation Failure) [PSYoungGen: 7327768K->55636K(7404032K)] 22106350K->14837827K(22441984K), 1.5662349 secs] [Times: user=1.82 sys=0.01, real=1.57 secs] 
2023-04-09T19:53:34.355+0000: 2579.774: [GC (Allocation Failure) [PSYoungGen: 7360852K->78859K(7405568K)] 22143043K->14907321K(22443520K), 1.6184716 secs] [Times: user=2.07 sys=0.03, real=1.62 secs] 
2023-04-09T19:53:40.321+0000: 2585.741: [GC (Allocation Failure) [PSYoungGen: 7384075K->73715K(7417856K)] 22212537K->14972169K(22455808K), 1.5678837 secs] [Times: user=1.87 sys=0.04, real=1.56 secs] 
2023-04-09T19:53:44.194+0000: 2589.613: [GC (Allocation Failure) [PSYoungGen: 7382515K->24529K(7333376K)] 22280969K->14997288K(22371328K), 1.5506041 secs] [Times: user=1.79 sys=0.04, real=1.55 secs] 
2023-04-09T19:53:45.744+0000: 2591.164: [Full GC (Ergonomics) [PSYoungGen: 24529K->0K(7333376K)] [ParOldGen: 14972758K->13650137K(15166976K)] 14997288K->13650137K(22500352K), [Metaspace: 129977K->129977K(139264K)], 8.3633935 secs] [Times: user=64.59 sys=0.10, real=8.36 secs] 
2023-04-09T19:53:55.993+0000: 2601.413: [GC (Allocation Failure) [PSYoungGen: 7308800K->21495K(7423488K)] 20958937K->13671632K(22590464K), 1.5525830 secs] [Times: user=1.73 sys=0.01, real=1.55 secs] 
2023-04-09T19:53:59.463+0000: 2604.883: [GC (Allocation Failure) [PSYoungGen: 7333879K->14038K(7419904K)] 20984016K->13664519K(22586880K), 1.6091336 secs] [Times: user=1.83 sys=0.01, real=1.61 secs] 
2023-04-09T19:54:03.312+0000: 2608.732: [GC (Allocation Failure) [PSYoungGen: 7326422K->31801K(7470080K)] 20976903K->13682338K(22637056K), 1.6835709 secs] [Times: user=2.03 sys=0.06, real=1.68 secs] 
2023-04-09T19:54:07.125+0000: 2612.545: [GC (Allocation Failure) [PSYoungGen: 7402041K->57948K(7470080K)] 21052578K->13725910K(22637056K), 1.5984538 secs] [Times: user=2.05 sys=0.00, real=1.60 secs] 
2023-04-09T19:54:13.753+0000: 2619.173: [GC (Allocation Failure) [PSYoungGen: 7428188K->79715K(7476224K)] 21096150K->13772674K(22643200K), 1.5202994 secs] [Times: user=1.84 sys=0.04, real=1.52 secs] 
2023-04-09T19:54:19.709+0000: 2625.129: [GC (Allocation Failure) [PSYoungGen: 7454563K->86834K(7484928K)] 21147522K->13854080K(22651904K), 1.6990293 secs] [Times: user=2.00 sys=0.00, real=1.70 secs] 
2023-04-09T19:54:25.209+0000: 2630.629: [GC (Allocation Failure) [PSYoungGen: 7461682K->79892K(7489024K)] 21228928K->13927571K(22656000K), 1.5766371 secs] [Times: user=1.96 sys=0.00, real=1.58 secs] 
2023-04-09T19:54:28.837+0000: 2634.257: [GC (Allocation Failure) [PSYoungGen: 7449620K->21332K(7391232K)] 21297299K->13930371K(22558208K), 1.7766058 secs] [Times: user=2.05 sys=0.00, real=1.78 secs] 
2023-04-09T19:54:32.765+0000: 2638.185: [GC (Allocation Failure) [PSYoungGen: 7391060K->25062K(7495168K)] 21300099K->13937044K(22662144K), 1.6125912 secs] [Times: user=2.00 sys=0.05, real=1.61 secs] 
2023-04-09T19:54:36.312+0000: 2641.732: [GC (Allocation Failure) [PSYoungGen: 7398374K->29173K(7402496K)] 21310356K->13941227K(22569472K), 1.5686128 secs] [Times: user=1.99 sys=0.01, real=1.57 secs] 
2023-04-09T19:54:39.839+0000: 2645.259: [GC (Allocation Failure) [PSYoungGen: 7402485K->38755K(7493632K)] 21314539K->13950889K(22660608K), 1.5651991 secs] [Times: user=1.87 sys=0.00, real=1.57 secs] 
2023-04-09T19:54:44.569+0000: 2649.989: [GC (Allocation Failure) [PSYoungGen: 7418211K->52940K(7432704K)] 21330345K->13969507K(22599680K), 1.5292022 secs] [Times: user=1.80 sys=0.01, real=1.53 secs] 
2023-04-09T19:54:51.036+0000: 2656.456: [GC (Allocation Failure) [PSYoungGen: 7432396K->81061K(7476736K)] 21348963K->14040540K(22643712K), 1.5621810 secs] [Times: user=1.83 sys=0.00, real=1.56 secs] 
2023-04-09T19:54:56.572+0000: 2661.991: [GC (Allocation Failure) [PSYoungGen: 7452837K->73936K(7484416K)] 21412316K->14108807K(22651392K), 1.5491401 secs] [Times: user=1.83 sys=0.00, real=1.55 secs] 
2023-04-09T19:55:00.373+0000: 2665.792: [GC (Allocation Failure) [PSYoungGen: 7445712K->23547K(7483392K)] 21480583K->14127874K(22650368K), 1.7921337 secs] [Times: user=2.21 sys=0.01, real=1.79 secs] 
2023-04-09T19:55:04.412+0000: 2669.831: [GC (Allocation Failure) [PSYoungGen: 7395323K->37125K(7409152K)] 21499650K->14151628K(22576128K), 1.7521937 secs] [Times: user=2.62 sys=0.00, real=1.75 secs] 
2023-04-09T19:55:08.844+0000: 2674.264: [GC (Allocation Failure) [PSYoungGen: 7408901K->36707K(7485440K)] 21523404K->14169529K(22652416K), 1.8331991 secs] [Times: user=2.26 sys=0.00, real=1.83 secs] 
2023-04-09T19:55:12.691+0000: 2678.111: [GC (Allocation Failure) [PSYoungGen: 7413091K->24580K(7401472K)] 21545913K->14180230K(22568448K), 1.5878724 secs] [Times: user=2.03 sys=0.01, real=1.58 secs] 
2023-04-09T19:55:16.323+0000: 2681.743: [GC (Allocation Failure) [PSYoungGen: 7400964K->19462K(7480320K)] 21556614K->14177728K(22647296K), 1.5629421 secs] [Times: user=1.75 sys=0.00, real=1.56 secs] 
2023-04-09T19:55:21.925+0000: 2687.345: [GC (Allocation Failure) [PSYoungGen: 7397382K->89310K(7478784K)] 21555648K->14255512K(22645760K), 1.5649174 secs] [Times: user=1.86 sys=0.00, real=1.56 secs] 
2023-04-09T19:55:27.690+0000: 2693.110: [GC (Allocation Failure) [PSYoungGen: 7467230K->93568K(7481856K)] 21633432K->14332146K(22648832K), 1.9567795 secs] [Times: user=2.38 sys=0.01, real=1.96 secs] 
2023-04-09T19:55:33.783+0000: 2699.203: [GC (Allocation Failure) [PSYoungGen: 7462784K->73070K(7492608K)] 21701362K->14387464K(22659584K), 1.5537979 secs] [Times: user=1.84 sys=0.01, real=1.55 secs] 
2023-04-09T19:55:37.479+0000: 2702.899: [GC (Allocation Failure) [PSYoungGen: 7442286K->20829K(7490560K)] 21756680K->14403919K(22657536K), 1.5421610 secs] [Times: user=1.80 sys=0.01, real=1.55 secs] 
2023-04-09T19:55:40.877+0000: 2706.297: [GC (Allocation Failure) [PSYoungGen: 7390045K->18908K(7388160K)] 21773135K->14409734K(22555136K), 1.5753686 secs] [Times: user=1.76 sys=0.01, real=1.58 secs] 
2023-04-09T19:55:44.279+0000: 2709.699: [GC (Allocation Failure) [PSYoungGen: 7388124K->27859K(7494144K)] 21778950K->14418757K(22661120K), 1.5786925 secs] [Times: user=1.93 sys=0.00, real=1.58 secs] 
2023-04-09T19:55:48.671+0000: 2714.091: [GC (Allocation Failure) [PSYoungGen: 7401171K->13970K(7387648K)] 21792069K->14404916K(22554624K), 1.6884812 secs] [Times: user=1.82 sys=0.01, real=1.68 secs] 
2023-04-09T19:55:52.947+0000: 2718.366: [GC (Allocation Failure) [PSYoungGen: 7387282K->52735K(7491072K)] 21778228K->14445601K(22658048K), 1.6389722 secs] [Times: user=1.89 sys=0.01, real=1.64 secs] 
2023-04-09T19:55:58.581+0000: 2724.000: [GC (Allocation Failure) [PSYoungGen: 7429119K->75488K(7488000K)] 21821985K->14495058K(22654976K), 1.5636564 secs] [Times: user=1.83 sys=0.00, real=1.56 secs] 
2023-04-09T19:56:04.168+0000: 2729.588: [GC (Allocation Failure) [PSYoungGen: 7451872K->85264K(7485440K)] 21871442K->14574946K(22652416K), 1.5871030 secs] [Times: user=2.06 sys=0.01, real=1.59 secs] 
2023-04-09T19:56:08.708+0000: 2734.128: [GC (Allocation Failure) [PSYoungGen: 7453968K->29011K(7397888K)] 21943650K->14596813K(22564864K), 1.5749338 secs] [Times: user=2.03 sys=0.00, real=1.58 secs] 
2023-04-09T19:56:12.192+0000: 2737.611: [GC (Allocation Failure) [PSYoungGen: 7397715K->19000K(7491072K)] 21965517K->14604429K(22658048K), 1.5706656 secs] [Times: user=1.81 sys=0.00, real=1.57 secs] 
2023-04-09T19:56:15.541+0000: 2740.961: [GC (Allocation Failure) [PSYoungGen: 7389752K->35146K(7406080K)] 21975181K->14620655K(22573056K), 1.5510377 secs] [Times: user=1.88 sys=0.00, real=1.55 secs] 
2023-04-09T19:56:18.963+0000: 2744.383: [GC (Allocation Failure) [PSYoungGen: 7405898K->18463K(7485952K)] 21991407K->14604028K(22652928K), 1.5445194 secs] [Times: user=1.75 sys=0.00, real=1.54 secs] 
2023-04-09T19:56:22.448+0000: 2747.867: [GC (Allocation Failure) [PSYoungGen: 7391775K->25975K(7399424K)] 21977340K->14611596K(22566400K), 1.5540822 secs] [Times: user=1.76 sys=0.00, real=1.56 secs] 
2023-04-09T19:56:25.980+0000: 2751.400: [GC (Allocation Failure) [PSYoungGen: 7399287K->17093K(7482368K)] 21984908K->14604826K(22649344K), 1.8672508 secs] [Times: user=2.55 sys=0.00, real=1.87 secs] 
2023-04-09T19:56:30.064+0000: 2755.484: [GC (Allocation Failure) [PSYoungGen: 7393477K->21752K(7398400K)] 21981210K->14610806K(22565376K), 1.5618646 secs] [Times: user=1.82 sys=0.01, real=1.56 secs] 
2023-04-09T19:56:35.040+0000: 2760.460: [GC (Allocation Failure) [PSYoungGen: 7398136K->66517K(7470592K)] 21987190K->14664355K(22637568K), 1.5448600 secs] [Times: user=1.84 sys=0.01, real=1.54 secs] 
2023-04-09T19:56:40.801+0000: 2766.221: [GC (Allocation Failure) [PSYoungGen: 7437781K->82947K(7475712K)] 22035619K->14727296K(22642688K), 1.7838109 secs] [Times: user=2.09 sys=0.00, real=1.78 secs] 
2023-04-09T19:56:47.289+0000: 2772.709: [GC (Allocation Failure) [PSYoungGen: 7454211K->83875K(7485440K)] 22098560K->14806841K(22652416K), 1.6384759 secs] [Times: user=2.01 sys=0.00, real=1.64 secs] 
2023-04-09T19:56:51.155+0000: 2776.575: [GC (Allocation Failure) [PSYoungGen: 7455139K->23074K(7394816K)] 22178105K->14823896K(22561792K), 1.5318748 secs] [Times: user=1.80 sys=0.00, real=1.53 secs] 
2023-04-09T19:56:54.523+0000: 2779.943: [GC (Allocation Failure) [PSYoungGen: 7394338K->29844K(7494656K)] 22195160K->14842154K(22661632K), 1.5525711 secs] [Times: user=1.85 sys=0.00, real=1.55 secs] 
2023-04-09T19:56:57.927+0000: 2783.347: [GC (Allocation Failure) [PSYoungGen: 7405716K->27056K(7403008K)] 22218026K->14839430K(22569984K), 1.5756588 secs] [Times: user=1.84 sys=0.00, real=1.58 secs] 
2023-04-09T19:57:01.691+0000: 2787.111: [GC (Allocation Failure) [PSYoungGen: 7402928K->25828K(7489536K)] 22215302K->14838266K(22656512K), 1.7952383 secs] [Times: user=2.19 sys=0.01, real=1.79 secs] 
2023-04-09T19:57:06.458+0000: 2791.878: [GC (Allocation Failure) [PSYoungGen: 7405796K->47680K(7428096K)] 22218234K->14866526K(22595072K), 1.7104736 secs] [Times: user=2.49 sys=0.01, real=1.71 secs] 
2023-04-09T19:57:11.549+0000: 2796.968: [GC (Allocation Failure) [PSYoungGen: 7427648K->72307K(7476224K)] 22246494K->14920211K(22643200K), 1.5843812 secs] [Times: user=1.98 sys=0.00, real=1.59 secs] 
2023-04-09T19:57:16.551+0000: 2801.971: [GC (Allocation Failure) [PSYoungGen: 7446643K->63317K(7481856K)] 22294547K->14963420K(22648832K), 1.5469074 secs] [Times: user=1.95 sys=0.01, real=1.54 secs] 
2023-04-09T19:57:21.608+0000: 2807.027: [GC (Allocation Failure) [PSYoungGen: 7437653K->63416K(7481856K)] 22337756K->15019119K(22648832K), 1.6068725 secs] [Times: user=2.02 sys=0.00, real=1.61 secs] 
2023-04-09T19:57:26.388+0000: 2811.808: [GC (Allocation Failure) [PSYoungGen: 7437240K->24006K(7397888K)] 22392943K->15033389K(22564864K), 1.7174990 secs] [Times: user=2.02 sys=0.02, real=1.72 secs] 
2023-04-09T19:57:30.320+0000: 2815.740: [GC (Allocation Failure) [PSYoungGen: 7397830K->13349K(7480832K)] 22407213K->15033557K(22647808K), 1.5788324 secs] [Times: user=1.89 sys=0.00, real=1.58 secs] 
2023-04-09T19:57:33.829+0000: 2819.249: [GC (Allocation Failure) [PSYoungGen: 7387043K->18967K(7393792K)] 22407251K->15039239K(22560768K), 1.5811352 secs] [Times: user=1.91 sys=0.01, real=1.58 secs] 
2023-04-09T19:57:37.318+0000: 2822.738: [GC (Allocation Failure) [PSYoungGen: 7393303K->19640K(7480832K)] 22413575K->15039951K(22647808K), 1.5759828 secs] [Times: user=1.82 sys=0.00, real=1.58 secs] 
2023-04-09T19:57:41.175+0000: 2826.595: [GC (Allocation Failure) [PSYoungGen: 7397048K->32574K(7410176K)] 22417359K->15058422K(22577152K), 1.5597256 secs] [Times: user=1.77 sys=0.00, real=1.56 secs] 
2023-04-09T19:57:47.057+0000: 2832.477: [GC (Allocation Failure) [PSYoungGen: 7409982K->79933K(7464960K)] 22435830K->15125917K(22631936K), 1.5325563 secs] [Times: user=1.82 sys=0.01, real=1.53 secs] 
2023-04-09T19:57:52.182+0000: 2837.601: [GC (Allocation Failure) [PSYoungGen: 7449661K->78897K(7474688K)] 22495645K->15196281K(22641664K), 1.5617302 secs] [Times: user=1.88 sys=0.03, real=1.56 secs] 
2023-04-09T19:57:53.743+0000: 2839.163: [Full GC (Ergonomics) [PSYoungGen: 78897K->0K(7474688K)] [ParOldGen: 15117383K->13706091K(15229440K)] 15196281K->13706091K(22704128K), [Metaspace: 130038K->130038K(139264K)], 10.1633041 secs] [Times: user=79.68 sys=0.16, real=10.16 secs] 
2023-04-09T19:58:07.838+0000: 2853.257: [GC (Allocation Failure) [PSYoungGen: 7369728K->97946K(7482880K)] 21075819K->13804037K(22712320K), 1.5766397 secs] [Times: user=2.08 sys=0.01, real=1.58 secs] 
2023-04-09T19:58:12.357+0000: 2857.777: [GC (Allocation Failure) [PSYoungGen: 7468186K->52470K(7422976K)] 21174277K->13847332K(22652416K), 1.5565746 secs] [Times: user=2.01 sys=0.00, real=1.56 secs] 
2023-04-09T19:58:16.050+0000: 2861.470: [GC (Allocation Failure) [PSYoungGen: 7422710K->20421K(7496704K)] 21217572K->13857490K(22726144K), 1.7006851 secs] [Times: user=1.93 sys=0.00, real=1.71 secs] 
2023-04-09T19:58:19.614+0000: 2865.033: [GC (Allocation Failure) [PSYoungGen: 7398341K->29609K(7407616K)] 21235410K->13871095K(22637056K), 1.5530786 secs] [Times: user=1.79 sys=0.00, real=1.55 secs] 
2023-04-09T19:58:23.425+0000: 2868.845: [GC (Allocation Failure) [PSYoungGen: 7407529K->15309K(7493120K)] 21249015K->13856851K(22722560K), 1.8067499 secs] [Times: user=1.97 sys=0.00, real=1.81 secs] 
2023-04-09T19:58:27.473+0000: 2872.892: [GC (Allocation Failure) [PSYoungGen: 7395277K->18257K(7491584K)] 21236819K->13859895K(22721024K), 1.5697992 secs] [Times: user=1.80 sys=0.00, real=1.57 secs] 
2023-04-09T19:58:32.043+0000: 2877.463: [GC (Allocation Failure) [PSYoungGen: 7398225K->54300K(7500288K)] 21239863K->13901858K(22729728K), 1.5702170 secs] [Times: user=1.79 sys=0.00, real=1.57 secs] 
2023-04-09T19:58:37.311+0000: 2882.731: [GC (Allocation Failure) [PSYoungGen: 7445532K->80286K(7498752K)] 21293090K->13971372K(22728192K), 1.5548604 secs] [Times: user=1.85 sys=0.01, real=1.55 secs] 
2023-04-09T19:58:42.545+0000: 2887.965: [GC (Allocation Failure) [PSYoungGen: 7471518K->81454K(7506944K)] 21362604K->14039508K(22736384K), 1.8019601 secs] [Times: user=2.17 sys=0.01, real=1.80 secs] 
2023-04-09T19:58:47.796+0000: 2893.216: [GC (Allocation Failure) [PSYoungGen: 7473198K->57458K(7449600K)] 21431252K->14083351K(22679040K), 1.5569932 secs] [Times: user=1.88 sys=0.00, real=1.56 secs] 
2023-04-09T19:58:51.506+0000: 2896.925: [GC (Allocation Failure) [PSYoungGen: 7449202K->24511K(7511552K)] 21475095K->14100237K(22740992K), 1.5460926 secs] [Times: user=1.81 sys=0.00, real=1.55 secs] 
2023-04-09T19:58:54.946+0000: 2900.365: [GC (Allocation Failure) [PSYoungGen: 7418815K->16482K(7411200K)] 21494541K->14098184K(22640640K), 1.5797502 secs] [Times: user=1.79 sys=0.01, real=1.58 secs] 
2023-04-09T19:58:58.361+0000: 2903.781: [GC (Allocation Failure) [PSYoungGen: 7410786K->18712K(7510528K)] 21492488K->14100494K(22739968K), 1.5709815 secs] [Times: user=1.83 sys=0.00, real=1.57 secs] 
2023-04-09T19:59:02.391+0000: 2907.810: [GC (Allocation Failure) [PSYoungGen: 7415576K->31895K(7429120K)] 21497358K->14117846K(22658560K), 1.9057181 secs] [Times: user=2.38 sys=0.00, real=1.90 secs] 
2023-04-09T19:59:07.613+0000: 2913.032: [GC (Allocation Failure) [PSYoungGen: 7428759K->61297K(7501824K)] 21514710K->14160743K(22731264K), 1.5654927 secs] [Times: user=1.96 sys=0.10, real=1.56 secs] 
2023-04-09T19:59:13.280+0000: 2918.699: [GC (Allocation Failure) [PSYoungGen: 7457137K->88560K(7502848K)] 21556583K->14231803K(22732288K), 1.5447334 secs] [Times: user=1.91 sys=0.01, real=1.55 secs] 
2023-04-09T19:59:18.960+0000: 2924.380: [GC (Allocation Failure) [PSYoungGen: 7484400K->94530K(7507968K)] 21627643K->14318980K(22737408K), 1.5234708 secs] [Times: user=1.83 sys=0.01, real=1.53 secs] 
2023-04-09T19:59:24.772+0000: 2930.191: [GC (Allocation Failure) [PSYoungGen: 7485250K->82430K(7518720K)] 21709700K->14388353K(22748160K), 1.7703965 secs] [Times: user=2.79 sys=0.07, real=1.77 secs] 
2023-04-09T19:59:28.705+0000: 2934.125: [GC (Allocation Failure) [PSYoungGen: 7473150K->25238K(7517184K)] 21779073K->14395881K(22746624K), 1.5603075 secs] [Times: user=1.86 sys=0.00, real=1.56 secs] 
2023-04-09T19:59:32.290+0000: 2937.710: [GC (Allocation Failure) [PSYoungGen: 7415958K->19333K(7410176K)] 21786601K->14399903K(22639616K), 1.5865445 secs] [Times: user=1.88 sys=0.00, real=1.58 secs] 
2023-04-09T19:59:35.760+0000: 2941.179: [GC (Allocation Failure) [PSYoungGen: 7410053K->19700K(7520768K)] 21790623K->14400695K(22750208K), 1.6574131 secs] [Times: user=2.06 sys=0.01, real=1.66 secs] 
2023-04-09T19:59:39.390+0000: 2944.810: [GC (Allocation Failure) [PSYoungGen: 7413492K->26806K(7420928K)] 21794487K->14407840K(22650368K), 1.5730754 secs] [Times: user=1.78 sys=0.00, real=1.58 secs] 
2023-04-09T19:59:43.010+0000: 2948.430: [GC (Allocation Failure) [PSYoungGen: 7420598K->17283K(7516672K)] 21801632K->14398365K(22746112K), 1.6879650 secs] [Times: user=1.96 sys=0.00, real=1.68 secs] 
2023-04-09T19:59:46.771+0000: 2952.191: [GC (Allocation Failure) [PSYoungGen: 7414147K->18280K(7415296K)] 21795229K->14399411K(22644736K), 1.5983155 secs] [Times: user=1.77 sys=0.00, real=1.59 secs] 
2023-04-09T19:59:50.448+0000: 2955.867: [GC (Allocation Failure) [PSYoungGen: 7415144K->34802K(7516672K)] 21796275K->14416644K(22746112K), 1.7867414 secs] [Times: user=2.01 sys=0.00, real=1.79 secs] 
2023-04-09T19:59:55.879+0000: 2961.299: [GC (Allocation Failure) [PSYoungGen: 7438322K->70841K(7510016K)] 21820164K->14459131K(22739456K), 1.5695287 secs] [Times: user=1.86 sys=0.01, real=1.57 secs] 
2023-04-09T20:00:01.824+0000: 2967.244: [GC (Allocation Failure) [PSYoungGen: 7474361K->86585K(7505408K)] 21862651K->14537595K(22734848K), 1.9098278 secs] [Times: user=2.33 sys=0.00, real=1.91 secs] 
2023-04-09T20:00:08.165+0000: 2973.585: [GC (Allocation Failure) [PSYoungGen: 7480377K->95762K(7515136K)] 21931387K->14627309K(22744576K), 1.6141610 secs] [Times: user=2.14 sys=0.00, real=1.61 secs] 
2023-04-09T20:00:12.543+0000: 2977.963: [GC (Allocation Failure) [PSYoungGen: 7489554K->39344K(7513600K)] 22021101K->14659325K(22743040K), 1.5992120 secs] [Times: user=2.06 sys=0.05, real=1.60 secs] 
2023-04-09T20:00:16.163+0000: 2981.583: [GC (Allocation Failure) [PSYoungGen: 7433136K->28723K(7422976K)] 22053117K->14676441K(22652416K), 1.5811027 secs] [Times: user=1.85 sys=0.00, real=1.58 secs] 
2023-04-09T20:00:19.616+0000: 2985.036: [GC (Allocation Failure) [PSYoungGen: 7422515K->20538K(7518208K)] 22070233K->14669591K(22747648K), 1.5917609 secs] [Times: user=1.94 sys=0.01, real=1.59 secs] 
2023-04-09T20:00:23.698+0000: 2989.118: [GC (Allocation Failure) [PSYoungGen: 7416890K->14880K(7411712K)] 22065943K->14664998K(22641152K), 1.7502398 secs] [Times: user=1.90 sys=0.01, real=1.75 secs] 
2023-04-09T20:00:27.573+0000: 2992.992: [GC (Allocation Failure) [PSYoungGen: 7411232K->29997K(7519232K)] 22061350K->14681098K(22748672K), 1.5517354 secs] [Times: user=1.91 sys=0.00, real=1.55 secs] 
2023-04-09T20:00:33.110+0000: 2998.530: [GC (Allocation Failure) [PSYoungGen: 7431981K->71549K(7513600K)] 22083082K->14732186K(22743040K), 1.5776919 secs] [Times: user=1.85 sys=0.00, real=1.57 secs] 
2023-04-09T20:00:39.310+0000: 3004.729: [GC (Allocation Failure) [PSYoungGen: 7473533K->79399K(7511552K)] 22134170K->14802396K(22740992K), 1.6988351 secs] [Times: user=2.37 sys=0.04, real=1.70 secs] 
2023-04-09T20:00:45.982+0000: 3011.402: [GC (Allocation Failure) [PSYoungGen: 7475239K->77530K(7517696K)] 22198236K->14872816K(22747136K), 1.5505872 secs] [Times: user=1.86 sys=0.01, real=1.55 secs] 
2023-04-09T20:00:51.864+0000: 3017.284: [GC (Allocation Failure) [PSYoungGen: 7473370K->83645K(7516160K)] 22268656K->14951970K(22745600K), 1.5346527 secs] [Times: user=1.87 sys=0.01, real=1.53 secs] 
2023-04-09T20:00:57.074+0000: 3022.494: [GC (Allocation Failure) [PSYoungGen: 7474365K->65906K(7456768K)] 22342690K->15006959K(22686208K), 1.5265777 secs] [Times: user=1.81 sys=0.01, real=1.53 secs] 
2023-04-09T20:01:00.979+0000: 3026.399: [GC (Allocation Failure) [PSYoungGen: 7456626K->21940K(7519232K)] 22397679K->15018569K(22748672K), 1.9294613 secs] [Times: user=2.30 sys=0.01, real=1.93 secs] 
2023-04-09T20:01:05.642+0000: 3031.061: [GC (Allocation Failure) [PSYoungGen: 7414196K->32931K(7425536K)] 22410825K->15039073K(22654976K), 1.7174368 secs] [Times: user=2.33 sys=0.20, real=1.71 secs] 
2023-04-09T20:01:09.142+0000: 3034.561: [GC (Allocation Failure) [PSYoungGen: 7425187K->36344K(7518208K)] 22431329K->15062758K(22747648K), 1.5993456 secs] [Times: user=2.14 sys=0.01, real=1.60 secs] 
2023-04-09T20:01:12.639+0000: 3038.058: [GC (Allocation Failure) [PSYoungGen: 7433208K->22582K(7419904K)] 22459622K->15069173K(22649344K), 1.6100960 secs] [Times: user=1.98 sys=0.00, real=1.61 secs] 
2023-04-09T20:01:16.916+0000: 3042.336: [GC (Allocation Failure) [PSYoungGen: 7419446K->36196K(7516160K)] 22466037K->15087098K(22745600K), 1.5622954 secs] [Times: user=1.81 sys=0.00, real=1.56 secs] 
2023-04-09T20:01:23.150+0000: 3048.569: [GC (Allocation Failure) [PSYoungGen: 7438180K->82203K(7511040K)] 22489082K->15159050K(22740480K), 1.6710993 secs] [Times: user=1.96 sys=0.00, real=1.68 secs] 
2023-04-09T20:01:29.233+0000: 3054.653: [GC (Allocation Failure) [PSYoungGen: 7484187K->77188K(7515136K)] 22561034K->15228811K(22744576K), 1.5288841 secs] [Times: user=1.86 sys=0.02, real=1.53 secs] 
2023-04-09T20:01:30.762+0000: 3056.182: [Full GC (Ergonomics) [PSYoungGen: 77188K->0K(7515136K)] [ParOldGen: 15151622K->13820471K(15356416K)] 15228811K->13820471K(22871552K), [Metaspace: 130135K->130135K(141312K)], 8.0853233 secs] [Times: user=64.78 sys=0.08, real=8.08 secs] 
2023-04-09T20:01:41.932+0000: 3067.351: [GC (Allocation Failure) [PSYoungGen: 7398400K->45712K(7518720K)] 21218871K->13866183K(22875136K), 1.7290691 secs] [Times: user=1.98 sys=0.00, real=1.73 secs] 
2023-04-09T20:01:45.568+0000: 3070.988: [GC (Allocation Failure) [PSYoungGen: 7444112K->16036K(7555072K)] 21264583K->13868995K(22911488K), 1.5769266 secs] [Times: user=1.83 sys=0.01, real=1.58 secs] 
2023-04-09T20:01:49.093+0000: 3074.513: [GC (Allocation Failure) [PSYoungGen: 7456932K->23217K(7555072K)] 21309891K->13876528K(22911488K), 1.5700916 secs] [Times: user=1.85 sys=0.00, real=1.57 secs] 
2023-04-09T20:01:52.697+0000: 3078.116: [GC (Allocation Failure) [PSYoungGen: 7464113K->16243K(7561728K)] 21317424K->13872546K(22918144K), 1.5631162 secs] [Times: user=1.80 sys=0.00, real=1.56 secs] 
2023-04-09T20:01:56.403+0000: 3081.823: [GC (Allocation Failure) [PSYoungGen: 7467891K->28477K(7561216K)] 21324194K->13891517K(22917632K), 1.5463365 secs] [Times: user=1.71 sys=0.01, real=1.54 secs] 
2023-04-09T20:02:02.880+0000: 3088.299: [GC (Allocation Failure) [PSYoungGen: 7480125K->84070K(7554048K)] 21343165K->13954990K(22910464K), 1.7313920 secs] [Times: user=2.05 sys=0.02, real=1.74 secs] 
2023-04-09T20:02:08.587+0000: 3094.007: [GC (Allocation Failure) [PSYoungGen: 7532646K->94979K(7563776K)] 21403566K->14042707K(22920192K), 1.5893445 secs] [Times: user=2.08 sys=0.00, real=1.59 secs] 
2023-04-09T20:02:14.815+0000: 3100.235: [GC (Allocation Failure) [PSYoungGen: 7543555K->76608K(7570432K)] 21491283K->14114009K(22926848K), 1.6124100 secs] [Times: user=2.16 sys=0.00, real=1.61 secs] 
2023-04-09T20:02:19.322+0000: 3104.741: [GC (Allocation Failure) [PSYoungGen: 7525184K->53171K(7501824K)] 21562585K->14162052K(22858240K), 1.7676224 secs] [Times: user=2.17 sys=0.00, real=1.76 secs] 
2023-04-09T20:02:23.559+0000: 3108.978: [GC (Allocation Failure) [PSYoungGen: 7501747K->13813K(7570432K)] 21610628K->14150294K(22926848K), 1.5590343 secs] [Times: user=1.79 sys=0.00, real=1.56 secs] 
2023-04-09T20:02:27.166+0000: 3112.585: [GC (Allocation Failure) [PSYoungGen: 7462901K->14630K(7463936K)] 21599382K->14152183K(22820352K), 1.6206279 secs] [Times: user=1.88 sys=0.00, real=1.62 secs] 
2023-04-09T20:02:30.934+0000: 3116.354: [GC (Allocation Failure) [PSYoungGen: 7463718K->15999K(7571456K)] 21601271K->14155480K(22927872K), 1.6305673 secs] [Times: user=1.93 sys=0.01, real=1.63 secs] 
2023-04-09T20:02:35.000+0000: 3120.419: [GC (Allocation Failure) [PSYoungGen: 7467647K->44051K(7496192K)] 21607128K->14191453K(22852608K), 1.5814242 secs] [Times: user=1.82 sys=0.08, real=1.59 secs] 
2023-04-09T20:02:41.331+0000: 3126.750: [GC (Allocation Failure) [PSYoungGen: 7495699K->88910K(7552000K)] 21643101K->14250039K(22908416K), 1.7798437 secs] [Times: user=2.18 sys=0.01, real=1.78 secs] 
2023-04-09T20:02:47.150+0000: 3132.570: [GC (Allocation Failure) [PSYoungGen: 7530318K->76613K(7562240K)] 21691447K->14310391K(22918656K), 1.5384349 secs] [Times: user=1.83 sys=0.00, real=1.54 secs] 
2023-04-09T20:02:51.794+0000: 3137.214: [GC (Allocation Failure) [PSYoungGen: 7518021K->45218K(7547392K)] 21751799K->14354364K(22903808K), 1.5344999 secs] [Times: user=1.75 sys=0.00, real=1.53 secs] 
2023-04-09T20:02:55.227+0000: 3140.647: [GC (Allocation Failure) [PSYoungGen: 7486626K->17863K(7559168K)] 21795772K->14364433K(22915584K), 1.5318242 secs] [Times: user=1.75 sys=0.00, real=1.53 secs] 
2023-04-09T20:02:58.712+0000: 3144.132: [GC (Allocation Failure) [PSYoungGen: 7459271K->15282K(7546880K)] 21805841K->14363276K(22903296K), 1.8026044 secs] [Times: user=2.12 sys=0.00, real=1.80 secs] 
2023-04-09T20:03:03.676+0000: 3149.096: [GC (Allocation Failure) [PSYoungGen: 7459250K->29498K(7558656K)] 21807244K->14377564K(22915072K), 1.9152068 secs] [Times: user=2.34 sys=0.00, real=1.92 secs] 
2023-04-09T20:03:07.451+0000: 3152.870: [GC (Allocation Failure) [PSYoungGen: 7473466K->38333K(7543808K)] 21821532K->14396951K(22900224K), 1.5758321 secs] [Times: user=2.08 sys=0.00, real=1.57 secs] 
2023-04-09T20:03:10.995+0000: 3156.414: [GC (Allocation Failure) [PSYoungGen: 7491517K->23249K(7557120K)] 21850135K->14406192K(22913536K), 1.6359777 secs] [Times: user=2.21 sys=0.01, real=1.64 secs] 
2023-04-09T20:03:14.592+0000: 3160.011: [GC (Allocation Failure) [PSYoungGen: 7476433K->17667K(7558656K)] 21859376K->14402330K(22915072K), 1.5362455 secs] [Times: user=1.77 sys=0.00, real=1.53 secs] 
2023-04-09T20:03:18.199+0000: 3163.618: [GC (Allocation Failure) [PSYoungGen: 7490819K->32710K(7571456K)] 21875482K->14421950K(22927872K), 1.5706544 secs] [Times: user=1.81 sys=0.01, real=1.57 secs] 
2023-04-09T20:03:24.497+0000: 3169.916: [GC (Allocation Failure) [PSYoungGen: 7505862K->84991K(7575040K)] 21895102K->14484574K(22931456K), 1.5431026 secs] [Times: user=1.85 sys=0.01, real=1.54 secs] 
2023-04-09T20:03:29.871+0000: 3175.291: [GC (Allocation Failure) [PSYoungGen: 7566847K->79932K(7587328K)] 21966430K->14552020K(22943744K), 1.5391700 secs] [Times: user=1.85 sys=0.01, real=1.54 secs] 
2023-04-09T20:03:34.978+0000: 3180.397: [GC (Allocation Failure) [PSYoungGen: 7561788K->67872K(7593472K)] 22033876K->14615560K(22949888K), 1.5264659 secs] [Times: user=1.85 sys=0.01, real=1.53 secs] 
2023-04-09T20:03:38.675+0000: 3184.095: [GC (Allocation Failure) [PSYoungGen: 7548192K->34484K(7515136K)] 22095880K->14637556K(22871552K), 1.7249400 secs] [Times: user=2.21 sys=0.00, real=1.72 secs] 
2023-04-09T20:03:42.885+0000: 3188.305: [GC (Allocation Failure) [PSYoungGen: 7514804K->17489K(7591424K)] 22117876K->14628672K(22947840K), 1.5671953 secs] [Times: user=1.79 sys=0.01, real=1.57 secs] 
2023-04-09T20:03:46.386+0000: 3191.805: [GC (Allocation Failure) [PSYoungGen: 7498833K->15313K(7496704K)] 22110016K->14626536K(22853120K), 1.5663985 secs] [Times: user=1.81 sys=0.00, real=1.57 secs] 
2023-04-09T20:03:50.204+0000: 3195.624: [GC (Allocation Failure) [PSYoungGen: 7496657K->19101K(7590912K)] 22107880K->14632789K(22947328K), 1.7220144 secs] [Times: user=1.97 sys=0.05, real=1.72 secs] 
2023-04-09T20:03:54.928+0000: 3200.347: [GC (Allocation Failure) [PSYoungGen: 7503005K->54966K(7539200K)] 22116693K->14671894K(22895616K), 1.5600951 secs] [Times: user=1.82 sys=0.00, real=1.56 secs] 
2023-04-09T20:04:01.108+0000: 3206.527: [GC (Allocation Failure) [PSYoungGen: 7538870K->79445K(7579648K)] 22155798K->14737260K(22936064K), 2.0241066 secs] [Times: user=2.30 sys=0.00, real=2.03 secs] 
2023-04-09T20:04:06.323+0000: 3211.743: [GC (Allocation Failure) [PSYoungGen: 7555157K->74858K(7587840K)] 22212972K->14812314K(22944256K), 1.6051016 secs] [Times: user=2.13 sys=0.00, real=1.60 secs] 
2023-04-09T20:04:09.841+0000: 3215.261: [GC (Allocation Failure) [PSYoungGen: 7550570K->14275K(7589376K)] 22288026K->14824131K(22945792K), 1.5887937 secs] [Times: user=2.03 sys=0.00, real=1.58 secs] 
2023-04-09T20:04:13.341+0000: 3218.761: [GC (Allocation Failure) [PSYoungGen: 7489987K->14425K(7490560K)] 22299843K->14824818K(22846976K), 1.5436942 secs] [Times: user=1.72 sys=0.00, real=1.54 secs] 
2023-04-09T20:04:16.855+0000: 3222.275: [GC (Allocation Failure) [PSYoungGen: 7490137K->31005K(7594496K)] 22300530K->14841966K(22950912K), 1.5395611 secs] [Times: user=1.82 sys=0.00, real=1.54 secs] 
2023-04-09T20:04:20.662+0000: 3226.082: [GC (Allocation Failure) [PSYoungGen: 7512349K->21066K(7502848K)] 22323310K->14840436K(22859264K), 1.7591931 secs] [Times: user=2.02 sys=0.00, real=1.76 secs] 
2023-04-09T20:04:26.047+0000: 3231.467: [GC (Allocation Failure) [PSYoungGen: 7502410K->69971K(7579648K)] 22321780K->14894429K(22936064K), 1.5647888 secs] [Times: user=1.89 sys=0.00, real=1.57 secs] 
2023-04-09T20:04:31.683+0000: 3237.102: [GC (Allocation Failure) [PSYoungGen: 7545683K->81139K(7585280K)] 22370141K->14966780K(22941696K), 1.5865697 secs] [Times: user=2.01 sys=0.01, real=1.58 secs] 
2023-04-09T20:04:36.869+0000: 3242.289: [GC (Allocation Failure) [PSYoungGen: 7556851K->59665K(7589888K)] 22442492K->15020930K(22946304K), 1.8741886 secs] [Times: user=2.27 sys=0.00, real=1.88 secs] 
2023-04-09T20:04:41.363+0000: 3246.783: [GC (Allocation Failure) [PSYoungGen: 7535377K->21910K(7497728K)] 22496642K->15035255K(22854144K), 1.7199915 secs] [Times: user=2.03 sys=0.01, real=1.72 secs] 
2023-04-09T20:04:45.042+0000: 3250.462: [GC (Allocation Failure) [PSYoungGen: 7497622K->28848K(7592448K)] 22510967K->15047578K(22948864K), 1.5946843 secs] [Times: user=2.10 sys=0.00, real=1.59 secs] 
2023-04-09T20:04:48.604+0000: 3254.023: [GC (Allocation Failure) [PSYoungGen: 7508656K->18391K(7498240K)] 22527386K->15038305K(22854656K), 1.5993691 secs] [Times: user=1.89 sys=0.01, real=1.60 secs] 
2023-04-09T20:04:52.308+0000: 3257.728: [GC (Allocation Failure) [PSYoungGen: 7498199K->20879K(7588864K)] 22518113K->15042601K(22945280K), 1.5858355 secs] [Times: user=1.86 sys=0.06, real=1.59 secs] 
2023-04-09T20:04:56.957+0000: 3262.377: [GC (Allocation Failure) [PSYoungGen: 7503759K->48788K(7532032K)] 22525481K->15077422K(22888448K), 1.5612606 secs] [Times: user=1.81 sys=0.00, real=1.56 secs] 
2023-04-09T20:05:02.991+0000: 3268.411: [GC (Allocation Failure) [PSYoungGen: 7531668K->75953K(7575552K)] 22560302K->15145050K(22931968K), 1.7779096 secs] [Times: user=2.23 sys=0.00, real=1.77 secs] 
2023-04-09T20:05:07.658+0000: 3273.078: [GC (Allocation Failure) [PSYoungGen: 7551153K->64754K(7583232K)] 22620250K->15202588K(22939648K), 1.6507569 secs] [Times: user=2.24 sys=0.00, real=1.65 secs] 
2023-04-09T20:05:11.453+0000: 3276.873: [GC (Allocation Failure) [PSYoungGen: 7539954K->18578K(7580672K)] 22677788K->15211788K(22937088K), 1.5781273 secs] [Times: user=1.98 sys=0.04, real=1.58 secs] 
2023-04-09T20:05:14.959+0000: 3280.379: [GC (Allocation Failure) [PSYoungGen: 7493778K->19284K(7494656K)] 22686988K->15216822K(22851072K), 1.5956223 secs] [Times: user=1.87 sys=0.01, real=1.60 secs] 
2023-04-09T20:05:18.803+0000: 3284.223: [GC (Allocation Failure) [PSYoungGen: 7494484K->15909K(7582208K)] 22692022K->15214511K(22938624K), 1.9113569 secs] [Times: user=2.06 sys=0.00, real=1.91 secs] 
2023-04-09T20:05:23.133+0000: 3288.553: [GC (Allocation Failure) [PSYoungGen: 7493157K->22095K(7499776K)] 22691759K->15225905K(22856192K), 1.7796509 secs] [Times: user=2.09 sys=0.01, real=1.78 secs] 
2023-04-09T20:05:28.360+0000: 3293.780: [GC (Allocation Failure) [PSYoungGen: 7499343K->56914K(7574528K)] 22703153K->15269420K(22930944K), 1.5203963 secs] [Times: user=1.78 sys=0.00, real=1.52 secs] 
2023-04-09T20:05:34.121+0000: 3299.541: [GC (Allocation Failure) [PSYoungGen: 7532626K->72086K(7576064K)] 22745132K->15333289K(22932480K), 1.5763763 secs] [Times: user=1.88 sys=0.03, real=1.57 secs] 
2023-04-09T20:05:35.697+0000: 3301.117: [Full GC (Ergonomics) [PSYoungGen: 72086K->0K(7576064K)] [ParOldGen: 15261202K->13942871K(15492096K)] 15333289K->13942871K(23068160K), [Metaspace: 130153K->130153K(141312K)], 8.7648102 secs] [Times: user=65.57 sys=0.10, real=8.77 secs] 
2023-04-09T20:05:47.296+0000: 3312.716: [GC (Allocation Failure) [PSYoungGen: 7475712K->43473K(7590912K)] 21418583K->13986344K(23083008K), 1.5323748 secs] [Times: user=1.78 sys=0.01, real=1.53 secs] 
2023-04-09T20:05:50.731+0000: 3316.151: [GC (Allocation Failure) [PSYoungGen: 7527889K->17994K(7585280K)] 21470760K->13992433K(23077376K), 1.5691792 secs] [Times: user=1.86 sys=0.01, real=1.57 secs] 
2023-04-09T20:05:54.197+0000: 3319.617: [GC (Allocation Failure) [PSYoungGen: 7502410K->26093K(7641088K)] 21476849K->14002476K(23133184K), 1.6022918 secs] [Times: user=1.80 sys=0.00, real=1.60 secs] 
2023-04-09T20:05:57.792+0000: 3323.212: [GC (Allocation Failure) [PSYoungGen: 7568365K->22805K(7637504K)] 21544748K->13999260K(23129600K), 1.7803746 secs] [Times: user=1.98 sys=0.01, real=1.78 secs] 
2023-04-09T20:06:02.047+0000: 3327.467: [GC (Allocation Failure) [PSYoungGen: 7565077K->39571K(7646720K)] 21541532K->14016098K(23138816K), 1.7196898 secs] [Times: user=2.13 sys=0.01, real=1.72 secs] 
2023-04-09T20:06:05.826+0000: 3331.245: [GC (Allocation Failure) [PSYoungGen: 7595667K->37471K(7644160K)] 21572194K->14021398K(23136256K), 1.5504044 secs] [Times: user=2.13 sys=0.00, real=1.55 secs] 
2023-04-09T20:06:09.327+0000: 3334.746: [GC (Allocation Failure) [PSYoungGen: 7593567K->16949K(7651328K)] 21577494K->14025536K(23143424K), 1.6085861 secs] [Times: user=2.03 sys=0.00, real=1.61 secs] 
2023-04-09T20:06:13.812+0000: 3339.231: [GC (Allocation Failure) [PSYoungGen: 7585333K->36238K(7650304K)] 21593920K->14048194K(23142400K), 1.5724453 secs] [Times: user=1.84 sys=0.06, real=1.57 secs] 
2023-04-09T20:06:20.646+0000: 3346.065: [GC (Allocation Failure) [PSYoungGen: 7604622K->77813K(7636480K)] 21616578K->14120556K(23128576K), 1.5257379 secs] [Times: user=1.79 sys=0.03, real=1.53 secs] 
2023-04-09T20:06:26.609+0000: 3352.029: [GC (Allocation Failure) [PSYoungGen: 7636469K->85042K(7659008K)] 21679212K->14202722K(23151104K), 1.5347000 secs] [Times: user=1.81 sys=0.00, real=1.54 secs] 
2023-04-09T20:06:30.941+0000: 3356.360: [GC (Allocation Failure) [PSYoungGen: 7643698K->46612K(7647744K)] 21761378K->14241675K(23139840K), 1.5960095 secs] [Times: user=1.89 sys=0.01, real=1.59 secs] 
2023-04-09T20:06:34.537+0000: 3359.956: [GC (Allocation Failure) [PSYoungGen: 7605268K->21468K(7580160K)] 21800331K->14243316K(23072256K), 1.5961128 secs] [Times: user=1.85 sys=0.01, real=1.60 secs] 
2023-04-09T20:06:38.706+0000: 3364.126: [GC (Allocation Failure) [PSYoungGen: 7580124K->20567K(7663616K)] 21801972K->14243478K(23155712K), 1.6998168 secs] [Times: user=1.89 sys=0.01, real=1.70 secs] 
2023-04-09T20:06:42.483+0000: 3367.902: [GC (Allocation Failure) [PSYoungGen: 7581271K->15543K(7576576K)] 21804182K->14238878K(23068672K), 1.5521309 secs] [Times: user=1.74 sys=0.00, real=1.55 secs] 
2023-04-09T20:06:46.224+0000: 3371.644: [GC (Allocation Failure) [PSYoungGen: 7576247K->29110K(7664128K)] 21799582K->14258061K(23156224K), 1.5429425 secs] [Times: user=1.74 sys=0.01, real=1.54 secs] 
2023-04-09T20:06:51.243+0000: 3376.662: [GC (Allocation Failure) [PSYoungGen: 7593910K->63682K(7660032K)] 21822861K->14303930K(23152128K), 1.5608134 secs] [Times: user=1.80 sys=0.00, real=1.56 secs] 
2023-04-09T20:06:56.416+0000: 3381.835: [GC (Allocation Failure) [PSYoungGen: 7628482K->61343K(7661568K)] 21868730K->14354791K(23153664K), 1.8199730 secs] [Times: user=2.35 sys=0.01, real=1.82 secs] 
2023-04-09T20:07:02.178+0000: 3387.598: [GC (Allocation Failure) [PSYoungGen: 7624095K->57623K(7620608K)] 21917543K->14405895K(23112704K), 1.7075870 secs] [Times: user=2.28 sys=0.00, real=1.71 secs] 
2023-04-09T20:07:06.089+0000: 3391.509: [GC (Allocation Failure) [PSYoungGen: 7620375K->40265K(7667712K)] 21968647K->14430993K(23159808K), 1.6070477 secs] [Times: user=2.15 sys=0.00, real=1.61 secs] 
2023-04-09T20:07:09.667+0000: 3395.087: [GC (Allocation Failure) [PSYoungGen: 7607625K->19621K(7587328K)] 21998353K->14437242K(23079424K), 1.6169490 secs] [Times: user=2.08 sys=0.00, real=1.62 secs] 
2023-04-09T20:07:13.309+0000: 3398.729: [GC (Allocation Failure) [PSYoungGen: 7586981K->22302K(7664128K)] 22004602K->14441019K(23156224K), 1.6006633 secs] [Times: user=1.87 sys=0.00, real=1.60 secs] 
2023-04-09T20:07:17.797+0000: 3403.216: [GC (Allocation Failure) [PSYoungGen: 7591710K->24510K(7593984K)] 22010427K->14449235K(23086080K), 1.8047501 secs] [Times: user=2.08 sys=0.01, real=1.81 secs] 
2023-04-09T20:07:22.735+0000: 3408.154: [GC (Allocation Failure) [PSYoungGen: 7593918K->52824K(7658496K)] 22018643K->14483534K(23150592K), 1.5607829 secs] [Times: user=1.81 sys=0.01, real=1.56 secs] 
2023-04-09T20:07:28.335+0000: 3413.754: [GC (Allocation Failure) [PSYoungGen: 7621720K->79538K(7659008K)] 22052430K->14549568K(23151104K), 1.5764014 secs] [Times: user=1.86 sys=0.00, real=1.58 secs] 
2023-04-09T20:07:33.961+0000: 3419.381: [GC (Allocation Failure) [PSYoungGen: 7648434K->79426K(7661056K)] 22118464K->14623264K(23153152K), 1.6535223 secs] [Times: user=1.92 sys=0.01, real=1.65 secs] 
2023-04-09T20:07:39.422+0000: 3424.842: [GC (Allocation Failure) [PSYoungGen: 7640642K->46128K(7607808K)] 22184480K->14663349K(23099904K), 1.5882976 secs] [Times: user=1.91 sys=0.01, real=1.59 secs] 
2023-04-09T20:07:43.075+0000: 3428.495: [GC (Allocation Failure) [PSYoungGen: 7607344K->18546K(7663616K)] 22224565K->14672631K(23155712K), 1.5671626 secs] [Times: user=1.86 sys=0.01, real=1.57 secs] 
2023-04-09T20:07:46.957+0000: 3432.377: [GC (Allocation Failure) [PSYoungGen: 7580274K->18199K(7580160K)] 22234359K->14676268K(23072256K), 1.6803083 secs] [Times: user=1.96 sys=0.12, real=1.68 secs] 
2023-04-09T20:07:50.702+0000: 3436.122: [GC (Allocation Failure) [PSYoungGen: 7579927K->27226K(7665152K)] 22237996K->14695289K(23157248K), 1.5933908 secs] [Times: user=1.89 sys=0.00, real=1.59 secs] 
2023-04-09T20:07:54.530+0000: 3439.949: [GC (Allocation Failure) [PSYoungGen: 7592538K->22531K(7588352K)] 22260601K->14696530K(23080448K), 1.6869508 secs] [Times: user=1.94 sys=0.01, real=1.69 secs] 
2023-04-09T20:08:00.795+0000: 3446.215: [GC (Allocation Failure) [PSYoungGen: 7587843K->80865K(7648768K)] 22261842K->14763183K(23140864K), 1.7183992 secs] [Times: user=2.05 sys=0.01, real=1.72 secs] 
2023-04-09T20:08:06.842+0000: 3452.262: [GC (Allocation Failure) [PSYoungGen: 7635937K->96184K(7659008K)] 22318255K->14852391K(23151104K), 1.5599504 secs] [Times: user=2.11 sys=0.00, real=1.56 secs] 
2023-04-09T20:08:11.943+0000: 3457.363: [GC (Allocation Failure) [PSYoungGen: 7651256K->54897K(7663616K)] 22407463K->14905290K(23155712K), 1.5746280 secs] [Times: user=2.01 sys=0.00, real=1.57 secs] 
2023-04-09T20:08:16.211+0000: 3461.630: [GC (Allocation Failure) [PSYoungGen: 7609969K->24873K(7580160K)] 22460362K->14926818K(23072256K), 1.8150387 secs] [Times: user=2.03 sys=0.00, real=1.81 secs] 
2023-04-09T20:08:20.259+0000: 3465.678: [GC (Allocation Failure) [PSYoungGen: 7579945K->24819K(7669248K)] 22481890K->14938765K(23161344K), 1.5717111 secs] [Times: user=1.94 sys=0.00, real=1.58 secs] 
2023-04-09T20:08:23.824+0000: 3469.243: [GC (Allocation Failure) [PSYoungGen: 7582963K->16147K(7574528K)] 22496909K->14931860K(23066624K), 1.6174753 secs] [Times: user=1.87 sys=0.00, real=1.62 secs] 
2023-04-09T20:08:27.575+0000: 3472.994: [GC (Allocation Failure) [PSYoungGen: 7574291K->18228K(7667200K)] 22490004K->14937374K(23159296K), 1.5776212 secs] [Times: user=1.81 sys=0.01, real=1.58 secs] 
2023-04-09T20:08:32.600+0000: 3478.020: [GC (Allocation Failure) [PSYoungGen: 7578932K->63750K(7664640K)] 22498078K->14987608K(23156736K), 1.8794521 secs] [Times: user=2.20 sys=0.06, real=1.88 secs] 
2023-04-09T20:08:39.532+0000: 3484.952: [GC (Allocation Failure) [PSYoungGen: 7624454K->79127K(7659520K)] 22548312K->15053553K(23151616K), 1.5535032 secs] [Times: user=1.86 sys=0.01, real=1.55 secs] 
2023-04-09T20:08:44.475+0000: 3489.895: [GC (Allocation Failure) [PSYoungGen: 7632151K->57434K(7610880K)] 22606577K->15103156K(23102976K), 1.5550287 secs] [Times: user=1.83 sys=0.00, real=1.56 secs] 
2023-04-09T20:08:48.376+0000: 3493.795: [GC (Allocation Failure) [PSYoungGen: 7610458K->38841K(7669760K)] 22656180K->15140235K(23161856K), 1.5969518 secs] [Times: user=2.03 sys=0.00, real=1.60 secs] 
2023-04-09T20:08:51.961+0000: 3497.380: [GC (Allocation Failure) [PSYoungGen: 7596985K->14612K(7572992K)] 22698379K->15127758K(23065088K), 1.6121249 secs] [Times: user=1.89 sys=0.00, real=1.61 secs] 
2023-04-09T20:08:56.448+0000: 3501.868: [GC (Allocation Failure) [PSYoungGen: 7572756K->25318K(7667712K)] 22685902K->15138616K(23159808K), 1.6660718 secs] [Times: user=1.97 sys=0.00, real=1.67 secs] 
2023-04-09T20:09:00.134+0000: 3505.554: [GC (Allocation Failure) [PSYoungGen: 7587046K->22198K(7584256K)] 22700344K->15139664K(23076352K), 1.7116857 secs] [Times: user=1.91 sys=0.03, real=1.71 secs] 
2023-04-09T20:09:04.135+0000: 3509.555: [GC (Allocation Failure) [PSYoungGen: 7583926K->39093K(7666688K)] 22701392K->15157936K(23158784K), 1.6448320 secs] [Times: user=2.16 sys=0.05, real=1.64 secs] 
2023-04-09T20:09:07.754+0000: 3513.174: [GC (Allocation Failure) [PSYoungGen: 7606453K->37236K(7604736K)] 22725296K->15181503K(23096832K), 1.6390221 secs] [Times: user=2.20 sys=0.00, real=1.64 secs] 
2023-04-09T20:09:11.673+0000: 3517.093: [GC (Allocation Failure) [PSYoungGen: 7604596K->24931K(7658496K)] 22748863K->15184916K(23150592K), 1.6100883 secs] [Times: user=1.98 sys=0.00, real=1.61 secs] 
2023-04-09T20:09:18.392+0000: 3523.811: [GC (Allocation Failure) [PSYoungGen: 7594851K->80113K(7655936K)] 22754836K->15247898K(23148032K), 1.5739228 secs] [Times: user=1.84 sys=0.00, real=1.57 secs] 
2023-04-09T20:09:24.989+0000: 3530.409: [GC (Allocation Failure) [PSYoungGen: 7650033K->84028K(7657984K)] 22817818K->15322102K(23150080K), 1.5702947 secs] [Times: user=1.90 sys=0.01, real=1.57 secs] 
2023-04-09T20:09:30.667+0000: 3536.086: [GC (Allocation Failure) [PSYoungGen: 7645244K->70477K(7668224K)] 22883318K->15388823K(23160320K), 1.6304204 secs] [Times: user=1.94 sys=0.02, real=1.63 secs] 
2023-04-09T20:09:35.539+0000: 3540.959: [GC (Allocation Failure) [PSYoungGen: 7631693K->29204K(7665152K)] 22950039K->15410822K(23157248K), 1.7287460 secs] [Times: user=2.14 sys=0.04, real=1.73 secs] 
2023-04-09T20:09:37.268+0000: 3542.687: [Full GC (Ergonomics) [PSYoungGen: 29204K->0K(7665152K)] [ParOldGen: 15381617K->14054307K(15616000K)] 15410822K->14054307K(23281152K), [Metaspace: 130188K->130188K(141312K)], 8.0798930 secs] [Times: user=63.56 sys=0.09, real=8.08 secs] 
2023-04-09T20:09:47.337+0000: 3552.757: [GC (Allocation Failure) [PSYoungGen: 7561216K->16628K(7668224K)] 21615523K->14070935K(23284224K), 1.5808975 secs] [Times: user=1.75 sys=0.01, real=1.58 secs] 
2023-04-09T20:09:51.114+0000: 3556.534: [GC (Allocation Failure) [PSYoungGen: 7577844K->18883K(7694848K)] 21632151K->14079006K(23310848K), 1.6186039 secs] [Times: user=1.84 sys=0.01, real=1.62 secs] 
2023-04-09T20:09:55.816+0000: 3561.236: [GC (Allocation Failure) [PSYoungGen: 7613891K->17370K(7698944K)] 21674014K->14079405K(23314944K), 1.7503539 secs] [Times: user=1.93 sys=0.01, real=1.75 secs] 
2023-04-09T20:10:00.744+0000: 3566.164: [GC (Allocation Failure) [PSYoungGen: 7612378K->42783K(7692800K)] 21674413K->14110875K(23308800K), 1.7723048 secs] [Times: user=2.05 sys=0.00, real=1.77 secs] 
2023-04-09T20:10:06.760+0000: 3572.180: [GC (Allocation Failure) [PSYoungGen: 7644959K->87651K(7699456K)] 21713051K->14187231K(23315456K), 1.7929342 secs] [Times: user=2.24 sys=0.00, real=1.79 secs] 
2023-04-09T20:10:12.952+0000: 3578.372: [GC (Allocation Failure) [PSYoungGen: 7689827K->77286K(7705600K)] 21789407K->14258054K(23321600K), 1.7987780 secs] [Times: user=2.27 sys=0.03, real=1.80 secs] 
2023-04-09T20:10:18.505+0000: 3583.925: [GC (Allocation Failure) [PSYoungGen: 7679462K->46936K(7649280K)] 21860230K->14293889K(23265280K), 1.5923212 secs] [Times: user=1.90 sys=0.00, real=1.59 secs] 
2023-04-09T20:10:22.382+0000: 3587.802: [GC (Allocation Failure) [PSYoungGen: 7649112K->33431K(7714816K)] 21896065K->14317504K(23330816K), 1.5863391 secs] [Times: user=1.98 sys=0.00, real=1.58 secs] 
2023-04-09T20:10:25.976+0000: 3591.395: [GC (Allocation Failure) [PSYoungGen: 7639703K->16533K(7623168K)] 21923776K->14306813K(23239168K), 1.5796946 secs] [Times: user=1.81 sys=0.01, real=1.58 secs] 
2023-04-09T20:10:29.648+0000: 3595.068: [GC (Allocation Failure) [PSYoungGen: 7622805K->14175K(7711744K)] 21913085K->14307024K(23327744K), 1.5516182 secs] [Times: user=1.75 sys=0.00, real=1.55 secs] 
2023-04-09T20:10:33.613+0000: 3599.033: [GC (Allocation Failure) [PSYoungGen: 7621983K->24725K(7632896K)] 21914832K->14319645K(23248896K), 1.8684667 secs] [Times: user=2.04 sys=0.01, real=1.87 secs] 
2023-04-09T20:10:39.383+0000: 3604.803: [GC (Allocation Failure) [PSYoungGen: 7632533K->64181K(7703040K)] 21927453K->14365189K(23319040K), 1.5789821 secs] [Times: user=2.01 sys=0.00, real=1.58 secs] 
2023-04-09T20:10:45.181+0000: 3610.601: [GC (Allocation Failure) [PSYoungGen: 7668405K->81842K(7706624K)] 21969413K->14435331K(23322624K), 1.5537558 secs] [Times: user=1.84 sys=0.01, real=1.55 secs] 
2023-04-09T20:10:50.871+0000: 3616.291: [GC (Allocation Failure) [PSYoungGen: 7686066K->71624K(7715328K)] 22039555K->14496736K(23331328K), 1.6104844 secs] [Times: user=1.92 sys=0.03, real=1.61 secs] 
2023-04-09T20:10:56.427+0000: 3621.847: [GC (Allocation Failure) [PSYoungGen: 7675336K->47796K(7651840K)] 22100448K->14538325K(23267840K), 1.6711055 secs] [Times: user=2.09 sys=0.00, real=1.67 secs] 
2023-04-09T20:11:00.303+0000: 3625.723: [GC (Allocation Failure) [PSYoungGen: 7651508K->36086K(7715840K)] 22142037K->14549095K(23331840K), 1.8741141 secs] [Times: user=2.28 sys=0.01, real=1.87 secs] 
2023-04-09T20:11:04.451+0000: 3629.871: [GC (Allocation Failure) [PSYoungGen: 7643894K->41371K(7649280K)] 22156903K->14557420K(23265280K), 1.6269873 secs] [Times: user=2.28 sys=0.00, real=1.62 secs] 
2023-04-09T20:11:08.038+0000: 3633.458: [GC (Allocation Failure) [PSYoungGen: 7649179K->33974K(7710720K)] 22165228K->14572495K(23326720K), 1.6200787 secs] [Times: user=2.10 sys=0.01, real=1.62 secs] 
2023-04-09T20:11:12.134+0000: 3637.554: [GC (Allocation Failure) [PSYoungGen: 7645366K->22647K(7707136K)] 22183887K->14577297K(23323136K), 1.7003366 secs] [Times: user=1.95 sys=0.04, real=1.70 secs] 
2023-04-09T20:11:19.209+0000: 3644.629: [GC (Allocation Failure) [PSYoungGen: 7634039K->80275K(7698944K)] 22188689K->14647981K(23314944K), 1.5847643 secs] [Times: user=1.88 sys=0.08, real=1.59 secs] 
2023-04-09T20:11:25.191+0000: 3650.611: [GC (Allocation Failure) [PSYoungGen: 7684499K->79026K(7707648K)] 22252205K->14713052K(23323648K), 1.5806460 secs] [Times: user=1.89 sys=0.08, real=1.58 secs] 
2023-04-09T20:11:30.045+0000: 3655.465: [GC (Allocation Failure) [PSYoungGen: 7683250K->54845K(7699968K)] 22317276K->14757351K(23315968K), 1.6130575 secs] [Times: user=1.92 sys=0.03, real=1.61 secs] 
2023-04-09T20:11:34.384+0000: 3659.804: [GC (Allocation Failure) [PSYoungGen: 7659069K->18879K(7709696K)] 22361575K->14760505K(23325696K), 1.7987021 secs] [Times: user=2.08 sys=0.00, real=1.80 secs] 
2023-04-09T20:11:38.437+0000: 3663.857: [GC (Allocation Failure) [PSYoungGen: 7623103K->23106K(7704064K)] 22364729K->14768740K(23320064K), 1.5998058 secs] [Times: user=1.86 sys=0.00, real=1.60 secs] 
2023-04-09T20:11:42.193+0000: 3667.613: [GC (Allocation Failure) [PSYoungGen: 7627330K->25597K(7629824K)] 22372964K->14773143K(23245824K), 1.8302318 secs] [Times: user=2.09 sys=0.00, real=1.83 secs] 
2023-04-09T20:11:46.397+0000: 3671.817: [GC (Allocation Failure) [PSYoungGen: 7629821K->30812K(7708672K)] 22377367K->14780678K(23324672K), 1.5570080 secs] [Times: user=1.76 sys=0.08, real=1.56 secs] 
2023-04-09T20:11:52.126+0000: 3677.545: [GC (Allocation Failure) [PSYoungGen: 7638620K->83715K(7705088K)] 22388486K->14842366K(23321088K), 1.6642172 secs] [Times: user=1.95 sys=0.00, real=1.66 secs] 
2023-04-09T20:11:58.601+0000: 3684.021: [GC (Allocation Failure) [PSYoungGen: 7691523K->96522K(7705088K)] 22450174K->14927044K(23321088K), 1.5770683 secs] [Times: user=1.89 sys=0.01, real=1.57 secs] 
2023-04-09T20:12:04.611+0000: 3690.031: [GC (Allocation Failure) [PSYoungGen: 7694090K->93704K(7717376K)] 22524612K->15007826K(23333376K), 1.6357596 secs] [Times: user=2.24 sys=0.01, real=1.63 secs] 
2023-04-09T20:12:09.244+0000: 3694.664: [GC (Allocation Failure) [PSYoungGen: 7691272K->56540K(7713280K)] 22605394K->15053854K(23329280K), 1.6304619 secs] [Times: user=2.33 sys=0.15, real=1.63 secs] 
2023-04-09T20:12:13.503+0000: 3698.923: [GC (Allocation Failure) [PSYoungGen: 7654108K->29279K(7627264K)] 22651422K->15076028K(23243264K), 1.8155329 secs] [Times: user=2.22 sys=0.07, real=1.81 secs] 
2023-04-09T20:12:17.570+0000: 3702.990: [GC (Allocation Failure) [PSYoungGen: 7626847K->16822K(7717888K)] 22673596K->15067195K(23333888K), 1.6071887 secs] [Times: user=1.86 sys=0.04, real=1.60 secs] 
2023-04-09T20:12:21.248+0000: 3706.668: [GC (Allocation Failure) [PSYoungGen: 7614902K->15295K(7613440K)] 22665275K->15065724K(23229440K), 1.6563255 secs] [Times: user=1.92 sys=0.09, real=1.66 secs] 
2023-04-09T20:12:25.200+0000: 3710.620: [GC (Allocation Failure) [PSYoungGen: 7613375K->25174K(7720448K)] 22663804K->15075683K(23336448K), 1.6134022 secs] [Times: user=1.86 sys=0.00, real=1.61 secs] 
2023-04-09T20:12:29.034+0000: 3714.454: [GC (Allocation Failure) [PSYoungGen: 7627350K->22197K(7624704K)] 22677859K->15077818K(23240704K), 1.8297665 secs] [Times: user=2.06 sys=0.01, real=1.83 secs] 
2023-04-09T20:12:33.725+0000: 3719.145: [GC (Allocation Failure) [PSYoungGen: 7624373K->19232K(7716352K)] 22679994K->15076661K(23332352K), 1.7803464 secs] [Times: user=1.99 sys=0.01, real=1.78 secs] 
2023-04-09T20:12:38.852+0000: 3724.272: [GC (Allocation Failure) [PSYoungGen: 7624480K->54010K(7659520K)] 22681909K->15118864K(23275520K), 1.6027681 secs] [Times: user=1.94 sys=0.00, real=1.60 secs] 
2023-04-09T20:12:44.944+0000: 3730.364: [GC (Allocation Failure) [PSYoungGen: 7659258K->86104K(7701504K)] 22724112K->15194958K(23317504K), 1.5960049 secs] [Times: user=1.90 sys=0.01, real=1.60 secs] 
2023-04-09T20:12:50.607+0000: 3736.027: [GC (Allocation Failure) [PSYoungGen: 7681112K->79157K(7711744K)] 22789966K->15270162K(23327744K), 1.6990792 secs] [Times: user=2.02 sys=0.10, real=1.70 secs] 
2023-04-09T20:12:55.424+0000: 3740.844: [GC (Allocation Failure) [PSYoungGen: 7674165K->26806K(7709696K)] 22865170K->15290651K(23325696K), 1.6770118 secs] [Times: user=2.32 sys=0.10, real=1.68 secs] 
2023-04-09T20:12:59.240+0000: 3744.660: [GC (Allocation Failure) [PSYoungGen: 7621814K->19361K(7614464K)] 22885659K->15300198K(23230464K), 1.7071642 secs] [Times: user=1.99 sys=0.00, real=1.71 secs] 
2023-04-09T20:13:03.365+0000: 3748.785: [GC (Allocation Failure) [PSYoungGen: 7614369K->45466K(7716864K)] 22895206K->15329432K(23332864K), 1.7232482 secs] [Times: user=2.34 sys=0.00, real=1.72 secs] 
2023-04-09T20:13:07.186+0000: 3752.606: [GC (Allocation Failure) [PSYoungGen: 7646618K->35328K(7636992K)] 22930584K->15345984K(23252992K), 1.6171036 secs] [Times: user=2.01 sys=0.01, real=1.62 secs] 
2023-04-09T20:13:11.467+0000: 3756.887: [GC (Allocation Failure) [PSYoungGen: 7636480K->29746K(7709696K)] 22947136K->15360699K(23325696K), 1.7707513 secs] [Times: user=2.26 sys=0.14, real=1.77 secs] 
2023-04-09T20:13:17.901+0000: 3763.321: [GC (Allocation Failure) [PSYoungGen: 7634994K->84011K(7705600K)] 22965947K->15435676K(23321600K), 1.7133248 secs] [Times: user=2.16 sys=0.00, real=1.71 secs] 
2023-04-09T20:13:23.870+0000: 3769.290: [GC (Allocation Failure) [PSYoungGen: 7689259K->80498K(7708672K)] 23040924K->15505914K(23324672K), 1.5989321 secs] [Times: user=2.03 sys=0.16, real=1.60 secs] 
2023-04-09T20:13:28.392+0000: 3773.812: [GC (Allocation Failure) [PSYoungGen: 7679090K->37682K(7636480K)] 23104506K->15538995K(23252480K), 1.5921489 secs] [Times: user=1.88 sys=0.16, real=1.59 secs] 
2023-04-09T20:13:33.354+0000: 3778.774: [GC (Allocation Failure) [PSYoungGen: 7636274K->24113K(7713280K)] 23137587K->15555474K(23329280K), 1.7733464 secs] [Times: user=2.00 sys=0.01, real=1.77 secs] 
2023-04-09T20:13:35.127+0000: 3780.547: [Full GC (Ergonomics) [PSYoungGen: 24113K->0K(7713280K)] [ParOldGen: 15531360K->14174454K(15749632K)] 15555474K->14174454K(23462912K), [Metaspace: 130208K->130208K(141312K)], 8.4718915 secs] [Times: user=66.81 sys=0.09, real=8.47 secs] 
2023-04-09T20:13:45.707+0000: 3791.127: [GC (Allocation Failure) [PSYoungGen: 7601152K->16735K(7710720K)] 21775606K->14191190K(23460352K), 1.6090481 secs] [Times: user=1.77 sys=0.00, real=1.61 secs] 
2023-04-09T20:13:49.397+0000: 3794.817: [GC (Allocation Failure) [PSYoungGen: 7617887K->20500K(7761920K)] 21792342K->14198498K(23511552K), 1.5515189 secs] [Times: user=1.79 sys=0.00, real=1.55 secs] 
2023-04-09T20:13:54.019+0000: 3799.439: [GC (Allocation Failure) [PSYoungGen: 7676436K->31189K(7761408K)] 21854434K->14216980K(23511040K), 1.6032104 secs] [Times: user=1.88 sys=0.00, real=1.61 secs] 
2023-04-09T20:13:59.511+0000: 3804.931: [GC (Allocation Failure) [PSYoungGen: 7687125K->76705K(7756288K)] 21872916K->14278936K(23505920K), 1.6858656 secs] [Times: user=2.05 sys=0.03, real=1.68 secs] 
2023-04-09T20:14:05.323+0000: 3810.743: [GC (Allocation Failure) [PSYoungGen: 7732129K->94252K(7763968K)] 21934360K->14363867K(23513600K), 1.5966665 secs] [Times: user=2.14 sys=0.01, real=1.59 secs] 
2023-04-09T20:14:11.225+0000: 3816.645: [GC (Allocation Failure) [PSYoungGen: 7749676K->81526K(7776256K)] 22019291K->14439246K(23525888K), 1.7454423 secs] [Times: user=2.55 sys=0.01, real=1.75 secs] 
2023-04-09T20:14:17.192+0000: 3822.612: [GC (Allocation Failure) [PSYoungGen: 7736950K->75513K(7781376K)] 22094670K->14510336K(23531008K), 1.5549376 secs] [Times: user=1.86 sys=0.01, real=1.55 secs] 
2023-04-09T20:14:21.594+0000: 3827.013: [GC (Allocation Failure) [PSYoungGen: 7730937K->42468K(7772160K)] 22165760K->14548500K(23521792K), 1.6473847 secs] [Times: user=1.97 sys=0.00, real=1.65 secs] 
2023-04-09T20:14:25.267+0000: 3830.687: [GC (Allocation Failure) [PSYoungGen: 7697892K->26331K(7682048K)] 22203924K->14561011K(23431680K), 1.5632364 secs] [Times: user=1.88 sys=0.00, real=1.56 secs] 
2023-04-09T20:14:28.959+0000: 3834.379: [GC (Allocation Failure) [PSYoungGen: 7681755K->22383K(7776768K)] 22216435K->14561527K(23526400K), 1.7396348 secs] [Times: user=1.94 sys=0.00, real=1.74 secs] 
2023-04-09T20:14:33.286+0000: 3838.705: [GC (Allocation Failure) [PSYoungGen: 7679855K->22449K(7680000K)] 22218999K->14566234K(23429632K), 1.5623090 secs] [Times: user=1.85 sys=0.01, real=1.56 secs] 
2023-04-09T20:14:37.262+0000: 3842.682: [GC (Allocation Failure) [PSYoungGen: 7679921K->30818K(7776768K)] 22223706K->14579866K(23526400K), 1.5387673 secs] [Times: user=1.73 sys=0.01, real=1.54 secs] 
2023-04-09T20:14:42.535+0000: 3847.955: [GC (Allocation Failure) [PSYoungGen: 7692898K->85498K(7772160K)] 22241946K->14655746K(23521792K), 1.5593106 secs] [Times: user=1.84 sys=0.00, real=1.56 secs] 
2023-04-09T20:14:47.848+0000: 3853.268: [GC (Allocation Failure) [PSYoungGen: 7747578K->84170K(7774208K)] 22317826K->14735379K(23523840K), 1.6148836 secs] [Times: user=1.98 sys=0.01, real=1.62 secs] 
2023-04-09T20:14:53.010+0000: 3858.430: [GC (Allocation Failure) [PSYoungGen: 7739594K->36961K(7692800K)] 22390803K->14767545K(23442432K), 1.7014582 secs] [Times: user=2.02 sys=0.02, real=1.70 secs] 
2023-04-09T20:14:57.013+0000: 3862.433: [GC (Allocation Failure) [PSYoungGen: 7692385K->24619K(7778304K)] 22422969K->14781100K(23527936K), 1.5922086 secs] [Times: user=1.81 sys=0.00, real=1.59 secs] 
2023-04-09T20:15:01.056+0000: 3866.475: [GC (Allocation Failure) [PSYoungGen: 7682603K->25600K(7684096K)] 22439084K->14787169K(23433728K), 1.7698174 secs] [Times: user=2.16 sys=0.01, real=1.77 secs] 
2023-04-09T20:15:05.302+0000: 3870.722: [GC (Allocation Failure) [PSYoungGen: 7683584K->31227K(7777280K)] 22445153K->14797603K(23526912K), 1.7000825 secs] [Times: user=1.99 sys=0.00, real=1.70 secs] 
2023-04-09T20:15:09.296+0000: 3874.716: [GC (Allocation Failure) [PSYoungGen: 7693819K->50031K(7712768K)] 22460195K->14841864K(23462400K), 1.7119069 secs] [Times: user=2.12 sys=0.00, real=1.71 secs] 
2023-04-09T20:15:14.941+0000: 3880.361: [GC (Allocation Failure) [PSYoungGen: 7712623K->66991K(7765504K)] 22504456K->14898996K(23515136K), 1.5279134 secs] [Times: user=1.86 sys=0.00, real=1.52 secs] 
2023-04-09T20:15:20.474+0000: 3885.894: [GC (Allocation Failure) [PSYoungGen: 7727023K->77974K(7768064K)] 22559028K->14969707K(23517696K), 1.5410942 secs] [Times: user=1.87 sys=0.01, real=1.54 secs] 
2023-04-09T20:15:25.985+0000: 3891.404: [GC (Allocation Failure) [PSYoungGen: 7738006K->76661K(7770624K)] 22629739K->15041178K(23520256K), 1.5730386 secs] [Times: user=1.89 sys=0.00, real=1.57 secs] 
2023-04-09T20:15:31.382+0000: 3896.802: [GC (Allocation Failure) [PSYoungGen: 7734133K->47026K(7704576K)] 22698650K->15083656K(23454208K), 1.6772163 secs] [Times: user=1.95 sys=0.00, real=1.67 secs] 
2023-04-09T20:15:35.232+0000: 3900.652: [GC (Allocation Failure) [PSYoungGen: 7704498K->22289K(7770112K)] 22741128K->15099406K(23519744K), 1.5607788 secs] [Times: user=1.85 sys=0.00, real=1.56 secs] 
2023-04-09T20:15:38.891+0000: 3904.310: [GC (Allocation Failure) [PSYoungGen: 7680785K->22735K(7681536K)] 22757902K->15104900K(23431168K), 1.7472958 secs] [Times: user=2.10 sys=0.00, real=1.74 secs] 
2023-04-09T20:15:42.618+0000: 3908.038: [GC (Allocation Failure) [PSYoungGen: 7681231K->20784K(7769600K)] 22763396K->15103006K(23519232K), 1.5517826 secs] [Times: user=1.79 sys=0.00, real=1.55 secs] 
2023-04-09T20:15:46.142+0000: 3911.562: [GC (Allocation Failure) [PSYoungGen: 7681328K->25722K(7686656K)] 22763550K->15108015K(23436288K), 1.5771301 secs] [Times: user=1.85 sys=0.00, real=1.57 secs] 
2023-04-09T20:15:50.558+0000: 3915.978: [GC (Allocation Failure) [PSYoungGen: 7686266K->19038K(7767040K)] 22768559K->15102468K(23516672K), 1.6815174 secs] [Times: user=1.90 sys=0.00, real=1.68 secs] 
2023-04-09T20:15:54.355+0000: 3919.775: [GC (Allocation Failure) [PSYoungGen: 7682142K->19648K(7764480K)] 22765572K->15105973K(23514112K), 1.5403257 secs] [Times: user=1.82 sys=0.00, real=1.54 secs] 
2023-04-09T20:15:58.531+0000: 3923.951: [GC (Allocation Failure) [PSYoungGen: 7682752K->46465K(7770112K)] 22769077K->15138271K(23519744K), 1.5310359 secs] [Times: user=1.79 sys=0.01, real=1.53 secs] 
2023-04-09T20:16:04.243+0000: 3929.663: [GC (Allocation Failure) [PSYoungGen: 7718785K->89992K(7768064K)] 22810591K->15205262K(23517696K), 1.5816294 secs] [Times: user=2.18 sys=0.00, real=1.58 secs] 
2023-04-09T20:16:10.481+0000: 3935.901: [GC (Allocation Failure) [PSYoungGen: 7762312K->94465K(7777792K)] 22877582K->15290375K(23527424K), 1.6752522 secs] [Times: user=2.40 sys=0.01, real=1.67 secs] 
2023-04-09T20:16:15.857+0000: 3941.277: [GC (Allocation Failure) [PSYoungGen: 7763201K->67469K(7790080K)] 22959111K->15348853K(23539712K), 1.5336085 secs] [Times: user=1.89 sys=0.01, real=1.54 secs] 
2023-04-09T20:16:19.837+0000: 3945.257: [GC (Allocation Failure) [PSYoungGen: 7736205K->28929K(7782912K)] 23017589K->15367489K(23532544K), 1.5883168 secs] [Times: user=1.96 sys=0.01, real=1.59 secs] 
2023-04-09T20:16:23.527+0000: 3948.947: [GC (Allocation Failure) [PSYoungGen: 7697665K->20545K(7689728K)] 23036225K->15377090K(23439360K), 1.5372236 secs] [Times: user=1.78 sys=0.01, real=1.54 secs] 
2023-04-09T20:16:27.512+0000: 3952.932: [GC (Allocation Failure) [PSYoungGen: 7689281K->19415K(7787008K)] 23045826K->15380112K(23536640K), 1.8143611 secs] [Times: user=2.15 sys=0.05, real=1.81 secs] 
2023-04-09T20:16:31.602+0000: 3957.022: [GC (Allocation Failure) [PSYoungGen: 7690711K->16974K(7688704K)] 23051408K->15379615K(23438336K), 1.5935061 secs] [Times: user=1.82 sys=0.00, real=1.59 secs] 
2023-04-09T20:16:36.049+0000: 3961.469: [GC (Allocation Failure) [PSYoungGen: 7688270K->36067K(7788032K)] 23050911K->15403908K(23537664K), 1.5292891 secs] [Times: user=1.76 sys=0.00, real=1.53 secs] 
2023-04-09T20:16:41.369+0000: 3966.789: [GC (Allocation Failure) [PSYoungGen: 7713507K->68144K(7781888K)] 23081348K->15462529K(23531520K), 1.5344891 secs] [Times: user=1.83 sys=0.00, real=1.54 secs] 
2023-04-09T20:16:46.823+0000: 3972.243: [GC (Allocation Failure) [PSYoungGen: 7745584K->64352K(7784448K)] 23139969K->15520809K(23534080K), 1.7642511 secs] [Times: user=2.10 sys=0.00, real=1.76 secs] 
2023-04-09T20:17:00.930+0000: 3986.350: [GC (Allocation Failure) [PSYoungGen: 7740256K->34051K(7710208K)] 23196713K->15550732K(23459840K), 1.7429274 secs] [Times: user=2.12 sys=0.00, real=1.75 secs] 
2023-04-09T20:17:04.932+0000: 3990.352: [GC (Allocation Failure) [PSYoungGen: 7709955K->33698K(7785984K)] 23226636K->15579275K(23535616K), 1.6686156 secs] [Times: user=2.10 sys=0.02, real=1.67 secs] 
2023-04-09T20:17:09.268+0000: 3994.688: [GC (Allocation Failure) [PSYoungGen: 7714210K->14533K(7695360K)] 23259787K->15579854K(23444992K), 1.6113509 secs] [Times: user=2.09 sys=0.01, real=1.61 secs] 
2023-04-09T20:17:12.875+0000: 3998.295: [GC (Allocation Failure) [PSYoungGen: 7695045K->17152K(7782400K)] 23260366K->15582561K(23532032K), 1.7905896 secs] [Times: user=2.01 sys=0.00, real=1.79 secs] 
2023-04-09T20:17:16.630+0000: 4002.050: [GC (Allocation Failure) [PSYoungGen: 7699712K->22854K(7705600K)] 23265121K->15588327K(23455232K), 1.5742740 secs] [Times: user=1.92 sys=0.00, real=1.58 secs] 
2023-04-09T20:17:22.252+0000: 4007.671: [GC (Allocation Failure) [PSYoungGen: 7705414K->63418K(7772160K)] 23270887K->15629307K(23521792K), 1.5475507 secs] [Times: user=1.84 sys=0.00, real=1.54 secs] 
2023-04-09T20:17:29.347+0000: 4014.767: [GC (Allocation Failure) [PSYoungGen: 7741370K->82547K(7776768K)] 23307259K->15704372K(23526400K), 1.6138784 secs] [Times: user=1.94 sys=0.03, real=1.62 secs] 
2023-04-09T20:17:35.661+0000: 4021.080: [GC (Allocation Failure) [PSYoungGen: 7760499K->79444K(7783936K)] 23382324K->15779261K(23533568K), 1.6069263 secs] [Times: user=1.92 sys=0.06, real=1.60 secs] 
2023-04-09T20:17:37.268+0000: 4022.687: [Full GC (Ergonomics) [PSYoungGen: 79444K->0K(7783936K)] [ParOldGen: 15699816K->14268524K(15854080K)] 15779261K->14268524K(23638016K), [Metaspace: 130219K->130219K(141312K)], 8.7701398 secs] [Times: user=67.80 sys=0.12, real=8.77 secs] 
2023-04-09T20:18:01.855+0000: 4047.275: [GC (Allocation Failure) [PSYoungGen: 7674880K->39386K(7790592K)] 21943404K->14307911K(23644672K), 1.8770775 secs] [Times: user=2.31 sys=0.00, real=1.88 secs] 
2023-04-09T20:18:06.788+0000: 4052.208: [GC (Allocation Failure) [PSYoungGen: 7714266K->33568K(7801856K)] 21982791K->14320701K(23655936K), 1.7609084 secs] [Times: user=2.22 sys=0.01, real=1.76 secs] 
2023-04-09T20:18:10.633+0000: 4056.053: [GC (Allocation Failure) [PSYoungGen: 7734560K->13450K(7806976K)] 22021693K->14320263K(23661056K), 1.5709326 secs] [Times: user=1.89 sys=0.01, real=1.57 secs] 
2023-04-09T20:18:14.115+0000: 4059.535: [GC (Allocation Failure) [PSYoungGen: 7714442K->17538K(7812608K)] 22021255K->14324423K(23666688K), 1.5720601 secs] [Times: user=1.84 sys=0.00, real=1.57 secs] 
2023-04-09T20:18:17.745+0000: 4063.165: [GC (Allocation Failure) [PSYoungGen: 7733378K->23356K(7818752K)] 22040263K->14330330K(23672832K), 1.5260554 secs] [Times: user=1.75 sys=0.00, real=1.53 secs] 
2023-04-09T20:18:23.652+0000: 4069.072: [GC (Allocation Failure) [PSYoungGen: 7739196K->85523K(7814656K)] 22046170K->14395233K(23668736K), 1.7435660 secs] [Times: user=2.03 sys=0.01, real=1.74 secs] 
2023-04-09T20:18:30.267+0000: 4075.686: [GC (Allocation Failure) [PSYoungGen: 7800851K->79338K(7826432K)] 22110561K->14458536K(23680512K), 1.5184417 secs] [Times: user=1.82 sys=0.01, real=1.52 secs] 
2023-04-09T20:18:36.483+0000: 4081.903: [GC (Allocation Failure) [PSYoungGen: 7794666K->73279K(7831040K)] 22173864K->14526877K(23685120K), 1.5681118 secs] [Times: user=1.87 sys=0.00, real=1.57 secs] 
2023-04-09T20:19:01.230+0000: 4106.650: [GC (Allocation Failure) [PSYoungGen: 7786559K->15427K(7729152K)] 22240157K->14542928K(23583232K), 1.8955578 secs] [Times: user=2.17 sys=0.00, real=1.89 secs] 
2023-04-09T20:19:05.773+0000: 4111.193: [GC (Allocation Failure) [PSYoungGen: 7728707K->33308K(7838208K)] 22256208K->14567970K(23692288K), 1.6445736 secs] [Times: user=2.24 sys=0.01, real=1.64 secs] 
2023-04-09T20:19:09.389+0000: 4114.809: [GC (Allocation Failure) [PSYoungGen: 7752220K->27759K(7747072K)] 22286882K->14578252K(23601152K), 1.6236629 secs] [Times: user=2.04 sys=0.00, real=1.63 secs] 
2023-04-09T20:19:12.972+0000: 4118.392: [GC (Allocation Failure) [PSYoungGen: 7746671K->24050K(7831552K)] 22297164K->14588805K(23685632K), 1.5553996 secs] [Times: user=1.96 sys=0.01, real=1.55 secs] 
2023-04-09T20:19:16.449+0000: 4121.868: [GC (Allocation Failure) [PSYoungGen: 7746034K->18172K(7740416K)] 22310789K->14582990K(23594496K), 1.5409083 secs] [Times: user=1.70 sys=0.00, real=1.54 secs] 
2023-04-09T20:19:22.890+0000: 4128.310: [GC (Allocation Failure) [PSYoungGen: 7740156K->82729K(7815168K)] 22304974K->14647731K(23669248K), 1.7242941 secs] [Times: user=2.07 sys=0.01, real=1.73 secs] 
2023-04-09T20:19:29.422+0000: 4134.841: [GC (Allocation Failure) [PSYoungGen: 7794473K->80735K(7825408K)] 22359475K->14716089K(23679488K), 1.5353123 secs] [Times: user=1.80 sys=0.02, real=1.53 secs] 
2023-04-09T20:19:36.290+0000: 4141.709: [GC (Allocation Failure) [PSYoungGen: 7792479K->76825K(7827968K)] 22427833K->14788515K(23682048K), 1.5531945 secs] [Times: user=1.93 sys=0.01, real=1.56 secs] 
2023-04-09T20:20:01.182+0000: 4166.602: [GC (Allocation Failure) [PSYoungGen: 7784473K->28216K(7736320K)] 22496163K->14816738K(23590400K), 1.7998845 secs] [Times: user=2.36 sys=0.00, real=1.80 secs] 
2023-04-09T20:20:05.320+0000: 4170.740: [GC (Allocation Failure) [PSYoungGen: 7735864K->32398K(7832576K)] 22524386K->14841744K(23686656K), 1.6362554 secs] [Times: user=2.07 sys=0.00, real=1.63 secs] 
2023-04-09T20:20:08.849+0000: 4174.269: [GC (Allocation Failure) [PSYoungGen: 7744654K->33939K(7746560K)] 22554000K->14861134K(23600640K), 1.5777662 secs] [Times: user=2.04 sys=0.00, real=1.58 secs] 
2023-04-09T20:20:12.354+0000: 4177.773: [GC (Allocation Failure) [PSYoungGen: 7746195K->19421K(7825920K)] 22573390K->14867524K(23680000K), 1.5594710 secs] [Times: user=1.88 sys=0.00, real=1.56 secs] 
2023-04-09T20:20:15.892+0000: 4181.312: [GC (Allocation Failure) [PSYoungGen: 7734237K->13613K(7728640K)] 22582340K->14861788K(23582720K), 1.5776019 secs] [Times: user=1.82 sys=0.01, real=1.57 secs] 
2023-04-09T20:20:19.910+0000: 4185.330: [GC (Allocation Failure) [PSYoungGen: 7728429K->27898K(7826432K)] 22576604K->14876137K(23680512K), 1.8421433 secs] [Times: user=2.40 sys=0.00, real=1.85 secs] 
2023-04-09T20:20:24.060+0000: 4189.480: [GC (Allocation Failure) [PSYoungGen: 7747322K->18317K(7737856K)] 22595561K->14866628K(23591936K), 1.5507822 secs] [Times: user=1.74 sys=0.00, real=1.55 secs] 
2023-04-09T20:20:28.330+0000: 4193.749: [GC (Allocation Failure) [PSYoungGen: 7737741K->26924K(7823360K)] 22586052K->14878412K(23677440K), 1.5324472 secs] [Times: user=1.73 sys=0.00, real=1.54 secs] 
2023-04-09T20:20:35.203+0000: 4200.622: [GC (Allocation Failure) [PSYoungGen: 7750956K->72622K(7818752K)] 22602444K->14935621K(23672832K), 1.5508668 secs] [Times: user=1.82 sys=0.00, real=1.55 secs] 
2023-04-09T20:20:42.583+0000: 4208.003: [GC (Allocation Failure) [PSYoungGen: 7796654K->71264K(7829504K)] 22659653K->14999264K(23683584K), 1.5437815 secs] [Times: user=1.85 sys=0.01, real=1.54 secs] 
2023-04-09T20:20:58.076+0000: 4223.495: [GC (Allocation Failure) [PSYoungGen: 7798368K->51222K(7778816K)] 22726368K->15044342K(23632896K), 1.7146513 secs] [Times: user=2.05 sys=0.01, real=1.71 secs] 
2023-04-09T20:21:02.370+0000: 4227.790: [GC (Allocation Failure) [PSYoungGen: 7778326K->20472K(7834624K)] 22771446K->15064815K(23688704K), 1.6929505 secs] [Times: user=2.12 sys=0.00, real=1.70 secs] 
2023-04-09T20:21:06.219+0000: 4231.639: [GC (Allocation Failure) [PSYoungGen: 7750136K->32639K(7762432K)] 22794479K->15084711K(23616512K), 1.6678775 secs] [Times: user=2.26 sys=0.01, real=1.67 secs] 
2023-04-09T20:21:10.731+0000: 4236.151: [GC (Allocation Failure) [PSYoungGen: 7762303K->17195K(7829504K)] 22814375K->15087170K(23683584K), 1.6945382 secs] [Times: user=2.08 sys=0.00, real=1.69 secs] 
2023-04-09T20:21:14.562+0000: 4239.982: [GC (Allocation Failure) [PSYoungGen: 7748907K->26416K(7758336K)] 22818882K->15096448K(23612416K), 1.6710916 secs] [Times: user=2.01 sys=0.01, real=1.67 secs] 
2023-04-09T20:21:20.377+0000: 4245.797: [GC (Allocation Failure) [PSYoungGen: 7758128K->49071K(7826432K)] 22828160K->15119183K(23680512K), 1.5514614 secs] [Times: user=1.92 sys=0.00, real=1.55 secs] 
2023-04-09T20:21:27.838+0000: 4253.257: [GC (Allocation Failure) [PSYoungGen: 7783343K->88912K(7825408K)] 22853455K->15190352K(23679488K), 1.5677259 secs] [Times: user=1.89 sys=0.00, real=1.57 secs] 
2023-04-09T20:21:35.560+0000: 4260.979: [GC (Allocation Failure) [PSYoungGen: 7823184K->88213K(7838208K)] 22924624K->15274653K(23692288K), 1.8430370 secs] [Times: user=2.33 sys=0.12, real=1.85 secs] 
2023-04-09T20:21:43.590+0000: 4269.009: [GC (Allocation Failure) [PSYoungGen: 7821461K->82161K(7848448K)] 23007901K->15353249K(23702528K), 1.5776343 secs] [Times: user=1.95 sys=0.00, real=1.58 secs] 
2023-04-09T20:22:01.775+0000: 4287.195: [GC (Allocation Failure) [PSYoungGen: 7815409K->31125K(7847424K)] 23086497K->15386965K(23701504K), 1.7558339 secs] [Times: user=2.18 sys=0.00, real=1.76 secs] 
2023-04-09T20:22:05.485+0000: 4290.905: [GC (Allocation Failure) [PSYoungGen: 7764373K->34000K(7767552K)] 23120213K->15398984K(23621632K), 1.5754743 secs] [Times: user=1.96 sys=0.00, real=1.58 secs] 
2023-04-09T20:22:09.109+0000: 4294.529: [GC (Allocation Failure) [PSYoungGen: 7767248K->15595K(7848448K)] 23132232K->15399859K(23702528K), 1.5300829 secs] [Times: user=1.89 sys=0.00, real=1.53 secs] 
2023-04-09T20:22:12.603+0000: 4298.023: [GC (Allocation Failure) [PSYoungGen: 7750379K->20568K(7755776K)] 23134643K->15404904K(23609856K), 1.7440130 secs] [Times: user=2.02 sys=0.00, real=1.74 secs] 
2023-04-09T20:22:17.187+0000: 4302.607: [GC (Allocation Failure) [PSYoungGen: 7755352K->29954K(7848960K)] 23139688K->15415402K(23703040K), 1.5243721 secs] [Times: user=1.81 sys=0.00, real=1.53 secs] 
2023-04-09T20:22:23.683+0000: 4309.103: [GC (Allocation Failure) [PSYoungGen: 7769346K->76902K(7844352K)] 23154794K->15474638K(23698432K), 1.5788490 secs] [Times: user=1.87 sys=0.01, real=1.58 secs] 
2023-04-09T20:22:36.540+0000: 4321.960: [GC (Allocation Failure) [PSYoungGen: 7816135K->59777K(7848960K)] 23213871K->15528311K(23703040K), 1.5226600 secs] [Times: user=1.83 sys=0.00, real=1.53 secs] 
2023-04-09T20:23:01.322+0000: 4346.742: [GC (Allocation Failure) [PSYoungGen: 7799169K->13770K(7753216K)] 23267703K->15544431K(23607296K), 1.7700112 secs] [Times: user=2.36 sys=0.01, real=1.77 secs] 
2023-04-09T20:23:05.245+0000: 4350.665: [GC (Allocation Failure) [PSYoungGen: 7753162K->55646K(7851520K)] 23283823K->15590044K(23705600K), 1.6257547 secs] [Times: user=2.27 sys=0.00, real=1.63 secs] 
2023-04-09T20:23:08.811+0000: 4354.231: [GC (Allocation Failure) [PSYoungGen: 7797086K->23551K(7764992K)] 23331484K->15588436K(23619072K), 1.7655778 secs] [Times: user=2.07 sys=0.01, real=1.76 secs] 
2023-04-09T20:23:13.145+0000: 4358.564: [GC (Allocation Failure) [PSYoungGen: 7764991K->18640K(7848448K)] 23329876K->15592025K(23702528K), 1.6127359 secs] [Times: user=1.85 sys=0.00, real=1.61 secs] 
2023-04-09T20:23:16.784+0000: 4362.204: [GC (Allocation Failure) [PSYoungGen: 7762128K->14075K(7757824K)] 23335513K->15587549K(23611904K), 1.5330631 secs] [Times: user=1.71 sys=0.00, real=1.53 secs] 
2023-04-09T20:23:23.537+0000: 4368.957: [GC (Allocation Failure) [PSYoungGen: 7757563K->80672K(7834624K)] 23331037K->15655058K(23688704K), 1.5871074 secs] [Times: user=1.85 sys=0.01, real=1.59 secs] 
2023-04-09T20:23:30.514+0000: 4375.934: [GC (Allocation Failure) [PSYoungGen: 7814432K->86738K(7844352K)] 23388818K->15733804K(23698432K), 1.8565521 secs] [Times: user=2.33 sys=0.00, real=1.86 secs] 
2023-04-09T20:23:37.522+0000: 4382.942: [GC (Allocation Failure) [PSYoungGen: 7820498K->83490K(7847424K)] 23467564K->15809028K(23701504K), 1.5241642 secs] [Times: user=1.85 sys=0.02, real=1.52 secs] 
2023-04-09T20:23:52.896+0000: 4398.316: [GC (Allocation Failure) [PSYoungGen: 7810594K->58916K(7786496K)] 23536132K->15864308K(23640576K), 1.5450831 secs] [Times: user=1.84 sys=0.04, real=1.55 secs] 
2023-04-09T20:23:54.441+0000: 4399.861: [Full GC (Ergonomics) [PSYoungGen: 58916K->0K(7786496K)] [ParOldGen: 15805392K->14432818K(16036864K)] 15864308K->14432818K(23823360K), [Metaspace: 130252K->130252K(141312K)], 8.7993058 secs] [Times: user=70.74 sys=0.09, real=8.80 secs] 
2023-04-09T20:24:05.147+0000: 4410.567: [GC (Allocation Failure) [PSYoungGen: 7727104K->50631K(7856640K)] 22159922K->14483449K(23893504K), 1.5861267 secs] [Times: user=1.99 sys=0.01, real=1.59 secs] 
2023-04-09T20:24:09.587+0000: 4415.007: [GC (Allocation Failure) [PSYoungGen: 7784903K->14158K(7849472K)] 22217721K->14483452K(23886336K), 1.6913137 secs] [Times: user=2.43 sys=0.01, real=1.69 secs] 
2023-04-09T20:24:13.251+0000: 4418.670: [GC (Allocation Failure) [PSYoungGen: 7748430K->16184K(7897600K)] 22217724K->14485573K(23934464K), 1.5497931 secs] [Times: user=1.71 sys=0.01, real=1.55 secs] 
2023-04-09T20:24:16.793+0000: 4422.213: [GC (Allocation Failure) [PSYoungGen: 7798584K->14356K(7896064K)] 22267973K->14483826K(23932928K), 1.5333746 secs] [Times: user=1.67 sys=0.00, real=1.53 secs] 
2023-04-09T20:24:22.457+0000: 4427.876: [GC (Allocation Failure) [PSYoungGen: 7796756K->44789K(7897088K)] 22266226K->14514362K(23933952K), 1.5364459 secs] [Times: user=1.74 sys=0.01, real=1.54 secs] 
2023-04-09T20:24:29.941+0000: 4435.361: [GC (Allocation Failure) [PSYoungGen: 7837941K->83544K(7899136K)] 22307514K->14584285K(23936000K), 1.6512924 secs] [Times: user=2.22 sys=0.18, real=1.65 secs] 
2023-04-09T20:24:37.184+0000: 4442.603: [GC (Allocation Failure) [PSYoungGen: 7876696K->77330K(7910400K)] 22377437K->14655239K(23947264K), 1.5478154 secs] [Times: user=1.87 sys=0.05, real=1.55 secs] 
2023-04-09T20:25:00.967+0000: 4466.386: [GC (Allocation Failure) [PSYoungGen: 7874578K->18480K(7816192K)] 22452487K->14675701K(23853056K), 1.7533192 secs] [Times: user=2.23 sys=0.00, real=1.75 secs] 
2023-04-09T20:25:05.124+0000: 4470.544: [GC (Allocation Failure) [PSYoungGen: 7815728K->28928K(7920128K)] 22472949K->14693141K(23956992K), 1.9598895 secs] [Times: user=2.41 sys=0.01, real=1.96 secs] 
2023-04-09T20:25:09.646+0000: 4475.065: [GC (Allocation Failure) [PSYoungGen: 7830784K->42460K(7844352K)] 22494997K->14720618K(23881216K), 1.6876768 secs] [Times: user=2.22 sys=0.00, real=1.69 secs] 
2023-04-09T20:25:13.459+0000: 4478.879: [GC (Allocation Failure) [PSYoungGen: 7844316K->20313K(7910912K)] 22522474K->14712386K(23947776K), 1.6134227 secs] [Times: user=2.21 sys=0.00, real=1.62 secs] 
2023-04-09T20:25:17.122+0000: 4482.541: [GC (Allocation Failure) [PSYoungGen: 7824217K->14327K(7908864K)] 22516290K->14706481K(23945728K), 1.5226980 secs] [Times: user=1.70 sys=0.01, real=1.52 secs] 
2023-04-09T20:25:20.741+0000: 4486.161: [GC (Allocation Failure) [PSYoungGen: 7818231K->15007K(7911424K)] 22510385K->14707265K(23948288K), 1.5415439 secs] [Times: user=1.78 sys=0.01, real=1.54 secs] 
2023-04-09T20:25:24.411+0000: 4489.831: [GC (Allocation Failure) [PSYoungGen: 7823519K->22354K(7909376K)] 22515777K->14714699K(23946240K), 1.6111155 secs] [Times: user=1.87 sys=0.01, real=1.61 secs] 
2023-04-09T20:25:30.095+0000: 4495.514: [GC (Allocation Failure) [PSYoungGen: 7830866K->28956K(7912448K)] 22523211K->14721405K(23949312K), 1.5403531 secs] [Times: user=1.76 sys=0.00, real=1.54 secs] 
2023-04-09T20:25:36.333+0000: 4501.752: [GC (Allocation Failure) [PSYoungGen: 7848732K->73864K(7911424K)] 22541181K->14781442K(23948288K), 1.6423641 secs] [Times: user=1.96 sys=0.00, real=1.64 secs] 
2023-04-09T20:25:42.754+0000: 4508.174: [GC (Allocation Failure) [PSYoungGen: 7893640K->60237K(7923200K)] 22601218K->14824622K(23960064K), 1.5958661 secs] [Times: user=1.98 sys=0.00, real=1.59 secs] 
2023-04-09T20:26:01.439+0000: 4526.859: [GC (Allocation Failure) [PSYoungGen: 7886669K->22157K(7848960K)] 22651054K->14843294K(23885824K), 1.7150442 secs] [Times: user=2.09 sys=0.03, real=1.72 secs] 
2023-04-09T20:26:05.498+0000: 4530.918: [GC (Allocation Failure) [PSYoungGen: 7848589K->29986K(7930368K)] 22669726K->14861523K(23967232K), 1.7462847 secs] [Times: user=2.20 sys=0.02, real=1.75 secs] 
2023-04-09T20:26:09.533+0000: 4534.953: [GC (Allocation Failure) [PSYoungGen: 7861026K->28164K(7859712K)] 22692563K->14874317K(23896576K), 1.5607762 secs] [Times: user=1.91 sys=0.01, real=1.56 secs] 
2023-04-09T20:26:13.304+0000: 4538.724: [GC (Allocation Failure) [PSYoungGen: 7859204K->20251K(7924224K)] 22705357K->14876630K(23961088K), 1.5871257 secs] [Times: user=1.80 sys=0.18, real=1.59 secs] 
2023-04-09T20:26:17.084+0000: 4542.503: [GC (Allocation Failure) [PSYoungGen: 7853851K->19203K(7921664K)] 22710230K->14875670K(23958528K), 1.5364907 secs] [Times: user=1.79 sys=0.01, real=1.53 secs] 
2023-04-09T20:26:23.787+0000: 4549.207: [GC (Allocation Failure) [PSYoungGen: 7852803K->85053K(7911424K)] 22709270K->14952080K(23948288K), 1.7224885 secs] [Times: user=2.03 sys=0.18, real=1.72 secs] 
2023-04-09T20:26:31.511+0000: 4556.930: [GC (Allocation Failure) [PSYoungGen: 7910973K->85587K(7925248K)] 22778000K->15028183K(23962112K), 1.6197831 secs] [Times: user=1.98 sys=0.19, real=1.62 secs] 
2023-04-09T20:26:38.150+0000: 4563.569: [GC (Allocation Failure) [PSYoungGen: 7911350K->80070K(7936512K)] 22853945K->15103610K(23973376K), 1.5480338 secs] [Times: user=1.89 sys=0.01, real=1.55 secs] 
2023-04-09T20:26:57.404+0000: 4582.824: [GC (Allocation Failure) [PSYoungGen: 7905990K->51471K(7877632K)] 22929530K->15151597K(23914496K), 1.5317206 secs] [Times: user=1.81 sys=0.01, real=1.53 secs] 
2023-04-09T20:27:02.667+0000: 4588.087: [GC (Allocation Failure) [PSYoungGen: 7877391K->23003K(7940096K)] 22977517K->15176120K(23976960K), 1.8667727 secs] [Times: user=2.24 sys=0.00, real=1.87 secs] 
2023-04-09T20:27:07.120+0000: 4592.540: [GC (Allocation Failure) [PSYoungGen: 7850971K->34470K(7862784K)] 23004088K->15193907K(23899648K), 1.5677849 secs] [Times: user=2.07 sys=0.00, real=1.57 secs] 
2023-04-09T20:27:10.646+0000: 4596.066: [GC (Allocation Failure) [PSYoungGen: 7862438K->13916K(7934464K)] 23021875K->15184495K(23971328K), 1.5941966 secs] [Times: user=1.95 sys=0.01, real=1.60 secs] 
2023-04-09T20:27:14.294+0000: 4599.714: [GC (Allocation Failure) [PSYoungGen: 7842908K->24925K(7854080K)] 23013487K->15195585K(23890944K), 1.6037370 secs] [Times: user=1.91 sys=0.01, real=1.60 secs] 
2023-04-09T20:27:19.318+0000: 4604.738: [GC (Allocation Failure) [PSYoungGen: 7853917K->56722K(7929856K)] 23024577K->15227469K(23966720K), 1.6063968 secs] [Times: user=1.88 sys=0.01, real=1.61 secs] 
2023-04-09T20:27:26.394+0000: 4611.813: [GC (Allocation Failure) [PSYoungGen: 7885714K->76670K(7929856K)] 23056461K->15277754K(23966720K), 1.5545826 secs] [Times: user=1.88 sys=0.00, real=1.55 secs] 
2023-04-09T20:27:32.912+0000: 4618.332: [GC (Allocation Failure) [PSYoungGen: 7905662K->74459K(7931904K)] 23106746K->15346806K(23968768K), 1.5688138 secs] [Times: user=1.90 sys=0.01, real=1.57 secs] 
2023-04-09T20:27:59.646+0000: 4645.066: [GC (Allocation Failure) [PSYoungGen: 7898331K->35643K(7859712K)] 23170678K->15381149K(23896576K), 1.7012622 secs] [Times: user=1.99 sys=0.00, real=1.70 secs] 
2023-04-09T20:28:04.576+0000: 4649.995: [GC (Allocation Failure) [PSYoungGen: 7859515K->36494K(7937024K)] 23205021K->15418401K(23973888K), 1.7136306 secs] [Times: user=2.14 sys=0.00, real=1.71 secs] 
2023-04-09T20:28:08.280+0000: 4653.700: [GC (Allocation Failure) [PSYoungGen: 7864974K->28862K(7857664K)] 23246881K->15422904K(23894528K), 1.5673564 secs] [Times: user=1.96 sys=0.00, real=1.57 secs] 
2023-04-09T20:28:12.043+0000: 4657.462: [GC (Allocation Failure) [PSYoungGen: 7857342K->15060K(7929856K)] 23251384K->15421257K(23966720K), 1.6197874 secs] [Times: user=1.89 sys=0.00, real=1.62 secs] 
2023-04-09T20:28:15.897+0000: 4661.317: [GC (Allocation Failure) [PSYoungGen: 7844052K->22457K(7851520K)] 23250249K->15428734K(23888384K), 1.8094541 secs] [Times: user=2.20 sys=0.00, real=1.81 secs] 
2023-04-09T20:28:21.044+0000: 4666.463: [GC (Allocation Failure) [PSYoungGen: 7851449K->46063K(7929344K)] 23257726K->15453469K(23966208K), 1.7569348 secs] [Times: user=2.13 sys=0.01, real=1.76 secs] 
2023-04-09T20:28:28.051+0000: 4673.470: [GC (Allocation Failure) [PSYoungGen: 7878127K->77884K(7926272K)] 23285533K->15517953K(23963136K), 1.5587301 secs] [Times: user=1.85 sys=0.01, real=1.55 secs] 
2023-04-09T20:28:34.750+0000: 4680.170: [GC (Allocation Failure) [PSYoungGen: 7909948K->79709K(7927296K)] 23350017K->15592043K(23964160K), 1.5591897 secs] [Times: user=1.91 sys=0.00, real=1.56 secs] 
2023-04-09T20:28:48.745+0000: 4694.164: [GC (Allocation Failure) [PSYoungGen: 7904093K->51147K(7875584K)] 23416427K->15636520K(23912448K), 1.5246874 secs] [Times: user=1.83 sys=0.00, real=1.52 secs] 
2023-04-09T20:29:02.218+0000: 4707.637: [GC (Allocation Failure) [PSYoungGen: 7875531K->28106K(7932416K)] 23460904K->15667855K(23969280K), 1.9996054 secs] [Times: user=2.34 sys=0.00, real=2.00 secs] 
2023-04-09T20:29:06.513+0000: 4711.933: [GC (Allocation Failure) [PSYoungGen: 7855050K->34621K(7861760K)] 23494799K->15678834K(23898624K), 1.6323632 secs] [Times: user=2.27 sys=0.01, real=1.63 secs] 
2023-04-09T20:29:10.337+0000: 4715.756: [GC (Allocation Failure) [PSYoungGen: 7861565K->13934K(7926784K)] 23505778K->15675595K(23963648K), 1.5966208 secs] [Times: user=1.93 sys=0.11, real=1.60 secs] 
2023-04-09T20:29:13.894+0000: 4719.313: [GC (Allocation Failure) [PSYoungGen: 7841390K->16230K(7843840K)] 23503051K->15677988K(23880704K), 1.5964210 secs] [Times: user=1.81 sys=0.01, real=1.59 secs] 
2023-04-09T20:29:18.034+0000: 4723.454: [GC (Allocation Failure) [PSYoungGen: 7843686K->28150K(7929344K)] 23505444K->15691028K(23966208K), 1.6683859 secs] [Times: user=1.95 sys=0.00, real=1.67 secs] 
2023-04-09T20:29:24.857+0000: 4730.277: [GC (Allocation Failure) [PSYoungGen: 7859702K->76806K(7925248K)] 23522580K->15750004K(23962112K), 1.5470541 secs] [Times: user=1.89 sys=0.00, real=1.55 secs] 
2023-04-09T20:29:31.229+0000: 4736.649: [GC (Allocation Failure) [PSYoungGen: 7908358K->81405K(7925248K)] 23581556K->15823995K(23962112K), 1.5804961 secs] [Times: user=1.96 sys=0.02, real=1.58 secs] 
2023-04-09T20:29:38.030+0000: 4743.450: [GC (Allocation Failure) [PSYoungGen: 7904253K->71346K(7933952K)] 23646843K->15884792K(23970816K), 1.9330340 secs] [Times: user=2.34 sys=0.13, real=1.94 secs] 
2023-04-09T20:30:01.228+0000: 4766.648: [GC (Allocation Failure) [PSYoungGen: 7894194K->17364K(7933952K)] 23707640K->15901690K(23970816K), 1.7345781 secs] [Times: user=2.11 sys=0.03, real=1.74 secs] 
2023-04-09T20:30:05.147+0000: 4770.567: [GC (Allocation Failure) [PSYoungGen: 7840212K->38743K(7861760K)] 23724538K->15928924K(23898624K), 1.6428897 secs] [Times: user=2.20 sys=0.00, real=1.64 secs] 
2023-04-09T20:30:08.828+0000: 4774.248: [GC (Allocation Failure) [PSYoungGen: 7861591K->26515K(7932928K)] 23751772K->15929809K(23969792K), 1.5863455 secs] [Times: user=2.05 sys=0.02, real=1.59 secs] 
2023-04-09T20:30:12.550+0000: 4777.970: [GC (Allocation Failure) [PSYoungGen: 7852435K->14466K(7840768K)] 23755729K->15929256K(23877632K), 1.5971541 secs] [Times: user=1.87 sys=0.01, real=1.59 secs] 
2023-04-09T20:30:16.313+0000: 4781.733: [GC (Allocation Failure) [PSYoungGen: 7840386K->15229K(7930368K)] 23755176K->15930107K(23967232K), 1.8598194 secs] [Times: user=2.10 sys=0.00, real=1.86 secs] 
2023-04-09T20:30:20.501+0000: 4785.921: [GC (Allocation Failure) [PSYoungGen: 7843197K->18765K(7846912K)] 23758075K->15933739K(23883776K), 1.5479008 secs] [Times: user=1.78 sys=0.01, real=1.54 secs] 
2023-04-09T20:30:24.058+0000: 4789.478: [GC (Allocation Failure) [PSYoungGen: 7846733K->20354K(7928832K)] 23761707K->15935415K(23965696K), 1.5906509 secs] [Times: user=1.91 sys=0.00, real=1.59 secs] 
2023-04-09T20:30:29.315+0000: 4794.735: [GC (Allocation Failure) [PSYoungGen: 7851906K->43968K(7875584K)] 23766967K->15960158K(23912448K), 1.5156217 secs] [Times: user=1.75 sys=0.01, real=1.52 secs] 
2023-04-09T20:30:36.376+0000: 4801.796: [GC (Allocation Failure) [PSYoungGen: 7875520K->91616K(7893504K)] 23791710K->16046662K(23930368K), 1.9245418 secs] [Times: user=2.27 sys=0.02, real=1.93 secs] 
2023-04-09T20:30:38.301+0000: 4803.721: [Full GC (Ergonomics) [PSYoungGen: 91616K->0K(7893504K)] [ParOldGen: 15955046K->14582380K(16202752K)] 16046662K->14582380K(24096256K), [Metaspace: 130306K->130306K(141312K)], 8.6142473 secs] [Times: user=70.95 sys=0.17, real=8.61 secs] 
2023-04-09T20:30:51.928+0000: 4817.348: [GC (Allocation Failure) [PSYoungGen: 7801856K->87075K(7923200K)] 22384236K->14669456K(24125952K), 1.5410555 secs] [Times: user=1.79 sys=0.01, real=1.54 secs] 
2023-04-09T20:31:01.001+0000: 4826.420: [GC (Allocation Failure) [PSYoungGen: 7888931K->56803K(7931904K)] 22471312K->14721631K(24134656K), 1.7220030 secs] [Times: user=2.04 sys=0.21, real=1.72 secs] 
2023-04-09T20:31:05.070+0000: 4830.490: [GC (Allocation Failure) [PSYoungGen: 7907299K->29287K(7974912K)] 22572127K->14745027K(24177664K), 1.7055017 secs] [Times: user=2.22 sys=0.00, real=1.71 secs] 
2023-04-09T20:31:08.822+0000: 4834.242: [GC (Allocation Failure) [PSYoungGen: 7879783K->33777K(7927808K)] 22595523K->14763797K(24130560K), 1.5669685 secs] [Times: user=1.93 sys=0.01, real=1.56 secs] 
2023-04-09T20:31:12.522+0000: 4837.942: [GC (Allocation Failure) [PSYoungGen: 7890417K->27143K(7971840K)] 22620437K->14760587K(24174592K), 1.5936264 secs] [Times: user=1.92 sys=0.00, real=1.59 secs] 
2023-04-09T20:31:16.959+0000: 4842.379: [GC (Allocation Failure) [PSYoungGen: 7883783K->16378K(7941632K)] 22617227K->14749910K(24144384K), 1.6021215 secs] [Times: user=1.79 sys=0.00, real=1.61 secs] 
2023-04-09T20:31:22.843+0000: 4848.263: [GC (Allocation Failure) [PSYoungGen: 7890938K->66312K(7984128K)] 22624470K->14800108K(24186880K), 1.6141278 secs] [Times: user=1.85 sys=0.01, real=1.61 secs] 
2023-04-09T20:31:29.456+0000: 4854.876: [GC (Allocation Failure) [PSYoungGen: 7940872K->76027K(7956992K)] 22674668K->14868191K(24159744K), 1.5581467 secs] [Times: user=1.87 sys=0.43, real=1.56 secs] 
2023-04-09T20:31:36.782+0000: 4862.202: [GC (Allocation Failure) [PSYoungGen: 7955707K->78314K(7996928K)] 22747871K->14941022K(24199680K), 1.5730091 secs] [Times: user=1.87 sys=0.00, real=1.57 secs] 
2023-04-09T20:31:52.087+0000: 4877.506: [GC (Allocation Failure) [PSYoungGen: 7957994K->45345K(7962112K)] 22820702K->14986089K(24164864K), 1.6144778 secs] [Times: user=1.90 sys=0.00, real=1.62 secs] 
2023-04-09T20:32:01.988+0000: 4887.407: [GC (Allocation Failure) [PSYoungGen: 7925025K->26509K(7995392K)] 22865769K->15014725K(24198144K), 1.7191062 secs] [Times: user=2.02 sys=0.00, real=1.72 secs] 
2023-04-09T20:32:06.021+0000: 4891.441: [GC (Allocation Failure) [PSYoungGen: 7906189K->27648K(7962112K)] 22894405K->15020519K(24164864K), 1.5258861 secs] [Times: user=1.85 sys=0.00, real=1.52 secs] 
2023-04-09T20:32:09.933+0000: 4895.352: [GC (Allocation Failure) [PSYoungGen: 7907328K->25033K(7989248K)] 22900199K->15030228K(24192000K), 1.7449634 secs] [Times: user=2.12 sys=0.00, real=1.74 secs] 
2023-04-09T20:32:15.154+0000: 4900.573: [GC (Allocation Failure) [PSYoungGen: 7904713K->30211K(7959040K)] 22909908K->15035502K(24161792K), 1.7462796 secs] [Times: user=1.98 sys=0.00, real=1.74 secs] 
2023-04-09T20:32:19.877+0000: 4905.296: [GC (Allocation Failure) [PSYoungGen: 7915011K->43388K(7987712K)] 22920302K->15048847K(24190464K), 1.5702265 secs] [Times: user=1.85 sys=0.01, real=1.57 secs] 
2023-04-09T20:32:26.471+0000: 4911.891: [GC (Allocation Failure) [PSYoungGen: 7928188K->80756K(7992832K)] 22933647K->15107927K(24195584K), 1.5475399 secs] [Times: user=1.83 sys=0.01, real=1.54 secs] 
2023-04-09T20:32:33.688+0000: 4919.108: [GC (Allocation Failure) [PSYoungGen: 7981940K->77774K(8007168K)] 23009111K->15176345K(24209920K), 1.6861878 secs] [Times: user=2.10 sys=0.01, real=1.69 secs] 
2023-04-09T20:33:00.024+0000: 4945.444: [GC (Allocation Failure) [PSYoungGen: 7978958K->25515K(8006144K)] 23077529K->15197014K(24208896K), 1.7757089 secs] [Times: user=2.09 sys=0.02, real=1.77 secs] 
2023-04-09T20:33:04.003+0000: 4949.422: [GC (Allocation Failure) [PSYoungGen: 7926699K->29080K(7930368K)] 23098198K->15227035K(24133120K), 1.5740297 secs] [Times: user=1.87 sys=0.01, real=1.57 secs] 
2023-04-09T20:33:07.624+0000: 4953.044: [GC (Allocation Failure) [PSYoungGen: 7930264K->22336K(8010240K)] 23128219K->15233019K(24212992K), 1.6090989 secs] [Times: user=1.99 sys=0.01, real=1.61 secs] 
2023-04-09T20:33:11.732+0000: 4957.152: [GC (Allocation Failure) [PSYoungGen: 7926080K->22079K(7926272K)] 23136763K->15244365K(24129024K), 1.7537206 secs] [Times: user=2.19 sys=0.00, real=1.75 secs] 
2023-04-09T20:33:15.571+0000: 4960.990: [GC (Allocation Failure) [PSYoungGen: 7925823K->24652K(8008192K)] 23148109K->15247002K(24210944K), 1.5509377 secs] [Times: user=1.75 sys=0.00, real=1.55 secs] 
2023-04-09T20:33:21.051+0000: 4966.471: [GC (Allocation Failure) [PSYoungGen: 7931468K->50962K(7958016K)] 23153818K->15273416K(24160768K), 1.5884230 secs] [Times: user=1.82 sys=0.01, real=1.58 secs] 
2023-04-09T20:33:27.980+0000: 4973.399: [GC (Allocation Failure) [PSYoungGen: 7957778K->86116K(7992320K)] 23180232K->15349034K(24195072K), 1.5757849 secs] [Times: user=1.87 sys=0.00, real=1.58 secs] 
2023-04-09T20:33:42.212+0000: 4987.632: [GC (Allocation Failure) [PSYoungGen: 7981668K->61587K(8003584K)] 23244586K->15404657K(24206336K), 1.5233235 secs] [Times: user=1.83 sys=0.01, real=1.52 secs] 
2023-04-09T20:33:58.757+0000: 5004.177: [GC (Allocation Failure) [PSYoungGen: 7957139K->108024K(7955968K)] 23300209K->15538572K(24158720K), 1.6575999 secs] [Times: user=2.67 sys=0.01, real=1.66 secs] 
2023-04-09T20:34:02.703+0000: 5008.123: [GC (Allocation Failure) [PSYoungGen: 7955960K->41967K(7889920K)] 23386508K->15578508K(24092672K), 1.6923797 secs] [Times: user=2.28 sys=0.00, real=1.69 secs] 
2023-04-09T20:34:06.334+0000: 5011.754: [GC (Allocation Failure) [PSYoungGen: 7889903K->49418K(8005632K)] 23426444K->15601814K(24208384K), 1.6268171 secs] [Times: user=2.20 sys=0.00, real=1.63 secs] 
2023-04-09T20:34:10.882+0000: 5016.302: [GC (Allocation Failure) [PSYoungGen: 7904522K->32914K(7888384K)] 23456918K->15617249K(24091136K), 1.6657089 secs] [Times: user=2.16 sys=0.00, real=1.66 secs] 
2023-04-09T20:34:14.514+0000: 5019.934: [GC (Allocation Failure) [PSYoungGen: 7888018K->26690K(7997952K)] 23472353K->15624521K(24200704K), 1.5712771 secs] [Times: user=1.93 sys=0.01, real=1.57 secs] 
2023-04-09T20:34:18.522+0000: 5023.942: [GC (Allocation Failure) [PSYoungGen: 7885378K->45908K(7904768K)] 23483209K->15653219K(24107520K), 1.5484229 secs] [Times: user=1.85 sys=0.00, real=1.55 secs] 
2023-04-09T20:34:23.695+0000: 5029.115: [GC (Allocation Failure) [PSYoungGen: 7904596K->105367K(7975936K)] 23511907K->15741559K(24178688K), 1.5749360 secs] [Times: user=1.98 sys=0.01, real=1.57 secs] 
2023-04-09T20:34:29.212+0000: 5034.632: [GC (Allocation Failure) [PSYoungGen: 7952279K->92937K(7987712K)] 23588471K->15827328K(24190464K), 1.6989756 secs] [Times: user=2.30 sys=0.01, real=1.70 secs] 
2023-04-09T20:34:49.256+0000: 5054.676: [GC (Allocation Failure) [PSYoungGen: 7939849K->47951K(7980032K)] 23674240K->15869023K(24182784K), 1.5240692 secs] [Times: user=1.92 sys=0.00, real=1.52 secs] 
2023-04-09T20:35:02.278+0000: 5067.698: [GC (Allocation Failure) [PSYoungGen: 7894863K->15431K(7986176K)] 23715935K->15882183K(24188928K), 1.8212226 secs] [Times: user=2.27 sys=0.00, real=1.82 secs] 
2023-04-09T20:35:06.855+0000: 5072.274: [GC (Allocation Failure) [PSYoungGen: 7862343K->37712K(7974912K)] 23729095K->15908952K(24177664K), 1.8963674 secs] [Times: user=2.61 sys=0.00, real=1.90 secs] 
2023-04-09T20:35:10.720+0000: 5076.139: [GC (Allocation Failure) [PSYoungGen: 7884624K->36880K(7884288K)] 23755864K->15923824K(24087040K), 1.5824672 secs] [Times: user=2.13 sys=0.01, real=1.59 secs] 
2023-04-09T20:35:14.545+0000: 5079.965: [GC (Allocation Failure) [PSYoungGen: 7883792K->13856K(7976448K)] 23770736K->15921983K(24179200K), 1.5820229 secs] [Times: user=1.90 sys=0.00, real=1.58 secs] 
2023-04-09T20:35:18.111+0000: 5083.531: [GC (Allocation Failure) [PSYoungGen: 7861792K->25672K(7874048K)] 23769919K->15933887K(24076800K), 1.5294266 secs] [Times: user=1.84 sys=0.00, real=1.52 secs] 
2023-04-09T20:35:22.167+0000: 5087.587: [GC (Allocation Failure) [PSYoungGen: 7873608K->18674K(7974400K)] 23781823K->15926977K(24177152K), 1.6025067 secs] [Times: user=1.91 sys=0.00, real=1.60 secs] 
2023-04-09T20:35:26.327+0000: 5091.747: [GC (Allocation Failure) [PSYoungGen: 7869682K->18601K(7971328K)] 23777985K->15926975K(24174080K), 1.8913924 secs] [Times: user=2.34 sys=0.01, real=1.89 secs] 
2023-04-09T20:35:32.341+0000: 5097.761: [GC (Allocation Failure) [PSYoungGen: 7869609K->68784K(7971840K)] 23777983K->15977639K(24174592K), 1.5643147 secs] [Times: user=1.84 sys=0.01, real=1.56 secs] 
2023-04-09T20:35:38.469+0000: 5103.889: [GC (Allocation Failure) [PSYoungGen: 7923888K->77926K(7974400K)] 23832743K->16043740K(24177152K), 1.5649676 secs] [Times: user=1.87 sys=0.02, real=1.57 secs] 
2023-04-09T20:35:44.329+0000: 5109.749: [GC (Allocation Failure) [PSYoungGen: 7933030K->75888K(7979008K)] 23898844K->16114911K(24181760K), 1.6902966 secs] [Times: user=2.08 sys=0.04, real=1.69 secs] 
2023-04-09T20:36:01.400+0000: 5126.820: [GC (Allocation Failure) [PSYoungGen: 7933040K->30283K(7887872K)] 23972063K->16142338K(24090624K), 1.7928532 secs] [Times: user=2.12 sys=0.04, real=1.80 secs] 
2023-04-09T20:36:03.193+0000: 5128.612: [Full GC (Ergonomics) [PSYoungGen: 30283K->0K(7887872K)] [ParOldGen: 16112054K->14088648K(15654400K)] 16142338K->14088648K(23542272K), [Metaspace: 130358K->130358K(141312K)], 11.1808560 secs] [Times: user=78.95 sys=0.07, real=11.18 secs] 
2023-04-09T20:36:16.412+0000: 5141.831: [GC (Allocation Failure) [PSYoungGen: 7857152K->53962K(7969280K)] 21945800K->14142618K(23623680K), 1.5756393 secs] [Times: user=2.08 sys=0.00, real=1.57 secs] 
2023-04-09T20:36:19.994+0000: 5145.413: [GC (Allocation Failure) [PSYoungGen: 7911114K->17322K(7874560K)] 21999770K->14139453K(23528960K), 1.5432301 secs] [Times: user=1.94 sys=0.00, real=1.54 secs] 
2023-04-09T20:36:23.620+0000: 5149.040: [GC (Allocation Failure) [PSYoungGen: 7874474K->16845K(7969280K)] 21996605K->14139071K(23623680K), 1.5408965 secs] [Times: user=1.71 sys=0.00, real=1.54 secs] 
2023-04-09T20:36:28.417+0000: 5153.837: [GC (Allocation Failure) [PSYoungGen: 7873997K->23132K(7880704K)] 21996223K->14145438K(23535104K), 1.6598413 secs] [Times: user=1.90 sys=0.01, real=1.66 secs] 
2023-04-09T20:36:34.129+0000: 5159.549: [GC (Allocation Failure) [PSYoungGen: 7880284K->82378K(7958528K)] 22002590K->14206204K(23612928K), 1.5313016 secs] [Times: user=1.80 sys=0.00, real=1.54 secs] 
2023-04-09T20:36:39.725+0000: 5165.144: [GC (Allocation Failure) [PSYoungGen: 7930626K->87893K(7967232K)] 22054453K->14277304K(23621632K), 1.5378247 secs] [Times: user=1.84 sys=0.00, real=1.54 secs] 
2023-04-09T20:36:45.315+0000: 5170.734: [GC (Allocation Failure) [PSYoungGen: 7936341K->71959K(7975424K)] 22125752K->14332369K(23629824K), 1.7461181 secs] [Times: user=2.08 sys=0.01, real=1.75 secs] 
2023-04-09T20:37:01.247+0000: 5186.667: [GC (Allocation Failure) [PSYoungGen: 7919895K->25576K(7873536K)] 22180305K->14356883K(23527936K), 1.7404136 secs] [Times: user=2.01 sys=0.01, real=1.74 secs] 
2023-04-09T20:37:05.544+0000: 5190.964: [GC (Allocation Failure) [PSYoungGen: 7873512K->32772K(7962624K)] 22204819K->14382519K(23617024K), 1.8956258 secs] [Times: user=2.38 sys=0.00, real=1.89 secs] 
2023-04-09T20:37:09.680+0000: 5195.100: [GC (Allocation Failure) [PSYoungGen: 7880708K->28290K(7876608K)] 22230455K->14394613K(23531008K), 1.6050641 secs] [Times: user=2.00 sys=0.01, real=1.61 secs] 
2023-04-09T20:37:13.279+0000: 5198.699: [GC (Allocation Failure) [PSYoungGen: 7876226K->15115K(7960576K)] 22242549K->14389281K(23614976K), 1.5673225 secs] [Times: user=1.80 sys=0.00, real=1.57 secs] 
2023-04-09T20:37:17.146+0000: 5202.566: [GC (Allocation Failure) [PSYoungGen: 7863051K->28725K(7877120K)] 22237217K->14402963K(23531520K), 1.5681363 secs] [Times: user=1.77 sys=0.01, real=1.57 secs] 
2023-04-09T20:37:23.440+0000: 5208.859: [GC (Allocation Failure) [PSYoungGen: 7876661K->83397K(7947776K)] 22250899K->14460283K(23602176K), 1.6886313 secs] [Times: user=2.07 sys=0.16, real=1.69 secs] 
2023-04-09T20:37:30.193+0000: 5215.613: [GC (Allocation Failure) [PSYoungGen: 7922117K->81801K(7956992K)] 22299003K->14532071K(23611392K), 1.6042160 secs] [Times: user=1.89 sys=0.01, real=1.60 secs] 
2023-04-09T20:37:36.876+0000: 5222.296: [GC (Allocation Failure) [PSYoungGen: 7920521K->72517K(7962112K)] 22370791K->14595891K(23616512K), 1.5760896 secs] [Times: user=1.88 sys=0.00, real=1.58 secs] 
2023-04-09T20:38:01.353+0000: 5246.773: [GC (Allocation Failure) [PSYoungGen: 7910213K->29184K(7867392K)] 22433587K->14625541K(23521792K), 1.8072382 secs] [Times: user=2.08 sys=0.00, real=1.80 secs] 
2023-04-09T20:38:06.311+0000: 5251.730: [GC (Allocation Failure) [PSYoungGen: 7866880K->43514K(7947264K)] 22463237K->14656646K(23601664K), 1.5953575 secs] [Times: user=2.04 sys=0.01, real=1.59 secs] 
2023-04-09T20:38:10.083+0000: 5255.503: [GC (Allocation Failure) [PSYoungGen: 7881210K->25887K(7863808K)] 22494342K->14662690K(23518208K), 1.5966089 secs] [Times: user=1.98 sys=0.01, real=1.59 secs] 
2023-04-09T20:38:14.017+0000: 5259.437: [GC (Allocation Failure) [PSYoungGen: 7863583K->20068K(7946240K)] 22500386K->14663009K(23600640K), 1.6077322 secs] [Times: user=1.83 sys=0.00, real=1.61 secs] 
2023-04-09T20:38:17.891+0000: 5263.310: [GC (Allocation Failure) [PSYoungGen: 7857764K->15592K(7853568K)] 22500705K->14658637K(23507968K), 1.6073846 secs] [Times: user=1.81 sys=0.01, real=1.60 secs] 
2023-04-09T20:38:24.459+0000: 5269.879: [GC (Allocation Failure) [PSYoungGen: 7853288K->65706K(7943680K)] 22496333K->14709856K(23598080K), 1.6934914 secs] [Times: user=1.97 sys=0.01, real=1.70 secs] 
2023-04-09T20:38:31.056+0000: 5276.476: [GC (Allocation Failure) [PSYoungGen: 7900842K->71444K(7946240K)] 22544992K->14772826K(23600640K), 1.6323857 secs] [Times: user=1.95 sys=0.01, real=1.63 secs] 
2023-04-09T20:38:37.558+0000: 5282.978: [GC (Allocation Failure) [PSYoungGen: 7906580K->71712K(7947264K)] 22607962K->14835150K(23601664K), 1.5897257 secs] [Times: user=1.91 sys=0.01, real=1.59 secs] 
2023-04-09T20:39:00.231+0000: 5305.651: [GC (Allocation Failure) [PSYoungGen: 7904288K->27415K(7860224K)] 22667726K->14853573K(23514624K), 1.8606727 secs] [Times: user=2.12 sys=0.00, real=1.86 secs] 
2023-04-09T20:39:05.106+0000: 5310.525: [GC (Allocation Failure) [PSYoungGen: 7859991K->33623K(7937536K)] 22686149K->14885428K(23591936K), 1.6467590 secs] [Times: user=2.12 sys=0.00, real=1.65 secs] 
2023-04-09T20:39:08.916+0000: 5314.336: [GC (Allocation Failure) [PSYoungGen: 7866199K->32800K(7865856K)] 22718004K->14894885K(23520256K), 1.6173142 secs] [Times: user=2.07 sys=0.16, real=1.62 secs] 
2023-04-09T20:39:12.698+0000: 5318.118: [GC (Allocation Failure) [PSYoungGen: 7865376K->20744K(7933952K)] 22727461K->14892056K(23588352K), 1.5747485 secs] [Times: user=1.81 sys=0.02, real=1.58 secs] 
2023-04-09T20:39:16.858+0000: 5322.278: [GC (Allocation Failure) [PSYoungGen: 7853320K->15144K(7847936K)] 22724632K->14886528K(23502336K), 1.6662968 secs] [Times: user=1.88 sys=0.01, real=1.67 secs] 
2023-04-09T20:39:23.078+0000: 5328.498: [GC (Allocation Failure) [PSYoungGen: 7847720K->50316K(7929856K)] 22719104K->14923845K(23584256K), 1.7598906 secs] [Times: user=1.95 sys=0.00, real=1.76 secs] 
2023-04-09T20:39:29.738+0000: 5335.158: [GC (Allocation Failure) [PSYoungGen: 7882892K->74603K(7931904K)] 22756421K->14988163K(23586304K), 1.6155687 secs] [Times: user=1.91 sys=0.01, real=1.62 secs] 
2023-04-09T20:40:00.547+0000: 5365.967: [GC (Allocation Failure) [PSYoungGen: 7907179K->21470K(7933952K)] 22820739K->15006622K(23588352K), 1.9376570 secs] [Times: user=2.34 sys=0.00, real=1.94 secs] 
2023-04-09T20:40:05.629+0000: 5371.048: [GC (Allocation Failure) [PSYoungGen: 7854046K->30287K(7863296K)] 22839198K->15032783K(23517696K), 1.7568507 secs] [Times: user=2.26 sys=0.01, real=1.76 secs] 
2023-04-09T20:40:09.721+0000: 5375.140: [GC (Allocation Failure) [PSYoungGen: 7862863K->27226K(7924736K)] 22865359K->15040698K(23579136K), 1.6099562 secs] [Times: user=1.99 sys=0.00, real=1.61 secs] 
2023-04-09T20:40:13.553+0000: 5378.972: [GC (Allocation Failure) [PSYoungGen: 7859802K->24961K(7857664K)] 22873274K->15051736K(23512064K), 1.6093063 secs] [Times: user=1.98 sys=0.00, real=1.61 secs] 
2023-04-09T20:40:17.349+0000: 5382.769: [GC (Allocation Failure) [PSYoungGen: 7857537K->21724K(7919104K)] 22884312K->15048579K(23573504K), 1.6563554 secs] [Times: user=1.94 sys=0.01, real=1.66 secs] 
2023-04-09T20:40:22.290+0000: 5387.710: [GC (Allocation Failure) [PSYoungGen: 7854300K->25842K(7858688K)] 22881155K->15052777K(23513088K), 1.6853637 secs] [Times: user=2.16 sys=0.01, real=1.69 secs] 
2023-04-09T20:40:26.261+0000: 5391.681: [GC (Allocation Failure) [PSYoungGen: 7858418K->25749K(7911424K)] 22885353K->15055316K(23565824K), 1.6313033 secs] [Times: user=1.87 sys=0.19, real=1.63 secs] 
2023-04-09T20:40:30.505+0000: 5395.925: [GC (Allocation Failure) [PSYoungGen: 7858325K->19369K(7852032K)] 22887892K->15049016K(23506432K), 1.5957002 secs] [Times: user=1.88 sys=0.00, real=1.60 secs] 
2023-04-09T20:40:37.566+0000: 5402.986: [GC (Allocation Failure) [PSYoungGen: 7851945K->80382K(7894528K)] 22881592K->15125706K(23548928K), 1.6204815 secs] [Times: user=1.94 sys=0.12, real=1.62 secs] 
2023-04-09T20:40:45.523+0000: 5410.943: [GC (Allocation Failure) [PSYoungGen: 7894526K->83165K(7912960K)] 22939850K->15205282K(23567360K), 1.6034209 secs] [Times: user=2.05 sys=0.24, real=1.60 secs] 
2023-04-09T20:40:53.880+0000: 5419.299: [GC (Allocation Failure) [PSYoungGen: 7897309K->71883K(7920128K)] 23019426K->15272576K(23574528K), 1.5613368 secs] [Times: user=1.90 sys=0.00, real=1.57 secs] 
2023-04-09T20:41:02.907+0000: 5428.327: [GC (Allocation Failure) [PSYoungGen: 7882443K->19921K(7830528K)] 23083136K->15291605K(23484928K), 1.8505553 secs] [Times: user=2.25 sys=0.00, real=1.85 secs] 
2023-04-09T20:41:07.105+0000: 5432.525: [GC (Allocation Failure) [PSYoungGen: 7830481K->41595K(7909376K)] 23102165K->15317799K(23563776K), 1.6196312 secs] [Times: user=2.07 sys=0.00, real=1.62 secs] 
2023-04-09T20:41:11.082+0000: 5436.502: [GC (Allocation Failure) [PSYoungGen: 7852155K->21099K(7832064K)] 23128359K->15328391K(23486464K), 1.6027861 secs] [Times: user=2.11 sys=0.00, real=1.60 secs] 
2023-04-09T20:41:14.799+0000: 5440.219: [GC (Allocation Failure) [PSYoungGen: 7831659K->23928K(7906816K)] 23138951K->15331291K(23561216K), 1.6353775 secs] [Times: user=1.93 sys=0.00, real=1.64 secs] 
2023-04-09T20:41:19.878+0000: 5445.297: [GC (Allocation Failure) [PSYoungGen: 7834488K->39787K(7850496K)] 23141851K->15347230K(23504896K), 1.8286273 secs] [Times: user=2.11 sys=0.13, real=1.83 secs] 
2023-04-09T20:41:27.028+0000: 5452.447: [GC (Allocation Failure) [PSYoungGen: 7850347K->86802K(7892480K)] 23157790K->15417501K(23546880K), 1.6021169 secs] [Times: user=1.99 sys=0.00, real=1.60 secs] 
2023-04-09T20:41:33.689+0000: 5459.109: [GC (Allocation Failure) [PSYoungGen: 7885586K->79506K(7904256K)] 23216285K->15482141K(23558656K), 1.6214268 secs] [Times: user=2.04 sys=0.01, real=1.63 secs] 
2023-04-09T20:41:47.796+0000: 5473.216: [GC (Allocation Failure) [PSYoungGen: 7878290K->60890K(7908352K)] 23280925K->15537213K(23562752K), 1.5824107 secs] [Times: user=1.92 sys=0.01, real=1.58 secs] 
2023-04-09T20:42:02.566+0000: 5487.986: [GC (Allocation Failure) [PSYoungGen: 7859674K->38442K(7837696K)] 23335997K->15576165K(23492096K), 1.7422656 secs] [Times: user=2.20 sys=0.00, real=1.74 secs] 
2023-04-09T20:42:06.596+0000: 5492.015: [GC (Allocation Failure) [PSYoungGen: 7837226K->33046K(7899136K)] 23374949K->15597241K(23553536K), 1.6696770 secs] [Times: user=2.13 sys=0.01, real=1.67 secs] 
2023-04-09T20:42:08.265+0000: 5493.685: [Full GC (Ergonomics) [PSYoungGen: 33046K->0K(7899136K)] [ParOldGen: 15564195K->14247211K(15830528K)] 15597241K->14247211K(23729664K), [Metaspace: 130456K->130456K(141312K)], 8.5114412 secs] [Times: user=67.21 sys=0.00, real=8.51 secs] 
2023-04-09T20:42:19.262+0000: 5504.682: [GC (Allocation Failure) [PSYoungGen: 7798784K->17593K(7816704K)] 22045995K->14264805K(23647232K), 1.8212586 secs] [Times: user=2.00 sys=0.01, real=1.82 secs] 
2023-04-09T20:42:23.688+0000: 5509.108: [GC (Allocation Failure) [PSYoungGen: 7816377K->22124K(7897088K)] 22063589K->14270648K(23727616K), 1.6064811 secs] [Times: user=1.78 sys=0.01, real=1.61 secs] 
2023-04-09T20:42:29.297+0000: 5514.716: [GC (Allocation Failure) [PSYoungGen: 7820908K->30771K(7830016K)] 22069432K->14280383K(23660544K), 1.6267651 secs] [Times: user=1.80 sys=0.02, real=1.63 secs] 
2023-04-09T20:42:35.999+0000: 5521.419: [GC (Allocation Failure) [PSYoungGen: 7829555K->73139K(7888384K)] 22079167K->14336047K(23718912K), 1.5806680 secs] [Times: user=1.83 sys=0.01, real=1.58 secs] 
2023-04-09T20:42:43.648+0000: 5529.068: [GC (Allocation Failure) [PSYoungGen: 7865267K->72803K(7895040K)] 22128175K->14402279K(23725568K), 1.5928301 secs] [Times: user=1.88 sys=0.01, real=1.60 secs] 
2023-04-09T20:43:00.463+0000: 5545.883: [GC (Allocation Failure) [PSYoungGen: 7864931K->48402K(7889408K)] 22194407K->14444318K(23719936K), 2.0615403 secs] [Times: user=2.38 sys=0.06, real=2.06 secs] 
2023-04-09T20:43:05.063+0000: 5550.482: [GC (Allocation Failure) [PSYoungGen: 7840530K->29350K(7821824K)] 22236446K->14471522K(23652352K), 1.6662674 secs] [Times: user=2.03 sys=0.09, real=1.66 secs] 
2023-04-09T20:43:08.887+0000: 5554.307: [GC (Allocation Failure) [PSYoungGen: 7821478K->29685K(7885824K)] 22263650K->14482489K(23716352K), 1.5641369 secs] [Times: user=1.93 sys=0.01, real=1.57 secs] 
2023-04-09T20:43:12.571+0000: 5557.991: [GC (Allocation Failure) [PSYoungGen: 7821813K->18850K(7811072K)] 22274617K->14483215K(23641600K), 1.5968581 secs] [Times: user=1.84 sys=0.01, real=1.59 secs] 
2023-04-09T20:43:16.475+0000: 5561.895: [GC (Allocation Failure) [PSYoungGen: 7810978K->23089K(7890432K)] 22275343K->14487526K(23720960K), 1.6280978 secs] [Times: user=1.89 sys=0.01, real=1.63 secs] 
2023-04-09T20:43:22.886+0000: 5568.306: [GC (Allocation Failure) [PSYoungGen: 7817777K->53692K(7887872K)] 22282214K->14518202K(23718400K), 1.5984347 secs] [Times: user=1.81 sys=0.01, real=1.60 secs] 
2023-04-09T20:43:29.124+0000: 5574.544: [GC (Allocation Failure) [PSYoungGen: 7848380K->73030K(7881216K)] 22312890K->14572876K(23711744K), 1.5890142 secs] [Times: user=1.87 sys=0.00, real=1.59 secs] 
2023-04-09T20:43:35.169+0000: 5580.588: [GC (Allocation Failure) [PSYoungGen: 7861062K->65933K(7887872K)] 22360908K->14629962K(23718400K), 1.5944699 secs] [Times: user=1.91 sys=0.01, real=1.60 secs] 
2023-04-09T20:43:57.441+0000: 5602.861: [GC (Allocation Failure) [PSYoungGen: 7853965K->20165K(7888384K)] 22417994K->14656375K(23718912K), 1.7299375 secs] [Times: user=2.03 sys=0.01, real=1.73 secs] 
2023-04-09T20:44:03.033+0000: 5608.453: [GC (Allocation Failure) [PSYoungGen: 7808197K->19945K(7808000K)] 22444407K->14677523K(23638528K), 1.8103637 secs] [Times: user=2.06 sys=0.00, real=1.81 secs] 
2023-04-09T20:44:07.031+0000: 5612.451: [GC (Allocation Failure) [PSYoungGen: 7807977K->28319K(7891456K)] 22465555K->14690906K(23721984K), 1.6161741 secs] [Times: user=1.99 sys=0.01, real=1.61 secs] 
2023-04-09T20:44:10.741+0000: 5616.161: [GC (Allocation Failure) [PSYoungGen: 7819935K->18691K(7810560K)] 22482522K->14694464K(23641088K), 1.6354084 secs] [Times: user=2.00 sys=0.00, real=1.63 secs] 
2023-04-09T20:44:14.532+0000: 5619.951: [GC (Allocation Failure) [PSYoungGen: 7810307K->35675K(7890432K)] 22486080K->14711520K(23720960K), 1.6072874 secs] [Times: user=1.95 sys=0.01, real=1.60 secs] 
2023-04-09T20:44:20.594+0000: 5626.014: [GC (Allocation Failure) [PSYoungGen: 7832923K->44659K(7842304K)] 22508768K->14720608K(23672832K), 1.5903539 secs] [Times: user=1.85 sys=0.01, real=1.59 secs] 
2023-04-09T20:44:26.651+0000: 5632.071: [GC (Allocation Failure) [PSYoungGen: 7841907K->78804K(7873536K)] 22517856K->14786001K(23704064K), 1.6526083 secs] [Times: user=1.95 sys=0.01, real=1.65 secs] 
2023-04-09T20:44:33.803+0000: 5639.222: [GC (Allocation Failure) [PSYoungGen: 7865812K->69782K(7883776K)] 22573009K->14845851K(23714304K), 1.5862629 secs] [Times: user=1.91 sys=0.01, real=1.58 secs] 
2023-04-09T20:45:01.253+0000: 5666.673: [GC (Allocation Failure) [PSYoungGen: 7856790K->20115K(7885312K)] 22632859K->14866192K(23715840K), 1.8098273 secs] [Times: user=2.28 sys=0.01, real=1.81 secs] 
2023-04-09T20:45:05.482+0000: 5670.901: [GC (Allocation Failure) [PSYoungGen: 7807123K->47687K(7835136K)] 22653200K->14896348K(23665664K), 1.7650424 secs] [Times: user=2.65 sys=0.01, real=1.76 secs] 
2023-04-09T20:45:09.386+0000: 5674.806: [GC (Allocation Failure) [PSYoungGen: 7834695K->27787K(7878144K)] 22683356K->14899912K(23708672K), 1.5922478 secs] [Times: user=1.99 sys=0.00, real=1.59 secs] 
2023-04-09T20:45:13.297+0000: 5678.717: [GC (Allocation Failure) [PSYoungGen: 7814795K->22001K(7809024K)] 22686920K->14905737K(23639552K), 1.6801204 secs] [Times: user=2.01 sys=0.00, real=1.68 secs] 
2023-04-09T20:45:17.839+0000: 5683.259: [GC (Allocation Failure) [PSYoungGen: 7809009K->17073K(7880192K)] 22692745K->14900898K(23710720K), 1.6445375 secs] [Times: user=1.88 sys=0.00, real=1.65 secs] 
2023-04-09T20:45:21.663+0000: 5687.082: [GC (Allocation Failure) [PSYoungGen: 7805617K->19265K(7808000K)] 22689442K->14903193K(23638528K), 1.6177530 secs] [Times: user=1.81 sys=0.00, real=1.62 secs] 
2023-04-09T20:45:25.630+0000: 5691.050: [GC (Allocation Failure) [PSYoungGen: 7807559K->24445K(7880192K)] 22691487K->14908454K(23710720K), 1.6671180 secs] [Times: user=1.90 sys=0.01, real=1.67 secs] 
2023-04-09T20:45:30.524+0000: 5695.944: [GC (Allocation Failure) [PSYoungGen: 7816573K->39993K(7832576K)] 22700582K->14924097K(23663104K), 1.6386231 secs] [Times: user=1.95 sys=0.01, real=1.64 secs] 
2023-04-09T20:45:38.566+0000: 5703.986: [GC (Allocation Failure) [PSYoungGen: 7832121K->73223K(7864832K)] 22716225K->14980976K(23695360K), 1.5649174 secs] [Times: user=1.83 sys=0.00, real=1.57 secs] 
2023-04-09T20:45:45.198+0000: 5710.618: [GC (Allocation Failure) [PSYoungGen: 7856135K->77530K(7874048K)] 22763888K->15049611K(23704576K), 1.5963916 secs] [Times: user=1.96 sys=0.01, real=1.60 secs] 
2023-04-09T20:45:51.904+0000: 5717.324: [GC (Allocation Failure) [PSYoungGen: 7860442K->77595K(7876096K)] 22832523K->15115819K(23706624K), 1.5621533 secs] [Times: user=1.89 sys=0.01, real=1.56 secs] 
2023-04-09T20:46:01.205+0000: 5726.624: [GC (Allocation Failure) [PSYoungGen: 7853339K->44202K(7820288K)] 22891563K->15154866K(23650816K), 1.8185817 secs] [Times: user=2.11 sys=0.18, real=1.82 secs] 
2023-04-09T20:46:05.313+0000: 5730.732: [GC (Allocation Failure) [PSYoungGen: 7819946K->38974K(7868416K)] 22930610K->15189454K(23698944K), 1.6103892 secs] [Times: user=2.05 sys=0.00, real=1.61 secs] 
2023-04-09T20:46:09.094+0000: 5734.513: [GC (Allocation Failure) [PSYoungGen: 7814718K->17346K(7793152K)] 22965198K->15184521K(23623680K), 1.6480548 secs] [Times: user=2.01 sys=0.00, real=1.65 secs] 
2023-04-09T20:46:12.896+0000: 5738.315: [GC (Allocation Failure) [PSYoungGen: 7793090K->14830K(7873024K)] 22960265K->15182069K(23703552K), 1.5974136 secs] [Times: user=1.82 sys=0.00, real=1.60 secs] 
2023-04-09T20:46:17.794+0000: 5743.214: [GC (Allocation Failure) [PSYoungGen: 7791086K->21423K(7797760K)] 22958325K->15188718K(23628288K), 1.6564381 secs] [Times: user=1.86 sys=0.00, real=1.66 secs] 
2023-04-09T20:46:24.366+0000: 5749.785: [GC (Allocation Failure) [PSYoungGen: 7797679K->71237K(7863296K)] 22964974K->15239300K(23693824K), 1.8486329 secs] [Times: user=2.17 sys=0.26, real=1.85 secs] 
2023-04-09T20:46:31.207+0000: 5756.627: [GC (Allocation Failure) [PSYoungGen: 7840837K->74077K(7869952K)] 23008900K->15304211K(23700480K), 1.6582216 secs] [Times: user=2.05 sys=0.04, real=1.66 secs] 
2023-04-09T20:47:00.751+0000: 5786.170: [GC (Allocation Failure) [PSYoungGen: 7843677K->27379K(7869440K)] 23073811K->15326041K(23699968K), 1.7380616 secs] [Times: user=2.05 sys=0.01, real=1.73 secs] 
2023-04-09T20:47:04.943+0000: 5790.363: [GC (Allocation Failure) [PSYoungGen: 7796979K->30866K(7800832K)] 23095641K->15347369K(23631360K), 1.6462848 secs] [Times: user=2.00 sys=0.00, real=1.64 secs] 
2023-04-09T20:47:08.700+0000: 5794.120: [GC (Allocation Failure) [PSYoungGen: 7800466K->26135K(7872000K)] 23116969K->15353462K(23702528K), 1.6169159 secs] [Times: user=2.11 sys=0.00, real=1.62 secs] 
2023-04-09T20:47:12.878+0000: 5798.298: [GC (Allocation Failure) [PSYoungGen: 7798807K->17246K(7790080K)] 23126134K->15352354K(23620608K), 1.8290300 secs] [Times: user=2.23 sys=0.00, real=1.83 secs] 
2023-04-09T20:47:17.127+0000: 5802.547: [GC (Allocation Failure) [PSYoungGen: 7789918K->20260K(7869952K)] 23125026K->15355457K(23700480K), 1.6155898 secs] [Times: user=1.82 sys=0.01, real=1.62 secs] 
2023-04-09T20:47:22.496+0000: 5807.916: [GC (Allocation Failure) [PSYoungGen: 7795492K->57640K(7867392K)] 23130689K->15392933K(23697920K), 1.5682196 secs] [Times: user=1.86 sys=0.00, real=1.57 secs] 
2023-04-09T20:47:28.567+0000: 5813.986: [GC (Allocation Failure) [PSYoungGen: 7832872K->67743K(7863808K)] 23168165K->15446587K(23694336K), 1.5757665 secs] [Times: user=1.88 sys=0.00, real=1.58 secs] 
2023-04-09T20:47:35.236+0000: 5820.656: [GC (Allocation Failure) [PSYoungGen: 7837343K->72582K(7869440K)] 23216187K->15512875K(23699968K), 1.6312545 secs] [Times: user=1.99 sys=0.00, real=1.63 secs] 
2023-04-09T20:47:41.098+0000: 5826.517: [GC (Allocation Failure) [PSYoungGen: 7842182K->64282K(7873536K)] 23282475K->15566446K(23704064K), 1.5554293 secs] [Times: user=1.90 sys=0.01, real=1.56 secs] 
2023-04-09T20:48:00.772+0000: 5846.191: [GC (Allocation Failure) [PSYoungGen: 7832346K->20212K(7788544K)] 23334510K->15585313K(23619072K), 1.6850505 secs] [Times: user=1.99 sys=0.00, real=1.68 secs] 
2023-04-09T20:48:04.633+0000: 5850.052: [GC (Allocation Failure) [PSYoungGen: 7788276K->28752K(7876608K)] 23353377K->15600580K(23707136K), 1.5925845 secs] [Times: user=2.08 sys=0.01, real=1.59 secs] 
2023-04-09T20:48:08.285+0000: 5853.705: [GC (Allocation Failure) [PSYoungGen: 7800400K->19383K(7791104K)] 23372228K->15604936K(23621632K), 1.5336963 secs] [Times: user=1.85 sys=0.01, real=1.53 secs] 
2023-04-09T20:48:12.543+0000: 5857.963: [GC (Allocation Failure) [PSYoungGen: 7791031K->15894K(7872512K)] 23376584K->15601550K(23703040K), 1.8162979 secs] [Times: user=2.16 sys=0.01, real=1.81 secs] 
2023-04-09T20:48:16.412+0000: 5861.831: [GC (Allocation Failure) [PSYoungGen: 7789078K->15782K(7789056K)] 23374734K->15601519K(23619584K), 1.5455774 secs] [Times: user=1.81 sys=0.01, real=1.54 secs] 
2023-04-09T20:48:21.714+0000: 5867.134: [GC (Allocation Failure) [PSYoungGen: 7788966K->59112K(7865344K)] 23374703K->15645049K(23695872K), 1.5919974 secs] [Times: user=2.05 sys=0.01, real=1.59 secs] 
2023-04-09T20:48:27.126+0000: 5872.546: [GC (Allocation Failure) [PSYoungGen: 7829224K->68696K(7868416K)] 23415161K->15698432K(23698944K), 1.5671919 secs] [Times: user=1.87 sys=0.01, real=1.57 secs] 
2023-04-09T20:48:42.090+0000: 5887.510: [GC (Allocation Failure) [PSYoungGen: 7838808K->47669K(7866368K)] 23468544K->15742059K(23696896K), 1.5125078 secs] [Times: user=1.82 sys=0.02, real=1.52 secs] 
2023-04-09T20:49:01.204+0000: 5906.624: [GC (Allocation Failure) [PSYoungGen: 7817781K->11444K(7781888K)] 23512171K->15753290K(23612416K), 1.7294055 secs] [Times: user=2.02 sys=0.03, real=1.73 secs] 
2023-04-09T20:49:02.933+0000: 5908.353: [Full GC (Ergonomics) [PSYoungGen: 11444K->0K(7781888K)] [ParOldGen: 15741846K->14342670K(15936512K)] 15753290K->14342670K(23718400K), [Metaspace: 130473K->130473K(141312K)], 8.5748685 secs] [Times: user=65.71 sys=0.00, real=8.57 secs] 
2023-04-09T20:49:13.415+0000: 5918.835: [GC (Allocation Failure) [PSYoungGen: 7770112K->33504K(7874560K)] 22112782K->14376174K(23811072K), 1.6339116 secs] [Times: user=1.96 sys=0.01, real=1.63 secs] 
2023-04-09T20:49:17.052+0000: 5922.472: [GC (Allocation Failure) [PSYoungGen: 7808736K->16829K(7792128K)] 22151406K->14377637K(23728640K), 1.5514697 secs] [Times: user=1.86 sys=0.01, real=1.55 secs] 
2023-04-09T20:49:20.593+0000: 5926.013: [GC (Allocation Failure) [PSYoungGen: 7792061K->19330K(7870464K)] 22152869K->14380227K(23806976K), 1.5785423 secs] [Times: user=1.80 sys=0.00, real=1.58 secs] 
2023-04-09T20:49:24.388+0000: 5929.807: [GC (Allocation Failure) [PSYoungGen: 7797634K->31666K(7867392K)] 22158531K->14392658K(23803904K), 1.5494823 secs] [Times: user=1.80 sys=0.01, real=1.55 secs] 
2023-04-09T20:49:31.420+0000: 5936.840: [GC (Allocation Failure) [PSYoungGen: 7809970K->81224K(7859200K)] 22170962K->14442768K(23795712K), 1.8011349 secs] [Times: user=2.16 sys=0.01, real=1.81 secs] 
2023-04-09T20:49:37.583+0000: 5943.003: [GC (Allocation Failure) [PSYoungGen: 7855944K->84833K(7871488K)] 22217488K->14515058K(23808000K), 1.5378815 secs] [Times: user=1.80 sys=0.01, real=1.54 secs] 
2023-04-09T20:49:43.460+0000: 5948.880: [GC (Allocation Failure) [PSYoungGen: 7859553K->78982K(7882752K)] 22289778K->14584959K(23819264K), 1.5464764 secs] [Times: user=1.90 sys=0.01, real=1.54 secs] 
2023-04-09T20:50:00.845+0000: 5966.265: [GC (Allocation Failure) [PSYoungGen: 7853702K->29298K(7804416K)] 22359679K->14611403K(23740928K), 1.7120359 secs] [Times: user=2.14 sys=0.00, real=1.71 secs] 
2023-04-09T20:50:04.883+0000: 5970.303: [GC (Allocation Failure) [PSYoungGen: 7804018K->28543K(7889920K)] 22386123K->14631335K(23826432K), 1.7732218 secs] [Times: user=2.13 sys=0.00, real=1.77 secs] 
2023-04-09T20:50:09.427+0000: 5974.847: [GC (Allocation Failure) [PSYoungGen: 7807359K->27672K(7806976K)] 22410151K->14644433K(23743488K), 1.5870995 secs] [Times: user=2.01 sys=0.00, real=1.59 secs] 
2023-04-09T20:50:12.943+0000: 5978.363: [GC (Allocation Failure) [PSYoungGen: 7806488K->14210K(7883776K)] 22423249K->14644034K(23820288K), 1.5780269 secs] [Times: user=1.82 sys=0.00, real=1.58 secs] 
2023-04-09T20:50:16.586+0000: 5982.005: [GC (Allocation Failure) [PSYoungGen: 7794562K->13755K(7794176K)] 22424386K->14643667K(23730688K), 1.5366136 secs] [Times: user=1.77 sys=0.00, real=1.54 secs] 
2023-04-09T20:50:20.608+0000: 5986.028: [GC (Allocation Failure) [PSYoungGen: 7794107K->23858K(7885312K)] 22424019K->14653826K(23821824K), 1.6066834 secs] [Times: user=1.84 sys=0.01, real=1.61 secs] 
2023-04-09T20:50:24.294+0000: 5989.714: [GC (Allocation Failure) [PSYoungGen: 7808818K->19923K(7804928K)] 22438786K->14649954K(23741440K), 1.6209438 secs] [Times: user=1.85 sys=0.01, real=1.62 secs] 
2023-04-09T20:50:29.686+0000: 5995.106: [GC (Allocation Failure) [PSYoungGen: 7804883K->29741K(7882752K)] 22434914K->14659861K(23819264K), 1.6577930 secs] [Times: user=1.87 sys=0.02, real=1.66 secs] 
2023-04-09T20:50:35.910+0000: 6001.330: [GC (Allocation Failure) [PSYoungGen: 7819821K->74787K(7877632K)] 22449941K->14721515K(23814144K), 1.5499467 secs] [Times: user=1.81 sys=0.01, real=1.55 secs] 
2023-04-09T20:50:41.888+0000: 6007.307: [GC (Allocation Failure) [PSYoungGen: 7864867K->74441K(7879680K)] 22511595K->14790425K(23816192K), 1.6087049 secs] [Times: user=1.99 sys=0.01, real=1.61 secs] 
2023-04-09T20:51:00.410+0000: 6025.830: [GC (Allocation Failure) [PSYoungGen: 7856841K->39852K(7822336K)] 22572825K->14823748K(23758848K), 1.5954108 secs] [Times: user=1.86 sys=0.01, real=1.60 secs] 
2023-04-09T20:51:04.373+0000: 6029.792: [GC (Allocation Failure) [PSYoungGen: 7822252K->31079K(7885312K)] 22606148K->14854047K(23821824K), 1.7203084 secs] [Times: user=2.05 sys=0.01, real=1.72 secs] 
2023-04-09T20:51:09.287+0000: 6034.707: [GC (Allocation Failure) [PSYoungGen: 7817575K->23316K(7810048K)] 22640543K->14857492K(23746560K), 1.5901876 secs] [Times: user=2.00 sys=0.00, real=1.59 secs] 
2023-04-09T20:51:12.993+0000: 6038.412: [GC (Allocation Failure) [PSYoungGen: 7809812K->14876K(7879680K)] 22643988K->14856459K(23816192K), 1.5563904 secs] [Times: user=1.83 sys=0.00, real=1.55 secs] 
2023-04-09T20:51:16.635+0000: 6042.055: [GC (Allocation Failure) [PSYoungGen: 7802396K->17355K(7804928K)] 22643979K->14859010K(23741440K), 1.5746824 secs] [Times: user=1.80 sys=0.00, real=1.57 secs] 
2023-04-09T20:51:21.605+0000: 6047.025: [GC (Allocation Failure) [PSYoungGen: 7804875K->51459K(7875072K)] 22646530K->14894242K(23811584K), 1.5783985 secs] [Times: user=1.87 sys=0.00, real=1.58 secs] 
2023-04-09T20:51:28.792+0000: 6054.212: [GC (Allocation Failure) [PSYoungGen: 7837955K->82236K(7876096K)] 22680738K->14967923K(23812608K), 1.5843496 secs] [Times: user=1.84 sys=0.01, real=1.58 secs] 
2023-04-09T20:51:34.835+0000: 6060.255: [GC (Allocation Failure) [PSYoungGen: 7868732K->75586K(7884288K)] 22754419K->15036296K(23820800K), 1.5809388 secs] [Times: user=1.94 sys=0.28, real=1.58 secs] 
2023-04-09T20:52:00.623+0000: 6086.043: [GC (Allocation Failure) [PSYoungGen: 7858498K->24743K(7808000K)] 22819208K->15059398K(23744512K), 1.7370086 secs] [Times: user=2.06 sys=0.00, real=1.74 secs] 
2023-04-09T20:52:04.796+0000: 6090.216: [GC (Allocation Failure) [PSYoungGen: 7807655K->29980K(7891968K)] 22842310K->15082539K(23828480K), 1.9913862 secs] [Times: user=2.56 sys=0.02, real=1.99 secs] 
2023-04-09T20:52:08.900+0000: 6094.320: [GC (Allocation Failure) [PSYoungGen: 7816988K->22711K(7810048K)] 22869547K->15088293K(23746560K), 1.5412775 secs] [Times: user=1.79 sys=0.01, real=1.55 secs] 
2023-04-09T20:52:12.723+0000: 6098.143: [GC (Allocation Failure) [PSYoungGen: 7809719K->18369K(7887872K)] 22875301K->15090802K(23824384K), 1.5746540 secs] [Times: user=1.79 sys=0.01, real=1.57 secs] 
2023-04-09T20:52:16.474+0000: 6101.894: [GC (Allocation Failure) [PSYoungGen: 7807937K->24025K(7813632K)] 22880370K->15096555K(23750144K), 1.5689362 secs] [Times: user=1.88 sys=0.14, real=1.57 secs] 
2023-04-09T20:52:21.537+0000: 6106.957: [GC (Allocation Failure) [PSYoungGen: 7813593K->62103K(7877632K)] 22886123K->15134720K(23814144K), 1.5616375 secs] [Times: user=1.88 sys=0.00, real=1.56 secs] 
2023-04-09T20:52:28.514+0000: 6113.934: [GC (Allocation Failure) [PSYoungGen: 7847575K->76388K(7881728K)] 22920192K->15192333K(23818240K), 1.5491763 secs] [Times: user=1.85 sys=0.05, real=1.55 secs] 
2023-04-09T20:52:34.695+0000: 6120.115: [GC (Allocation Failure) [PSYoungGen: 7861860K->73974K(7884288K)] 22977805K->15259360K(23820800K), 1.5601896 secs] [Times: user=1.89 sys=0.01, real=1.56 secs] 
2023-04-09T20:52:58.547+0000: 6143.966: [GC (Allocation Failure) [PSYoungGen: 7853646K->34632K(7814656K)] 23039031K->15296071K(23751168K), 1.5250142 secs] [Times: user=1.80 sys=0.01, real=1.53 secs] 
2023-04-09T20:53:02.949+0000: 6148.369: [GC (Allocation Failure) [PSYoungGen: 7814472K->31998K(7889408K)] 23075911K->15326325K(23825920K), 1.9285775 secs] [Times: user=2.61 sys=0.01, real=1.93 secs] 
2023-04-09T20:53:07.391+0000: 6152.811: [GC (Allocation Failure) [PSYoungGen: 7815934K->20738K(7804928K)] 23110261K->15322954K(23741440K), 1.5799296 secs] [Times: user=1.83 sys=0.00, real=1.58 secs] 
2023-04-09T20:53:11.178+0000: 6156.598: [GC (Allocation Failure) [PSYoungGen: 7804674K->21245K(7885824K)] 23106890K->15332016K(23822336K), 1.6678411 secs] [Times: user=2.26 sys=0.01, real=1.67 secs] 
2023-04-09T20:53:14.963+0000: 6160.383: [GC (Allocation Failure) [PSYoungGen: 7807741K->28822K(7815680K)] 23118512K->15339681K(23752192K), 1.6133376 secs] [Times: user=1.83 sys=0.00, real=1.61 secs] 
2023-04-09T20:53:19.909+0000: 6165.329: [GC (Allocation Failure) [PSYoungGen: 7815318K->39429K(7883776K)] 23126177K->15350392K(23820288K), 1.5820591 secs] [Times: user=1.81 sys=0.01, real=1.59 secs] 
2023-04-09T20:53:26.770+0000: 6172.190: [GC (Allocation Failure) [PSYoungGen: 7830533K->69787K(7879168K)] 23141496K->15408782K(23815680K), 1.5983365 secs] [Times: user=1.90 sys=0.00, real=1.60 secs] 
2023-04-09T20:53:33.388+0000: 6178.808: [GC (Allocation Failure) [PSYoungGen: 7860891K->64638K(7882240K)] 23199886K->15465801K(23818752K), 1.5818799 secs] [Times: user=1.87 sys=0.02, real=1.58 secs] 
2023-04-09T20:54:00.160+0000: 6205.580: [GC (Allocation Failure) [PSYoungGen: 7852158K->18529K(7806464K)] 23253321K->15481492K(23742976K), 1.8206861 secs] [Times: user=2.24 sys=0.00, real=1.83 secs] 
2023-04-09T20:54:05.065+0000: 6210.485: [GC (Allocation Failure) [PSYoungGen: 7806049K->28595K(7887360K)] 23269012K->15508150K(23823872K), 1.6347405 secs] [Times: user=2.14 sys=0.01, real=1.63 secs] 
2023-04-09T20:54:08.710+0000: 6214.129: [GC (Allocation Failure) [PSYoungGen: 7819187K->20855K(7811584K)] 23298742K->15511218K(23748096K), 1.5817867 secs] [Times: user=1.88 sys=0.01, real=1.59 secs] 
2023-04-09T20:54:12.405+0000: 6217.825: [GC (Allocation Failure) [PSYoungGen: 7811447K->17635K(7883264K)] 23301810K->15515093K(23819776K), 1.5734591 secs] [Times: user=1.85 sys=0.00, real=1.57 secs] 
2023-04-09T20:54:15.945+0000: 6221.364: [GC (Allocation Failure) [PSYoungGen: 7809763K->21907K(7814144K)] 23307221K->15519453K(23750656K), 1.8540131 secs] [Times: user=2.06 sys=0.01, real=1.85 secs] 
2023-04-09T20:54:21.147+0000: 6226.566: [GC (Allocation Failure) [PSYoungGen: 7814035K->45913K(7879680K)] 23311581K->15543563K(23816192K), 1.7701903 secs] [Times: user=2.05 sys=0.01, real=1.77 secs] 
2023-04-09T20:54:27.808+0000: 6233.228: [GC (Allocation Failure) [PSYoungGen: 7839065K->81830K(7878656K)] 23336715K->15613640K(23815168K), 1.6112235 secs] [Times: user=2.00 sys=0.00, real=1.61 secs] 
2023-04-09T20:54:34.535+0000: 6239.954: [GC (Allocation Failure) [PSYoungGen: 7874982K->71725K(7888384K)] 23406792K->15674543K(23824896K), 1.5408089 secs] [Times: user=1.88 sys=0.01, real=1.54 secs] 
2023-04-09T20:55:00.834+0000: 6266.254: [GC (Allocation Failure) [PSYoungGen: 7862317K->19138K(7810048K)] 23465135K->15693812K(23746560K), 1.8124574 secs] [Times: user=2.12 sys=0.00, real=1.81 secs] 
2023-04-09T20:55:05.578+0000: 6270.997: [GC (Allocation Failure) [PSYoungGen: 7809730K->34834K(7897600K)] 23484404K->15717956K(23834112K), 1.6649658 secs] [Times: user=2.11 sys=0.01, real=1.67 secs] 
2023-04-09T20:55:09.240+0000: 6274.659: [GC (Allocation Failure) [PSYoungGen: 7830546K->38184K(7834112K)] 23513668K->15732506K(23770624K), 1.5939749 secs] [Times: user=2.01 sys=0.01, real=1.60 secs] 
2023-04-09T20:55:13.073+0000: 6278.492: [GC (Allocation Failure) [PSYoungGen: 7833896K->20895K(7889408K)] 23528218K->15740491K(23825920K), 1.6033636 secs] [Times: user=2.04 sys=0.00, real=1.60 secs] 
2023-04-09T20:55:16.751+0000: 6282.171: [GC (Allocation Failure) [PSYoungGen: 7818655K->20863K(7818752K)] 23538251K->15740530K(23755264K), 1.5927885 secs] [Times: user=1.87 sys=0.00, real=1.59 secs] 
2023-04-09T20:55:21.555+0000: 6286.975: [GC (Allocation Failure) [PSYoungGen: 7818623K->26967K(7888896K)] 23538290K->15746714K(23825408K), 1.6630249 secs] [Times: user=1.99 sys=0.01, real=1.66 secs] 
2023-04-09T20:55:25.577+0000: 6290.997: [GC (Allocation Failure) [PSYoungGen: 7828311K->16465K(7818240K)] 23548058K->15736293K(23754752K), 1.6206410 secs] [Times: user=1.91 sys=0.18, real=1.62 secs] 
2023-04-09T20:55:29.760+0000: 6295.180: [GC (Allocation Failure) [PSYoungGen: 7817809K->32984K(7888384K)] 23537637K->15756979K(23824896K), 1.5436372 secs] [Times: user=1.77 sys=0.00, real=1.55 secs] 
2023-04-09T20:55:36.069+0000: 6301.488: [GC (Allocation Failure) [PSYoungGen: 7838936K->77800K(7883776K)] 23562931K->15816277K(23820288K), 1.5966853 secs] [Times: user=1.92 sys=0.08, real=1.60 secs] 
2023-04-09T20:55:43.065+0000: 6308.485: [GC (Allocation Failure) [PSYoungGen: 7883752K->77761K(7895040K)] 23622229K->15887133K(23831552K), 1.5690743 secs] [Times: user=1.92 sys=0.05, real=1.57 secs] 
2023-04-09T20:56:00.255+0000: 6325.675: [GC (Allocation Failure) [PSYoungGen: 7877569K->42057K(7842304K)] 23686941K->15924862K(23778816K), 1.7443484 secs] [Times: user=2.09 sys=0.05, real=1.74 secs] 
2023-04-09T20:56:02.000+0000: 6327.419: [Full GC (Ergonomics) [PSYoungGen: 42057K->0K(7842304K)] [ParOldGen: 15882804K->14459615K(16066560K)] 15924862K->14459615K(23908864K), [Metaspace: 130482K->130482K(141312K)], 8.4427679 secs] [Times: user=67.88 sys=0.00, real=8.45 secs] 
2023-04-09T20:56:12.586+0000: 6338.006: [GC (Allocation Failure) [PSYoungGen: 7799808K->39881K(7902208K)] 22259423K->14499497K(23968768K), 1.5508682 secs] [Times: user=1.91 sys=0.00, real=1.55 secs] 
2023-04-09T20:56:16.360+0000: 6341.780: [GC (Allocation Failure) [PSYoungGen: 7844297K->17679K(7897600K)] 22303913K->14494384K(23964160K), 1.7797374 secs] [Times: user=2.07 sys=0.00, real=1.78 secs] 
2023-04-09T20:56:20.763+0000: 6346.183: [GC (Allocation Failure) [PSYoungGen: 7822095K->16346K(7935488K)] 22298800K->14493131K(24002048K), 1.6274749 secs] [Times: user=1.77 sys=0.00, real=1.63 secs] 
2023-04-09T20:56:24.580+0000: 6349.999: [GC (Allocation Failure) [PSYoungGen: 7859674K->17508K(7934464K)] 22336459K->14494365K(24001024K), 1.5794048 secs] [Times: user=1.79 sys=0.01, real=1.58 secs] 
2023-04-09T20:56:29.560+0000: 6354.979: [GC (Allocation Failure) [PSYoungGen: 7860836K->48324K(7939584K)] 22337693K->14525285K(24006144K), 1.5441836 secs] [Times: user=1.75 sys=0.00, real=1.55 secs] 
2023-04-09T20:56:35.475+0000: 6360.895: [GC (Allocation Failure) [PSYoungGen: 7898820K->74431K(7939072K)] 22375781K->14586704K(24005632K), 1.5747218 secs] [Times: user=1.92 sys=0.01, real=1.57 secs] 
2023-04-09T20:56:42.883+0000: 6368.303: [GC (Allocation Failure) [PSYoungGen: 7924927K->76204K(7945216K)] 22437200K->14655573K(24011776K), 1.5543414 secs] [Times: user=1.98 sys=0.26, real=1.55 secs] 
2023-04-09T20:56:50.830+0000: 6376.250: [GC (Allocation Failure) [PSYoungGen: 7923929K->62367K(7952896K)] 22503299K->14710464K(24019456K), 1.5275513 secs] [Times: user=1.90 sys=0.01, real=1.53 secs] 
2023-04-09T20:57:01.999+0000: 6387.418: [GC (Allocation Failure) [PSYoungGen: 7910303K->17655K(7951360K)] 22558400K->14728257K(24017920K), 1.7227149 secs] [Times: user=2.07 sys=0.08, real=1.73 secs] 
2023-04-09T20:57:06.055+0000: 6391.475: [GC (Allocation Failure) [PSYoungGen: 7865591K->27391K(7875584K)] 22576193K->14741080K(23942144K), 1.5944405 secs] [Times: user=1.94 sys=0.01, real=1.59 secs] 
2023-04-09T20:57:09.708+0000: 6395.128: [GC (Allocation Failure) [PSYoungGen: 7875327K->25829K(7951872K)] 22589016K->14749860K(24018432K), 1.6796930 secs] [Times: user=2.17 sys=0.09, real=1.68 secs] 
2023-04-09T20:57:13.560+0000: 6398.979: [GC (Allocation Failure) [PSYoungGen: 7876837K->17988K(7869440K)] 22600868K->14742090K(23936000K), 1.6360555 secs] [Times: user=1.83 sys=0.01, real=1.64 secs] 
2023-04-09T20:57:19.150+0000: 6404.569: [GC (Allocation Failure) [PSYoungGen: 7868996K->31777K(7951360K)] 22593098K->14760064K(24017920K), 1.5207676 secs] [Times: user=1.76 sys=0.01, real=1.53 secs] 
2023-04-09T20:57:25.289+0000: 6410.709: [GC (Allocation Failure) [PSYoungGen: 7887393K->82162K(7946752K)] 22615680K->14830737K(24013312K), 1.7136770 secs] [Times: user=1.98 sys=0.01, real=1.72 secs] 
2023-04-09T20:57:31.859+0000: 6417.279: [GC (Allocation Failure) [PSYoungGen: 7937778K->86474K(7947776K)] 22686353K->14911889K(24014336K), 1.6263568 secs] [Times: user=1.99 sys=0.28, real=1.63 secs] 
2023-04-09T20:57:39.803+0000: 6425.223: [GC (Allocation Failure) [PSYoungGen: 7931850K->83979K(7958016K)] 22757265K->14988130K(24024576K), 1.6140627 secs] [Times: user=1.93 sys=0.00, real=1.61 secs] 
2023-04-09T20:57:58.631+0000: 6444.051: [GC (Allocation Failure) [PSYoungGen: 7929355K->45538K(7953408K)] 22833506K->15033584K(24019968K), 1.5700211 secs] [Times: user=1.86 sys=0.01, real=1.57 secs] 
2023-04-09T20:58:02.609+0000: 6448.029: [GC (Allocation Failure) [PSYoungGen: 7890914K->52397K(7898112K)] 22878960K->15089035K(23964672K), 1.7010873 secs] [Times: user=2.07 sys=0.01, real=1.70 secs] 
2023-04-09T20:58:06.293+0000: 6451.712: [GC (Allocation Failure) [PSYoungGen: 7897773K->55127K(7958016K)] 22934411K->15127540K(24024576K), 1.5816118 secs] [Times: user=1.93 sys=0.00, real=1.58 secs] 
2023-04-09T20:58:10.067+0000: 6455.487: [GC (Allocation Failure) [PSYoungGen: 7904599K->28619K(7878144K)] 22977012K->15143215K(23944704K), 1.6624930 secs] [Times: user=2.12 sys=0.01, real=1.66 secs] 
2023-04-09T20:58:14.497+0000: 6459.917: [GC (Allocation Failure) [PSYoungGen: 7878091K->18927K(7952896K)] 22992687K->15133628K(24019456K), 1.7673057 secs] [Times: user=1.95 sys=0.01, real=1.77 secs] 
2023-04-09T20:58:20.238+0000: 6465.657: [GC (Allocation Failure) [PSYoungGen: 7868911K->52196K(7902208K)] 22983612K->15169040K(23968768K), 1.5483933 secs] [Times: user=1.77 sys=0.01, real=1.55 secs] 
2023-04-09T20:58:26.278+0000: 6471.698: [GC (Allocation Failure) [PSYoungGen: 7902180K->79224K(7942144K)] 23019024K->15231573K(24008704K), 1.5771659 secs] [Times: user=1.85 sys=0.01, real=1.58 secs] 
2023-04-09T20:58:33.012+0000: 6478.431: [GC (Allocation Failure) [PSYoungGen: 7922009K->78710K(7949312K)] 23074358K->15303130K(24015872K), 1.5944846 secs] [Times: user=1.91 sys=0.00, real=1.59 secs] 
2023-04-09T20:58:56.534+0000: 6501.954: [GC (Allocation Failure) [PSYoungGen: 7921526K->27093K(7951360K)] 23145946K->15329760K(24017920K), 1.5094452 secs] [Times: user=1.76 sys=0.00, real=1.51 secs] 
2023-04-09T20:59:02.808+0000: 6508.228: [GC (Allocation Failure) [PSYoungGen: 7869909K->25804K(7868928K)] 23172576K->15355671K(23935488K), 1.7596451 secs] [Times: user=2.17 sys=0.06, real=1.76 secs] 
2023-04-09T20:59:06.526+0000: 6511.945: [GC (Allocation Failure) [PSYoungGen: 7868620K->25613K(7953408K)] 23198487K->15358664K(24019968K), 1.5565610 secs] [Times: user=1.89 sys=0.01, real=1.56 secs] 
2023-04-09T20:59:10.377+0000: 6515.797: [GC (Allocation Failure) [PSYoungGen: 7870989K->21910K(7867392K)] 23204040K->15362794K(23933952K), 1.5999052 secs] [Times: user=1.92 sys=0.01, real=1.60 secs] 
2023-04-09T20:59:14.779+0000: 6520.198: [GC (Allocation Failure) [PSYoungGen: 7867286K->21175K(7950848K)] 23208170K->15362155K(24017408K), 1.6411777 secs] [Times: user=1.94 sys=0.00, real=1.64 secs] 
2023-04-09T20:59:19.413+0000: 6524.833: [GC (Allocation Failure) [PSYoungGen: 7868599K->40240K(7887872K)] 23209579K->15381284K(23954432K), 1.6641643 secs] [Times: user=1.94 sys=0.00, real=1.66 secs] 
2023-04-09T20:59:25.021+0000: 6530.441: [GC (Allocation Failure) [PSYoungGen: 7887664K->63742K(7939584K)] 23228708K->15428259K(24006144K), 1.6444168 secs] [Times: user=1.99 sys=0.17, real=1.64 secs] 
2023-04-09T20:59:43.018+0000: 6548.437: [GC (Allocation Failure) [PSYoungGen: 7908094K->31618K(7876096K)] 23272611K->15455161K(23942656K), 1.5871671 secs] [Times: user=1.87 sys=0.01, real=1.59 secs] 
2023-04-09T21:00:01.182+0000: 6566.602: [GC (Allocation Failure) [PSYoungGen: 7875970K->19919K(7940608K)] 23299513K->15475862K(24007168K), 1.7795706 secs] [Times: user=2.34 sys=0.01, real=1.78 secs] 
2023-04-09T21:00:05.260+0000: 6570.680: [GC (Allocation Failure) [PSYoungGen: 7865807K->28515K(7874560K)] 23321750K->15486050K(23941120K), 1.5821961 secs] [Times: user=1.94 sys=0.01, real=1.59 secs] 
2023-04-09T21:00:08.972+0000: 6574.392: [GC (Allocation Failure) [PSYoungGen: 7874403K->24853K(7938048K)] 23331938K->15493388K(24004608K), 1.7580226 secs] [Times: user=2.16 sys=0.01, real=1.75 secs] 
2023-04-09T21:00:13.397+0000: 6578.817: [GC (Allocation Failure) [PSYoungGen: 7873301K->26096K(7935488K)] 23341836K->15502887K(24002048K), 1.5915543 secs] [Times: user=1.89 sys=0.01, real=1.59 secs] 
2023-04-09T21:00:17.260+0000: 6582.680: [GC (Allocation Failure) [PSYoungGen: 7874544K->24306K(7943168K)] 23351335K->15502210K(24009728K), 1.5500850 secs] [Times: user=1.80 sys=0.02, real=1.55 secs] 
2023-04-09T21:00:20.933+0000: 6586.353: [GC (Allocation Failure) [PSYoungGen: 7884018K->31176K(7940608K)] 23361922K->15509152K(24007168K), 1.6360349 secs] [Times: user=2.17 sys=0.01, real=1.63 secs] 
2023-04-09T21:00:24.996+0000: 6590.416: [GC (Allocation Failure) [PSYoungGen: 7890888K->19066K(7947776K)] 23368864K->15497130K(24014336K), 1.6345830 secs] [Times: user=1.83 sys=0.00, real=1.64 secs] 
2023-04-09T21:00:30.646+0000: 6596.066: [GC (Allocation Failure) [PSYoungGen: 7889530K->52282K(7946240K)] 23367594K->15530434K(24012800K), 1.7732661 secs] [Times: user=2.20 sys=0.02, real=1.77 secs] 
2023-04-09T21:00:38.139+0000: 6603.558: [GC (Allocation Failure) [PSYoungGen: 7922746K->78328K(7934464K)] 23400898K->15590088K(24001024K), 1.5303849 secs] [Times: user=1.80 sys=0.01, real=1.53 secs] 
2023-04-09T21:00:45.011+0000: 6610.431: [GC (Allocation Failure) [PSYoungGen: 7934456K->78499K(7958528K)] 23446216K->15663275K(24025088K), 1.5894233 secs] [Times: user=1.99 sys=0.28, real=1.59 secs] 
2023-04-09T21:01:01.040+0000: 6626.460: [GC (Allocation Failure) [PSYoungGen: 7934627K->24070K(7961088K)] 23519403K->15684878K(24027648K), 1.7290308 secs] [Times: user=2.05 sys=0.02, real=1.73 secs] 
2023-04-09T21:01:05.162+0000: 6630.581: [GC (Allocation Failure) [PSYoungGen: 7880198K->21823K(7878144K)] 23541006K->15693671K(23944704K), 1.6007159 secs] [Times: user=2.03 sys=0.01, real=1.60 secs] 
2023-04-09T21:01:09.503+0000: 6634.923: [GC (Allocation Failure) [PSYoungGen: 7877951K->14054K(7962624K)] 23549799K->15692967K(24029184K), 1.8457822 secs] [Times: user=2.27 sys=0.01, real=1.84 secs] 
2023-04-09T21:01:13.504+0000: 6638.924: [GC (Allocation Failure) [PSYoungGen: 7871718K->17648K(7875584K)] 23550631K->15696641K(23942144K), 1.6029037 secs] [Times: user=1.84 sys=0.01, real=1.60 secs] 
2023-04-09T21:01:17.311+0000: 6642.731: [GC (Allocation Failure) [PSYoungGen: 7875312K->21132K(7961600K)] 23554305K->15700206K(24028160K), 1.5866200 secs] [Times: user=1.95 sys=0.35, real=1.58 secs] 
2023-04-09T21:01:23.306+0000: 6648.726: [GC (Allocation Failure) [PSYoungGen: 7882380K->68098K(7958016K)] 23561454K->15747979K(24024576K), 1.7838812 secs] [Times: user=2.30 sys=0.01, real=1.78 secs] 
2023-04-09T21:01:30.945+0000: 6656.364: [GC (Allocation Failure) [PSYoungGen: 7929346K->70107K(7959040K)] 23609227K->15805860K(24025600K), 1.6294794 secs] [Times: user=1.96 sys=0.01, real=1.63 secs] 
2023-04-09T21:01:41.413+0000: 6666.832: [GC (Allocation Failure) [PSYoungGen: 7925933K->57826K(7913984K)] 23661686K->15858804K(23980544K), 1.5317581 secs] [Times: user=1.84 sys=0.00, real=1.53 secs] 
2023-04-09T21:02:00.885+0000: 6686.304: [GC (Allocation Failure) [PSYoungGen: 7913954K->16266K(7965696K)] 23714932K->15873797K(24032256K), 1.7232931 secs] [Times: user=1.99 sys=0.01, real=1.72 secs] 
2023-04-09T21:02:04.894+0000: 6690.314: [GC (Allocation Failure) [PSYoungGen: 7874442K->22255K(7880704K)] 23731973K->15881018K(23947264K), 1.6784353 secs] [Times: user=1.96 sys=0.02, real=1.68 secs] 
2023-04-09T21:02:09.485+0000: 6694.905: [GC (Allocation Failure) [PSYoungGen: 7880431K->15901K(7963136K)] 23739194K->15882059K(24029696K), 1.9910779 secs] [Times: user=2.25 sys=0.00, real=1.99 secs] 
2023-04-09T21:02:13.663+0000: 6699.083: [GC (Allocation Failure) [PSYoungGen: 7876637K->19892K(7880704K)] 23742795K->15886130K(23947264K), 1.6206605 secs] [Times: user=1.91 sys=0.01, real=1.62 secs] 
2023-04-09T21:02:17.485+0000: 6702.905: [GC (Allocation Failure) [PSYoungGen: 7880628K->14994K(7959552K)] 23746866K->15881304K(24026112K), 1.6233953 secs] [Times: user=1.98 sys=0.00, real=1.62 secs] 
2023-04-09T21:02:23.876+0000: 6709.296: [GC (Allocation Failure) [PSYoungGen: 7878290K->93159K(7956992K)] 23744600K->15964894K(24023552K), 1.6518705 secs] [Times: user=2.11 sys=0.01, real=1.65 secs] 
2023-04-09T21:02:32.661+0000: 6718.081: [GC (Allocation Failure) [PSYoungGen: 7956455K->90840K(7961600K)] 23828190K->16035895K(24028160K), 1.6128067 secs] [Times: user=1.95 sys=0.04, real=1.61 secs] 
2023-04-09T21:02:46.247+0000: 6731.667: [GC (Allocation Failure) [PSYoungGen: 7942352K->62698K(7914496K)] 23887406K->16098176K(23981056K), 1.8895668 secs] [Times: user=2.89 sys=0.05, real=1.89 secs] 
2023-04-09T21:02:48.136+0000: 6733.556: [Full GC (Ergonomics) [PSYoungGen: 62698K->0K(7914496K)] [ParOldGen: 16035478K->14559782K(16177664K)] 16098176K->14559782K(24092160K), [Metaspace: 130487K->130487K(141312K)], 8.4933387 secs] [Times: user=66.44 sys=0.02, real=8.49 secs] 
2023-04-09T21:03:02.368+0000: 6747.788: [GC (Allocation Failure) [PSYoungGen: 7851520K->21393K(7976448K)] 22411302K->14581175K(24154112K), 1.6914105 secs] [Times: user=1.92 sys=0.00, real=1.69 secs] 
2023-04-09T21:03:07.398+0000: 6752.818: [GC (Allocation Failure) [PSYoungGen: 7876497K->23152K(7878656K)] 22436279K->14585830K(24056320K), 1.6785412 secs] [Times: user=1.96 sys=0.01, real=1.68 secs] 
2023-04-09T21:03:11.406+0000: 6756.826: [GC (Allocation Failure) [PSYoungGen: 7878256K->22820K(7972352K)] 22440934K->14591744K(24150016K), 1.6264493 secs] [Times: user=2.03 sys=0.01, real=1.63 secs] 
2023-04-09T21:03:15.595+0000: 6761.015: [GC (Allocation Failure) [PSYoungGen: 7881508K->19042K(7968768K)] 22450432K->14588061K(24146432K), 1.6273230 secs] [Times: user=1.85 sys=0.00, real=1.63 secs] 
2023-04-09T21:03:20.754+0000: 6766.174: [GC (Allocation Failure) [PSYoungGen: 7877730K->37433K(7971328K)] 22446749K->14606556K(24148992K), 1.6151733 secs] [Times: user=1.83 sys=0.01, real=1.61 secs] 
2023-04-09T21:03:28.291+0000: 6773.710: [GC (Allocation Failure) [PSYoungGen: 7909433K->73959K(7971328K)] 22478556K->14669874K(24148992K), 1.6067817 secs] [Times: user=1.88 sys=0.01, real=1.60 secs] 
2023-04-09T21:03:35.077+0000: 6780.497: [GC (Allocation Failure) [PSYoungGen: 7945959K->80451K(7989248K)] 22541874K->14743870K(24166912K), 1.5632519 secs] [Times: user=1.91 sys=0.18, real=1.57 secs] 
2023-04-09T21:03:48.556+0000: 6793.975: [GC (Allocation Failure) [PSYoungGen: 7962691K->56258K(7938560K)] 22626110K->14786908K(24116224K), 1.5346138 secs] [Times: user=1.81 sys=0.01, real=1.54 secs] 
2023-04-09T21:04:01.662+0000: 6807.082: [GC (Allocation Failure) [PSYoungGen: 7938498K->17641K(7996416K)] 22669148K->14803027K(24174080K), 1.7296129 secs] [Times: user=2.01 sys=0.00, real=1.73 secs] 
2023-04-09T21:04:06.602+0000: 6812.022: [GC (Allocation Failure) [PSYoungGen: 7901929K->26159K(7910912K)] 22687315K->14814497K(24088576K), 1.6512362 secs] [Times: user=1.99 sys=0.00, real=1.65 secs] 
2023-04-09T21:04:10.320+0000: 6815.739: [GC (Allocation Failure) [PSYoungGen: 7910447K->15888K(7992832K)] 22698785K->14811010K(24170496K), 1.5275148 secs] [Times: user=1.76 sys=0.01, real=1.53 secs] 
2023-04-09T21:04:13.948+0000: 6819.368: [GC (Allocation Failure) [PSYoungGen: 7902224K->15730K(7902208K)] 22697346K->14810940K(24079872K), 1.6023263 secs] [Times: user=1.87 sys=0.01, real=1.61 secs] 
2023-04-09T21:04:18.078+0000: 6823.498: [GC (Allocation Failure) [PSYoungGen: 7902066K->21330K(7992320K)] 22697276K->14816636K(24169984K), 1.6208785 secs] [Times: user=1.94 sys=0.01, real=1.62 secs] 
2023-04-09T21:04:24.672+0000: 6830.091: [GC (Allocation Failure) [PSYoungGen: 7911762K->74279K(7988224K)] 22707068K->14875937K(24165888K), 1.8044654 secs] [Times: user=2.09 sys=0.01, real=1.80 secs] 
2023-04-09T21:04:31.397+0000: 6836.817: [GC (Allocation Failure) [PSYoungGen: 7964711K->77832K(7988736K)] 22766369K->14946721K(24166400K), 1.7310938 secs] [Times: user=1.99 sys=0.01, real=1.73 secs] 
2023-04-09T21:04:42.691+0000: 6848.111: [GC (Allocation Failure) [PSYoungGen: 7960584K->64634K(7996416K)] 22829473K->15001948K(24174080K), 1.6780352 secs] [Times: user=1.98 sys=0.00, real=1.67 secs] 
2023-04-09T21:05:01.359+0000: 6866.778: [GC (Allocation Failure) [PSYoungGen: 7947386K->19998K(7992320K)] 22884700K->15016640K(24169984K), 1.8996029 secs] [Times: user=2.19 sys=0.00, real=1.90 secs] 
2023-04-09T21:05:06.630+0000: 6872.050: [GC (Allocation Failure) [PSYoungGen: 7902750K->22421K(7905280K)] 22899392K->15020583K(24082944K), 1.6540354 secs] [Times: user=1.94 sys=0.00, real=1.66 secs] 
2023-04-09T21:05:10.498+0000: 6875.918: [GC (Allocation Failure) [PSYoungGen: 7905173K->32900K(7996416K)] 22903335K->15037382K(24174080K), 1.6200669 secs] [Times: user=1.95 sys=0.00, real=1.62 secs] 
2023-04-09T21:05:14.279+0000: 6879.699: [GC (Allocation Failure) [PSYoungGen: 7920772K->16765K(7904768K)] 22925254K->15029313K(24082432K), 1.5848690 secs] [Times: user=1.83 sys=0.00, real=1.59 secs] 
2023-04-09T21:05:18.259+0000: 6883.679: [GC (Allocation Failure) [PSYoungGen: 7904637K->16360K(7991296K)] 22917185K->15028980K(24168960K), 1.7668514 secs] [Times: user=1.95 sys=0.21, real=1.77 secs] 
2023-04-09T21:05:22.480+0000: 6887.900: [GC (Allocation Failure) [PSYoungGen: 7906792K->25436K(7916032K)] 22919412K->15039167K(24093696K), 1.8281814 secs] [Times: user=2.17 sys=0.14, real=1.82 secs] 
2023-04-09T21:05:26.928+0000: 6892.347: [GC (Allocation Failure) [PSYoungGen: 7915868K->21157K(7987712K)] 22929599K->15034953K(24165376K), 1.6572649 secs] [Times: user=1.82 sys=0.00, real=1.66 secs] 
2023-04-09T21:05:32.952+0000: 6898.372: [GC (Allocation Failure) [PSYoungGen: 7915173K->62989K(7984128K)] 22928969K->15078265K(24161792K), 1.5889151 secs] [Times: user=1.86 sys=0.00, real=1.59 secs] 
2023-04-09T21:05:39.814+0000: 6905.234: [GC (Allocation Failure) [PSYoungGen: 7957005K->80903K(7989248K)] 22972281K->15137595K(24166912K), 1.6014051 secs] [Times: user=1.96 sys=0.01, real=1.60 secs] 
2023-04-09T21:05:47.410+0000: 6912.830: [GC (Allocation Failure) [PSYoungGen: 7974919K->75221K(8000000K)] 23031611K->15204241K(24177664K), 1.5467240 secs] [Times: user=1.88 sys=0.01, real=1.55 secs] 
2023-04-09T21:06:00.920+0000: 6926.340: [GC (Allocation Failure) [PSYoungGen: 7969237K->38234K(7994880K)] 23098257K->15238542K(24172544K), 1.7659985 secs] [Times: user=2.20 sys=0.07, real=1.77 secs] 
2023-04-09T21:06:06.097+0000: 6931.516: [GC (Allocation Failure) [PSYoungGen: 7932250K->26219K(7920640K)] 23132558K->15258287K(24098304K), 1.7923412 secs] [Times: user=2.14 sys=0.01, real=1.79 secs] 
2023-04-09T21:06:10.007+0000: 6935.427: [GC (Allocation Failure) [PSYoungGen: 7920235K->25545K(8000000K)] 23152303K->15264677K(24177664K), 1.6112310 secs] [Times: user=2.07 sys=0.00, real=1.61 secs] 
2023-04-09T21:06:13.670+0000: 6939.090: [GC (Allocation Failure) [PSYoungGen: 7922633K->14020K(7911424K)] 23161765K->15253256K(24089088K), 1.5288117 secs] [Times: user=1.74 sys=0.01, real=1.53 secs] 
2023-04-09T21:06:17.543+0000: 6942.962: [GC (Allocation Failure) [PSYoungGen: 7911108K->23980K(7998976K)] 23150344K->15263320K(24176640K), 1.5381316 secs] [Times: user=1.79 sys=0.01, real=1.54 secs] 
2023-04-09T21:06:23.557+0000: 6948.977: [GC (Allocation Failure) [PSYoungGen: 7924652K->66930K(7995392K)] 23163992K->15306870K(24173056K), 1.7654713 secs] [Times: user=2.02 sys=0.02, real=1.77 secs] 
2023-04-09T21:06:30.513+0000: 6955.933: [GC (Allocation Failure) [PSYoungGen: 7967602K->78167K(7992832K)] 23207542K->15376939K(24170496K), 1.5457589 secs] [Times: user=1.86 sys=0.01, real=1.54 secs] 
2023-04-09T21:06:47.379+0000: 6972.799: [GC (Allocation Failure) [PSYoungGen: 7970647K->46327K(7939072K)] 23269419K->15417771K(24116736K), 1.5542685 secs] [Times: user=1.83 sys=0.01, real=1.56 secs] 
2023-04-09T21:07:02.128+0000: 6987.547: [GC (Allocation Failure) [PSYoungGen: 7938807K->18569K(7996928K)] 23310251K->15436173K(24174592K), 1.9334498 secs] [Times: user=2.15 sys=0.01, real=1.94 secs] 
2023-04-09T21:07:06.476+0000: 6991.896: [GC (Allocation Failure) [PSYoungGen: 7912585K->20410K(7914496K)] 23330189K->15440503K(24092160K), 1.6393263 secs] [Times: user=1.90 sys=0.01, real=1.64 secs] 
2023-04-09T21:07:10.370+0000: 6995.790: [GC (Allocation Failure) [PSYoungGen: 7914426K->23121K(7995904K)] 23334519K->15448923K(24173568K), 1.6237722 secs] [Times: user=2.01 sys=0.01, real=1.62 secs] 
2023-04-09T21:07:14.084+0000: 6999.504: [GC (Allocation Failure) [PSYoungGen: 7920209K->35745K(7932928K)] 23346011K->15461627K(24110592K), 1.5939142 secs] [Times: user=2.01 sys=0.00, real=1.59 secs] 
2023-04-09T21:07:18.661+0000: 7004.080: [GC (Allocation Failure) [PSYoungGen: 7932833K->37080K(7992320K)] 23358715K->15464082K(24169984K), 1.5752696 secs] [Times: user=1.86 sys=0.00, real=1.57 secs] 
2023-04-09T21:07:26.595+0000: 7012.015: [GC (Allocation Failure) [PSYoungGen: 7939288K->84791K(7987200K)] 23366290K->15535242K(24164864K), 1.5967783 secs] [Times: user=1.94 sys=0.24, real=1.60 secs] 
2023-04-09T21:07:33.316+0000: 7018.735: [GC (Allocation Failure) [PSYoungGen: 7986939K->76759K(8003584K)] 23437390K->15604122K(24181248K), 1.5509835 secs] [Times: user=1.87 sys=0.01, real=1.55 secs] 
2023-04-09T21:08:00.137+0000: 7045.557: [GC (Allocation Failure) [PSYoungGen: 7982551K->8045K(8010752K)] 23509914K->15610504K(24188416K), 1.9310225 secs] [Times: user=2.23 sys=0.12, real=1.93 secs] 
2023-04-09T21:08:05.061+0000: 7050.481: [GC (Allocation Failure) [PSYoungGen: 7913837K->27323K(8003072K)] 23516296K->15636126K(24180736K), 1.5868878 secs] [Times: user=1.89 sys=0.01, real=1.58 secs] 
2023-04-09T21:08:08.815+0000: 7054.235: [GC (Allocation Failure) [PSYoungGen: 7933115K->29631K(7935488K)] 23541918K->15644793K(24113152K), 1.5906426 secs] [Times: user=1.91 sys=0.01, real=1.59 secs] 
2023-04-09T21:08:12.537+0000: 7057.957: [GC (Allocation Failure) [PSYoungGen: 7935423K->17224K(8005120K)] 23550585K->15637814K(24182784K), 1.5686967 secs] [Times: user=1.86 sys=0.01, real=1.57 secs] 
2023-04-09T21:08:16.342+0000: 7061.762: [GC (Allocation Failure) [PSYoungGen: 7925064K->14657K(7922688K)] 23545654K->15635360K(24100352K), 1.6227619 secs] [Times: user=1.96 sys=0.02, real=1.62 secs] 
2023-04-09T21:08:22.143+0000: 7067.562: [GC (Allocation Failure) [PSYoungGen: 7922497K->51503K(8000512K)] 23543200K->15672285K(24178176K), 1.6781070 secs] [Times: user=2.21 sys=0.01, real=1.68 secs] 
2023-04-09T21:08:28.791+0000: 7074.211: [GC (Allocation Failure) [PSYoungGen: 7958831K->78383K(8001024K)] 23579613K->15739086K(24178688K), 1.5952625 secs] [Times: user=1.92 sys=0.00, real=1.59 secs] 
2023-04-09T21:08:48.318+0000: 7093.738: [GC (Allocation Failure) [PSYoungGen: 7985711K->37985K(7999488K)] 23646414K->15779724K(24177152K), 1.5740044 secs] [Times: user=1.97 sys=0.33, real=1.58 secs] 
2023-04-09T21:09:01.612+0000: 7107.032: [GC (Allocation Failure) [PSYoungGen: 7945313K->14549K(7922176K)] 23687052K->15797424K(24099840K), 1.7263381 secs] [Times: user=1.97 sys=0.00, real=1.72 secs] 
2023-04-09T21:09:05.819+0000: 7111.239: [GC (Allocation Failure) [PSYoungGen: 7921877K->36051K(8009216K)] 23704752K->15822126K(24186880K), 1.6127590 secs] [Times: user=2.13 sys=0.34, real=1.62 secs] 
2023-04-09T21:09:09.720+0000: 7115.140: [GC (Allocation Failure) [PSYoungGen: 7949011K->17741K(7930880K)] 23735086K->15811224K(24108544K), 1.5779562 secs] [Times: user=1.89 sys=0.01, real=1.58 secs] 
2023-04-09T21:09:13.605+0000: 7119.025: [GC (Allocation Failure) [PSYoungGen: 7930701K->16245K(8004096K)] 23724184K->15809823K(24181760K), 1.8084849 secs] [Times: user=2.02 sys=0.00, real=1.81 secs] 
2023-04-09T21:09:18.818+0000: 7124.238: [GC (Allocation Failure) [PSYoungGen: 7931253K->32975K(7948288K)] 23724831K->15826625K(24125952K), 1.6880764 secs] [Times: user=1.90 sys=0.01, real=1.69 secs] 
2023-04-09T21:09:25.106+0000: 7130.526: [GC (Allocation Failure) [PSYoungGen: 7947983K->71878K(7986688K)] 23741633K->15874488K(24164352K), 1.6137709 secs] [Times: user=1.93 sys=0.01, real=1.61 secs] 
2023-04-09T21:09:31.708+0000: 7137.127: [GC (Allocation Failure) [PSYoungGen: 7977158K->73475K(7996416K)] 23779768K->15940093K(24174080K), 1.7407519 secs] [Times: user=2.07 sys=0.01, real=1.74 secs] 
2023-04-09T21:09:39.649+0000: 7145.069: [GC (Allocation Failure) [PSYoungGen: 7978755K->72883K(8004096K)] 23845373K->16004966K(24181760K), 1.7741794 secs] [Times: user=3.07 sys=0.02, real=1.78 secs] 
2023-04-09T21:10:00.541+0000: 7165.961: [GC (Allocation Failure) [PSYoungGen: 7978163K->19446K(7924736K)] 23910246K->16016576K(24102400K), 1.9088203 secs] [Times: user=2.20 sys=0.04, real=1.90 secs] 
2023-04-09T21:10:05.094+0000: 7170.514: [GC (Allocation Failure) [PSYoungGen: 7924726K->24646K(8012288K)] 23921856K->16035304K(24189952K), 1.6317245 secs] [Times: user=1.95 sys=0.00, real=1.63 secs] 
2023-04-09T21:10:08.830+0000: 7174.250: [GC (Allocation Failure) [PSYoungGen: 7933510K->21149K(7930368K)] 23944168K->16038591K(24108032K), 1.6174577 secs] [Times: user=2.10 sys=0.01, real=1.62 secs] 
2023-04-09T21:10:12.566+0000: 7177.985: [GC (Allocation Failure) [PSYoungGen: 7930013K->18855K(8008704K)] 23947455K->16041544K(24186368K), 1.6190222 secs] [Times: user=1.97 sys=0.01, real=1.62 secs] 
2023-04-09T21:10:17.118+0000: 7182.538: [GC (Allocation Failure) [PSYoungGen: 7930279K->17025K(7928832K)] 23952968K->16039811K(24106496K), 1.7211419 secs] [Times: user=1.92 sys=0.00, real=1.72 secs] 
2023-04-09T21:10:20.990+0000: 7186.410: [GC (Allocation Failure) [PSYoungGen: 7928449K->24966K(8007680K)] 23951235K->16047839K(24185344K), 1.6192824 secs] [Times: user=2.12 sys=0.03, real=1.62 secs] 
2023-04-09T21:10:24.841+0000: 7190.261: [GC (Allocation Failure) [PSYoungGen: 7940486K->20107K(7936000K)] 23963359K->16043076K(24113664K), 1.5837886 secs] [Times: user=1.81 sys=0.01, real=1.58 secs] 
2023-04-09T21:10:29.459+0000: 7194.879: [GC (Allocation Failure) [PSYoungGen: 7935627K->39660K(8003072K)] 23958596K->16062702K(24180736K), 1.5697768 secs] [Times: user=1.91 sys=0.01, real=1.57 secs] 
2023-04-09T21:10:36.531+0000: 7201.951: [GC (Allocation Failure) [PSYoungGen: 7957740K->82417K(8000512K)] 23980782K->16131989K(24178176K), 1.6697213 secs] [Times: user=2.02 sys=0.01, real=1.67 secs] 
2023-04-09T21:10:43.374+0000: 7208.794: [GC (Allocation Failure) [PSYoungGen: 8000497K->78870K(8018944K)] 24050069K->16204386K(24196608K), 1.5447267 secs] [Times: user=1.86 sys=0.05, real=1.54 secs] 
2023-04-09T21:10:44.919+0000: 7210.339: [Full GC (Ergonomics) [PSYoungGen: 78870K->0K(8018944K)] [ParOldGen: 16125515K->14633765K(16260096K)] 16204386K->14633765K(24279040K), [Metaspace: 130577K->130577K(141312K)], 8.8937551 secs] [Times: user=68.87 sys=0.07, real=8.90 secs] 
2023-04-09T21:11:01.912+0000: 7227.332: [GC (Allocation Failure) [PSYoungGen: 7913472K->25496K(7939072K)] 22547237K->14659261K(24199168K), 1.8863485 secs] [Times: user=2.27 sys=0.01, real=1.88 secs] 
2023-04-09T21:11:06.301+0000: 7231.721: [GC (Allocation Failure) [PSYoungGen: 7938968K->20327K(8026112K)] 22572733K->14657132K(24286208K), 1.6836163 secs] [Times: user=1.97 sys=0.14, real=1.68 secs] 
2023-04-09T21:11:10.197+0000: 7235.617: [GC (Allocation Failure) [PSYoungGen: 7936871K->19209K(7936000K)] 22573676K->14661671K(24196096K), 1.6533746 secs] [Times: user=1.93 sys=0.46, real=1.66 secs] 
2023-04-09T21:11:14.939+0000: 7240.359: [GC (Allocation Failure) [PSYoungGen: 7935753K->15635K(8022528K)] 22578215K->14658177K(24282624K), 1.6362412 secs] [Times: user=1.92 sys=0.03, real=1.64 secs] 
2023-04-09T21:11:19.435+0000: 7244.855: [GC (Allocation Failure) [PSYoungGen: 7934739K->35567K(8019968K)] 22577281K->14679245K(24280064K), 1.5636648 secs] [Times: user=1.78 sys=0.01, real=1.56 secs] 
2023-04-09T21:11:25.868+0000: 7251.288: [GC (Allocation Failure) [PSYoungGen: 7954671K->80017K(8009216K)] 22598349K->14745062K(24269312K), 1.5611627 secs] [Times: user=1.94 sys=0.15, real=1.56 secs] 
2023-04-09T21:11:34.133+0000: 7259.552: [GC (Allocation Failure) [PSYoungGen: 7995025K->68585K(8019968K)] 22660070K->14807863K(24280064K), 1.7880480 secs] [Times: user=2.22 sys=0.01, real=1.79 secs] 
2023-04-09T21:12:00.477+0000: 7285.897: [GC (Allocation Failure) [PSYoungGen: 7983593K->8290K(8009216K)] 22722871K->14813399K(24269312K), 1.7215651 secs] [Times: user=1.96 sys=0.03, real=1.72 secs] 
2023-04-09T21:12:04.559+0000: 7289.979: [GC (Allocation Failure) [PSYoungGen: 7924322K->26521K(8024576K)] 22729431K->14832526K(24284672K), 1.6124075 secs] [Times: user=1.97 sys=0.02, real=1.62 secs] 
2023-04-09T21:12:08.313+0000: 7293.733: [GC (Allocation Failure) [PSYoungGen: 7942553K->26837K(8001536K)] 22748558K->14839642K(24261632K), 1.6295790 secs] [Times: user=1.93 sys=0.00, real=1.63 secs] 
2023-04-09T21:12:12.736+0000: 7298.156: [GC (Allocation Failure) [PSYoungGen: 7944405K->23325K(8016896K)] 22757210K->14841696K(24276992K), 1.6254684 secs] [Times: user=1.88 sys=0.00, real=1.63 secs] 
2023-04-09T21:12:16.740+0000: 7302.159: [GC (Allocation Failure) [PSYoungGen: 7940893K->19769K(8013312K)] 22759264K->14838212K(24273408K), 1.5816579 secs] [Times: user=1.85 sys=0.01, real=1.59 secs] 
2023-04-09T21:12:22.431+0000: 7307.850: [GC (Allocation Failure) [PSYoungGen: 7955257K->55563K(8027648K)] 22773700K->14875150K(24287744K), 1.6756141 secs] [Times: user=1.93 sys=0.04, real=1.67 secs] 
2023-04-09T21:12:28.660+0000: 7314.080: [GC (Allocation Failure) [PSYoungGen: 7991051K->81701K(8037888K)] 22810638K->14947712K(24297984K), 1.7534173 secs] [Times: user=2.09 sys=0.03, real=1.75 secs] 
2023-04-09T21:12:39.654+0000: 7325.074: [GC (Allocation Failure) [PSYoungGen: 8025381K->53378K(7997440K)] 22891392K->14987330K(24257536K), 1.5728437 secs] [Times: user=2.02 sys=0.37, real=1.57 secs] 
2023-04-09T21:13:01.137+0000: 7346.557: [GC (Allocation Failure) [PSYoungGen: 7997058K->14889K(8048640K)] 22931010K->15003960K(24308736K), 1.7559317 secs] [Times: user=2.08 sys=0.01, real=1.76 secs] 
2023-04-09T21:13:05.229+0000: 7350.649: [GC (Allocation Failure) [PSYoungGen: 7960105K->29226K(7974912K)] 22949176K->15019809K(24235008K), 1.5680881 secs] [Times: user=1.91 sys=0.01, real=1.57 secs] 
2023-04-09T21:13:09.709+0000: 7355.128: [GC (Allocation Failure) [PSYoungGen: 7974442K->20558K(8045056K)] 22965025K->15017949K(24305152K), 1.9336421 secs] [Times: user=2.34 sys=0.16, real=1.94 secs] 
2023-04-09T21:13:13.974+0000: 7359.394: [GC (Allocation Failure) [PSYoungGen: 7968334K->17928K(7966208K)] 22965725K->15015383K(24226304K), 1.5586339 secs] [Times: user=1.74 sys=0.00, real=1.56 secs] 
2023-04-09T21:13:17.856+0000: 7363.276: [GC (Allocation Failure) [PSYoungGen: 7965704K->19290K(8043008K)] 22963159K->15016841K(24303104K), 1.6639621 secs] [Times: user=1.87 sys=0.00, real=1.66 secs] 
2023-04-09T21:13:24.419+0000: 7369.839: [GC (Allocation Failure) [PSYoungGen: 7970138K->86015K(8039936K)] 22967689K->15085981K(24300032K), 1.6130661 secs] [Times: user=1.89 sys=0.02, real=1.62 secs] 
2023-04-09T21:13:31.972+0000: 7377.392: [GC (Allocation Failure) [PSYoungGen: 8036863K->78074K(8045568K)] 23036829K->15147177K(24305664K), 1.6336666 secs] [Times: user=1.93 sys=0.01, real=1.63 secs] 
2023-04-09T21:13:49.976+0000: 7395.396: [GC (Allocation Failure) [PSYoungGen: 8020730K->46260K(7989248K)] 23089833K->15191125K(24249344K), 1.5607387 secs] [Times: user=1.86 sys=0.01, real=1.56 secs] 
2023-04-09T21:14:01.877+0000: 7407.297: [GC (Allocation Failure) [PSYoungGen: 7988916K->19721K(8051200K)] 23133781K->15211777K(24311296K), 1.6815367 secs] [Times: user=2.10 sys=0.01, real=1.68 secs] 
2023-04-09T21:14:06.007+0000: 7411.427: [GC (Allocation Failure) [PSYoungGen: 7964937K->22261K(7967744K)] 23156993K->15216750K(24227840K), 1.7685162 secs] [Times: user=2.11 sys=0.00, real=1.77 secs] 
2023-04-09T21:14:10.444+0000: 7415.863: [GC (Allocation Failure) [PSYoungGen: 7967477K->14290K(8047616K)] 23161966K->15215133K(24307712K), 1.5486653 secs] [Times: user=1.84 sys=0.00, real=1.55 secs] 
2023-04-09T21:14:14.284+0000: 7419.704: [GC (Allocation Failure) [PSYoungGen: 7961554K->16471K(7964160K)] 23162397K->15217386K(24224256K), 1.6282516 secs] [Times: user=1.86 sys=0.15, real=1.63 secs] 
2023-04-09T21:14:18.871+0000: 7424.291: [GC (Allocation Failure) [PSYoungGen: 7963735K->30482K(8047616K)] 23164650K->15231501K(24307712K), 1.5648122 secs] [Times: user=1.76 sys=0.01, real=1.56 secs] 
2023-04-09T21:14:25.438+0000: 7430.857: [GC (Allocation Failure) [PSYoungGen: 7982866K->90087K(8042496K)] 23183885K->15308087K(24302592K), 1.7307649 secs] [Times: user=2.21 sys=0.01, real=1.73 secs] 
2023-04-09T21:14:33.197+0000: 7438.617: [GC (Allocation Failure) [PSYoungGen: 8042471K->82931K(8055808K)] 23260471K->15369394K(24315904K), 1.5767354 secs] [Times: user=1.90 sys=0.20, real=1.58 secs] 
2023-04-09T21:14:48.626+0000: 7454.046: [GC (Allocation Failure) [PSYoungGen: 8027123K->50712K(7995392K)] 23313586K->15408974K(24255488K), 1.5416510 secs] [Times: user=1.84 sys=0.00, real=1.54 secs] 
2023-04-09T21:15:01.659+0000: 7467.079: [GC (Allocation Failure) [PSYoungGen: 7994904K->18771K(8061440K)] 23353166K->15427720K(24321536K), 1.7589161 secs] [Times: user=2.16 sys=0.00, real=1.76 secs] 
2023-04-09T21:15:06.166+0000: 7471.586: [GC (Allocation Failure) [PSYoungGen: 7965523K->29407K(7976448K)] 23374472K->15440548K(24236544K), 1.8906949 secs] [Times: user=2.18 sys=0.00, real=1.89 secs] 
2023-04-09T21:15:10.346+0000: 7475.766: [GC (Allocation Failure) [PSYoungGen: 7976159K->21751K(8057344K)] 23387300K->15439829K(24317440K), 1.5684940 secs] [Times: user=1.89 sys=0.00, real=1.57 secs] 
2023-04-09T21:15:14.050+0000: 7479.470: [GC (Allocation Failure) [PSYoungGen: 7971575K->17560K(7967744K)] 23389653K->15442109K(24227840K), 1.5936704 secs] [Times: user=1.81 sys=0.01, real=1.60 secs] 
2023-04-09T21:15:17.851+0000: 7483.271: [GC (Allocation Failure) [PSYoungGen: 7967384K->20859K(8055296K)] 23391933K->15445504K(24315392K), 1.5896164 secs] [Times: user=1.81 sys=0.07, real=1.59 secs] 
2023-04-09T21:15:21.619+0000: 7487.039: [GC (Allocation Failure) [PSYoungGen: 7974267K->21286K(7974912K)] 23398912K->15446018K(24235008K), 1.6173280 secs] [Times: user=1.81 sys=0.23, real=1.62 secs] 
2023-04-09T21:15:26.054+0000: 7491.474: [GC (Allocation Failure) [PSYoungGen: 7974694K->15581K(8051200K)] 23399426K->15441434K(24311296K), 1.8215790 secs] [Times: user=2.14 sys=0.01, real=1.82 secs] 
2023-04-09T21:15:32.229+0000: 7497.649: [GC (Allocation Failure) [PSYoungGen: 7972061K->56069K(8048128K)] 23397914K->15482114K(24308224K), 1.6266350 secs] [Times: user=1.88 sys=0.00, real=1.63 secs] 
2023-04-09T21:15:38.482+0000: 7503.902: [GC (Allocation Failure) [PSYoungGen: 8012549K->73560K(8043008K)] 23438594K->15544565K(24303104K), 1.5466804 secs] [Times: user=1.86 sys=0.00, real=1.54 secs] 
2023-04-09T21:15:44.908+0000: 7510.328: [GC (Allocation Failure) [PSYoungGen: 8021848K->75547K(8051200K)] 23492853K->15613680K(24311296K), 1.6736560 secs] [Times: user=2.03 sys=0.01, real=1.68 secs] 
2023-04-09T21:16:00.386+0000: 7525.806: [GC (Allocation Failure) [PSYoungGen: 8023835K->35762K(8047104K)] 23561968K->15641015K(24307200K), 1.7453485 secs] [Times: user=2.15 sys=0.00, real=1.75 secs] 
2023-04-09T21:16:04.978+0000: 7530.398: [GC (Allocation Failure) [PSYoungGen: 7984050K->25683K(7974400K)] 23589303K->15662160K(24234496K), 1.7854728 secs] [Times: user=2.13 sys=0.01, real=1.79 secs] 
2023-04-09T21:16:09.089+0000: 7534.508: [GC (Allocation Failure) [PSYoungGen: 7973971K->21871K(8051712K)] 23610448K->15665699K(24311808K), 1.5973469 secs] [Times: user=1.90 sys=0.00, real=1.60 secs] 
2023-04-09T21:16:12.899+0000: 7538.319: [GC (Allocation Failure) [PSYoungGen: 7972719K->22326K(7973376K)] 23616547K->15673309K(24233472K), 1.6814348 secs] [Times: user=1.99 sys=0.01, real=1.69 secs] 
2023-04-09T21:16:16.743+0000: 7542.163: [GC (Allocation Failure) [PSYoungGen: 7973174K->17388K(8048128K)] 23624157K->15668451K(24308224K), 1.6640175 secs] [Times: user=1.89 sys=0.00, real=1.66 secs] 
2023-04-09T21:16:22.156+0000: 7547.575: [GC (Allocation Failure) [PSYoungGen: 7970796K->63682K(8045568K)] 23621859K->15714841K(24305664K), 1.6000662 secs] [Times: user=1.90 sys=0.01, real=1.60 secs] 
2023-04-09T21:16:28.996+0000: 7554.415: [GC (Allocation Failure) [PSYoungGen: 8017039K->69912K(8044544K)] 23668198K->15763816K(24304640K), 1.5914336 secs] [Times: user=2.02 sys=0.01, real=1.59 secs] 
2023-04-09T21:16:34.942+0000: 7560.362: [GC (Allocation Failure) [PSYoungGen: 8017176K->67646K(8050688K)] 23711080K->15822293K(24310784K), 1.5590689 secs] [Times: user=1.89 sys=0.00, real=1.56 secs] 
2023-04-09T21:16:41.164+0000: 7566.584: [GC (Allocation Failure) [PSYoungGen: 8014910K->64600K(8052736K)] 23769557K->15879848K(24312832K), 1.5405517 secs] [Times: user=1.87 sys=0.02, real=1.54 secs] 
2023-04-09T21:17:01.143+0000: 7586.563: [GC (Allocation Failure) [PSYoungGen: 8010328K->29723K(7975936K)] 23825576K->15906594K(24236032K), 1.8223436 secs] [Times: user=2.11 sys=0.10, real=1.82 secs] 
2023-04-09T21:17:06.206+0000: 7591.625: [GC (Allocation Failure) [PSYoungGen: 7975451K->24826K(8053760K)] 23852322K->15909809K(24313856K), 1.7630588 secs] [Times: user=2.12 sys=0.01, real=1.76 secs] 
2023-04-09T21:17:10.237+0000: 7595.657: [GC (Allocation Failure) [PSYoungGen: 7973626K->16062K(7965184K)] 23858609K->15908471K(24225280K), 1.6325838 secs] [Times: user=2.01 sys=0.01, real=1.63 secs] 
2023-04-09T21:17:14.284+0000: 7599.704: [GC (Allocation Failure) [PSYoungGen: 7964862K->17154K(8051200K)] 23857271K->15909650K(24311296K), 1.6056432 secs] [Times: user=1.90 sys=0.12, real=1.60 secs] 
2023-04-09T21:17:18.152+0000: 7603.572: [GC (Allocation Failure) [PSYoungGen: 7968002K->16002K(7967232K)] 23860498K->15908602K(24227328K), 1.5836980 secs] [Times: user=1.82 sys=0.01, real=1.58 secs] 
2023-04-09T21:17:25.398+0000: 7610.818: [GC (Allocation Failure) [PSYoungGen: 7966850K->74426K(8037888K)] 23859450K->15969355K(24297984K), 1.7239074 secs] [Times: user=2.01 sys=0.01, real=1.73 secs] 
2023-04-09T21:17:32.270+0000: 7617.690: [GC (Allocation Failure) [PSYoungGen: 8016570K->77615K(8046592K)] 23911499K->16037303K(24306688K), 1.6374057 secs] [Times: user=1.96 sys=0.01, real=1.64 secs] 
2023-04-09T21:17:41.311+0000: 7626.730: [GC (Allocation Failure) [PSYoungGen: 8019759K->66064K(8052736K)] 23979447K->16094848K(24312832K), 1.5943476 secs] [Times: user=1.91 sys=0.01, real=1.59 secs] 
2023-04-09T21:18:01.159+0000: 7646.579: [GC (Allocation Failure) [PSYoungGen: 8006672K->13415K(7954432K)] 24035456K->16106319K(24214528K), 1.8616998 secs] [Times: user=2.13 sys=0.01, real=1.87 secs] 
2023-04-09T21:18:06.094+0000: 7651.513: [GC (Allocation Failure) [PSYoungGen: 7954023K->22176K(8056320K)] 24046927K->16116753K(24316416K), 1.5418336 secs] [Times: user=1.84 sys=0.00, real=1.54 secs] 
2023-04-09T21:18:09.847+0000: 7655.267: [GC (Allocation Failure) [PSYoungGen: 7966368K->21025K(7965696K)] 24060945K->16122370K(24225792K), 1.6197287 secs] [Times: user=1.91 sys=0.01, real=1.62 secs] 
2023-04-09T21:18:13.722+0000: 7659.142: [GC (Allocation Failure) [PSYoungGen: 7965217K->18740K(8052224K)] 24066562K->16124207K(24312320K), 1.5507092 secs] [Times: user=1.79 sys=0.01, real=1.55 secs] 
2023-04-09T21:18:17.529+0000: 7662.949: [GC (Allocation Failure) [PSYoungGen: 7966004K->17646K(7965184K)] 24071471K->16123201K(24225280K), 1.5903285 secs] [Times: user=1.79 sys=0.00, real=1.59 secs] 
2023-04-09T21:18:24.412+0000: 7669.832: [GC (Allocation Failure) [PSYoungGen: 7964910K->86518K(8032768K)] 24070465K->16192696K(24292864K), 1.7332730 secs] [Times: user=2.19 sys=0.37, real=1.73 secs] 
2023-04-09T21:18:31.134+0000: 7676.553: [GC (Allocation Failure) [PSYoungGen: 8020982K->73053K(8045568K)] 24127160K->16239896K(24305664K), 1.5825594 secs] [Times: user=1.96 sys=0.02, real=1.58 secs] 
2023-04-09T21:18:32.716+0000: 7678.136: [Full GC (Ergonomics) [PSYoungGen: 73053K->0K(8045568K)] [ParOldGen: 16166842K->14714717K(16349696K)] 16239896K->14714717K(24395264K), [Metaspace: 130626K->130626K(141312K)], 8.9423648 secs] [Times: user=72.62 sys=0.06, real=8.94 secs] 
2023-04-09T21:18:50.243+0000: 7695.663: [GC (Allocation Failure) [PSYoungGen: 7934464K->61366K(8051712K)] 22649181K->14776083K(24401408K), 1.5470186 secs] [Times: user=1.78 sys=0.02, real=1.55 secs] 
2023-04-09T21:19:02.039+0000: 7707.459: [GC (Allocation Failure) [PSYoungGen: 7996342K->16590K(8051200K)] 22711059K->14788947K(24400896K), 1.8368309 secs] [Times: user=2.06 sys=0.13, real=1.84 secs] 
2023-04-09T21:19:06.579+0000: 7711.999: [GC (Allocation Failure) [PSYoungGen: 7951566K->23999K(8053248K)] 22723923K->14799173K(24402944K), 1.5591152 secs] [Times: user=1.79 sys=0.00, real=1.56 secs] 
2023-04-09T21:19:10.522+0000: 7715.942: [GC (Allocation Failure) [PSYoungGen: 7968703K->20756K(8054272K)] 22743877K->14802618K(24403968K), 1.5978354 secs] [Times: user=1.99 sys=0.01, real=1.59 secs] 
2023-04-09T21:19:14.367+0000: 7719.787: [GC (Allocation Failure) [PSYoungGen: 7965460K->23331K(8059392K)] 22747322K->14805280K(24409088K), 1.6376361 secs] [Times: user=1.98 sys=0.01, real=1.64 secs] 
2023-04-09T21:19:18.884+0000: 7724.303: [GC (Allocation Failure) [PSYoungGen: 7982371K->31813K(8060928K)] 22764320K->14813866K(24410624K), 1.5672136 secs] [Times: user=1.77 sys=0.01, real=1.57 secs] 
2023-04-09T21:19:26.109+0000: 7731.528: [GC (Allocation Failure) [PSYoungGen: 7990853K->80058K(8058368K)] 22772906K->14879784K(24408064K), 1.7909155 secs] [Times: user=2.11 sys=0.02, real=1.79 secs] 
2023-04-09T21:19:32.465+0000: 7737.884: [GC (Allocation Failure) [PSYoungGen: 8042170K->76785K(8068608K)] 22841896K->14945719K(24418304K), 1.5422209 secs] [Times: user=1.85 sys=0.00, real=1.54 secs] 
2023-04-09T21:19:38.831+0000: 7744.251: [GC (Allocation Failure) [PSYoungGen: 8038897K->72365K(8072704K)] 22907831K->15009427K(24422400K), 1.5352040 secs] [Times: user=1.83 sys=0.01, real=1.53 secs] 
2023-04-09T21:20:00.886+0000: 7766.306: [GC (Allocation Failure) [PSYoungGen: 8034477K->10670K(7972864K)] 22971539K->15018596K(24322560K), 1.9519809 secs] [Times: user=2.14 sys=0.00, real=1.95 secs] 
2023-04-09T21:20:05.767+0000: 7771.187: [GC (Allocation Failure) [PSYoungGen: 7972782K->23483K(8082432K)] 22980708K->15034928K(24432128K), 1.6106808 secs] [Times: user=1.89 sys=0.00, real=1.61 secs] 
2023-04-09T21:20:09.552+0000: 7774.972: [GC (Allocation Failure) [PSYoungGen: 7989691K->38062K(8004608K)] 23001136K->15056260K(24354304K), 1.5898163 secs] [Times: user=1.96 sys=0.01, real=1.59 secs] 
2023-04-09T21:20:13.182+0000: 7778.601: [GC (Allocation Failure) [PSYoungGen: 8004270K->16575K(8073728K)] 23022468K->15041986K(24423424K), 1.7271723 secs] [Times: user=1.97 sys=0.02, real=1.72 secs] 
2023-04-09T21:20:17.363+0000: 7782.783: [GC (Allocation Failure) [PSYoungGen: 7984831K->17961K(7986688K)] 23010242K->15043451K(24336384K), 1.6079431 secs] [Times: user=1.82 sys=0.00, real=1.61 secs] 
2023-04-09T21:20:21.400+0000: 7786.820: [GC (Allocation Failure) [PSYoungGen: 7986217K->15418K(8071168K)] 23011707K->15040973K(24420864K), 1.8948422 secs] [Times: user=2.22 sys=0.01, real=1.90 secs] 
2023-04-09T21:20:25.769+0000: 7791.189: [GC (Allocation Failure) [PSYoungGen: 7986234K->23260K(8068608K)] 23011789K->15048886K(24418304K), 1.6264147 secs] [Times: user=1.89 sys=0.00, real=1.63 secs] 
2023-04-09T21:20:30.944+0000: 7796.364: [GC (Allocation Failure) [PSYoungGen: 7994076K->39311K(8073216K)] 23019702K->15065033K(24422912K), 1.6034073 secs] [Times: user=1.89 sys=0.18, real=1.60 secs] 
2023-04-09T21:20:37.656+0000: 7803.076: [GC (Allocation Failure) [PSYoungGen: 8019343K->81523K(8069632K)] 23045065K->15132925K(24419328K), 1.5348174 secs] [Times: user=1.85 sys=0.15, real=1.54 secs] 
2023-04-09T21:20:45.069+0000: 7810.489: [GC (Allocation Failure) [PSYoungGen: 8061555K->74233K(8084992K)] 23112957K->15199844K(24434688K), 1.5670672 secs] [Times: user=1.90 sys=0.01, real=1.57 secs] 
2023-04-09T21:21:01.842+0000: 7827.261: [GC (Allocation Failure) [PSYoungGen: 8057849K->23946K(8007680K)] 23183460K->15221829K(24357376K), 2.1338929 secs] [Times: user=2.45 sys=0.01, real=2.13 secs] 
2023-04-09T21:21:06.651+0000: 7832.071: [GC (Allocation Failure) [PSYoungGen: 8007562K->36065K(8094208K)] 23205445K->15239596K(24443904K), 1.6333058 secs] [Times: user=1.96 sys=0.01, real=1.63 secs] 
2023-04-09T21:21:10.432+0000: 7835.852: [GC (Allocation Failure) [PSYoungGen: 8025313K->18164K(8007680K)] 23228844K->15240878K(24357376K), 1.5575719 secs] [Times: user=1.88 sys=0.00, real=1.55 secs] 
2023-04-09T21:21:14.180+0000: 7839.600: [GC (Allocation Failure) [PSYoungGen: 8007412K->15728K(8089088K)] 23230126K->15241781K(24438784K), 1.5994319 secs] [Times: user=1.83 sys=0.01, real=1.60 secs] 
2023-04-09T21:21:18.184+0000: 7843.604: [GC (Allocation Failure) [PSYoungGen: 8007536K->20104K(8012288K)] 23233589K->15246245K(24361984K), 1.6034400 secs] [Times: user=1.90 sys=0.00, real=1.60 secs] 
2023-04-09T21:21:25.700+0000: 7851.119: [GC (Allocation Failure) [PSYoungGen: 8011912K->80957K(8071680K)] 23238053K->15309002K(24421376K), 1.5475036 secs] [Times: user=1.85 sys=0.18, real=1.55 secs] 
2023-04-09T21:21:32.004+0000: 7857.424: [GC (Allocation Failure) [PSYoungGen: 8060989K->77955K(8083456K)] 23289034K->15374247K(24433152K), 1.6474651 secs] [Times: user=1.93 sys=0.03, real=1.65 secs] 
2023-04-09T21:21:38.284+0000: 7863.704: [GC (Allocation Failure) [PSYoungGen: 8057987K->79055K(8085504K)] 23354279K->15445748K(24435200K), 1.6011912 secs] [Times: user=1.92 sys=0.02, real=1.60 secs] 
2023-04-09T21:21:53.329+0000: 7878.748: [GC (Allocation Failure) [PSYoungGen: 8052943K->45233K(8019456K)] 23419636K->15486844K(24369152K), 1.5483201 secs] [Times: user=1.88 sys=0.18, real=1.55 secs] 
2023-04-09T21:22:02.804+0000: 7888.224: [GC (Allocation Failure) [PSYoungGen: 8019121K->32439K(8089088K)] 23460732K->15519538K(24438784K), 1.9037997 secs] [Times: user=2.48 sys=0.00, real=1.90 secs] 
2023-04-09T21:22:06.938+0000: 7892.357: [GC (Allocation Failure) [PSYoungGen: 8010423K->24855K(8003072K)] 23497522K->15528219K(24352768K), 1.5551756 secs] [Times: user=1.92 sys=0.05, real=1.56 secs] 
2023-04-09T21:22:10.811+0000: 7896.230: [GC (Allocation Failure) [PSYoungGen: 8002839K->18991K(8083968K)] 23506203K->15529769K(24433664K), 1.6260297 secs] [Times: user=1.91 sys=0.08, real=1.62 secs] 
2023-04-09T21:22:14.704+0000: 7900.124: [GC (Allocation Failure) [PSYoungGen: 7999023K->20685K(8001024K)] 23509801K->15531544K(24350720K), 1.6064096 secs] [Times: user=1.88 sys=0.01, real=1.61 secs] 
2023-04-09T21:22:19.348+0000: 7904.768: [GC (Allocation Failure) [PSYoungGen: 8000717K->46218K(8082432K)] 23511576K->15557180K(24432128K), 1.6166932 secs] [Times: user=1.84 sys=0.02, real=1.62 secs] 
2023-04-09T21:22:26.378+0000: 7911.797: [GC (Allocation Failure) [PSYoungGen: 8029322K->83972K(8079360K)] 23540284K->15621326K(24429056K), 1.5641361 secs] [Times: user=1.94 sys=0.34, real=1.57 secs] 
2023-04-09T21:22:48.129+0000: 7933.548: [GC (Allocation Failure) [PSYoungGen: 8067076K->37771K(8079872K)] 23604430K->15649052K(24429568K), 1.5502247 secs] [Times: user=1.82 sys=0.01, real=1.55 secs] 
2023-04-09T21:23:01.915+0000: 7947.335: [GC (Allocation Failure) [PSYoungGen: 8020875K->14931K(7998464K)] 23632156K->15664565K(24348160K), 1.8490363 secs] [Times: user=2.00 sys=0.01, real=1.85 secs] 
2023-04-09T21:23:06.233+0000: 7951.653: [GC (Allocation Failure) [PSYoungGen: 7998035K->27431K(8088064K)] 23647669K->15679016K(24437760K), 1.6294568 secs] [Times: user=2.03 sys=0.17, real=1.63 secs] 
2023-04-09T21:23:09.958+0000: 7955.378: [GC (Allocation Failure) [PSYoungGen: 8014631K->21515K(8009216K)] 23666216K->15680540K(24358912K), 1.5759826 secs] [Times: user=1.91 sys=0.00, real=1.58 secs] 
2023-04-09T21:23:13.858+0000: 7959.278: [GC (Allocation Failure) [PSYoungGen: 8008715K->18558K(8083968K)] 23667740K->15679796K(24433664K), 1.6193310 secs] [Times: user=1.94 sys=0.01, real=1.62 secs] 
2023-04-09T21:23:18.344+0000: 7963.764: [GC (Allocation Failure) [PSYoungGen: 8007716K->24479K(8014336K)] 23668954K->15685797K(24364032K), 1.7702394 secs] [Times: user=2.09 sys=0.01, real=1.77 secs] 
2023-04-09T21:23:25.687+0000: 7971.107: [GC (Allocation Failure) [PSYoungGen: 8014239K->88040K(8058368K)] 23675557K->15763358K(24408064K), 1.6297701 secs] [Times: user=2.13 sys=0.01, real=1.63 secs] 
2023-04-09T21:23:31.884+0000: 7977.304: [GC (Allocation Failure) [PSYoungGen: 8058344K->94884K(8077824K)] 23733662K->15841194K(24427520K), 1.5910713 secs] [Times: user=2.07 sys=0.00, real=1.59 secs] 
2023-04-09T21:23:37.597+0000: 7983.017: [GC (Allocation Failure) [PSYoungGen: 8065188K->113340K(8082432K)] 23811498K->15945703K(24432128K), 1.6831484 secs] [Times: user=2.43 sys=0.30, real=1.68 secs] 
2023-04-09T21:23:45.044+0000: 7990.464: [GC (Allocation Failure) [PSYoungGen: 8074940K->106629K(8099840K)] 23907303K->16039578K(24449536K), 1.5395870 secs] [Times: user=2.27 sys=0.03, real=1.54 secs] 
2023-04-09T21:23:58.453+0000: 8003.873: [GC (Allocation Failure) [PSYoungGen: 8068229K->118893K(8097792K)] 24001178K->16154514K(24447488K), 1.7095881 secs] [Times: user=2.45 sys=0.04, real=1.71 secs] 
2023-04-09T21:24:02.570+0000: 8007.990: [GC (Allocation Failure) [PSYoungGen: 8067181K->34475K(7983104K)] 24102802K->16185712K(24332800K), 1.7082659 secs] [Times: user=2.31 sys=0.00, real=1.70 secs] 
2023-04-09T21:24:06.571+0000: 8011.991: [GC (Allocation Failure) [PSYoungGen: 7982763K->33691K(8111616K)] 24134000K->16196024K(24461312K), 1.5523608 secs] [Times: user=2.02 sys=0.00, real=1.55 secs] 
2023-04-09T21:24:10.022+0000: 8015.441: [GC (Allocation Failure) [PSYoungGen: 7987099K->29365K(7983104K)] 24149432K->16203477K(24332800K), 1.6190199 secs] [Times: user=2.00 sys=0.01, real=1.62 secs] 
2023-04-09T21:24:14.302+0000: 8019.721: [GC (Allocation Failure) [PSYoungGen: 7982773K->27024K(8107008K)] 24156885K->16207712K(24456704K), 1.6954134 secs] [Times: user=2.05 sys=0.01, real=1.69 secs] 
2023-04-09T21:24:19.232+0000: 8024.652: [GC (Allocation Failure) [PSYoungGen: 7984787K->44356K(8002560K)] 24165475K->16234652K(24352256K), 1.5637059 secs] [Times: user=1.89 sys=0.01, real=1.56 secs] 
2023-04-09T21:24:25.429+0000: 8030.849: [GC (Allocation Failure) [PSYoungGen: 8002372K->78659K(8093184K)] 24192668K->16298155K(24442880K), 1.6435507 secs] [Times: user=2.32 sys=0.19, real=1.65 secs] 
2023-04-09T21:24:27.073+0000: 8032.492: [Full GC (Ergonomics) [PSYoungGen: 78659K->0K(8093184K)] [ParOldGen: 16219496K->14218106K(15798272K)] 16298155K->14218106K(23891456K), [Metaspace: 130639K->130639K(141312K)], 11.3823515 secs] [Times: user=88.75 sys=0.10, real=11.38 secs] 
2023-04-09T21:24:42.569+0000: 8047.988: [GC (Allocation Failure) [PSYoungGen: 7956480K->72333K(8029184K)] 22174586K->14290440K(23827456K), 1.5369747 secs] [Times: user=1.78 sys=0.01, real=1.54 secs] 
2023-04-09T21:24:49.855+0000: 8055.275: [GC (Allocation Failure) [PSYoungGen: 8028813K->62060K(8081408K)] 22246920K->14342767K(23879680K), 1.5743950 secs] [Times: user=1.84 sys=0.02, real=1.57 secs] 
2023-04-09T21:25:02.014+0000: 8067.434: [GC (Allocation Failure) [PSYoungGen: 8018540K->28056K(7984640K)] 22299247K->14369066K(23782912K), 1.7153943 secs] [Times: user=2.04 sys=0.01, real=1.71 secs] 
2023-04-09T21:25:06.134+0000: 8071.553: [GC (Allocation Failure) [PSYoungGen: 7984536K->29482K(8078336K)] 22325546K->14373685K(23876608K), 1.5743693 secs] [Times: user=1.98 sys=0.04, real=1.57 secs] 
2023-04-09T21:25:09.860+0000: 8075.280: [GC (Allocation Failure) [PSYoungGen: 7985962K->30579K(7987200K)] 22330165K->14386981K(23785472K), 1.5648684 secs] [Times: user=2.05 sys=0.01, real=1.56 secs] 
2023-04-09T21:25:13.642+0000: 8079.062: [GC (Allocation Failure) [PSYoungGen: 7987059K->23256K(8071680K)] 22343461K->14388565K(23869952K), 1.7876351 secs] [Times: user=2.07 sys=0.00, real=1.78 secs] 
2023-04-09T21:25:18.019+0000: 8083.439: [GC (Allocation Failure) [PSYoungGen: 7979736K->20419K(7976960K)] 22345045K->14385816K(23775232K), 1.6531247 secs] [Times: user=1.89 sys=0.09, real=1.66 secs] 
2023-04-09T21:25:21.855+0000: 8087.275: [GC (Allocation Failure) [PSYoungGen: 7976899K->17107K(8067072K)] 22342296K->14383624K(23865344K), 1.6013248 secs] [Times: user=1.80 sys=0.01, real=1.60 secs] 
2023-04-09T21:25:25.746+0000: 8091.165: [GC (Allocation Failure) [PSYoungGen: 7973587K->21631K(7978496K)] 22340104K->14388253K(23776768K), 1.6296495 secs] [Times: user=1.99 sys=0.02, real=1.63 secs] 
2023-04-09T21:25:32.165+0000: 8097.585: [GC (Allocation Failure) [PSYoungGen: 7978111K->69140K(8061952K)] 22344733K->14437090K(23860224K), 1.6648418 secs] [Times: user=1.92 sys=0.01, real=1.66 secs] 
2023-04-09T21:25:39.560+0000: 8104.980: [GC (Allocation Failure) [PSYoungGen: 8021404K->85049K(8066048K)] 22389353K->14515454K(23864320K), 1.6575225 secs] [Times: user=2.04 sys=0.00, real=1.66 secs] 
2023-04-09T21:25:49.306+0000: 8114.726: [GC (Allocation Failure) [PSYoungGen: 8037433K->67138K(8074752K)] 22467838K->14574104K(23873024K), 1.5458914 secs] [Times: user=1.86 sys=0.01, real=1.55 secs] 
2023-04-09T21:26:02.033+0000: 8127.453: [GC (Allocation Failure) [PSYoungGen: 8019522K->21719K(7974400K)] 22526488K->14597588K(23772672K), 1.7692026 secs] [Times: user=2.34 sys=0.01, real=1.77 secs] 
2023-04-09T21:26:06.101+0000: 8131.521: [GC (Allocation Failure) [PSYoungGen: 7974103K->41109K(8059392K)] 22549972K->14620531K(23857664K), 1.6078440 secs] [Times: user=2.09 sys=0.09, real=1.60 secs] 
2023-04-09T21:26:10.023+0000: 8135.443: [GC (Allocation Failure) [PSYoungGen: 7993493K->14569K(7967232K)] 22572915K->14606818K(23765504K), 1.6632145 secs] [Times: user=1.94 sys=0.01, real=1.66 secs] 
2023-04-09T21:26:14.890+0000: 8140.310: [GC (Allocation Failure) [PSYoungGen: 7966953K->16166K(8058880K)] 22559202K->14608503K(23857152K), 1.5938739 secs] [Times: user=1.83 sys=0.01, real=1.59 secs] 
2023-04-09T21:26:19.575+0000: 8144.995: [GC (Allocation Failure) [PSYoungGen: 7968550K->33964K(7986688K)] 22560887K->14626405K(23784960K), 1.5277011 secs] [Times: user=1.76 sys=0.02, real=1.53 secs] 
2023-04-09T21:26:25.263+0000: 8150.683: [GC (Allocation Failure) [PSYoungGen: 7986348K->67893K(8051712K)] 22578789K->14681151K(23849984K), 1.5742128 secs] [Times: user=1.85 sys=0.00, real=1.57 secs] 
2023-04-09T21:26:31.145+0000: 8156.564: [GC (Allocation Failure) [PSYoungGen: 8016181K->68266K(8055808K)] 22629439K->14742244K(23854080K), 1.8478450 secs] [Times: user=2.18 sys=0.29, real=1.85 secs] 
2023-04-09T21:26:52.186+0000: 8177.606: [GC (Allocation Failure) [PSYoungGen: 8016554K->27691K(8051712K)] 22690532K->14764977K(23849984K), 1.8270165 secs] [Times: user=2.01 sys=0.01, real=1.83 secs] 
2023-04-09T21:27:02.471+0000: 8187.890: [GC (Allocation Failure) [PSYoungGen: 7975979K->27319K(7975936K)] 22713265K->14790685K(23774208K), 1.7492209 secs] [Times: user=2.01 sys=0.00, real=1.74 secs] 
2023-04-09T21:27:06.554+0000: 8191.974: [GC (Allocation Failure) [PSYoungGen: 7975607K->23762K(8045568K)] 22738973K->14800768K(23843840K), 1.7264187 secs] [Times: user=2.01 sys=0.01, real=1.73 secs] 
2023-04-09T21:27:11.125+0000: 8196.545: [GC (Allocation Failure) [PSYoungGen: 7972050K->21405K(7969792K)] 22749056K->14808160K(23768064K), 1.8680812 secs] [Times: user=2.14 sys=0.00, real=1.87 secs] 
2023-04-09T21:27:15.517+0000: 8200.937: [GC (Allocation Failure) [PSYoungGen: 7969693K->25721K(8037376K)] 22756448K->14812564K(23835648K), 1.6883395 secs] [Times: user=1.97 sys=0.01, real=1.69 secs] 
2023-04-09T21:27:20.727+0000: 8206.146: [GC (Allocation Failure) [PSYoungGen: 7974009K->57784K(8041472K)] 22760852K->14844699K(23839744K), 1.7473097 secs] [Times: user=2.00 sys=0.01, real=1.75 secs] 
2023-04-09T21:27:27.319+0000: 8212.738: [GC (Allocation Failure) [PSYoungGen: 8006072K->83449K(8033280K)] 22792987K->14903340K(23831552K), 1.5489999 secs] [Times: user=1.82 sys=0.00, real=1.55 secs] 
2023-04-09T21:27:34.633+0000: 8220.053: [GC (Allocation Failure) [PSYoungGen: 8020985K->85799K(8044032K)] 22840876K->14983346K(23842304K), 1.5586980 secs] [Times: user=1.89 sys=0.01, real=1.56 secs] 
2023-04-09T21:27:45.302+0000: 8230.722: [GC (Allocation Failure) [PSYoungGen: 8023335K->66863K(8052736K)] 22920882K->15042874K(23851008K), 1.5893390 secs] [Times: user=1.98 sys=0.27, real=1.59 secs] 
2023-04-09T21:28:01.825+0000: 8247.245: [GC (Allocation Failure) [PSYoungGen: 8003887K->22495K(7959552K)] 22979898K->15065714K(23757824K), 1.7418989 secs] [Times: user=2.17 sys=0.01, real=1.74 secs] 
2023-04-09T21:28:05.892+0000: 8251.312: [GC (Allocation Failure) [PSYoungGen: 7959519K->24440K(8045056K)] 23002738K->15070347K(23843328K), 1.6601552 secs] [Times: user=2.06 sys=0.01, real=1.66 secs] 
2023-04-09T21:28:11.741+0000: 8257.160: [GC (Allocation Failure) [PSYoungGen: 7961464K->14165K(7951360K)] 23007371K->15068868K(23749632K), 1.8838728 secs] [Times: user=2.12 sys=0.01, real=1.88 secs] 
2023-04-09T21:28:15.857+0000: 8261.277: [GC (Allocation Failure) [PSYoungGen: 7951189K->29929K(8037376K)] 23005892K->15084728K(23835648K), 1.6836963 secs] [Times: user=1.93 sys=0.00, real=1.69 secs] 
2023-04-09T21:28:20.612+0000: 8266.032: [GC (Allocation Failure) [PSYoungGen: 7966953K->30875K(7968256K)] 23021752K->15085746K(23766528K), 1.6175195 secs] [Times: user=1.85 sys=0.00, real=1.61 secs] 
2023-04-09T21:28:26.877+0000: 8272.297: [GC (Allocation Failure) [PSYoungGen: 7967899K->87926K(8024576K)] 23022770K->15158341K(23822848K), 1.6727891 secs] [Times: user=1.95 sys=0.04, real=1.67 secs] 
2023-04-09T21:28:34.151+0000: 8279.570: [GC (Allocation Failure) [PSYoungGen: 8012662K->82102K(8036864K)] 23083077K->15227565K(23835136K), 1.6344815 secs] [Times: user=2.01 sys=0.17, real=1.63 secs] 
2023-04-09T21:28:54.838+0000: 8300.258: [GC (Allocation Failure) [PSYoungGen: 8006838K->40325K(8032768K)] 23152301K->15264515K(23831040K), 1.5743165 secs] [Times: user=1.85 sys=0.01, real=1.58 secs] 
2023-04-09T21:29:02.365+0000: 8307.785: [GC (Allocation Failure) [PSYoungGen: 7965061K->18628K(7943680K)] 23189251K->15284786K(23741952K), 1.7656642 secs] [Times: user=2.12 sys=0.01, real=1.77 secs] 
2023-04-09T21:29:06.521+0000: 8311.941: [GC (Allocation Failure) [PSYoungGen: 7943364K->22601K(8030208K)] 23209522K->15292671K(23828480K), 1.6718959 secs] [Times: user=2.06 sys=0.01, real=1.67 secs] 
2023-04-09T21:29:11.555+0000: 8316.975: [GC (Allocation Failure) [PSYoungGen: 7947337K->20237K(7945216K)] 23217407K->15298371K(23743488K), 1.7391239 secs] [Times: user=2.21 sys=0.02, real=1.74 secs] 
2023-04-09T21:29:15.663+0000: 8321.082: [GC (Allocation Failure) [PSYoungGen: 7944973K->17698K(8024576K)] 23223107K->15295920K(23822848K), 1.6629282 secs] [Times: user=2.06 sys=0.01, real=1.66 secs] 
2023-04-09T21:29:20.715+0000: 8326.134: [GC (Allocation Failure) [PSYoungGen: 7942434K->46373K(7971328K)] 23220656K->15325707K(23769600K), 1.6298512 secs] [Times: user=1.90 sys=0.00, real=1.63 secs] 
2023-04-09T21:29:26.652+0000: 8332.072: [GC (Allocation Failure) [PSYoungGen: 7971109K->77647K(8016384K)] 23250443K->15387597K(23814656K), 1.6387226 secs] [Times: user=1.93 sys=0.01, real=1.64 secs] 
2023-04-09T21:29:33.486+0000: 8338.906: [GC (Allocation Failure) [PSYoungGen: 7994191K->74780K(8024576K)] 23304141K->15455569K(23822848K), 1.5768256 secs] [Times: user=1.90 sys=0.09, real=1.58 secs] 
2023-04-09T21:30:00.379+0000: 8365.799: [GC (Allocation Failure) [PSYoungGen: 7991324K->24595K(8024064K)] 23372113K->15476280K(23822336K), 1.8090442 secs] [Times: user=2.15 sys=0.01, real=1.81 secs] 
2023-04-09T21:30:04.891+0000: 8370.311: [GC (Allocation Failure) [PSYoungGen: 7941139K->30041K(7946752K)] 23392824K->15502415K(23745024K), 1.7810608 secs] [Times: user=2.27 sys=0.01, real=1.78 secs] 
2023-04-09T21:30:09.844+0000: 8375.264: [GC (Allocation Failure) [PSYoungGen: 7946585K->35886K(8012288K)] 23418959K->15519595K(23810560K), 1.7389750 secs] [Times: user=2.27 sys=0.22, real=1.74 secs] 
2023-04-09T21:30:13.874+0000: 8379.293: [GC (Allocation Failure) [PSYoungGen: 7952430K->26674K(7943680K)] 23436139K->15522330K(23741952K), 1.6817683 secs] [Times: user=2.06 sys=0.01, real=1.68 secs] 
2023-04-09T21:30:17.747+0000: 8383.167: [GC (Allocation Failure) [PSYoungGen: 7943218K->19491K(8009728K)] 23438874K->15515244K(23808000K), 1.6523380 secs] [Times: user=1.92 sys=0.11, real=1.65 secs] 
2023-04-09T21:30:21.987+0000: 8387.407: [GC (Allocation Failure) [PSYoungGen: 7936035K->17472K(7934464K)] 23431788K->15513313K(23732736K), 1.7360535 secs] [Times: user=1.95 sys=0.00, real=1.74 secs] 
2023-04-09T21:30:26.215+0000: 8391.634: [GC (Allocation Failure) [PSYoungGen: 7934016K->19215K(8003584K)] 23429857K->15515128K(23801856K), 1.8770913 secs] [Times: user=2.27 sys=0.01, real=1.88 secs] 
2023-04-09T21:30:31.921+0000: 8397.340: [GC (Allocation Failure) [PSYoungGen: 7935759K->22231K(7939072K)] 23431672K->15518216K(23737344K), 1.9764102 secs] [Times: user=2.48 sys=0.01, real=1.97 secs] 
2023-04-09T21:30:39.144+0000: 8404.563: [GC (Allocation Failure) [PSYoungGen: 7938775K->80341K(7990784K)] 23434760K->15585870K(23789056K), 1.6387043 secs] [Times: user=1.95 sys=0.00, real=1.64 secs] 
2023-04-09T21:30:45.690+0000: 8411.109: [GC (Allocation Failure) [PSYoungGen: 7984597K->81076K(8003072K)] 23490126K->15662125K(23801344K), 1.7085112 secs] [Times: user=2.07 sys=0.29, real=1.71 secs] 
2023-04-09T21:30:53.387+0000: 8418.807: [GC (Allocation Failure) [PSYoungGen: 7985332K->84060K(8003584K)] 23566381K->15740109K(23801856K), 1.5967550 secs] [Times: user=2.09 sys=0.01, real=1.60 secs] 
2023-04-09T21:31:01.262+0000: 8426.682: [GC (Allocation Failure) [PSYoungGen: 7979100K->44878K(7940096K)] 23635149K->15775663K(23738368K), 1.9855123 secs] [Times: user=2.34 sys=0.02, real=1.98 secs] 
2023-04-09T21:31:03.248+0000: 8428.668: [Full GC (Ergonomics) [PSYoungGen: 44878K->0K(7940096K)] [ParOldGen: 15730784K->14299922K(15888896K)] 15775663K->14299922K(23828992K), [Metaspace: 130741K->130741K(141312K)], 9.2027150 secs] [Times: user=70.76 sys=0.00, real=9.21 secs] 
2023-04-09T21:31:14.623+0000: 8440.043: [GC (Allocation Failure) [PSYoungGen: 7895040K->37394K(7996416K)] 22194962K->14337316K(23885312K), 1.6433642 secs] [Times: user=2.04 sys=0.00, real=1.64 secs] 
2023-04-09T21:31:18.811+0000: 8444.231: [GC (Allocation Failure) [PSYoungGen: 7932434K->19468K(7915008K)] 22232356K->14334635K(23803904K), 1.8556241 secs] [Times: user=2.35 sys=0.11, real=1.85 secs] 
2023-04-09T21:31:23.035+0000: 8448.455: [GC (Allocation Failure) [PSYoungGen: 7914508K->18680K(7995392K)] 22229675K->14333927K(23884288K), 1.7388051 secs] [Times: user=1.94 sys=0.07, real=1.74 secs] 
2023-04-09T21:31:27.421+0000: 8452.840: [GC (Allocation Failure) [PSYoungGen: 7913720K->16990K(7912448K)] 22228967K->14332324K(23801344K), 1.9002096 secs] [Times: user=2.11 sys=0.05, real=1.90 secs] 
2023-04-09T21:31:34.717+0000: 8460.137: [GC (Allocation Failure) [PSYoungGen: 7912030K->90924K(7981056K)] 22227364K->14408939K(23869952K), 1.6420401 secs] [Times: user=1.91 sys=0.02, real=1.64 secs] 
2023-04-09T21:31:41.348+0000: 8466.767: [GC (Allocation Failure) [PSYoungGen: 7972140K->92160K(7994880K)] 22290155K->14492871K(23883776K), 1.6014039 secs] [Times: user=1.92 sys=0.18, real=1.60 secs] 
2023-04-09T21:31:49.038+0000: 8474.457: [GC (Allocation Failure) [PSYoungGen: 7973376K->85399K(7999488K)] 22374087K->14572846K(23888384K), 1.7395094 secs] [Times: user=2.00 sys=0.00, real=1.74 secs] 
2023-04-09T21:32:02.270+0000: 8487.689: [GC (Allocation Failure) [PSYoungGen: 7960471K->22476K(7897600K)] 22447918K->14595930K(23786496K), 1.7180177 secs] [Times: user=2.21 sys=0.01, real=1.72 secs] 
2023-04-09T21:32:07.752+0000: 8493.172: [GC (Allocation Failure) [PSYoungGen: 7897548K->22650K(7995904K)] 22471002K->14605625K(23884800K), 1.9733714 secs] [Times: user=2.25 sys=0.00, real=1.97 secs] 
2023-04-09T21:32:12.604+0000: 8498.023: [GC (Allocation Failure) [PSYoungGen: 7897722K->15363K(7890944K)] 22480697K->14606355K(23779840K), 1.6644598 secs] [Times: user=1.95 sys=0.02, real=1.66 secs] 
2023-04-09T21:32:16.773+0000: 8502.193: [GC (Allocation Failure) [PSYoungGen: 7890435K->16594K(7990784K)] 22481427K->14607665K(23879680K), 1.6123930 secs] [Times: user=1.79 sys=0.15, real=1.61 secs] 
2023-04-09T21:32:22.011+0000: 8507.431: [GC (Allocation Failure) [PSYoungGen: 7891666K->39112K(7914496K)] 22482737K->14630272K(23803392K), 1.8117604 secs] [Times: user=2.09 sys=0.29, real=1.81 secs] 
2023-04-09T21:32:29.602+0000: 8515.022: [GC (Allocation Failure) [PSYoungGen: 7914184K->80156K(7978496K)] 22505344K->14695419K(23867392K), 1.8766190 secs] [Times: user=2.14 sys=0.07, real=1.87 secs] 
2023-04-09T21:32:36.571+0000: 8521.990: [GC (Allocation Failure) [PSYoungGen: 7947548K->76865K(7986176K)] 22562811K->14765912K(23875072K), 1.6063020 secs] [Times: user=1.94 sys=0.01, real=1.60 secs] 
2023-04-09T21:33:01.146+0000: 8546.565: [GC (Allocation Failure) [PSYoungGen: 7944257K->31659K(7980544K)] 22633304K->14794779K(23869440K), 1.8039579 secs] [Times: user=2.13 sys=0.02, real=1.80 secs] 
2023-04-09T21:33:05.744+0000: 8551.164: [GC (Allocation Failure) [PSYoungGen: 7899051K->24085K(7891968K)] 22662171K->14809068K(23780864K), 1.9803481 secs] [Times: user=2.32 sys=0.02, real=1.98 secs] 
2023-04-09T21:33:10.416+0000: 8555.836: [GC (Allocation Failure) [PSYoungGen: 7891477K->16324K(7977472K)] 22676460K->14810661K(23866368K), 1.5869940 secs] [Times: user=1.87 sys=0.00, real=1.59 secs] 
2023-04-09T21:33:14.455+0000: 8559.875: [GC (Allocation Failure) [PSYoungGen: 7883716K->14600K(7882240K)] 22678053K->14809033K(23771136K), 1.7245592 secs] [Times: user=2.13 sys=0.00, real=1.72 secs] 
2023-04-09T21:33:18.698+0000: 8564.118: [GC (Allocation Failure) [PSYoungGen: 7881992K->17975K(7970304K)] 22676425K->14812464K(23859200K), 1.7913576 secs] [Times: user=1.99 sys=0.32, real=1.79 secs] 
2023-04-09T21:33:25.382+0000: 8570.802: [GC (Allocation Failure) [PSYoungGen: 7885367K->86874K(7973888K)] 22679856K->14882715K(23862784K), 1.9433238 secs] [Times: user=2.40 sys=0.40, real=1.94 secs] 
2023-04-09T21:33:33.458+0000: 8578.877: [GC (Allocation Failure) [PSYoungGen: 7954266K->90916K(7975424K)] 22750107K->14963989K(23864320K), 1.6360696 secs] [Times: user=1.98 sys=0.00, real=1.64 secs] 
2023-04-09T21:33:57.251+0000: 8602.670: [GC (Allocation Failure) [PSYoungGen: 7948068K->56634K(7913984K)] 22821141K->15019286K(23802880K), 1.7735103 secs] [Times: user=2.08 sys=0.02, real=1.77 secs] 
2023-04-09T21:34:02.913+0000: 8608.333: [GC (Allocation Failure) [PSYoungGen: 7913786K->25400K(7973376K)] 22876438K->15046165K(23862272K), 1.9432036 secs] [Times: user=2.34 sys=0.00, real=1.94 secs] 
2023-04-09T21:34:08.459+0000: 8613.879: [GC (Allocation Failure) [PSYoungGen: 7882552K->31270K(7888896K)] 22903317K->15057331K(23777792K), 1.7273024 secs] [Times: user=2.06 sys=0.01, real=1.73 secs] 
2023-04-09T21:34:12.494+0000: 8617.914: [GC (Allocation Failure) [PSYoungGen: 7888422K->17366K(7967232K)] 22914483K->15057763K(23856128K), 1.8160751 secs] [Times: user=2.21 sys=0.21, real=1.81 secs] 
2023-04-09T21:34:17.158+0000: 8622.578: [GC (Allocation Failure) [PSYoungGen: 7874518K->19404K(7876608K)] 22914915K->15059896K(23765504K), 1.7403656 secs] [Times: user=1.98 sys=0.02, real=1.74 secs] 
2023-04-09T21:34:23.528+0000: 8628.948: [GC (Allocation Failure) [PSYoungGen: 7876556K->57228K(7966208K)] 22917048K->15097825K(23855104K), 1.7709050 secs] [Times: user=2.05 sys=0.01, real=1.77 secs] 
2023-04-09T21:34:31.852+0000: 8637.272: [GC (Allocation Failure) [PSYoungGen: 7914380K->93300K(7966208K)] 22954977K->15182400K(23855104K), 1.8008908 secs] [Times: user=2.10 sys=0.02, real=1.80 secs] 
2023-04-09T21:34:40.353+0000: 8645.773: [GC (Allocation Failure) [PSYoungGen: 7950452K->81435K(7972864K)] 23039552K->15259935K(23861760K), 1.5498378 secs] [Times: user=1.91 sys=0.01, real=1.55 secs] 
2023-04-09T21:35:01.721+0000: 8667.141: [GC (Allocation Failure) [PSYoungGen: 7932955K->18829K(7870464K)] 23111455K->15283546K(23759360K), 1.9202256 secs] [Times: user=2.34 sys=0.26, real=1.92 secs] 
2023-04-09T21:35:07.120+0000: 8672.539: [GC (Allocation Failure) [PSYoungGen: 7870349K->28642K(7966720K)] 23135066K->15295998K(23855616K), 1.7704046 secs] [Times: user=2.01 sys=0.01, real=1.77 secs] 
2023-04-09T21:35:11.148+0000: 8676.568: [GC (Allocation Failure) [PSYoungGen: 7880162K->26240K(7878144K)] 23147518K->15303012K(23767040K), 1.6398178 secs] [Times: user=2.01 sys=0.19, real=1.64 secs] 
2023-04-09T21:35:15.254+0000: 8680.673: [GC (Allocation Failure) [PSYoungGen: 7877760K->14165K(7962112K)] 23154532K->15298361K(23851008K), 1.7309623 secs] [Times: user=1.98 sys=0.18, real=1.73 secs] 
2023-04-09T21:35:19.491+0000: 8684.911: [GC (Allocation Failure) [PSYoungGen: 7865685K->48077K(7899648K)] 23149881K->15332337K(23788544K), 1.6735447 secs] [Times: user=2.02 sys=0.02, real=1.67 secs] 
2023-04-09T21:35:23.720+0000: 8689.140: [GC (Allocation Failure) [PSYoungGen: 7899597K->18760K(7954432K)] 23183857K->15304148K(23843328K), 1.8477609 secs] [Times: user=2.09 sys=0.08, real=1.85 secs] 
2023-04-09T21:35:28.716+0000: 8694.136: [GC (Allocation Failure) [PSYoungGen: 7870280K->17645K(7869440K)] 23155668K->15303104K(23758336K), 1.7155430 secs] [Times: user=2.01 sys=0.03, real=1.72 secs] 
2023-04-09T21:35:34.951+0000: 8700.371: [GC (Allocation Failure) [PSYoungGen: 7869165K->60554K(7952384K)] 23154624K->15346342K(23841280K), 1.7268926 secs] [Times: user=2.09 sys=0.49, real=1.72 secs] 
2023-04-09T21:35:41.870+0000: 8707.290: [GC (Allocation Failure) [PSYoungGen: 7910026K->77469K(7954432K)] 23195814K->15407641K(23843328K), 1.7765180 secs] [Times: user=2.13 sys=0.19, real=1.78 secs] 
2023-04-09T21:35:49.980+0000: 8715.400: [GC (Allocation Failure) [PSYoungGen: 7926941K->70748K(7958528K)] 23257113K->15470488K(23847424K), 1.6963092 secs] [Times: user=2.01 sys=0.04, real=1.70 secs] 
2023-04-09T21:36:02.016+0000: 8727.436: [GC (Allocation Failure) [PSYoungGen: 7916636K->25019K(7870976K)] 23316376K->15494415K(23759872K), 2.0662555 secs] [Times: user=2.33 sys=0.00, real=2.07 secs] 
2023-04-09T21:36:07.266+0000: 8732.685: [GC (Allocation Failure) [PSYoungGen: 7870907K->21816K(7952384K)] 23340303K->15502828K(23841280K), 1.8784012 secs] [Times: user=2.52 sys=0.07, real=1.88 secs] 
2023-04-09T21:36:11.462+0000: 8736.882: [GC (Allocation Failure) [PSYoungGen: 7867704K->16974K(7863296K)] 23348716K->15506408K(23752192K), 1.6541145 secs] [Times: user=1.92 sys=0.00, real=1.65 secs] 
2023-04-09T21:36:15.307+0000: 8740.726: [GC (Allocation Failure) [PSYoungGen: 7862862K->28405K(7943168K)] 23352296K->15517927K(23832064K), 1.7523736 secs] [Times: user=2.13 sys=0.29, real=1.75 secs] 
2023-04-09T21:36:20.062+0000: 8745.482: [GC (Allocation Failure) [PSYoungGen: 7874293K->30231K(7876608K)] 23363815K->15519858K(23765504K), 1.8175465 secs] [Times: user=2.10 sys=0.16, real=1.81 secs] 
2023-04-09T21:36:27.546+0000: 8752.966: [GC (Allocation Failure) [PSYoungGen: 7876119K->70545K(7936512K)] 23365746K->15574843K(23825408K), 1.8377082 secs] [Times: user=2.16 sys=0.01, real=1.84 secs] 
2023-04-09T21:36:34.555+0000: 8759.975: [GC (Allocation Failure) [PSYoungGen: 7910289K->68286K(7942656K)] 23414587K->15635192K(23831552K), 1.7965860 secs] [Times: user=2.09 sys=0.02, real=1.80 secs] 
2023-04-09T21:36:56.709+0000: 8782.129: [GC (Allocation Failure) [PSYoungGen: 7908030K->27447K(7939584K)] 23474936K->15662175K(23828480K), 1.5384366 secs] [Times: user=1.84 sys=0.01, real=1.54 secs] 
2023-04-09T21:37:02.723+0000: 8788.143: [GC (Allocation Failure) [PSYoungGen: 7867191K->20093K(7860224K)] 23501919K->15682788K(23749120K), 2.0035737 secs] [Times: user=2.28 sys=0.20, real=2.00 secs] 
2023-04-09T21:37:08.027+0000: 8793.446: [GC (Allocation Failure) [PSYoungGen: 7859837K->31512K(7931392K)] 23522532K->15699495K(23820288K), 1.8193079 secs] [Times: user=2.15 sys=0.18, real=1.82 secs] 
2023-04-09T21:37:12.053+0000: 8797.473: [GC (Allocation Failure) [PSYoungGen: 7871256K->24167K(7864320K)] 23539239K->15699718K(23753216K), 1.7814474 secs] [Times: user=2.13 sys=0.00, real=1.78 secs] 
2023-04-09T21:37:16.323+0000: 8801.743: [GC (Allocation Failure) [PSYoungGen: 7863911K->14441K(7928832K)] 23539462K->15690080K(23817728K), 1.7839198 secs] [Times: user=2.02 sys=0.06, real=1.78 secs] 
2023-04-09T21:37:21.681+0000: 8807.101: [GC (Allocation Failure) [PSYoungGen: 7854185K->43753K(7883776K)] 23529824K->15719480K(23772672K), 1.6146913 secs] [Times: user=1.84 sys=0.01, real=1.61 secs] 
2023-04-09T21:37:29.544+0000: 8814.964: [GC (Allocation Failure) [PSYoungGen: 7883497K->81840K(7917056K)] 23559224K->15789303K(23805952K), 1.8021074 secs] [Times: user=2.12 sys=0.01, real=1.80 secs] 
2023-04-09T21:37:37.059+0000: 8822.479: [GC (Allocation Failure) [PSYoungGen: 7909808K->82740K(7928832K)] 23617271K->15866771K(23817728K), 1.8703731 secs] [Times: user=2.26 sys=0.01, real=1.87 secs] 
2023-04-09T21:38:00.383+0000: 8845.803: [GC (Allocation Failure) [PSYoungGen: 7910708K->48084K(7927296K)] 23694739K->15910075K(23816192K), 1.7739776 secs] [Times: user=2.06 sys=0.04, real=1.77 secs] 
2023-04-09T21:38:02.157+0000: 8847.577: [Full GC (Ergonomics) [PSYoungGen: 48084K->0K(7927296K)] [ParOldGen: 15861990K->14377582K(15975424K)] 15910075K->14377582K(23902720K), [Metaspace: 130791K->130791K(141312K)], 9.3380159 secs] [Times: user=66.33 sys=0.00, real=9.34 secs] 
2023-04-09T21:38:13.637+0000: 8859.057: [GC (Allocation Failure) [PSYoungGen: 7827968K->31629K(7859712K)] 22205550K->14409212K(23835136K), 1.6177233 secs] [Times: user=1.94 sys=0.00, real=1.62 secs] 
2023-04-09T21:38:17.402+0000: 8862.822: [GC (Allocation Failure) [PSYoungGen: 7859597K->27357K(7932416K)] 22237180K->14422400K(23907840K), 1.8202586 secs] [Times: user=2.19 sys=0.00, real=1.82 secs] 
2023-04-09T21:38:21.921+0000: 8867.341: [GC (Allocation Failure) [PSYoungGen: 7858397K->45604K(7877120K)] 22253440K->14440719K(23852544K), 1.8873795 secs] [Times: user=2.14 sys=0.10, real=1.88 secs] 
2023-04-09T21:38:27.621+0000: 8873.041: [GC (Allocation Failure) [PSYoungGen: 7876644K->14845K(7925760K)] 22271759K->14410033K(23901184K), 1.8168970 secs] [Times: user=1.98 sys=0.01, real=1.81 secs] 
2023-04-09T21:38:34.335+0000: 8879.754: [GC (Allocation Failure) [PSYoungGen: 7846397K->59544K(7925248K)] 22241585K->14454836K(23900672K), 1.6944141 secs] [Times: user=1.91 sys=0.01, real=1.69 secs] 
2023-04-09T21:38:41.860+0000: 8887.280: [GC (Allocation Failure) [PSYoungGen: 7891096K->84331K(7917056K)] 22286388K->14529550K(23892480K), 1.7215491 secs] [Times: user=2.02 sys=0.01, real=1.72 secs] 
2023-04-09T21:38:50.117+0000: 8895.537: [GC (Allocation Failure) [PSYoungGen: 7905643K->83264K(7927296K)] 22350862K->14607052K(23902720K), 1.7352646 secs] [Times: user=2.05 sys=0.01, real=1.74 secs] 
2023-04-09T21:39:00.030+0000: 8905.450: [GC (Allocation Failure) [PSYoungGen: 7904576K->67364K(7934464K)] 22428364K->14669711K(23909888K), 1.8645514 secs] [Times: user=2.20 sys=0.19, real=1.87 secs] 
2023-04-09T21:39:04.498+0000: 8909.918: [GC (Allocation Failure) [PSYoungGen: 7888164K->28006K(7848960K)] 22490511K->14703354K(23824384K), 1.8767946 secs] [Times: user=2.42 sys=0.01, real=1.88 secs] 
2023-04-09T21:39:09.641+0000: 8915.060: [GC (Allocation Failure) [PSYoungGen: 7848806K->24030K(7934464K)] 22524154K->14708689K(23909888K), 1.7354934 secs] [Times: user=2.16 sys=0.12, real=1.73 secs] 
2023-04-09T21:39:14.339+0000: 8919.759: [GC (Allocation Failure) [PSYoungGen: 7846878K->16273K(7839232K)] 22531537K->14707598K(23814656K), 1.5935090 secs] [Times: user=2.03 sys=0.02, real=1.60 secs] 
2023-04-09T21:39:18.100+0000: 8923.520: [GC (Allocation Failure) [PSYoungGen: 7839121K->14980K(7932928K)] 22530446K->14706401K(23908352K), 1.5767266 secs] [Times: user=1.75 sys=0.01, real=1.58 secs] 
2023-04-09T21:39:23.669+0000: 8929.088: [GC (Allocation Failure) [PSYoungGen: 7839364K->50930K(7875584K)] 22530785K->14742431K(23851008K), 1.7104554 secs] [Times: user=1.93 sys=0.02, real=1.71 secs] 
2023-04-09T21:39:32.128+0000: 8937.548: [GC (Allocation Failure) [PSYoungGen: 7875314K->78387K(7921664K)] 22566815K->14803496K(23897088K), 1.7401374 secs] [Times: user=2.03 sys=0.01, real=1.74 secs] 
2023-04-09T21:39:38.771+0000: 8944.191: [GC (Allocation Failure) [PSYoungGen: 7895603K->73170K(7928832K)] 22620712K->14866487K(23904256K), 1.7349516 secs] [Times: user=2.04 sys=0.01, real=1.73 secs] 
2023-04-09T21:39:50.798+0000: 8956.218: [GC (Allocation Failure) [PSYoungGen: 7890170K->64162K(7931392K)] 22683487K->14924799K(23906816K), 1.7070072 secs] [Times: user=2.03 sys=0.00, real=1.71 secs] 
2023-04-09T21:40:02.404+0000: 8967.824: [GC (Allocation Failure) [PSYoungGen: 7881378K->20039K(7837696K)] 22742015K->14943708K(23813120K), 1.7827648 secs] [Times: user=2.15 sys=0.01, real=1.78 secs] 
2023-04-09T21:40:07.250+0000: 8972.670: [GC (Allocation Failure) [PSYoungGen: 7837255K->26731K(7933440K)] 22760924K->14953520K(23908864K), 1.9330629 secs] [Times: user=2.64 sys=0.01, real=1.94 secs] 
2023-04-09T21:40:11.498+0000: 8976.918: [GC (Allocation Failure) [PSYoungGen: 7847019K->18888K(7839232K)] 22773808K->14955485K(23814656K), 1.5893728 secs] [Times: user=1.89 sys=0.01, real=1.59 secs] 
2023-04-09T21:40:15.423+0000: 8980.843: [GC (Allocation Failure) [PSYoungGen: 7839176K->18915K(7930880K)] 22775773K->14960434K(23906304K), 1.8389267 secs] [Times: user=2.11 sys=0.08, real=1.84 secs] 
2023-04-09T21:40:19.589+0000: 8985.008: [GC (Allocation Failure) [PSYoungGen: 7841763K->16093K(7839232K)] 22783282K->14957692K(23814656K), 1.7958621 secs] [Times: user=2.02 sys=0.23, real=1.80 secs] 
2023-04-09T21:40:23.673+0000: 8989.093: [GC (Allocation Failure) [PSYoungGen: 7838941K->15176K(7928832K)] 22780540K->14956871K(23904256K), 1.6181233 secs] [Times: user=1.86 sys=0.01, real=1.62 secs] 
2023-04-09T21:40:28.596+0000: 8994.015: [GC (Allocation Failure) [PSYoungGen: 7841096K->17539K(7843840K)] 22782791K->14960330K(23819264K), 1.8180217 secs] [Times: user=2.17 sys=0.17, real=1.82 secs] 
2023-04-09T21:40:35.248+0000: 9000.668: [GC (Allocation Failure) [PSYoungGen: 7843459K->64718K(7917568K)] 22786250K->15009349K(23892992K), 1.7289103 secs] [Times: user=2.08 sys=0.08, real=1.73 secs] 
2023-04-09T21:40:42.953+0000: 9008.373: [GC (Allocation Failure) [PSYoungGen: 7885518K->86422K(7922688K)] 22830149K->15088646K(23898112K), 1.5888866 secs] [Times: user=1.91 sys=0.01, real=1.59 secs] 
2023-04-09T21:40:51.829+0000: 9017.249: [GC (Allocation Failure) [PSYoungGen: 7907222K->82775K(7926272K)] 22909446K->15167310K(23901696K), 1.7583359 secs] [Times: user=2.09 sys=0.03, real=1.76 secs] 
2023-04-09T21:41:01.729+0000: 9027.149: [GC (Allocation Failure) [PSYoungGen: 7895383K->49267K(7862272K)] 22979918K->15213690K(23837696K), 2.0090319 secs] [Times: user=2.17 sys=0.00, real=2.01 secs] 
2023-04-09T21:41:06.437+0000: 9031.857: [GC (Allocation Failure) [PSYoungGen: 7861875K->24824K(7931904K)] 23026298K->15228239K(23907328K), 1.7164042 secs] [Times: user=2.06 sys=0.01, real=1.72 secs] 
2023-04-09T21:41:11.662+0000: 9037.082: [GC (Allocation Failure) [PSYoungGen: 7841016K->22339K(7838720K)] 23044431K->15236226K(23814144K), 1.8903342 secs] [Times: user=2.29 sys=0.17, real=1.89 secs] 
2023-04-09T21:41:16.041+0000: 9041.461: [GC (Allocation Failure) [PSYoungGen: 7838531K->21202K(7928320K)] 23052418K->15235162K(23903744K), 1.7043097 secs] [Times: user=1.94 sys=0.03, real=1.70 secs] 
2023-04-09T21:41:20.417+0000: 9045.836: [GC (Allocation Failure) [PSYoungGen: 7840466K->21528K(7841280K)] 23054426K->15235592K(23816704K), 1.7437849 secs] [Times: user=2.04 sys=0.01, real=1.75 secs] 
2023-04-09T21:41:27.957+0000: 9053.377: [GC (Allocation Failure) [PSYoungGen: 7840792K->84318K(7910912K)] 23054856K->15303173K(23886336K), 1.7740614 secs] [Times: user=2.18 sys=0.02, real=1.78 secs] 
2023-04-09T21:41:35.302+0000: 9060.722: [GC (Allocation Failure) [PSYoungGen: 7892830K->83213K(7921664K)] 23111685K->15379460K(23897088K), 1.9090442 secs] [Times: user=2.35 sys=0.31, real=1.91 secs] 
2023-04-09T21:41:46.852+0000: 9072.272: [GC (Allocation Failure) [PSYoungGen: 7891725K->72723K(7927808K)] 23187972K->15445482K(23903232K), 1.8538459 secs] [Times: user=2.21 sys=0.00, real=1.85 secs] 
2023-04-09T21:42:01.909+0000: 9087.328: [GC (Allocation Failure) [PSYoungGen: 7879187K->24550K(7831040K)] 23251946K->15471062K(23806464K), 1.7821425 secs] [Times: user=2.10 sys=0.00, real=1.79 secs] 
2023-04-09T21:42:06.191+0000: 9091.610: [GC (Allocation Failure) [PSYoungGen: 7831014K->27735K(7930880K)] 23277526K->15477183K(23906304K), 1.8311656 secs] [Times: user=2.20 sys=0.00, real=1.83 secs] 
2023-04-09T21:42:10.678+0000: 9096.098: [GC (Allocation Failure) [PSYoungGen: 7838295K->21592K(7832576K)] 23287743K->15480432K(23808000K), 1.6629688 secs] [Times: user=2.04 sys=0.01, real=1.67 secs] 
2023-04-09T21:42:14.695+0000: 9100.115: [GC (Allocation Failure) [PSYoungGen: 7832152K->17132K(7926784K)] 23290992K->15477085K(23902208K), 1.6024984 secs] [Times: user=1.82 sys=0.00, real=1.60 secs] 
2023-04-09T21:42:19.078+0000: 9104.498: [GC (Allocation Failure) [PSYoungGen: 7830764K->28867K(7842816K)] 23290717K->15488908K(23818240K), 1.5795154 secs] [Times: user=1.87 sys=0.01, real=1.58 secs] 
2023-04-09T21:42:26.046+0000: 9111.466: [GC (Allocation Failure) [PSYoungGen: 7842499K->72486K(7912448K)] 23302540K->15542351K(23887872K), 1.8456832 secs] [Times: user=2.27 sys=0.01, real=1.85 secs] 
2023-04-09T21:42:33.280+0000: 9118.700: [GC (Allocation Failure) [PSYoungGen: 7879974K->66485K(7918592K)] 23349839K->15600750K(23894016K), 1.6081304 secs] [Times: user=2.09 sys=0.01, real=1.61 secs] 
2023-04-09T21:42:56.795+0000: 9142.215: [GC (Allocation Failure) [PSYoungGen: 7873973K->14450K(7917568K)] 23408238K->15617693K(23892992K), 1.5327588 secs] [Times: user=1.79 sys=0.01, real=1.53 secs] 
2023-04-09T21:43:02.570+0000: 9147.990: [GC (Allocation Failure) [PSYoungGen: 7821938K->20141K(7827968K)] 23425181K->15638176K(23803392K), 1.6673494 secs] [Times: user=1.96 sys=0.01, real=1.67 secs] 
2023-04-09T21:43:07.295+0000: 9152.714: [GC (Allocation Failure) [PSYoungGen: 7827629K->23697K(7919616K)] 23445664K->15646076K(23895040K), 1.6616632 secs] [Times: user=2.03 sys=0.00, real=1.66 secs] 
2023-04-09T21:43:11.160+0000: 9156.580: [GC (Allocation Failure) [PSYoungGen: 7835281K->14547K(7826432K)] 23457660K->15643837K(23801856K), 1.9047602 secs] [Times: user=2.22 sys=0.00, real=1.91 secs] 
2023-04-09T21:43:15.445+0000: 9160.864: [GC (Allocation Failure) [PSYoungGen: 7826131K->15549K(7916032K)] 23455421K->15644936K(23891456K), 1.6621620 secs] [Times: user=2.05 sys=0.01, real=1.66 secs] 
2023-04-09T21:43:20.676+0000: 9166.096: [GC (Allocation Failure) [PSYoungGen: 7830205K->42576K(7857664K)] 23459592K->15672067K(23833088K), 1.5758714 secs] [Times: user=1.80 sys=0.00, real=1.58 secs] 
2023-04-09T21:43:28.366+0000: 9173.785: [GC (Allocation Failure) [PSYoungGen: 7857232K->88544K(7896064K)] 23486723K->15749635K(23871488K), 1.5811868 secs] [Times: user=1.86 sys=0.01, real=1.58 secs] 
2023-04-09T21:43:35.202+0000: 9180.622: [GC (Allocation Failure) [PSYoungGen: 7889376K->87345K(7909888K)] 23550467K->15832563K(23885312K), 1.5518601 secs] [Times: user=1.90 sys=0.01, real=1.55 secs] 
2023-04-09T21:43:54.227+0000: 9199.647: [GC (Allocation Failure) [PSYoungGen: 7888177K->39898K(7907328K)] 23633395K->15872138K(23882752K), 1.5433800 secs] [Times: user=1.85 sys=0.00, real=1.55 secs] 
2023-04-09T21:44:02.326+0000: 9207.746: [GC (Allocation Failure) [PSYoungGen: 7840730K->30706K(7831552K)] 23672970K->15903866K(23806976K), 1.9124925 secs] [Times: user=2.42 sys=0.02, real=1.91 secs] 
2023-04-09T21:44:04.239+0000: 9209.659: [Full GC (Ergonomics) [PSYoungGen: 30706K->0K(7831552K)] [ParOldGen: 15873160K->14465905K(16073728K)] 15903866K->14465905K(23905280K), [Metaspace: 130802K->130802K(141312K)], 9.2167273 secs] [Times: user=70.21 sys=0.00, real=9.22 secs] 
2023-04-09T21:44:15.560+0000: 9220.979: [GC (Allocation Failure) [PSYoungGen: 7800832K->30207K(7913984K)] 22266737K->14496112K(23987712K), 1.6244692 secs] [Times: user=1.98 sys=0.01, real=1.63 secs] 
2023-04-09T21:44:19.573+0000: 9224.993: [GC (Allocation Failure) [PSYoungGen: 7835647K->20591K(7909376K)] 22301552K->14500340K(23983104K), 1.6042057 secs] [Times: user=1.91 sys=0.01, real=1.60 secs] 
2023-04-09T21:44:23.421+0000: 9228.840: [GC (Allocation Failure) [PSYoungGen: 7826031K->30511K(7928320K)] 22305780K->14510325K(24002048K), 1.6890264 secs] [Times: user=1.94 sys=0.00, real=1.68 secs] 
2023-04-09T21:44:28.707+0000: 9234.127: [GC (Allocation Failure) [PSYoungGen: 7859503K->32989K(7925760K)] 22339317K->14515955K(23999488K), 1.5674883 secs] [Times: user=1.80 sys=0.02, real=1.57 secs] 
2023-04-09T21:44:35.549+0000: 9240.969: [GC (Allocation Failure) [PSYoungGen: 7861981K->80394K(7922688K)] 22344947K->14586264K(23996416K), 1.5294152 secs] [Times: user=1.80 sys=0.01, real=1.53 secs] 
2023-04-09T21:44:42.574+0000: 9247.994: [GC (Allocation Failure) [PSYoungGen: 7910922K->82901K(7932928K)] 22416792K->14662971K(24006656K), 1.6368563 secs] [Times: user=1.96 sys=0.03, real=1.64 secs] 
2023-04-09T21:44:52.949+0000: 9258.368: [GC (Allocation Failure) [PSYoungGen: 7913099K->65576K(7931904K)] 22493169K->14725396K(24005632K), 1.5649998 secs] [Times: user=1.87 sys=0.02, real=1.57 secs] 
2023-04-09T21:45:01.552+0000: 9266.972: [GC (Allocation Failure) [PSYoungGen: 7896104K->85133K(7942656K)] 22555924K->14810370K(24016384K), 1.7620285 secs] [Times: user=2.31 sys=0.00, real=1.76 secs] 
2023-04-09T21:45:06.652+0000: 9272.072: [GC (Allocation Failure) [PSYoungGen: 7915661K->39238K(7940608K)] 22640898K->14832949K(24014336K), 1.7081041 secs] [Times: user=2.35 sys=0.00, real=1.71 secs] 
2023-04-09T21:45:10.677+0000: 9276.097: [GC (Allocation Failure) [PSYoungGen: 7869766K->43737K(7874560K)] 22663477K->14858359K(23948288K), 1.6385190 secs] [Times: user=2.20 sys=0.01, real=1.64 secs] 
2023-04-09T21:45:14.435+0000: 9279.855: [GC (Allocation Failure) [PSYoungGen: 7874265K->29579K(7942656K)] 22688887K->14859898K(24016384K), 1.7240660 secs] [Times: user=2.03 sys=0.00, real=1.72 secs] 
2023-04-09T21:45:18.625+0000: 9284.044: [GC (Allocation Failure) [PSYoungGen: 7862667K->31363K(7864832K)] 22692986K->14871123K(23938560K), 1.6425143 secs] [Times: user=1.95 sys=0.10, real=1.64 secs] 
2023-04-09T21:45:22.517+0000: 9287.936: [GC (Allocation Failure) [PSYoungGen: 7864451K->30137K(7940096K)] 22704211K->14884073K(24013824K), 1.6864330 secs] [Times: user=2.13 sys=0.00, real=1.69 secs] 
2023-04-09T21:45:27.099+0000: 9292.519: [GC (Allocation Failure) [PSYoungGen: 7866297K->28871K(7865344K)] 22720233K->14894295K(23939072K), 1.6973391 secs] [Times: user=2.00 sys=0.00, real=1.70 secs] 
2023-04-09T21:45:31.403+0000: 9296.822: [GC (Allocation Failure) [PSYoungGen: 7865031K->37665K(7939072K)] 22730455K->14912057K(24012800K), 1.7229211 secs] [Times: user=2.00 sys=0.01, real=1.72 secs] 
2023-04-09T21:45:37.716+0000: 9303.135: [GC (Allocation Failure) [PSYoungGen: 7878433K->93692K(7934464K)] 22752825K->14996172K(24008192K), 1.6492654 secs] [Times: user=2.08 sys=0.19, real=1.65 secs] 
2023-04-09T21:45:43.463+0000: 9308.883: [GC (Allocation Failure) [PSYoungGen: 7934460K->89813K(7954944K)] 22836940K->15070221K(24028672K), 1.6966814 secs] [Times: user=2.16 sys=0.01, real=1.69 secs] 
2023-04-09T21:45:49.789+0000: 9315.209: [GC (Allocation Failure) [PSYoungGen: 7926997K->92711K(7962624K)] 22907405K->15150887K(24036352K), 1.6079410 secs] [Times: user=2.16 sys=0.31, real=1.61 secs] 
2023-04-09T21:46:00.292+0000: 9325.712: [GC (Allocation Failure) [PSYoungGen: 7929895K->104364K(7960064K)] 22988071K->15238092K(24033792K), 1.8137045 secs] [Times: user=2.69 sys=0.07, real=1.81 secs] 
2023-04-09T21:46:05.374+0000: 9330.794: [GC (Allocation Failure) [PSYoungGen: 7931820K->37130K(7864832K)] 23065548K->15272058K(23938560K), 1.7825066 secs] [Times: user=2.44 sys=0.01, real=1.78 secs] 
2023-04-09T21:46:09.232+0000: 9334.652: [GC (Allocation Failure) [PSYoungGen: 7864586K->39843K(7970304K)] 23099514K->15292555K(24044032K), 1.6148362 secs] [Times: user=2.01 sys=0.01, real=1.61 secs] 
2023-04-09T21:46:12.916+0000: 9338.336: [GC (Allocation Failure) [PSYoungGen: 7871395K->38876K(7870464K)] 23124107K->15307359K(23944192K), 1.5999195 secs] [Times: user=2.03 sys=0.01, real=1.60 secs] 
2023-04-09T21:46:16.754+0000: 9342.173: [GC (Allocation Failure) [PSYoungGen: 7870428K->27373K(7964160K)] 23138911K->15307776K(24037888K), 1.5970564 secs] [Times: user=1.94 sys=0.00, real=1.60 secs] 
2023-04-09T21:46:21.573+0000: 9346.993: [GC (Allocation Failure) [PSYoungGen: 7861485K->57718K(7891968K)] 23141888K->15348777K(23965696K), 1.6770438 secs] [Times: user=2.07 sys=0.05, real=1.67 secs] 
2023-04-09T21:46:28.385+0000: 9353.805: [GC (Allocation Failure) [PSYoungGen: 7891830K->103985K(7944192K)] 23182889K->15434276K(24017920K), 1.6492698 secs] [Times: user=2.22 sys=0.00, real=1.65 secs] 
2023-04-09T21:46:34.265+0000: 9359.685: [GC (Allocation Failure) [PSYoungGen: 7926321K->98416K(7955968K)] 23256612K->15515859K(24029696K), 1.6252138 secs] [Times: user=2.28 sys=0.03, real=1.62 secs] 
2023-04-09T21:46:43.851+0000: 9369.270: [GC (Allocation Failure) [PSYoungGen: 7920752K->105641K(7954944K)] 23338195K->15608418K(24028672K), 1.8009698 secs] [Times: user=2.60 sys=0.01, real=1.80 secs] 
2023-04-09T21:46:56.674+0000: 9382.094: [GC (Allocation Failure) [PSYoungGen: 7919785K->116367K(7963136K)] 23422562K->15712092K(24036864K), 1.6261442 secs] [Times: user=2.34 sys=0.01, real=1.63 secs] 
2023-04-09T21:47:03.017+0000: 9388.437: [GC (Allocation Failure) [PSYoungGen: 7930511K->21092K(7972352K)] 23526236K->15730328K(24046080K), 2.1599901 secs] [Times: user=3.11 sys=0.00, real=2.16 secs] 
2023-04-09T21:47:07.424+0000: 9392.844: [GC (Allocation Failure) [PSYoungGen: 7835236K->27755K(7842304K)] 23544472K->15743680K(23916032K), 1.9096587 secs] [Times: user=2.57 sys=0.01, real=1.91 secs] 
2023-04-09T21:47:11.635+0000: 9397.055: [GC (Allocation Failure) [PSYoungGen: 7841899K->18155K(7972864K)] 23557824K->15746622K(24046592K), 1.5674285 secs] [Times: user=1.98 sys=0.01, real=1.57 secs] 
2023-04-09T21:47:15.459+0000: 9400.879: [GC (Allocation Failure) [PSYoungGen: 7834347K->19934K(7836160K)] 23562814K->15748481K(23909888K), 1.6514248 secs] [Times: user=2.20 sys=0.02, real=1.66 secs] 
2023-04-09T21:47:20.845+0000: 9406.264: [GC (Allocation Failure) [PSYoungGen: 7836126K->38881K(7974400K)] 23564673K->15767531K(24048128K), 1.8429894 secs] [Times: user=2.07 sys=0.00, real=1.84 secs] 
2023-04-09T21:47:29.627+0000: 9415.046: [GC (Allocation Failure) [PSYoungGen: 7861729K->79388K(7967744K)] 23590379K->15835590K(24041472K), 1.5704329 secs] [Times: user=1.88 sys=0.00, real=1.57 secs] 
2023-04-09T21:47:36.951+0000: 9422.371: [GC (Allocation Failure) [PSYoungGen: 7902236K->73914K(7964160K)] 23658438K->15903285K(24037888K), 1.5702811 secs] [Times: user=1.93 sys=0.01, real=1.57 secs] 
2023-04-09T21:47:46.525+0000: 9431.945: [GC (Allocation Failure) [PSYoungGen: 7896762K->63799K(7886848K)] 23726133K->15961210K(23960576K), 1.5177967 secs] [Times: user=1.85 sys=0.02, real=1.52 secs] 
2023-04-09T21:48:02.030+0000: 9447.450: [GC (Allocation Failure) [PSYoungGen: 7886647K->14857K(7960064K)] 23784058K->15976811K(24033792K), 1.9666484 secs] [Times: user=2.53 sys=0.03, real=1.96 secs] 
2023-04-09T21:48:03.997+0000: 9449.417: [Full GC (Ergonomics) [PSYoungGen: 14857K->0K(7960064K)] [ParOldGen: 15961954K->13568662K(15076352K)] 15976811K->13568662K(23036416K), [Metaspace: 130802K->130802K(141312K)], 9.6309980 secs] [Times: user=75.98 sys=0.04, real=9.63 secs] 
2023-04-09T21:48:15.794+0000: 9461.213: [GC (Allocation Failure) [PSYoungGen: 7823360K->44153K(7867904K)] 21392022K->13612816K(22944256K), 1.6092093 secs] [Times: user=2.03 sys=0.01, real=1.61 secs] 
2023-04-09T21:48:19.513+0000: 9464.933: [GC (Allocation Failure) [PSYoungGen: 7867513K->30978K(7945216K)] 21436176K->13626684K(23021568K), 1.6125281 secs] [Times: user=2.07 sys=0.00, real=1.61 secs] 
2023-04-09T21:48:24.333+0000: 9469.753: [GC (Allocation Failure) [PSYoungGen: 7854338K->21687K(7845376K)] 21450044K->13617449K(22921728K), 1.6623469 secs] [Times: user=1.93 sys=0.00, real=1.66 secs] 
2023-04-09T21:48:28.466+0000: 9473.886: [GC (Allocation Failure) [PSYoungGen: 7845047K->19359K(7941632K)] 21440809K->13615209K(23017984K), 1.5742572 secs] [Times: user=1.80 sys=0.00, real=1.58 secs] 
2023-04-09T21:48:35.229+0000: 9480.649: [GC (Allocation Failure) [PSYoungGen: 7842719K->76022K(7944192K)] 21438569K->13677519K(23020544K), 1.5368684 secs] [Times: user=1.79 sys=0.01, real=1.54 secs] 
2023-04-09T21:48:42.425+0000: 9487.845: [GC (Allocation Failure) [PSYoungGen: 7899382K->79360K(7943680K)] 21500879K->13748577K(23020032K), 1.9592342 secs] [Times: user=2.35 sys=0.02, real=1.96 secs] 
2023-04-09T21:48:49.681+0000: 9495.100: [GC (Allocation Failure) [PSYoungGen: 7898624K->80985K(7947776K)] 21567841K->13818986K(23024128K), 1.5427607 secs] [Times: user=1.84 sys=0.00, real=1.54 secs] 
2023-04-09T21:48:56.839+0000: 9502.259: [GC (Allocation Failure) [PSYoungGen: 7900249K->68262K(7946240K)] 21638250K->13876608K(23022592K), 1.5405161 secs] [Times: user=1.85 sys=0.01, real=1.54 secs] 
2023-04-09T21:49:03.329+0000: 9508.749: [GC (Allocation Failure) [PSYoungGen: 7887526K->22111K(7841792K)] 21695872K->13898128K(22918144K), 1.8964468 secs] [Times: user=2.30 sys=0.00, real=1.90 secs] 
2023-04-09T21:49:07.665+0000: 9513.085: [GC (Allocation Failure) [PSYoungGen: 7841375K->30644K(7939584K)] 21717392K->13911966K(23015936K), 1.6031778 secs] [Times: user=2.00 sys=0.07, real=1.60 secs] 
2023-04-09T21:49:11.596+0000: 9517.016: [GC (Allocation Failure) [PSYoungGen: 7849908K->22689K(7842304K)] 21731230K->13917514K(22918656K), 1.5956407 secs] [Times: user=2.00 sys=0.00, real=1.60 secs] 
2023-04-09T21:49:15.274+0000: 9520.694: [GC (Allocation Failure) [PSYoungGen: 7841953K->21260K(7934464K)] 21736778K->13923231K(23010816K), 1.6029255 secs] [Times: user=1.91 sys=0.01, real=1.60 secs] 
2023-04-09T21:49:20.220+0000: 9525.640: [GC (Allocation Failure) [PSYoungGen: 7840524K->38764K(7858176K)] 21742495K->13940838K(22934528K), 1.7404175 secs] [Times: user=1.92 sys=0.02, real=1.74 secs] 
2023-04-09T21:49:27.531+0000: 9532.950: [GC (Allocation Failure) [PSYoungGen: 7858028K->78083K(7925760K)] 21760102K->14007677K(23002112K), 1.6025225 secs] [Times: user=1.87 sys=0.01, real=1.60 secs] 
2023-04-09T21:49:34.376+0000: 9539.796: [GC (Allocation Failure) [PSYoungGen: 7891715K->77867K(7931392K)] 21821309K->14079766K(23007744K), 1.5242610 secs] [Times: user=1.82 sys=0.02, real=1.53 secs] 
2023-04-09T21:49:40.887+0000: 9546.307: [GC (Allocation Failure) [PSYoungGen: 7891499K->76173K(7932928K)] 21893398K->14149727K(23009280K), 1.8566028 secs] [Times: user=2.39 sys=0.01, real=1.86 secs] 
2023-04-09T21:49:54.856+0000: 9560.276: [GC (Allocation Failure) [PSYoungGen: 7887245K->52312K(7863808K)] 21960799K->14199928K(22940160K), 1.5333937 secs] [Times: user=1.82 sys=0.00, real=1.53 secs] 
2023-04-09T21:50:02.751+0000: 9568.171: [GC (Allocation Failure) [PSYoungGen: 7863384K->22488K(7926272K)] 22011000K->14223464K(23002624K), 1.7203279 secs] [Times: user=2.22 sys=0.00, real=1.72 secs] 
2023-04-09T21:50:06.674+0000: 9572.094: [GC (Allocation Failure) [PSYoungGen: 7833560K->29406K(7840768K)] 22034536K->14236221K(22917120K), 1.7092524 secs] [Times: user=2.08 sys=0.00, real=1.71 secs] 
2023-04-09T21:50:10.690+0000: 9576.110: [GC (Allocation Failure) [PSYoungGen: 7840478K->32675K(7916032K)] 22047293K->14252515K(22992384K), 1.6980572 secs] [Times: user=2.22 sys=0.00, real=1.70 secs] 
2023-04-09T21:50:14.655+0000: 9580.075: [GC (Allocation Failure) [PSYoungGen: 7843747K->26070K(7837184K)] 22063587K->14258773K(22913536K), 1.7383320 secs] [Times: user=2.18 sys=0.01, real=1.74 secs] 
2023-04-09T21:50:19.205+0000: 9584.625: [GC (Allocation Failure) [PSYoungGen: 7837142K->17842K(7913472K)] 22069845K->14250616K(22989824K), 1.8572514 secs] [Times: user=2.06 sys=0.00, real=1.86 secs] 
2023-04-09T21:50:23.591+0000: 9589.011: [GC (Allocation Failure) [PSYoungGen: 7828914K->17788K(7828992K)] 22061688K->14251659K(22905344K), 1.6024883 secs] [Times: user=1.82 sys=0.01, real=1.60 secs] 
2023-04-09T21:50:27.441+0000: 9592.861: [GC (Allocation Failure) [PSYoungGen: 7828860K->19529K(7907328K)] 22062731K->14253488K(22983680K), 1.6007061 secs] [Times: user=1.82 sys=0.00, real=1.60 secs] 
2023-04-09T21:50:33.346+0000: 9598.766: [GC (Allocation Failure) [PSYoungGen: 7830601K->65796K(7910400K)] 22064560K->14300627K(22986752K), 1.5383907 secs] [Times: user=1.79 sys=0.01, real=1.54 secs] 
2023-04-09T21:50:40.012+0000: 9605.432: [GC (Allocation Failure) [PSYoungGen: 7876868K->80220K(7906816K)] 22111699K->14372059K(22983168K), 1.6524320 secs] [Times: user=1.97 sys=0.00, real=1.65 secs] 
2023-04-09T21:50:46.180+0000: 9611.600: [GC (Allocation Failure) [PSYoungGen: 7883100K->78426K(7915008K)] 22174939K->14444321K(22991360K), 1.5709422 secs] [Times: user=1.93 sys=0.07, real=1.58 secs] 
2023-04-09T21:50:52.476+0000: 9617.896: [GC (Allocation Failure) [PSYoungGen: 7881306K->79493K(7916544K)] 22247201K->14519028K(22992896K), 1.5929939 secs] [Times: user=1.90 sys=0.00, real=1.59 secs] 
2023-04-09T21:51:00.849+0000: 9626.269: [GC (Allocation Failure) [PSYoungGen: 7877765K->55660K(7854080K)] 22317300K->14570403K(22930432K), 1.7391375 secs] [Times: user=2.22 sys=0.00, real=1.74 secs] 
2023-04-09T21:51:05.324+0000: 9630.743: [GC (Allocation Failure) [PSYoungGen: 7853932K->39414K(7906816K)] 22368675K->14603452K(22983168K), 1.6891750 secs] [Times: user=2.44 sys=0.01, real=1.69 secs] 
2023-04-09T21:51:09.089+0000: 9634.509: [GC (Allocation Failure) [PSYoungGen: 7837686K->24610K(7823360K)] 22401724K->14604478K(22899712K), 1.6013595 secs] [Times: user=1.98 sys=0.00, real=1.61 secs] 
2023-04-09T21:51:12.997+0000: 9638.417: [GC (Allocation Failure) [PSYoungGen: 7822882K->17677K(7907328K)] 22402750K->14597641K(22983680K), 1.5988354 secs] [Times: user=1.88 sys=0.01, real=1.60 secs] 
2023-04-09T21:51:16.971+0000: 9642.390: [GC (Allocation Failure) [PSYoungGen: 7815949K->16196K(7814656K)] 22395913K->14596224K(22891008K), 1.8786485 secs] [Times: user=2.35 sys=0.00, real=1.87 secs] 
2023-04-09T21:51:23.125+0000: 9648.545: [GC (Allocation Failure) [PSYoungGen: 7814468K->72792K(7901184K)] 22394496K->14653476K(22977536K), 1.7048107 secs] [Times: user=1.99 sys=0.06, real=1.70 secs] 
2023-04-09T21:51:29.452+0000: 9654.872: [GC (Allocation Failure) [PSYoungGen: 7865944K->85618K(7906304K)] 22446628K->14726854K(22982656K), 1.5757873 secs] [Times: user=1.92 sys=0.02, real=1.57 secs] 
2023-04-09T21:51:35.942+0000: 9661.362: [GC (Allocation Failure) [PSYoungGen: 7878770K->79897K(7910400K)] 22520006K->14801605K(22986752K), 1.7643578 secs] [Times: user=2.09 sys=0.01, real=1.76 secs] 
2023-04-09T21:52:00.910+0000: 9686.330: [GC (Allocation Failure) [PSYoungGen: 7868953K->13380K(7802880K)] 22590661K->14815120K(22879232K), 1.7123495 secs] [Times: user=1.98 sys=0.01, real=1.72 secs] 
2023-04-09T21:52:04.918+0000: 9690.338: [GC (Allocation Failure) [PSYoungGen: 7802436K->29065K(7904768K)] 22604176K->14835445K(22981120K), 1.7213427 secs] [Times: user=2.04 sys=0.00, real=1.72 secs] 
2023-04-09T21:52:08.621+0000: 9694.041: [GC (Allocation Failure) [PSYoungGen: 7818121K->32306K(7821824K)] 22624501K->14852038K(22898176K), 1.5942630 secs] [Times: user=2.10 sys=0.01, real=1.59 secs] 
2023-04-09T21:52:12.303+0000: 9697.723: [GC (Allocation Failure) [PSYoungGen: 7821362K->15679K(7900160K)] 22641094K->14846417K(22976512K), 1.7017122 secs] [Times: user=2.07 sys=0.00, real=1.70 secs] 
2023-04-09T21:52:17.021+0000: 9702.441: [GC (Allocation Failure) [PSYoungGen: 7804735K->16006K(7805440K)] 22635473K->14846832K(22881792K), 1.6232934 secs] [Times: user=1.86 sys=0.01, real=1.62 secs] 
2023-04-09T21:52:22.809+0000: 9708.229: [GC (Allocation Failure) [PSYoungGen: 7805062K->67077K(7896576K)] 22635888K->14899119K(22972928K), 1.6196354 secs] [Times: user=2.04 sys=0.01, real=1.62 secs] 
2023-04-09T21:52:28.907+0000: 9714.327: [GC (Allocation Failure) [PSYoungGen: 7853061K->78877K(7899648K)] 22685103K->14960688K(22976000K), 1.6807339 secs] [Times: user=1.99 sys=0.01, real=1.68 secs] 
2023-04-09T21:52:36.078+0000: 9721.498: [GC (Allocation Failure) [PSYoungGen: 7864861K->78550K(7901696K)] 22746672K->15032368K(22978048K), 1.6632112 secs] [Times: user=1.95 sys=0.00, real=1.67 secs] 
2023-04-09T21:52:43.357+0000: 9728.777: [GC (Allocation Failure) [PSYoungGen: 7859926K->69458K(7906304K)] 22813744K->15095277K(22982656K), 1.5434035 secs] [Times: user=1.89 sys=0.01, real=1.55 secs] 
2023-04-09T21:52:44.901+0000: 9730.320: [Full GC (Ergonomics) [PSYoungGen: 69458K->0K(7906304K)] [ParOldGen: 15025818K->13666510K(15185408K)] 15095277K->13666510K(23091712K), [Metaspace: 130805K->130805K(141312K)], 8.0766653 secs] [Times: user=64.22 sys=0.05, real=8.07 secs] 
2023-04-09T21:53:01.950+0000: 9747.369: [GC (Allocation Failure) [PSYoungGen: 7781376K->19959K(7902208K)] 21447886K->13686469K(23087616K), 1.7245344 secs] [Times: user=1.94 sys=0.01, real=1.73 secs] 
2023-04-09T21:53:05.932+0000: 9751.352: [GC (Allocation Failure) [PSYoungGen: 7801335K->31987K(7813632K)] 21467845K->13702909K(22999040K), 1.6091733 secs] [Times: user=2.04 sys=0.00, real=1.61 secs] 
2023-04-09T21:53:09.527+0000: 9754.947: [GC (Allocation Failure) [PSYoungGen: 7813363K->17990K(7894528K)] 21484285K->13703296K(23079936K), 1.6230542 secs] [Times: user=1.93 sys=0.00, real=1.62 secs] 
2023-04-09T21:53:14.000+0000: 9759.419: [GC (Allocation Failure) [PSYoungGen: 7799366K->26506K(7808000K)] 21484672K->13711868K(22993408K), 1.6903894 secs] [Times: user=1.99 sys=0.00, real=1.69 secs] 
2023-04-09T21:53:18.329+0000: 9763.749: [GC (Allocation Failure) [PSYoungGen: 7807882K->31040K(7882752K)] 21493244K->13716506K(23068160K), 1.5673693 secs] [Times: user=1.84 sys=0.01, real=1.57 secs] 
2023-04-09T21:53:24.296+0000: 9769.716: [GC (Allocation Failure) [PSYoungGen: 7812416K->73326K(7887872K)] 21497882K->13773384K(23073280K), 1.7331987 secs] [Times: user=1.98 sys=0.01, real=1.73 secs] 
2023-04-09T21:53:30.567+0000: 9775.986: [GC (Allocation Failure) [PSYoungGen: 7854702K->73583K(7889408K)] 21554760K->13840897K(23074816K), 1.7688528 secs] [Times: user=2.14 sys=0.01, real=1.77 secs] 
2023-04-09T21:53:37.573+0000: 9782.993: [GC (Allocation Failure) [PSYoungGen: 7850863K->67730K(7893504K)] 21618177K->13902388K(23078912K), 1.6322084 secs] [Times: user=1.98 sys=0.01, real=1.63 secs] 
2023-04-09T21:54:00.734+0000: 9806.154: [GC (Allocation Failure) [PSYoungGen: 7845010K->18949K(7890944K)] 21679668K->13920671K(23076352K), 1.7823449 secs] [Times: user=2.20 sys=0.01, real=1.78 secs] 
2023-04-09T21:54:04.833+0000: 9810.253: [GC (Allocation Failure) [PSYoungGen: 7796229K->29919K(7807488K)] 21697951K->13941489K(22992896K), 1.6037165 secs] [Times: user=2.21 sys=0.01, real=1.60 secs] 
2023-04-09T21:54:08.451+0000: 9813.870: [GC (Allocation Failure) [PSYoungGen: 7807199K->13909K(7885312K)] 21718769K->13940327K(23070720K), 1.7938788 secs] [Times: user=2.04 sys=0.00, real=1.79 secs] 
2023-04-09T21:54:13.131+0000: 9818.551: [GC (Allocation Failure) [PSYoungGen: 7791189K->15676K(7793152K)] 21717607K->13942174K(22978560K), 1.7150197 secs] [Times: user=1.90 sys=0.01, real=1.71 secs] 
2023-04-09T21:54:17.141+0000: 9822.561: [GC (Allocation Failure) [PSYoungGen: 7792956K->18318K(7878144K)] 21719454K->13944880K(23063552K), 1.5774248 secs] [Times: user=1.79 sys=0.01, real=1.57 secs] 
2023-04-09T21:54:23.048+0000: 9828.468: [GC (Allocation Failure) [PSYoungGen: 7795598K->54914K(7881216K)] 21722160K->13982684K(23066624K), 1.5649020 secs] [Times: user=1.79 sys=0.01, real=1.57 secs] 
2023-04-09T21:54:29.936+0000: 9835.356: [GC (Allocation Failure) [PSYoungGen: 7832194K->76738K(7873536K)] 21759964K->14051828K(23058944K), 1.7399643 secs] [Times: user=2.04 sys=0.00, real=1.74 secs] 
2023-04-09T21:54:39.279+0000: 9844.699: [GC (Allocation Failure) [PSYoungGen: 7846338K->60423K(7830528K)] 21821428K->14103249K(23015936K), 1.5590558 secs] [Times: user=1.87 sys=0.01, real=1.56 secs] 
2023-04-09T21:55:01.642+0000: 9867.062: [GC (Allocation Failure) [PSYoungGen: 7830023K->17699K(7876608K)] 21872849K->14121550K(23062016K), 1.8439841 secs] [Times: user=2.19 sys=0.00, real=1.84 secs] 
2023-04-09T21:55:05.697+0000: 9871.117: [GC (Allocation Failure) [PSYoungGen: 7787299K->33644K(7803392K)] 21891150K->14141759K(22988800K), 1.6702774 secs] [Times: user=2.02 sys=0.01, real=1.67 secs] 
2023-04-09T21:55:10.294+0000: 9875.714: [GC (Allocation Failure) [PSYoungGen: 7803244K->28199K(7865344K)] 21911359K->14149226K(23050752K), 1.7386472 secs] [Times: user=2.27 sys=0.01, real=1.74 secs] 
2023-04-09T21:55:14.111+0000: 9879.530: [GC (Allocation Failure) [PSYoungGen: 7797799K->15488K(7785472K)] 21918826K->14148937K(22970880K), 1.6451813 secs] [Times: user=2.08 sys=0.00, real=1.64 secs] 
2023-04-09T21:55:17.955+0000: 9883.375: [GC (Allocation Failure) [PSYoungGen: 7785088K->22082K(7860224K)] 21918537K->14155611K(23045632K), 1.6204851 secs] [Times: user=1.97 sys=0.01, real=1.62 secs] 
2023-04-09T21:55:21.753+0000: 9887.173: [GC (Allocation Failure) [PSYoungGen: 7791682K->15496K(7785472K)] 21925211K->14152186K(22970880K), 1.5926785 secs] [Times: user=1.82 sys=0.00, real=1.59 secs] 
2023-04-09T21:55:25.527+0000: 9890.946: [GC (Allocation Failure) [PSYoungGen: 7785096K->18026K(7855104K)] 21921786K->14154803K(23040512K), 1.5858450 secs] [Times: user=1.82 sys=0.00, real=1.59 secs] 
2023-04-09T21:55:31.516+0000: 9896.936: [GC (Allocation Failure) [PSYoungGen: 7787626K->37389K(7807488K)] 21924403K->14176311K(22992896K), 1.5774036 secs] [Times: user=1.85 sys=0.01, real=1.58 secs] 
2023-04-09T21:55:39.625+0000: 9905.045: [GC (Allocation Failure) [PSYoungGen: 7806989K->83200K(7841280K)] 21945911K->14244386K(23026688K), 1.7504734 secs] [Times: user=2.03 sys=0.02, real=1.75 secs] 
2023-04-09T21:55:47.301+0000: 9912.721: [GC (Allocation Failure) [PSYoungGen: 7839488K->82094K(7854592K)] 22000674K->14320543K(23040000K), 1.8659524 secs] [Times: user=2.27 sys=0.02, real=1.86 secs] 
2023-04-09T21:55:58.903+0000: 9924.322: [GC (Allocation Failure) [PSYoungGen: 7838382K->66904K(7862784K)] 22076831K->14381608K(23048192K), 1.6310923 secs] [Times: user=1.94 sys=0.01, real=1.63 secs] 
2023-04-09T21:56:02.915+0000: 9928.335: [GC (Allocation Failure) [PSYoungGen: 7820632K->23337K(7777280K)] 22135336K->14403489K(22962688K), 1.7197341 secs] [Times: user=2.19 sys=0.00, real=1.72 secs] 
2023-04-09T21:56:06.615+0000: 9932.035: [GC (Allocation Failure) [PSYoungGen: 7777065K->52722K(7856128K)] 22157217K->14440882K(23041536K), 1.8263581 secs] [Times: user=2.21 sys=0.01, real=1.83 secs] 
2023-04-09T21:56:11.421+0000: 9936.841: [GC (Allocation Failure) [PSYoungGen: 7806450K->17361K(7771136K)] 22194610K->14432426K(22956544K), 1.5923372 secs] [Times: user=1.90 sys=0.01, real=1.59 secs] 
2023-04-09T21:56:15.111+0000: 9940.531: [GC (Allocation Failure) [PSYoungGen: 7771089K->18224K(7852544K)] 22186154K->14433354K(23037952K), 1.6005741 secs] [Times: user=1.87 sys=0.00, real=1.60 secs] 
2023-04-09T21:56:20.684+0000: 9946.103: [GC (Allocation Failure) [PSYoungGen: 7771952K->47426K(7801344K)] 22187082K->14462659K(22986752K), 1.6080673 secs] [Times: user=1.81 sys=0.01, real=1.61 secs] 
2023-04-09T21:56:28.521+0000: 9953.940: [GC (Allocation Failure) [PSYoungGen: 7801154K->81032K(7842304K)] 22216387K->14525010K(23027712K), 1.9334263 secs] [Times: user=2.36 sys=0.01, real=1.93 secs] 
2023-04-09T21:56:36.499+0000: 9961.918: [GC (Allocation Failure) [PSYoungGen: 7825032K->76902K(7852032K)] 22269010K->14591439K(23037440K), 1.7374102 secs] [Times: user=2.00 sys=0.01, real=1.74 secs] 
2023-04-09T21:56:46.626+0000: 9972.046: [GC (Allocation Failure) [PSYoungGen: 7820902K->59075K(7853568K)] 22335439K->14645232K(23038976K), 1.6710770 secs] [Times: user=1.98 sys=0.01, real=1.67 secs] 
2023-04-09T21:57:01.600+0000: 9987.020: [GC (Allocation Failure) [PSYoungGen: 7803075K->18218K(7762432K)] 22389232K->14667008K(22947840K), 1.7335764 secs] [Times: user=2.09 sys=0.01, real=1.74 secs] 
2023-04-09T21:57:05.497+0000: 9990.917: [GC (Allocation Failure) [PSYoungGen: 7762218K->31057K(7846400K)] 22411008K->14683095K(23031808K), 1.7627033 secs] [Times: user=2.11 sys=0.01, real=1.76 secs] 
2023-04-09T21:57:09.688+0000: 9995.108: [GC (Allocation Failure) [PSYoungGen: 7775057K->27541K(7771648K)] 22427095K->14690549K(22957056K), 1.6908969 secs] [Times: user=2.44 sys=0.01, real=1.69 secs] 
2023-04-09T21:57:13.660+0000: 9999.079: [GC (Allocation Failure) [PSYoungGen: 7771541K->17380K(7842816K)] 22434549K->14680491K(23028224K), 1.5651859 secs] [Times: user=1.78 sys=0.00, real=1.57 secs] 
2023-04-09T21:57:17.525+0000: 10002.945: [GC (Allocation Failure) [PSYoungGen: 7761380K->16952K(7761408K)] 22424491K->14680159K(22946816K), 1.5565286 secs] [Times: user=1.74 sys=0.02, real=1.56 secs] 
2023-04-09T21:57:25.950+0000: 10011.370: [GC (Allocation Failure) [PSYoungGen: 7760952K->80556K(7833088K)] 22424159K->14746564K(23018496K), 1.7351403 secs] [Times: user=2.02 sys=0.00, real=1.73 secs] 
2023-04-09T21:57:33.487+0000: 10018.906: [GC (Allocation Failure) [PSYoungGen: 7814828K->79302K(7842816K)] 22480836K->14819661K(23028224K), 1.5659906 secs] [Times: user=1.89 sys=0.01, real=1.57 secs] 
2023-04-09T21:57:49.656+0000: 10035.076: [GC (Allocation Failure) [PSYoungGen: 7813574K->45409K(7836672K)] 22553933K->14867248K(23022080K), 1.5428114 secs] [Times: user=1.82 sys=0.01, real=1.54 secs] 
2023-04-09T21:58:01.769+0000: 10047.188: [GC (Allocation Failure) [PSYoungGen: 7779681K->19735K(7754240K)] 22601520K->14889206K(22939648K), 1.8457350 secs] [Times: user=2.36 sys=0.01, real=1.85 secs] 
2023-04-09T21:58:06.834+0000: 10052.254: [GC (Allocation Failure) [PSYoungGen: 7754007K->25543K(7834112K)] 22623478K->14899903K(23019520K), 1.5929265 secs] [Times: user=1.97 sys=0.00, real=1.59 secs] 
2023-04-09T21:58:10.493+0000: 10055.913: [GC (Allocation Failure) [PSYoungGen: 7759815K->17552K(7752192K)] 22634175K->14903353K(22937600K), 1.7482393 secs] [Times: user=2.24 sys=0.01, real=1.75 secs] 
2023-04-09T21:58:14.650+0000: 10060.070: [GC (Allocation Failure) [PSYoungGen: 7751824K->18440K(7829504K)] 22637625K->14904322K(23014912K), 1.5837180 secs] [Times: user=1.90 sys=0.01, real=1.59 secs] 
2023-04-09T21:58:18.730+0000: 10064.150: [GC (Allocation Failure) [PSYoungGen: 7752712K->24186K(7758848K)] 22638594K->14911187K(22944256K), 1.5960437 secs] [Times: user=1.85 sys=0.00, real=1.60 secs] 
2023-04-09T21:58:27.205+0000: 10072.625: [GC (Allocation Failure) [PSYoungGen: 7758458K->88115K(7815680K)] 22645459K->14982572K(23001088K), 1.6633285 secs] [Times: user=2.02 sys=0.01, real=1.66 secs] 
2023-04-09T21:58:34.820+0000: 10080.239: [GC (Allocation Failure) [PSYoungGen: 7809075K->79829K(7828992K)] 22703532K->15047254K(23014400K), 1.8202212 secs] [Times: user=2.74 sys=0.20, real=1.82 secs] 
2023-04-09T21:58:43.380+0000: 10088.800: [GC (Allocation Failure) [PSYoungGen: 7800789K->70873K(7834112K)] 22768214K->15113202K(23019520K), 1.7335389 secs] [Times: user=2.09 sys=0.01, real=1.73 secs] 
2023-04-09T21:59:01.743+0000: 10107.163: [GC (Allocation Failure) [PSYoungGen: 7789273K->16955K(7735808K)] 22831602K->15128156K(22921216K), 1.8054988 secs] [Times: user=2.17 sys=0.03, real=1.80 secs] 
2023-04-09T21:59:03.549+0000: 10108.969: [Full GC (Ergonomics) [PSYoungGen: 16955K->0K(7735808K)] [ParOldGen: 15111201K->13766508K(15296512K)] 15128156K->13766508K(23032320K), [Metaspace: 130806K->130806K(141312K)], 10.0662550 secs] [Times: user=70.13 sys=0.00, real=10.07 secs] 
2023-04-09T21:59:15.890+0000: 10121.310: [GC (Allocation Failure) [PSYoungGen: 7718400K->36785K(7822848K)] 21484908K->13803294K(23119360K), 1.6277219 secs] [Times: user=1.95 sys=0.00, real=1.62 secs] 
2023-04-09T21:59:19.584+0000: 10125.004: [GC (Allocation Failure) [PSYoungGen: 7755185K->16042K(7734784K)] 21521694K->13802177K(23031296K), 1.6148009 secs] [Times: user=1.94 sys=0.01, real=1.61 secs] 
2023-04-09T21:59:23.413+0000: 10128.832: [GC (Allocation Failure) [PSYoungGen: 7734442K->24988K(7818752K)] 21520577K->13811211K(23115264K), 1.7915236 secs] [Times: user=2.00 sys=0.00, real=1.79 secs] 
2023-04-09T21:59:28.257+0000: 10133.677: [GC (Allocation Failure) [PSYoungGen: 7743388K->24351K(7742976K)] 21529611K->13810662K(23039488K), 1.5908183 secs] [Times: user=1.88 sys=0.00, real=1.59 secs] 
2023-04-09T21:59:35.456+0000: 10140.875: [GC (Allocation Failure) [PSYoungGen: 7742751K->77597K(7810048K)] 21529062K->13865956K(23106560K), 1.5222375 secs] [Times: user=1.77 sys=0.01, real=1.52 secs] 
2023-04-09T21:59:42.103+0000: 10147.523: [GC (Allocation Failure) [PSYoungGen: 7787293K->76930K(7818752K)] 21575652K->13936409K(23115264K), 1.6174516 secs] [Times: user=1.92 sys=0.06, real=1.62 secs] 
2023-04-09T21:59:49.755+0000: 10155.174: [GC (Allocation Failure) [PSYoungGen: 7786626K->73051K(7821312K)] 21646105K->14003962K(23117824K), 1.6694816 secs] [Times: user=2.06 sys=0.11, real=1.67 secs] 
2023-04-09T22:00:02.193+0000: 10167.613: [GC (Allocation Failure) [PSYoungGen: 7779163K->24939K(7731200K)] 21710074K->14026778K(23027712K), 1.8146357 secs] [Times: user=2.12 sys=0.00, real=1.81 secs] 
2023-04-09T22:00:07.256+0000: 10172.676: [GC (Allocation Failure) [PSYoungGen: 7731051K->29724K(7812608K)] 21732890K->14036939K(23109120K), 1.6193371 secs] [Times: user=1.93 sys=0.01, real=1.62 secs] 
2023-04-09T22:00:11.141+0000: 10176.560: [GC (Allocation Failure) [PSYoungGen: 7735836K->26454K(7732736K)] 21743051K->14046285K(23029248K), 1.6120099 secs] [Times: user=2.01 sys=0.00, real=1.61 secs] 
2023-04-09T22:00:14.954+0000: 10180.374: [GC (Allocation Failure) [PSYoungGen: 7732566K->23702K(7807488K)] 21752397K->14051547K(23104000K), 1.5956730 secs] [Times: user=1.80 sys=0.00, real=1.59 secs] 
2023-04-09T22:00:18.828+0000: 10184.248: [GC (Allocation Failure) [PSYoungGen: 7729814K->20484K(7727104K)] 21757659K->14048401K(23023616K), 1.5730344 secs] [Times: user=1.79 sys=0.01, real=1.58 secs] 
2023-04-09T22:00:22.820+0000: 10188.240: [GC (Allocation Failure) [PSYoungGen: 7726596K->16360K(7802368K)] 21754513K->14044357K(23098880K), 1.6305292 secs] [Times: user=1.96 sys=0.01, real=1.64 secs] 
2023-04-09T22:00:27.225+0000: 10192.645: [GC (Allocation Failure) [PSYoungGen: 7722472K->18750K(7725056K)] 21750469K->14048899K(23021568K), 1.6290378 secs] [Times: user=1.85 sys=0.01, real=1.63 secs] 
2023-04-09T22:00:32.912+0000: 10198.332: [GC (Allocation Failure) [PSYoungGen: 7724862K->63858K(7797248K)] 21755011K->14098271K(23093760K), 1.7374781 secs] [Times: user=1.97 sys=0.01, real=1.73 secs] 
2023-04-09T22:00:39.435+0000: 10204.855: [GC (Allocation Failure) [PSYoungGen: 7765362K->84325K(7801856K)] 21799775K->14162810K(23098368K), 1.5453247 secs] [Times: user=1.86 sys=0.01, real=1.55 secs] 
2023-04-09T22:00:46.203+0000: 10211.623: [GC (Allocation Failure) [PSYoungGen: 7785829K->72333K(7809024K)] 21864314K->14219194K(23105536K), 1.6314540 secs] [Times: user=1.96 sys=0.00, real=1.63 secs] 
2023-04-09T22:00:52.191+0000: 10217.610: [GC (Allocation Failure) [PSYoungGen: 7769741K->68706K(7813120K)] 21916602K->14282199K(23109632K), 1.5607726 secs] [Times: user=1.87 sys=0.01, real=1.56 secs] 
2023-04-09T22:01:01.639+0000: 10227.059: [GC (Allocation Failure) [PSYoungGen: 7766114K->29994K(7806464K)] 21979607K->14309407K(23102976K), 1.7817226 secs] [Times: user=2.06 sys=0.01, real=1.79 secs] 
2023-04-09T22:01:06.478+0000: 10231.897: [GC (Allocation Failure) [PSYoungGen: 7727402K->25533K(7723008K)] 22006815K->14321691K(23019520K), 1.7264628 secs] [Times: user=2.24 sys=0.01, real=1.73 secs] 
2023-04-09T22:01:10.418+0000: 10235.838: [GC (Allocation Failure) [PSYoungGen: 7722941K->33020K(7798272K)] 22019099K->14339071K(23094784K), 1.5925344 secs] [Times: user=1.97 sys=0.01, real=1.60 secs] 
2023-04-09T22:01:14.097+0000: 10239.517: [GC (Allocation Failure) [PSYoungGen: 7730428K->15530K(7713280K)] 22036479K->14321653K(23009792K), 1.6165906 secs] [Times: user=1.83 sys=0.00, real=1.62 secs] 
2023-04-09T22:01:17.936+0000: 10243.356: [GC (Allocation Failure) [PSYoungGen: 7712938K->41235K(7789568K)] 22019061K->14347414K(23086080K), 1.6222562 secs] [Times: user=1.86 sys=0.01, real=1.62 secs] 
2023-04-09T22:01:26.048+0000: 10251.468: [GC (Allocation Failure) [PSYoungGen: 7738643K->78392K(7795200K)] 22044822K->14387067K(23091712K), 1.6619668 secs] [Times: user=1.99 sys=0.01, real=1.66 secs] 
2023-04-09T22:01:33.268+0000: 10258.688: [GC (Allocation Failure) [PSYoungGen: 7775800K->76916K(7797248K)] 22084475K->14454168K(23093760K), 1.6022672 secs] [Times: user=1.95 sys=0.02, real=1.61 secs] 
2023-04-09T22:01:52.735+0000: 10278.155: [GC (Allocation Failure) [PSYoungGen: 7768180K->35533K(7727104K)] 22145432K->14487464K(23023616K), 1.5366763 secs] [Times: user=1.82 sys=0.00, real=1.54 secs] 
2023-04-09T22:02:01.737+0000: 10287.157: [GC (Allocation Failure) [PSYoungGen: 7726797K->80786K(7791616K)] 22178728K->14568109K(23088128K), 1.8679783 secs] [Times: user=2.50 sys=0.00, real=1.87 secs] 
2023-04-09T22:02:06.518+0000: 10291.938: [GC (Allocation Failure) [PSYoungGen: 7764882K->63119K(7747584K)] 22252205K->14613724K(23044096K), 1.9868830 secs] [Times: user=2.48 sys=0.00, real=1.99 secs] 
2023-04-09T22:02:10.666+0000: 10296.086: [GC (Allocation Failure) [PSYoungGen: 7747215K->43397K(7787008K)] 22297820K->14633458K(23083520K), 1.6198149 secs] [Times: user=2.10 sys=0.00, real=1.62 secs] 
2023-04-09T22:02:14.360+0000: 10299.780: [GC (Allocation Failure) [PSYoungGen: 7727493K->43830K(7728128K)] 22317554K->14657569K(23024640K), 1.6186812 secs] [Times: user=2.07 sys=0.00, real=1.61 secs] 
2023-04-09T22:02:18.104+0000: 10303.524: [GC (Allocation Failure) [PSYoungGen: 7727926K->40606K(7779328K)] 22341665K->14679697K(23075840K), 1.6589249 secs] [Times: user=2.04 sys=0.01, real=1.66 secs] 
2023-04-09T22:02:22.831+0000: 10308.251: [GC (Allocation Failure) [PSYoungGen: 7724702K->91848K(7783424K)] 22363793K->14750388K(23079936K), 1.7917407 secs] [Times: user=2.35 sys=0.01, real=1.79 secs] 
2023-04-09T22:02:28.804+0000: 10314.224: [GC (Allocation Failure) [PSYoungGen: 7775944K->110575K(7748096K)] 22434484K->14853515K(23044608K), 1.6098523 secs] [Times: user=2.21 sys=0.02, real=1.61 secs] 
2023-04-09T22:02:34.142+0000: 10319.562: [GC (Allocation Failure) [PSYoungGen: 7748079K->121871K(7794688K)] 22491019K->14970419K(23091200K), 1.6202287 secs] [Times: user=2.27 sys=0.00, real=1.62 secs] 
2023-04-09T22:02:39.280+0000: 10324.699: [GC (Allocation Failure) [PSYoungGen: 7759375K->115004K(7799808K)] 22607923K->15075384K(23096320K), 1.6106555 secs] [Times: user=2.17 sys=0.10, real=1.61 secs] 
2023-04-09T22:02:45.183+0000: 10330.603: [GC (Allocation Failure) [PSYoungGen: 7746364K->115533K(7805952K)] 22706744K->15183876K(23102464K), 1.6547953 secs] [Times: user=2.24 sys=0.01, real=1.65 secs] 
2023-04-09T22:02:53.146+0000: 10338.565: [GC (Allocation Failure) [PSYoungGen: 7746893K->148381K(7795200K)] 22815236K->15318845K(23091712K), 1.5609308 secs] [Times: user=2.30 sys=0.05, real=1.56 secs] 
2023-04-09T22:02:54.707+0000: 10340.126: [Full GC (Ergonomics) [PSYoungGen: 148381K->0K(7795200K)] [ParOldGen: 15170464K->12815927K(14394880K)] 15318845K->12815927K(22190080K), [Metaspace: 130824K->130824K(141312K)], 10.1977955 secs] [Times: user=72.66 sys=0.00, real=10.20 secs] 
2023-04-09T22:03:07.217+0000: 10352.637: [GC (Allocation Failure) [PSYoungGen: 7616000K->86602K(7703040K)] 20431927K->12902529K(22097920K), 1.6279394 secs] [Times: user=2.58 sys=0.01, real=1.63 secs] 
2023-04-09T22:03:10.740+0000: 10356.160: [GC (Allocation Failure) [PSYoungGen: 7702602K->34387K(7798784K)] 20518529K->12905737K(22193664K), 1.5579868 secs] [Times: user=2.15 sys=0.01, real=1.56 secs] 
2023-04-09T22:03:14.410+0000: 10359.829: [GC (Allocation Failure) [PSYoungGen: 7650387K->33341K(7649792K)] 20521737K->12922515K(22044672K), 1.6017535 secs] [Times: user=2.01 sys=0.00, real=1.61 secs] 
2023-04-09T22:03:17.815+0000: 10363.234: [GC (Allocation Failure) [PSYoungGen: 7649341K->48574K(7787008K)] 20538515K->12953156K(22181888K), 1.5582882 secs] [Times: user=1.94 sys=0.01, real=1.56 secs] 
2023-04-09T22:03:21.276+0000: 10366.696: [GC (Allocation Failure) [PSYoungGen: 7664574K->32416K(7648768K)] 20569156K->12967070K(22043648K), 1.6492041 secs] [Times: user=2.00 sys=0.00, real=1.65 secs] 
2023-04-09T22:03:27.540+0000: 10372.959: [GC (Allocation Failure) [PSYoungGen: 7648416K->85839K(7779840K)] 20583070K->13036576K(22174720K), 1.5901974 secs] [Times: user=2.00 sys=0.01, real=1.59 secs] 
2023-04-09T22:03:33.822+0000: 10379.242: [GC (Allocation Failure) [PSYoungGen: 7701839K->79801K(7695872K)] 20652576K->13107944K(22090752K), 1.5568001 secs] [Times: user=1.99 sys=0.01, real=1.55 secs] 
2023-04-09T22:03:40.335+0000: 10385.755: [GC (Allocation Failure) [PSYoungGen: 7695801K->80337K(7765504K)] 20723944K->13183560K(22160384K), 1.5710332 secs] [Times: user=1.90 sys=0.01, real=1.57 secs] 
2023-04-09T22:04:00.517+0000: 10405.937: [GC (Allocation Failure) [PSYoungGen: 7696337K->40389K(7656448K)] 20799560K->13220164K(22051328K), 1.7357332 secs] [Times: user=2.04 sys=0.00, real=1.74 secs] 
2023-04-09T22:04:05.414+0000: 10410.834: [GC (Allocation Failure) [PSYoungGen: 7656389K->34325K(7764992K)] 20836164K->13244357K(22159872K), 1.6868012 secs] [Times: user=2.43 sys=0.01, real=1.69 secs] 
2023-04-09T22:04:09.100+0000: 10414.519: [GC (Allocation Failure) [PSYoungGen: 7650325K->27545K(7643648K)] 20860357K->13253704K(22038528K), 1.5551071 secs] [Times: user=1.97 sys=0.00, real=1.56 secs] 
2023-04-09T22:04:12.560+0000: 10417.980: [GC (Allocation Failure) [PSYoungGen: 7643545K->21568K(7761920K)] 20869704K->13256243K(22156800K), 1.5926684 secs] [Times: user=1.84 sys=0.00, real=1.60 secs] 
2023-04-09T22:04:16.154+0000: 10421.574: [GC (Allocation Failure) [PSYoungGen: 7637568K->17696K(7633920K)] 20872243K->13252442K(22028800K), 1.5864377 secs] [Times: user=1.82 sys=0.01, real=1.59 secs] 
2023-04-09T22:04:21.346+0000: 10426.766: [GC (Allocation Failure) [PSYoungGen: 7633696K->47629K(7746048K)] 20868442K->13282480K(22140928K), 1.6263770 secs] [Times: user=1.86 sys=0.01, real=1.63 secs] 
2023-04-09T22:04:28.431+0000: 10433.851: [GC (Allocation Failure) [PSYoungGen: 7663629K->74474K(7690752K)] 20898480K->13346301K(22085632K), 1.5358935 secs] [Times: user=1.82 sys=0.00, real=1.53 secs] 
2023-04-09T22:04:38.232+0000: 10443.652: [GC (Allocation Failure) [PSYoungGen: 7690334K->68267K(7746560K)] 20962161K->13409909K(22141440K), 1.5218703 secs] [Times: user=1.83 sys=0.01, real=1.52 secs] 
2023-04-09T22:05:01.557+0000: 10466.977: [GC (Allocation Failure) [PSYoungGen: 7684267K->15128K(7631360K)] 21025909K->13419154K(22026240K), 1.7608502 secs] [Times: user=2.10 sys=0.01, real=1.76 secs] 
2023-04-09T22:05:05.607+0000: 10471.027: [GC (Allocation Failure) [PSYoungGen: 7631128K->31531K(7739904K)] 21035154K->13438741K(22134784K), 1.7512797 secs] [Times: user=2.09 sys=0.05, real=1.75 secs] 
2023-04-09T22:05:09.393+0000: 10474.813: [GC (Allocation Failure) [PSYoungGen: 7647531K->30421K(7646720K)] 21054741K->13451415K(22041600K), 1.6007967 secs] [Times: user=2.05 sys=0.00, real=1.60 secs] 
2023-04-09T22:05:13.156+0000: 10478.576: [GC (Allocation Failure) [PSYoungGen: 7646421K->19860K(7735296K)] 21067415K->13457301K(22130176K), 1.5656029 secs] [Times: user=1.86 sys=0.01, real=1.57 secs] 
2023-04-09T22:05:16.689+0000: 10482.108: [GC (Allocation Failure) [PSYoungGen: 7635860K->23447K(7639552K)] 21073301K->13460969K(22034432K), 1.5604480 secs] [Times: user=1.74 sys=0.00, real=1.56 secs] 
2023-04-09T22:05:21.516+0000: 10486.936: [GC (Allocation Failure) [PSYoungGen: 7639447K->16763K(7728640K)] 21076969K->13454341K(22123520K), 1.7240554 secs] [Times: user=1.93 sys=0.00, real=1.72 secs] 
2023-04-09T22:05:25.426+0000: 10490.846: [GC (Allocation Failure) [PSYoungGen: 7632763K->16108K(7632384K)] 21070341K->13453766K(22027264K), 1.5761797 secs] [Times: user=1.75 sys=0.02, real=1.58 secs] 
2023-04-09T22:05:29.591+0000: 10495.011: [GC (Allocation Failure) [PSYoungGen: 7632108K->29972K(7716352K)] 21069766K->13467718K(22111232K), 1.5500194 secs] [Times: user=1.82 sys=0.01, real=1.55 secs] 
2023-04-09T22:05:36.731+0000: 10502.151: [GC (Allocation Failure) [PSYoungGen: 7645972K->82953K(7721984K)] 21083718K->13533522K(22116864K), 1.5596633 secs] [Times: user=1.84 sys=0.00, real=1.56 secs] 
2023-04-09T22:05:44.099+0000: 10509.518: [GC (Allocation Failure) [PSYoungGen: 7698953K->80146K(7724544K)] 21149522K->13607452K(22119424K), 1.5319051 secs] [Times: user=1.83 sys=0.01, real=1.54 secs] 
2023-04-09T22:05:50.743+0000: 10516.162: [GC (Allocation Failure) [PSYoungGen: 7688978K->71949K(7731712K)] 21216284K->13672791K(22126592K), 1.5198295 secs] [Times: user=1.85 sys=0.01, real=1.52 secs] 
2023-04-09T22:06:02.530+0000: 10527.949: [GC (Allocation Failure) [PSYoungGen: 7680781K->24266K(7727104K)] 21281623K->13698363K(22121984K), 1.8048529 secs] [Times: user=2.14 sys=0.00, real=1.81 secs] 
2023-04-09T22:06:06.470+0000: 10531.890: [GC (Allocation Failure) [PSYoungGen: 7633098K->38851K(7647744K)] 21307195K->13723013K(22042624K), 1.8635385 secs] [Times: user=2.39 sys=0.00, real=1.87 secs] 
2023-04-09T22:06:10.406+0000: 10535.826: [GC (Allocation Failure) [PSYoungGen: 7647683K->14299K(7720448K)] 21331845K->13713220K(22115328K), 1.6156121 secs] [Times: user=2.01 sys=0.00, real=1.62 secs] 
2023-04-09T22:06:14.087+0000: 10539.507: [GC (Allocation Failure) [PSYoungGen: 7623131K->23562K(7632896K)] 21322052K->13722571K(22027776K), 1.5635704 secs] [Times: user=1.82 sys=0.01, real=1.57 secs] 
2023-04-09T22:06:18.045+0000: 10543.464: [GC (Allocation Failure) [PSYoungGen: 7632394K->18651K(7711232K)] 21331403K->13718789K(22106112K), 1.5984789 secs] [Times: user=1.79 sys=0.01, real=1.60 secs] 
2023-04-09T22:06:25.383+0000: 10550.803: [GC (Allocation Failure) [PSYoungGen: 7627483K->80318K(7714816K)] 21327621K->13786487K(22109696K), 1.5948843 secs] [Times: user=1.95 sys=0.01, real=1.59 secs] 
2023-04-09T22:06:32.093+0000: 10557.513: [GC (Allocation Failure) [PSYoungGen: 7689150K->76591K(7718912K)] 21395319K->13852984K(22113792K), 1.5483651 secs] [Times: user=1.87 sys=0.00, real=1.55 secs] 
2023-04-09T22:06:38.706+0000: 10564.126: [GC (Allocation Failure) [PSYoungGen: 7680303K->74033K(7724032K)] 21456696K->13921290K(22118912K), 1.7399990 secs] [Times: user=2.06 sys=0.01, real=1.74 secs] 
2023-04-09T22:07:00.313+0000: 10585.733: [GC (Allocation Failure) [PSYoungGen: 7677745K->31927K(7717888K)] 21525002K->13950480K(22112768K), 1.6974547 secs] [Times: user=2.00 sys=0.00, real=1.70 secs] 
2023-04-09T22:07:04.211+0000: 10589.631: [GC (Allocation Failure) [PSYoungGen: 7635639K->33306K(7637504K)] 21554192K->13982539K(22032384K), 1.6027579 secs] [Times: user=2.08 sys=0.00, real=1.60 secs] 
2023-04-09T22:07:07.797+0000: 10593.217: [GC (Allocation Failure) [PSYoungGen: 7637018K->29335K(7709696K)] 21586251K->13994280K(22104576K), 1.5617947 secs] [Times: user=2.08 sys=0.00, real=1.56 secs] 
2023-04-09T22:07:11.361+0000: 10596.781: [GC (Allocation Failure) [PSYoungGen: 7633047K->16099K(7620096K)] 21597992K->13989095K(22014976K), 1.5881577 secs] [Times: user=1.96 sys=0.01, real=1.58 secs] 
2023-04-09T22:07:14.965+0000: 10600.385: [GC (Allocation Failure) [PSYoungGen: 7619811K->19514K(7705600K)] 21592807K->13992566K(22100480K), 1.6184053 secs] [Times: user=1.87 sys=0.01, real=1.62 secs] 
2023-04-09T22:07:20.885+0000: 10606.305: [GC (Allocation Failure) [PSYoungGen: 7623226K->44945K(7648768K)] 21596278K->14018100K(22043648K), 1.5726628 secs] [Times: user=1.81 sys=0.01, real=1.57 secs] 
2023-04-09T22:07:27.396+0000: 10612.816: [GC (Allocation Failure) [PSYoungGen: 7648657K->80423K(7695872K)] 21621812K->14086563K(22090752K), 1.5504296 secs] [Times: user=1.88 sys=0.01, real=1.55 secs] 
2023-04-09T22:07:34.074+0000: 10619.494: [GC (Allocation Failure) [PSYoungGen: 7675431K->82363K(7704576K)] 21681571K->14161951K(22099456K), 1.5411964 secs] [Times: user=1.89 sys=0.01, real=1.54 secs] 
2023-04-09T22:08:00.392+0000: 10645.812: [GC (Allocation Failure) [PSYoungGen: 7677371K->23173K(7707136K)] 21756959K->14176369K(22102016K), 1.7232244 secs] [Times: user=2.10 sys=0.00, real=1.72 secs] 
2023-04-09T22:08:04.248+0000: 10649.667: [GC (Allocation Failure) [PSYoungGen: 7618181K->33370K(7628800K)] 21771377K->14207406K(22023680K), 1.5818253 secs] [Times: user=2.07 sys=0.00, real=1.58 secs] 
2023-04-09T22:08:07.858+0000: 10653.278: [GC (Allocation Failure) [PSYoungGen: 7628378K->32895K(7695360K)] 21802414K->14221803K(22090240K), 1.5770786 secs] [Times: user=2.00 sys=0.01, real=1.58 secs] 
2023-04-09T22:08:11.406+0000: 10656.826: [GC (Allocation Failure) [PSYoungGen: 7627903K->22024K(7617536K)] 21816811K->14227169K(22012416K), 1.6069253 secs] [Times: user=1.85 sys=0.01, real=1.61 secs] 
2023-04-09T22:08:16.281+0000: 10661.701: [GC (Allocation Failure) [PSYoungGen: 7617032K->20511K(7692288K)] 21822177K->14225736K(22087168K), 1.6617659 secs] [Times: user=1.85 sys=0.01, real=1.66 secs] 
2023-04-09T22:08:21.507+0000: 10666.926: [GC (Allocation Failure) [PSYoungGen: 7615519K->39754K(7634944K)] 21820744K->14246155K(22029824K), 1.5877072 secs] [Times: user=1.88 sys=0.01, real=1.59 secs] 
2023-04-09T22:08:28.069+0000: 10673.489: [GC (Allocation Failure) [PSYoungGen: 7634762K->73749K(7682048K)] 21841163K->14310222K(22076928K), 1.6255974 secs] [Times: user=2.29 sys=0.01, real=1.63 secs] 
2023-04-09T22:08:34.661+0000: 10680.081: [GC (Allocation Failure) [PSYoungGen: 7661589K->69497K(7689216K)] 21898062K->14372122K(22084096K), 1.8162334 secs] [Times: user=2.12 sys=0.00, real=1.81 secs] 
2023-04-09T22:08:36.477+0000: 10681.897: [Full GC (Ergonomics) [PSYoungGen: 69497K->0K(7689216K)] [ParOldGen: 14302625K->13055521K(14599168K)] 14372122K->13055521K(22288384K), [Metaspace: 130831K->130831K(141312K)], 7.7490906 secs] [Times: user=59.93 sys=0.08, real=7.75 secs] 
2023-04-09T22:09:00.827+0000: 10706.247: [GC (Allocation Failure) [PSYoungGen: 7587840K->35732K(7685120K)] 20643361K->13091254K(22284288K), 1.6545286 secs] [Times: user=1.86 sys=0.01, real=1.66 secs] 
2023-04-09T22:09:04.669+0000: 10710.088: [GC (Allocation Failure) [PSYoungGen: 7623572K->49456K(7637504K)] 20679094K->13129345K(22236672K), 1.6412680 secs] [Times: user=2.21 sys=0.00, real=1.64 secs] 
2023-04-09T22:09:08.294+0000: 10713.714: [GC (Allocation Failure) [PSYoungGen: 7637296K->33282K(7678976K)] 20717185K->13129396K(22278144K), 1.5755223 secs] [Times: user=1.90 sys=0.00, real=1.57 secs] 
2023-04-09T22:09:11.989+0000: 10717.408: [GC (Allocation Failure) [PSYoungGen: 7621122K->17035K(7605248K)] 20717236K->13124776K(22204416K), 1.7769069 secs] [Times: user=1.95 sys=0.01, real=1.78 secs] 
2023-04-09T22:09:16.255+0000: 10721.675: [GC (Allocation Failure) [PSYoungGen: 7604875K->21010K(7677440K)] 20712616K->13128823K(22276608K), 1.5510139 secs] [Times: user=1.74 sys=0.01, real=1.55 secs] 
2023-04-09T22:09:21.652+0000: 10727.071: [GC (Allocation Failure) [PSYoungGen: 7608850K->62550K(7679488K)] 20716663K->13170451K(22278656K), 1.5495762 secs] [Times: user=1.82 sys=0.00, real=1.55 secs] 
2023-04-09T22:09:28.258+0000: 10733.678: [GC (Allocation Failure) [PSYoungGen: 7650390K->83017K(7672832K)] 20758291K->13237494K(22272000K), 1.5374748 secs] [Times: user=1.81 sys=0.01, real=1.54 secs] 
2023-04-09T22:09:35.931+0000: 10741.350: [GC (Allocation Failure) [PSYoungGen: 7660617K->84827K(7683072K)] 20815094K->13313456K(22282240K), 1.5672554 secs] [Times: user=1.94 sys=0.01, real=1.56 secs] 
2023-04-09T22:09:55.386+0000: 10760.805: [GC (Allocation Failure) [PSYoungGen: 7662427K->46110K(7679488K)] 20891056K->13350114K(22278656K), 1.5212528 secs] [Times: user=1.80 sys=0.01, real=1.52 secs] 
2023-04-09T22:10:02.266+0000: 10767.685: [GC (Allocation Failure) [PSYoungGen: 7623710K->28009K(7605760K)] 20927714K->13377668K(22204928K), 1.9545773 secs] [Times: user=2.38 sys=0.06, real=1.95 secs] 
2023-04-09T22:10:06.367+0000: 10771.787: [GC (Allocation Failure) [PSYoungGen: 7605609K->42640K(7673344K)] 20955268K->13399076K(22272512K), 1.6173192 secs] [Times: user=2.14 sys=0.00, real=1.62 secs] 
2023-04-09T22:10:10.382+0000: 10775.802: [GC (Allocation Failure) [PSYoungGen: 7620240K->31742K(7609344K)] 20976676K->13403786K(22208512K), 1.8094505 secs] [Times: user=2.22 sys=0.00, real=1.81 secs] 
2023-04-09T22:10:14.149+0000: 10779.569: [GC (Allocation Failure) [PSYoungGen: 7609342K->14208K(7675392K)] 20981386K->13400166K(22274560K), 1.5863943 secs] [Times: user=1.86 sys=0.01, real=1.59 secs] 
2023-04-09T22:10:17.726+0000: 10783.146: [GC (Allocation Failure) [PSYoungGen: 7591808K->17610K(7595520K)] 20977766K->13403633K(22194688K), 1.6065113 secs] [Times: user=1.82 sys=0.01, real=1.61 secs] 
2023-04-09T22:10:21.411+0000: 10786.830: [GC (Allocation Failure) [PSYoungGen: 7595210K->20475K(7668736K)] 20981233K->13406594K(22267904K), 1.5915955 secs] [Times: user=1.87 sys=0.00, real=1.59 secs] 
2023-04-09T22:10:25.127+0000: 10790.547: [GC (Allocation Failure) [PSYoungGen: 7598075K->18282K(7596032K)] 20984194K->13404473K(22195200K), 1.5770724 secs] [Times: user=1.74 sys=0.01, real=1.58 secs] 
2023-04-09T22:10:30.517+0000: 10795.937: [GC (Allocation Failure) [PSYoungGen: 7595882K->67090K(7663104K)] 20982073K->13454473K(22262272K), 1.6957782 secs] [Times: user=2.07 sys=0.01, real=1.70 secs] 
2023-04-09T22:10:36.424+0000: 10801.844: [GC (Allocation Failure) [PSYoungGen: 7638546K->65519K(7669248K)] 21025929K->13488270K(22268416K), 1.5353152 secs] [Times: user=1.81 sys=0.01, real=1.53 secs] 
2023-04-09T22:10:42.488+0000: 10807.907: [GC (Allocation Failure) [PSYoungGen: 7636975K->63256K(7671296K)] 21059726K->13544111K(22270464K), 1.5528220 secs] [Times: user=1.88 sys=0.00, real=1.56 secs] 
2023-04-09T22:11:00.532+0000: 10825.951: [GC (Allocation Failure) [PSYoungGen: 7632664K->34518K(7604224K)] 21113519K->13573428K(22203392K), 1.7512571 secs] [Times: user=2.04 sys=0.00, real=1.75 secs] 
2023-04-09T22:11:04.352+0000: 10829.772: [GC (Allocation Failure) [PSYoungGen: 7603926K->32246K(7660544K)] 21142836K->13596692K(22259712K), 1.6015932 secs] [Times: user=1.98 sys=0.00, real=1.60 secs] 
2023-04-09T22:11:08.628+0000: 10834.047: [GC (Allocation Failure) [PSYoungGen: 7601654K->30852K(7600640K)] 21166100K->13610754K(22199808K), 1.8008687 secs] [Times: user=2.27 sys=0.00, real=1.80 secs] 
2023-04-09T22:11:12.719+0000: 10838.139: [GC (Allocation Failure) [PSYoungGen: 7600260K->18306K(7658496K)] 21180162K->13611960K(22257664K), 1.5583938 secs] [Times: user=1.86 sys=0.01, real=1.56 secs] 
2023-04-09T22:11:16.251+0000: 10841.671: [GC (Allocation Failure) [PSYoungGen: 7587714K->21834K(7591424K)] 21181368K->13615544K(22190592K), 1.5427036 secs] [Times: user=1.76 sys=0.00, real=1.54 secs] 
2023-04-09T22:11:21.444+0000: 10846.864: [GC (Allocation Failure) [PSYoungGen: 7591242K->65212K(7651840K)] 21184952K->13658993K(22251008K), 1.5427066 secs] [Times: user=1.81 sys=0.00, real=1.54 secs] 
2023-04-09T22:11:27.579+0000: 10852.999: [GC (Allocation Failure) [PSYoungGen: 7628988K->73315K(7657472K)] 21222769K->13702585K(22256640K), 1.7247766 secs] [Times: user=2.06 sys=0.01, real=1.73 secs] 
2023-04-09T22:11:34.560+0000: 10859.979: [GC (Allocation Failure) [PSYoungGen: 7637091K->66268K(7662080K)] 21266361K->13761577K(22261248K), 1.5227764 secs] [Times: user=1.86 sys=0.01, real=1.53 secs] 
2023-04-09T22:12:00.773+0000: 10886.193: [GC (Allocation Failure) [PSYoungGen: 7627484K->12152K(7664640K)] 21322793K->13772622K(22263808K), 1.7108082 secs] [Times: user=1.99 sys=0.01, real=1.71 secs] 
2023-04-09T22:12:04.639+0000: 10890.059: [GC (Allocation Failure) [PSYoungGen: 7573368K->39298K(7653376K)] 21333838K->13803896K(22252544K), 1.8010678 secs] [Times: user=2.32 sys=0.01, real=1.80 secs] 
2023-04-09T22:12:08.870+0000: 10894.290: [GC (Allocation Failure) [PSYoungGen: 7600514K->28461K(7589888K)] 21365112K->13816045K(22189056K), 1.5954507 secs] [Times: user=2.01 sys=0.00, real=1.60 secs] 
2023-04-09T22:12:12.839+0000: 10898.258: [GC (Allocation Failure) [PSYoungGen: 7589677K->20724K(7651328K)] 21377261K->13809421K(22250496K), 1.5962580 secs] [Times: user=1.84 sys=0.00, real=1.60 secs] 
2023-04-09T22:12:16.570+0000: 10901.989: [GC (Allocation Failure) [PSYoungGen: 7581940K->16230K(7577600K)] 21370637K->13805015K(22176768K), 1.6653230 secs] [Times: user=1.86 sys=0.01, real=1.67 secs] 
2023-04-09T22:12:22.317+0000: 10907.737: [GC (Allocation Failure) [PSYoungGen: 7577446K->69282K(7644672K)] 21366231K->13858146K(22243840K), 1.7902099 secs] [Times: user=2.06 sys=0.00, real=1.79 secs] 
2023-04-09T22:12:30.157+0000: 10915.577: [GC (Allocation Failure) [PSYoungGen: 7623330K->67100K(7651840K)] 21412194K->13894477K(22251008K), 1.5708092 secs] [Times: user=1.88 sys=0.01, real=1.57 secs] 
2023-04-09T22:12:45.093+0000: 10930.513: [GC (Allocation Failure) [PSYoungGen: 7621148K->46030K(7646720K)] 21448525K->13934574K(22245888K), 1.7186237 secs] [Times: user=2.02 sys=0.01, real=1.72 secs] 
2023-04-09T22:13:01.483+0000: 10946.902: [GC (Allocation Failure) [PSYoungGen: 7600078K->42722K(7597056K)] 21488622K->13975898K(22196224K), 1.7654505 secs] [Times: user=2.33 sys=0.00, real=1.76 secs] 
2023-04-09T22:13:06.212+0000: 10951.632: [GC (Allocation Failure) [PSYoungGen: 7596770K->46866K(7639040K)] 21529946K->13993578K(22238208K), 1.7130617 secs] [Times: user=2.17 sys=0.01, real=1.71 secs] 
2023-04-09T22:13:09.941+0000: 10955.360: [GC (Allocation Failure) [PSYoungGen: 7600914K->13952K(7642624K)] 21547626K->13988337K(22241792K), 1.8133234 secs] [Times: user=2.23 sys=0.01, real=1.81 secs] 
2023-04-09T22:13:13.792+0000: 10959.211: [GC (Allocation Failure) [PSYoungGen: 7568000K->22349K(7639040K)] 21542385K->13996814K(22238208K), 1.6140506 secs] [Times: user=1.93 sys=0.00, real=1.61 secs] 
2023-04-09T22:13:17.516+0000: 10962.936: [GC (Allocation Failure) [PSYoungGen: 7576397K->29076K(7583232K)] 21550862K->14003606K(22182400K), 1.6101250 secs] [Times: user=1.91 sys=0.00, real=1.61 secs] 
2023-04-09T22:13:24.160+0000: 10969.579: [GC (Allocation Failure) [PSYoungGen: 7583124K->69063K(7630848K)] 21557654K->14045616K(22230016K), 1.9105879 secs] [Times: user=2.12 sys=0.01, real=1.92 secs] 
2023-04-09T22:13:31.125+0000: 10976.545: [GC (Allocation Failure) [PSYoungGen: 7615943K->77458K(7638016K)] 21592496K->14114923K(22237184K), 1.5657920 secs] [Times: user=1.85 sys=0.00, real=1.57 secs] 
2023-04-09T22:13:37.455+0000: 10982.874: [GC (Allocation Failure) [PSYoungGen: 7624338K->73842K(7641600K)] 21661803K->14179947K(22240768K), 1.5583771 secs] [Times: user=1.91 sys=0.01, real=1.56 secs] 
2023-04-09T22:13:56.212+0000: 11001.631: [GC (Allocation Failure) [PSYoungGen: 7615602K->42734K(7584768K)] 21721707K->14216917K(22183936K), 1.6744894 secs] [Times: user=1.98 sys=0.01, real=1.67 secs] 
2023-04-09T22:14:02.849+0000: 11008.269: [GC (Allocation Failure) [PSYoungGen: 7584494K->46657K(7630848K)] 21758677K->14263497K(22230016K), 1.8504040 secs] [Times: user=2.25 sys=0.01, real=1.85 secs] 
2023-04-09T22:14:07.180+0000: 11012.599: [GC (Allocation Failure) [PSYoungGen: 7588417K->52652K(7594496K)] 21805257K->14299998K(22193664K), 1.6359148 secs] [Times: user=2.04 sys=0.00, real=1.64 secs] 
2023-04-09T22:14:10.711+0000: 11016.131: [GC (Allocation Failure) [PSYoungGen: 7594412K->27897K(7631872K)] 21841758K->14312359K(22231040K), 1.5675880 secs] [Times: user=2.02 sys=0.00, real=1.56 secs] 
2023-04-09T22:14:14.129+0000: 11019.549: [GC (Allocation Failure) [PSYoungGen: 7569657K->34143K(7576064K)] 21854119K->14329773K(22175232K), 1.5990195 secs] [Times: user=2.13 sys=0.00, real=1.60 secs] 
2023-04-09T22:14:17.832+0000: 11023.252: [GC (Allocation Failure) [PSYoungGen: 7575903K->47770K(7624192K)] 21871533K->14360160K(22223360K), 1.5893108 secs] [Times: user=1.99 sys=0.00, real=1.59 secs] 
2023-04-09T22:14:24.229+0000: 11029.648: [GC (Allocation Failure) [PSYoungGen: 7589530K->85474K(7627264K)] 21901920K->14429969K(22226432K), 1.6720016 secs] [Times: user=2.18 sys=0.01, real=1.68 secs] 
2023-04-09T22:14:29.868+0000: 11035.288: [GC (Allocation Failure) [PSYoungGen: 7627234K->100662K(7636992K)] 21971729K->14521261K(22236160K), 1.6080734 secs] [Times: user=2.13 sys=0.04, real=1.61 secs] 
2023-04-09T22:14:35.317+0000: 11040.737: [GC (Allocation Failure) [PSYoungGen: 7629622K->101992K(7649792K)] 22050221K->14610327K(22248960K), 1.5598195 secs] [Times: user=2.10 sys=0.06, real=1.56 secs] 
2023-04-09T22:14:36.877+0000: 11042.297: [Full GC (Ergonomics) [PSYoungGen: 101992K->0K(7649792K)] [ParOldGen: 14508335K->12570020K(14143488K)] 14610327K->12570020K(21793280K), [Metaspace: 130872K->130872K(141312K)], 8.8867854 secs] [Times: user=65.97 sys=0.07, real=8.89 secs] 
2023-04-09T22:14:51.040+0000: 11056.460: [GC (Allocation Failure) [PSYoungGen: 7528960K->98372K(7653376K)] 20098980K->12668393K(21796864K), 1.5694817 secs] [Times: user=1.99 sys=0.01, real=1.57 secs] 
2023-04-09T22:15:01.206+0000: 11066.626: [GC (Allocation Failure) [PSYoungGen: 7620676K->96893K(7660032K)] 20190697K->12753882K(21803520K), 2.0278471 secs] [Times: user=2.43 sys=0.00, real=2.03 secs] 
2023-04-09T22:15:05.532+0000: 11070.952: [GC (Allocation Failure) [PSYoungGen: 7619197K->58075K(7653376K)] 20276186K->12802455K(21796864K), 1.7597402 secs] [Times: user=2.66 sys=0.01, real=1.76 secs] 
2023-04-09T22:15:09.163+0000: 11074.583: [GC (Allocation Failure) [PSYoungGen: 7580379K->42568K(7565312K)] 20324759K->12830141K(21708800K), 1.6042741 secs] [Times: user=2.15 sys=0.00, real=1.60 secs] 
2023-04-09T22:15:12.666+0000: 11078.085: [GC (Allocation Failure) [PSYoungGen: 7564872K->24189K(7656448K)] 20352445K->12837368K(21799936K), 1.6158153 secs] [Times: user=1.94 sys=0.00, real=1.62 secs] 
2023-04-09T22:15:16.153+0000: 11081.573: [GC (Allocation Failure) [PSYoungGen: 7546493K->34879K(7557632K)] 20359672K->12855484K(21701120K), 1.5263709 secs] [Times: user=1.84 sys=0.00, real=1.52 secs] 
2023-04-09T22:15:19.562+0000: 11084.982: [GC (Allocation Failure) [PSYoungGen: 7557183K->29062K(7648256K)] 20377788K->12866649K(21791744K), 1.7768546 secs] [Times: user=2.00 sys=0.01, real=1.77 secs] 
2023-04-09T22:15:23.579+0000: 11088.999: [GC (Allocation Failure) [PSYoungGen: 7551366K->27382K(7549952K)] 20388953K->12878090K(21693440K), 1.6200602 secs] [Times: user=1.98 sys=0.00, real=1.62 secs] 
2023-04-09T22:15:27.327+0000: 11092.747: [GC (Allocation Failure) [PSYoungGen: 7549686K->27008K(7642112K)] 20400394K->12887924K(21785600K), 1.6269087 secs] [Times: user=1.98 sys=0.00, real=1.63 secs] 
2023-04-09T22:15:32.628+0000: 11098.047: [GC (Allocation Failure) [PSYoungGen: 7549312K->90793K(7645184K)] 20410228K->12961309K(21788672K), 1.5951846 secs] [Times: user=1.99 sys=0.01, real=1.60 secs] 
2023-04-09T22:15:38.079+0000: 11103.499: [GC (Allocation Failure) [PSYoungGen: 7613097K->100358K(7644160K)] 20483613K->13033858K(21787648K), 1.6591039 secs] [Times: user=2.15 sys=0.01, real=1.66 secs] 
2023-04-09T22:15:44.107+0000: 11109.527: [GC (Allocation Failure) [PSYoungGen: 7613446K->101766K(7653376K)] 20546946K->13123250K(21796864K), 1.5630539 secs] [Times: user=2.10 sys=0.01, real=1.57 secs] 
2023-04-09T22:15:50.473+0000: 11115.893: [GC (Allocation Failure) [PSYoungGen: 7614854K->85081K(7660544K)] 20636338K->13203044K(21804032K), 1.5453549 secs] [Times: user=2.10 sys=0.02, real=1.54 secs] 
2023-04-09T22:16:01.091+0000: 11126.510: [GC (Allocation Failure) [PSYoungGen: 7598169K->104186K(7661056K)] 20716132K->13307310K(21804544K), 1.8286048 secs] [Times: user=2.75 sys=0.00, real=1.82 secs] 
2023-04-09T22:16:05.317+0000: 11130.737: [GC (Allocation Failure) [PSYoungGen: 7617274K->49673K(7656960K)] 20820398K->13346012K(21800448K), 1.6913464 secs] [Times: user=2.33 sys=0.00, real=1.69 secs] 
2023-04-09T22:16:09.038+0000: 11134.457: [GC (Allocation Failure) [PSYoungGen: 7562761K->36855K(7549952K)] 20859100K->13369669K(21693440K), 1.6623170 secs] [Times: user=2.27 sys=0.01, real=1.66 secs] 
2023-04-09T22:16:12.590+0000: 11138.010: [GC (Allocation Failure) [PSYoungGen: 7549943K->46427K(7648768K)] 20882757K->13388361K(21792256K), 1.5600292 secs] [Times: user=1.83 sys=0.01, real=1.56 secs] 
2023-04-09T22:16:16.056+0000: 11141.476: [GC (Allocation Failure) [PSYoungGen: 7559515K->32695K(7545856K)] 20901449K->13395141K(21689344K), 1.7014861 secs] [Times: user=1.98 sys=0.00, real=1.70 secs] 
2023-04-09T22:16:22.130+0000: 11147.550: [GC (Allocation Failure) [PSYoungGen: 7545783K->44284K(7640576K)] 20908229K->13415394K(21784064K), 1.6062169 secs] [Times: user=2.06 sys=0.01, real=1.61 secs] 
2023-04-09T22:16:28.556+0000: 11153.976: [GC (Allocation Failure) [PSYoungGen: 7557372K->74364K(7587840K)] 20928482K->13475328K(21731328K), 1.6014552 secs] [Times: user=1.90 sys=0.01, real=1.60 secs] 
2023-04-09T22:16:34.781+0000: 11160.201: [GC (Allocation Failure) [PSYoungGen: 7587452K->64188K(7633408K)] 20988416K->13526928K(21776896K), 1.5754254 secs] [Times: user=1.89 sys=0.01, real=1.57 secs] 
2023-04-09T22:17:01.065+0000: 11186.485: [GC (Allocation Failure) [PSYoungGen: 7577276K->23995K(7537152K)] 21040016K->13548190K(21680640K), 1.6895866 secs] [Times: user=2.13 sys=0.01, real=1.69 secs] 
2023-04-09T22:17:04.827+0000: 11190.247: [GC (Allocation Failure) [PSYoungGen: 7537083K->31824K(7633408K)] 21061278K->13568707K(21776896K), 1.6550615 secs] [Times: user=2.07 sys=0.00, real=1.66 secs] 
2023-04-09T22:17:08.780+0000: 11194.200: [GC (Allocation Failure) [PSYoungGen: 7544912K->37363K(7550464K)] 21081795K->13590519K(21693952K), 1.6023594 secs] [Times: user=2.03 sys=0.00, real=1.61 secs] 
2023-04-09T22:17:12.313+0000: 11197.733: [GC (Allocation Failure) [PSYoungGen: 7550451K->13694K(7631872K)] 21103607K->13578973K(21775360K), 1.5498841 secs] [Times: user=1.83 sys=0.01, real=1.55 secs] 
2023-04-09T22:17:16.259+0000: 11201.679: [GC (Allocation Failure) [PSYoungGen: 7526782K->22820K(7536128K)] 21092061K->13588163K(21679616K), 1.7689114 secs] [Times: user=2.17 sys=0.00, real=1.77 secs] 
2023-04-09T22:17:21.974+0000: 11207.394: [GC (Allocation Failure) [PSYoungGen: 7535908K->55075K(7622144K)] 21101251K->13620515K(21765632K), 1.5642515 secs] [Times: user=1.82 sys=0.01, real=1.56 secs] 
2023-04-09T22:17:28.186+0000: 11213.606: [GC (Allocation Failure) [PSYoungGen: 7568163K->74971K(7625728K)] 21133603K->13685275K(21769216K), 1.5781178 secs] [Times: user=1.89 sys=0.00, real=1.58 secs] 
2023-04-09T22:17:34.732+0000: 11220.152: [GC (Allocation Failure) [PSYoungGen: 7588059K->81097K(7624192K)] 21198363K->13760193K(21767680K), 1.8465849 secs] [Times: user=2.34 sys=0.01, real=1.84 secs] 
2023-04-09T22:17:42.924+0000: 11228.343: [GC (Allocation Failure) [PSYoungGen: 7589065K->65024K(7573504K)] 21268161K->13812719K(21716992K), 1.5426979 secs] [Times: user=1.84 sys=0.01, real=1.54 secs] 
2023-04-09T22:18:01.666+0000: 11247.085: [GC (Allocation Failure) [PSYoungGen: 7572992K->23324K(7624192K)] 21320687K->13836899K(21767680K), 1.7044656 secs] [Times: user=2.03 sys=0.00, real=1.70 secs] 
2023-04-09T22:18:05.390+0000: 11250.810: [GC (Allocation Failure) [PSYoungGen: 7531292K->29465K(7537664K)] 21344867K->13848536K(21681152K), 1.6039415 secs] [Times: user=2.05 sys=0.00, real=1.61 secs] 
2023-04-09T22:18:08.973+0000: 11254.393: [GC (Allocation Failure) [PSYoungGen: 7537433K->17213K(7620608K)] 21356504K->13852641K(21764096K), 1.6127782 secs] [Times: user=2.05 sys=0.00, real=1.61 secs] 
2023-04-09T22:18:12.531+0000: 11257.951: [GC (Allocation Failure) [PSYoungGen: 7525181K->28841K(7537152K)] 21360609K->13864349K(21680640K), 1.7396139 secs] [Times: user=2.02 sys=0.00, real=1.74 secs] 
2023-04-09T22:18:16.691+0000: 11262.110: [GC (Allocation Failure) [PSYoungGen: 7536809K->14652K(7614464K)] 21372317K->13850232K(21757952K), 1.5633940 secs] [Times: user=1.76 sys=0.00, real=1.56 secs] 
2023-04-09T22:18:22.587+0000: 11268.007: [GC (Allocation Failure) [PSYoungGen: 7522620K->70193K(7616000K)] 21358200K->13907478K(21759488K), 1.5590797 secs] [Times: user=1.83 sys=0.01, real=1.56 secs] 
2023-04-09T22:18:28.625+0000: 11274.045: [GC (Allocation Failure) [PSYoungGen: 7578161K->70755K(7617024K)] 21415446K->13969087K(21760512K), 1.5327298 secs] [Times: user=1.85 sys=0.00, real=1.53 secs] 
2023-04-09T22:18:47.808+0000: 11293.228: [GC (Allocation Failure) [PSYoungGen: 7575651K->47674K(7553024K)] 21473983K->14012709K(21696512K), 1.5209058 secs] [Times: user=1.83 sys=0.01, real=1.52 secs] 
2023-04-09T22:19:01.876+0000: 11307.296: [GC (Allocation Failure) [PSYoungGen: 7552570K->19638K(7610880K)] 21517605K->14032498K(21754368K), 1.7246560 secs] [Times: user=2.04 sys=0.00, real=1.73 secs] 
2023-04-09T22:19:05.699+0000: 11311.119: [GC (Allocation Failure) [PSYoungGen: 7524534K->43246K(7548416K)] 21537394K->14065594K(21691904K), 1.6194665 secs] [Times: user=2.19 sys=0.00, real=1.62 secs] 
2023-04-09T22:19:09.305+0000: 11314.724: [GC (Allocation Failure) [PSYoungGen: 7548142K->18126K(7603712K)] 21570490K->14058268K(21747200K), 1.7491779 secs] [Times: user=2.32 sys=0.01, real=1.75 secs] 
2023-04-09T22:19:11.054+0000: 11316.474: [Full GC (Ergonomics) [PSYoungGen: 18126K->0K(7603712K)] [ParOldGen: 14040142K->12346230K(13942272K)] 14058268K->12346230K(21545984K), [Metaspace: 130877K->130877K(141312K)], 8.7233045 secs] [Times: user=63.82 sys=0.03, real=8.72 secs] 
2023-04-09T22:19:21.576+0000: 11326.996: [GC (Allocation Failure) [PSYoungGen: 7504896K->19004K(7524352K)] 19851126K->12365235K(21466624K), 1.5475505 secs] [Times: user=1.75 sys=0.00, real=1.55 secs] 
2023-04-09T22:19:25.332+0000: 11330.752: [GC (Allocation Failure) [PSYoungGen: 7523900K->27803K(7594496K)] 19870131K->12374329K(21536768K), 1.5602958 secs] [Times: user=1.77 sys=0.01, real=1.56 secs] 
2023-04-09T22:19:32.455+0000: 11337.875: [GC (Allocation Failure) [PSYoungGen: 7532699K->76774K(7598592K)] 19879225K->12425781K(21540864K), 1.5873507 secs] [Times: user=1.79 sys=0.00, real=1.59 secs] 
2023-04-09T22:19:38.505+0000: 11343.924: [GC (Allocation Failure) [PSYoungGen: 7581670K->75541K(7600640K)] 19930677K->12491972K(21542912K), 1.5541418 secs] [Times: user=1.91 sys=0.01, real=1.55 secs] 
2023-04-09T22:19:44.520+0000: 11349.940: [GC (Allocation Failure) [PSYoungGen: 7573781K->76458K(7607296K)] 19990212K->12560777K(21549568K), 1.5431142 secs] [Times: user=1.87 sys=0.01, real=1.55 secs] 
2023-04-09T22:20:00.870+0000: 11366.290: [GC (Allocation Failure) [PSYoungGen: 7574698K->39897K(7602176K)] 20059017K->12594295K(21544448K), 1.7476552 secs] [Times: user=1.99 sys=0.00, real=1.75 secs] 
2023-04-09T22:20:04.741+0000: 11370.161: [GC (Allocation Failure) [PSYoungGen: 7538137K->47086K(7545344K)] 20092535K->12633109K(21487616K), 1.6716316 secs] [Times: user=2.13 sys=0.00, real=1.67 secs] 
2023-04-09T22:20:08.398+0000: 11373.817: [GC (Allocation Failure) [PSYoungGen: 7545326K->36130K(7593984K)] 20131349K->12641737K(21536256K), 1.9530662 secs] [Times: user=2.27 sys=0.00, real=1.96 secs] 
2023-04-09T22:20:12.412+0000: 11377.832: [GC (Allocation Failure) [PSYoungGen: 7534370K->15720K(7597568K)] 20139977K->12639062K(21539840K), 1.5779564 secs] [Times: user=1.92 sys=0.01, real=1.57 secs] 
2023-04-09T22:20:15.835+0000: 11381.254: [GC (Allocation Failure) [PSYoungGen: 7513960K->24135K(7593472K)] 20137302K->12647557K(21535744K), 1.8031523 secs] [Times: user=2.00 sys=0.01, real=1.80 secs] 
2023-04-09T22:20:19.517+0000: 11384.936: [GC (Allocation Failure) [PSYoungGen: 7522375K->24014K(7522304K)] 20145797K->12647516K(21464576K), 1.5441536 secs] [Times: user=1.71 sys=0.01, real=1.55 secs] 
2023-04-09T22:20:23.110+0000: 11388.530: [GC (Allocation Failure) [PSYoungGen: 7522254K->21420K(7588352K)] 20145756K->12644986K(21530624K), 1.5940384 secs] [Times: user=1.85 sys=0.00, real=1.60 secs] 
2023-04-09T22:20:26.663+0000: 11392.083: [GC (Allocation Failure) [PSYoungGen: 7519660K->17226K(7515648K)] 20143226K->12641880K(21457920K), 1.7416236 secs] [Times: user=1.94 sys=0.01, real=1.74 secs] 
2023-04-09T22:20:33.296+0000: 11398.716: [GC (Allocation Failure) [PSYoungGen: 7515466K->76963K(7578624K)] 20140120K->12703897K(21520896K), 1.5822458 secs] [Times: user=1.87 sys=0.01, real=1.58 secs] 
2023-04-09T22:20:39.210+0000: 11404.629: [GC (Allocation Failure) [PSYoungGen: 7565475K->77575K(7588352K)] 20192409K->12775085K(21530624K), 1.5480271 secs] [Times: user=1.83 sys=0.01, real=1.55 secs] 
2023-04-09T22:20:51.866+0000: 11417.286: [GC (Allocation Failure) [PSYoungGen: 7566087K->62716K(7596032K)] 20263597K->12832626K(21538304K), 1.5622280 secs] [Times: user=1.87 sys=0.01, real=1.56 secs] 
2023-04-09T22:21:01.973+0000: 11427.393: [GC (Allocation Failure) [PSYoungGen: 7550716K->31804K(7520256K)] 20320626K->12864698K(21462528K), 1.8111939 secs] [Times: user=2.23 sys=0.01, real=1.81 secs] 
2023-04-09T22:21:06.961+0000: 11432.381: [GC (Allocation Failure) [PSYoungGen: 7519804K->32733K(7584256K)] 20352698K->12871819K(21526528K), 1.7111867 secs] [Times: user=2.02 sys=0.00, real=1.71 secs] 
2023-04-09T22:21:10.665+0000: 11436.085: [GC (Allocation Failure) [PSYoungGen: 7520733K->14876K(7503360K)] 20359819K->12871210K(21445632K), 1.5675822 secs] [Times: user=1.97 sys=0.01, real=1.57 secs] 
2023-04-09T22:21:14.158+0000: 11439.578: [GC (Allocation Failure) [PSYoungGen: 7502876K->23570K(7581696K)] 20359210K->12879976K(21523968K), 1.5489477 secs] [Times: user=1.76 sys=0.00, real=1.55 secs] 
2023-04-09T22:21:17.940+0000: 11443.360: [GC (Allocation Failure) [PSYoungGen: 7511570K->38690K(7526912K)] 20367976K->12895169K(21469184K), 1.5439497 secs] [Times: user=1.73 sys=0.02, real=1.55 secs] 
2023-04-09T22:21:23.982+0000: 11449.402: [GC (Allocation Failure) [PSYoungGen: 7526690K->74994K(7569920K)] 20383169K->12938512K(21512192K), 1.7439956 secs] [Times: user=2.04 sys=0.01, real=1.74 secs] 
2023-04-09T22:21:30.667+0000: 11456.087: [GC (Allocation Failure) [PSYoungGen: 7554290K->73173K(7578624K)] 20417808K->13005052K(21520896K), 1.5642271 secs] [Times: user=1.88 sys=0.00, real=1.57 secs] 
2023-04-09T22:21:36.519+0000: 11461.938: [GC (Allocation Failure) [PSYoungGen: 7552469K->68074K(7581696K)] 20484348K->13067905K(21523968K), 1.5474594 secs] [Times: user=1.86 sys=0.01, real=1.55 secs] 
2023-04-09T22:22:01.126+0000: 11486.546: [GC (Allocation Failure) [PSYoungGen: 7544810K->25641K(7502848K)] 20544641K->13093287K(21445120K), 1.8503216 secs] [Times: user=2.24 sys=0.00, real=1.85 secs] 
2023-04-09T22:22:05.794+0000: 11491.213: [GC (Allocation Failure) [PSYoungGen: 7502377K->33114K(7574528K)] 20570023K->13109809K(21516800K), 1.6214043 secs] [Times: user=2.08 sys=0.01, real=1.62 secs] 
2023-04-09T22:22:09.348+0000: 11494.768: [GC (Allocation Failure) [PSYoungGen: 7509850K->25012K(7501824K)] 20586545K->13118122K(21444096K), 1.5553659 secs] [Times: user=1.91 sys=0.00, real=1.56 secs] 
2023-04-09T22:22:12.859+0000: 11498.279: [GC (Allocation Failure) [PSYoungGen: 7501748K->29924K(7568384K)] 20594858K->13127493K(21510656K), 1.5841739 secs] [Times: user=1.84 sys=0.00, real=1.59 secs] 
2023-04-09T22:22:16.440+0000: 11501.860: [GC (Allocation Failure) [PSYoungGen: 7506660K->28008K(7504896K)] 20604229K->13125626K(21447168K), 1.5436778 secs] [Times: user=1.72 sys=0.01, real=1.54 secs] 
2023-04-09T22:22:21.473+0000: 11506.893: [GC (Allocation Failure) [PSYoungGen: 7504744K->60563K(7566336K)] 20602362K->13158300K(21508608K), 1.6689485 secs] [Times: user=1.92 sys=0.00, real=1.67 secs] 
2023-04-09T22:22:28.076+0000: 11513.496: [GC (Allocation Failure) [PSYoungGen: 7534739K->80896K(7568896K)] 20632476K->13230721K(21511168K), 1.5948979 secs] [Times: user=1.87 sys=0.01, real=1.60 secs] 
2023-04-09T22:22:44.780+0000: 11530.200: [GC (Allocation Failure) [PSYoungGen: 7555072K->58897K(7576064K)] 20704897K->13282931K(21518336K), 1.5165663 secs] [Times: user=1.82 sys=0.00, real=1.52 secs] 
2023-04-09T22:23:02.434+0000: 11547.854: [GC (Allocation Failure) [PSYoungGen: 7533073K->31902K(7506432K)] 20757107K->13313791K(21448704K), 1.7717155 secs] [Times: user=2.27 sys=0.13, real=1.77 secs] 
2023-04-09T22:23:06.231+0000: 11551.651: [GC (Allocation Failure) [PSYoungGen: 7506078K->36684K(7566848K)] 20787967K->13324182K(21509120K), 1.6220680 secs] [Times: user=2.08 sys=0.01, real=1.62 secs] 
2023-04-09T22:23:09.941+0000: 11555.361: [GC (Allocation Failure) [PSYoungGen: 7510860K->15552K(7490048K)] 20798358K->13319728K(21432320K), 1.5518160 secs] [Times: user=1.91 sys=0.00, real=1.55 secs] 
2023-04-09T22:23:13.406+0000: 11558.825: [GC (Allocation Failure) [PSYoungGen: 7489728K->34948K(7561728K)] 20793904K->13339204K(21504000K), 1.5738870 secs] [Times: user=1.92 sys=0.00, real=1.57 secs] 
2023-04-09T22:23:17.200+0000: 11562.620: [GC (Allocation Failure) [PSYoungGen: 7509124K->26786K(7501312K)] 20813380K->13331114K(21443584K), 1.5319797 secs] [Times: user=1.71 sys=0.00, real=1.54 secs] 
2023-04-09T22:23:24.031+0000: 11569.451: [GC (Allocation Failure) [PSYoungGen: 7500962K->68236K(7557632K)] 20805290K->13374347K(21499904K), 1.6994040 secs] [Times: user=1.98 sys=0.01, real=1.70 secs] 
2023-04-09T22:23:30.225+0000: 11575.645: [GC (Allocation Failure) [PSYoungGen: 7536780K->73615K(7563264K)] 20842891K->13440446K(21505536K), 1.5472032 secs] [Times: user=1.88 sys=0.01, real=1.55 secs] 
2023-04-09T22:23:59.470+0000: 11604.890: [GC (Allocation Failure) [PSYoungGen: 7542159K->27057K(7565312K)] 20908990K->13463592K(21507584K), 1.8524754 secs] [Times: user=2.11 sys=0.01, real=1.85 secs] 
2023-04-09T22:24:03.629+0000: 11609.049: [GC (Allocation Failure) [PSYoungGen: 7495601K->38249K(7506944K)] 20932136K->13504072K(21449216K), 1.7125771 secs] [Times: user=2.15 sys=0.00, real=1.72 secs] 
2023-04-09T22:24:07.273+0000: 11612.693: [GC (Allocation Failure) [PSYoungGen: 7506793K->36512K(7554560K)] 20972616K->13515319K(21496832K), 1.6338125 secs] [Times: user=2.18 sys=0.00, real=1.63 secs] 
2023-04-09T22:24:10.934+0000: 11616.354: [GC (Allocation Failure) [PSYoungGen: 7505056K->15312K(7558656K)] 20983863K->13509965K(21500928K), 1.6461254 secs] [Times: user=1.91 sys=0.00, real=1.65 secs] 
2023-04-09T22:24:14.933+0000: 11620.353: [GC (Allocation Failure) [PSYoungGen: 7483856K->19460K(7555584K)] 20978509K->13514177K(21497856K), 1.5699860 secs] [Times: user=1.77 sys=0.00, real=1.57 secs] 
2023-04-09T22:24:19.450+0000: 11624.870: [GC (Allocation Failure) [PSYoungGen: 7488004K->34670K(7503360K)] 20982721K->13529458K(21445632K), 1.7482248 secs] [Times: user=2.02 sys=0.01, real=1.75 secs] 
2023-04-09T22:24:25.764+0000: 11631.184: [GC (Allocation Failure) [PSYoungGen: 7503214K->80319K(7541248K)] 20998002K->13594164K(21483520K), 1.5765035 secs] [Times: user=1.84 sys=0.00, real=1.58 secs] 
2023-04-09T22:24:31.919+0000: 11637.339: [GC (Allocation Failure) [PSYoungGen: 7537599K->84168K(7552512K)] 21051444K->13672500K(21494784K), 1.6380594 secs] [Times: user=2.01 sys=0.01, real=1.64 secs] 
2023-04-09T22:24:59.224+0000: 11664.644: [GC (Allocation Failure) [PSYoungGen: 7541085K->38378K(7553536K)] 21129418K->13708448K(21495808K), 1.7008596 secs] [Times: user=2.00 sys=0.01, real=1.70 secs] 
2023-04-09T22:25:03.300+0000: 11668.720: [GC (Allocation Failure) [PSYoungGen: 7495658K->25761K(7483392K)] 21165728K->13736023K(21425664K), 1.7672445 secs] [Times: user=2.23 sys=0.00, real=1.77 secs] 
2023-04-09T22:25:07.045+0000: 11672.465: [GC (Allocation Failure) [PSYoungGen: 7483041K->36212K(7546880K)] 21193303K->13756458K(21489152K), 1.5890303 secs] [Times: user=2.25 sys=0.00, real=1.59 secs] 
2023-04-09T22:25:10.712+0000: 11676.132: [GC (Allocation Failure) [PSYoungGen: 7493492K->28595K(7485952K)] 21213738K->13767305K(21428224K), 1.6288693 secs] [Times: user=1.94 sys=0.00, real=1.63 secs] 
2023-04-09T22:25:14.233+0000: 11679.652: [GC (Allocation Failure) [PSYoungGen: 7485875K->15655K(7547904K)] 21224585K->13764345K(21490176K), 1.7936589 secs] [Times: user=2.02 sys=0.01, real=1.79 secs] 
2023-04-09T22:25:18.313+0000: 11683.733: [GC (Allocation Failure) [PSYoungGen: 7472935K->16183K(7473664K)] 21221625K->13764938K(21415936K), 1.6337290 secs] [Times: user=1.97 sys=0.01, real=1.63 secs] 
2023-04-09T22:25:22.064+0000: 11687.483: [GC (Allocation Failure) [PSYoungGen: 7473463K->14031K(7543808K)] 21222218K->13762849K(21486080K), 1.5814726 secs] [Times: user=1.76 sys=0.00, real=1.58 secs] 
2023-04-09T22:25:25.560+0000: 11690.980: [GC (Allocation Failure) [PSYoungGen: 7471311K->18257K(7475712K)] 21220129K->13767164K(21417984K), 1.5344704 secs] [Times: user=1.72 sys=0.01, real=1.54 secs] 
2023-04-09T22:25:30.809+0000: 11696.228: [GC (Allocation Failure) [PSYoungGen: 7475537K->56578K(7539200K)] 21224444K->13805565K(21481472K), 1.6244496 secs] [Times: user=1.95 sys=0.17, real=1.63 secs] 
2023-04-09T22:25:37.481+0000: 11702.901: [GC (Allocation Failure) [PSYoungGen: 7510274K->80092K(7542784K)] 21259261K->13874910K(21485056K), 1.5541700 secs] [Times: user=1.86 sys=0.01, real=1.55 secs] 
2023-04-09T22:25:43.664+0000: 11709.083: [GC (Allocation Failure) [PSYoungGen: 7533788K->79667K(7545344K)] 21328606K->13950309K(21487616K), 1.5742414 secs] [Times: user=1.88 sys=0.01, real=1.57 secs] 
2023-04-09T22:25:45.238+0000: 11710.658: [Full GC (Ergonomics) [PSYoungGen: 79667K->0K(7545344K)] [ParOldGen: 13870642K->12498930K(14113792K)] 13950309K->12498930K(21659136K), [Metaspace: 130887K->130887K(141312K)], 7.9239943 secs] [Times: user=59.42 sys=0.04, real=7.93 secs] 
2023-04-09T22:26:01.329+0000: 11726.749: [GC (Allocation Failure) [PSYoungGen: 7444992K->45616K(7491072K)] 19943922K->12544546K(21604864K), 1.6744118 secs] [Times: user=1.95 sys=0.01, real=1.68 secs] 
2023-04-09T22:26:05.087+0000: 11730.507: [GC (Allocation Failure) [PSYoungGen: 7490608K->44850K(7537152K)] 19989538K->12575277K(21650944K), 1.5792189 secs] [Times: user=1.94 sys=0.01, real=1.58 secs] 
2023-04-09T22:26:08.585+0000: 11734.005: [GC (Allocation Failure) [PSYoungGen: 7489842K->16031K(7461376K)] 20020269K->12563503K(21575168K), 1.5737247 secs] [Times: user=1.87 sys=0.01, real=1.57 secs] 
2023-04-09T22:26:12.255+0000: 11737.675: [GC (Allocation Failure) [PSYoungGen: 7461023K->24699K(7536128K)] 20008495K->12572211K(21649920K), 1.6887790 secs] [Times: user=1.87 sys=0.01, real=1.69 secs] 
2023-04-09T22:26:16.386+0000: 11741.805: [GC (Allocation Failure) [PSYoungGen: 7469691K->19956K(7464960K)] 20017203K->12567540K(21578752K), 1.6214027 secs] [Times: user=1.93 sys=0.01, real=1.62 secs] 
2023-04-09T22:26:21.760+0000: 11747.179: [GC (Allocation Failure) [PSYoungGen: 7464948K->78469K(7527424K)] 20012532K->12626198K(21641216K), 1.5650248 secs] [Times: user=1.78 sys=0.01, real=1.57 secs] 
2023-04-09T22:26:27.596+0000: 11753.016: [GC (Allocation Failure) [PSYoungGen: 7513733K->76948K(7537152K)] 20061462K->12679372K(21650944K), 1.5251764 secs] [Times: user=1.82 sys=0.01, real=1.53 secs] 
2023-04-09T22:26:37.946+0000: 11763.366: [GC (Allocation Failure) [PSYoungGen: 7512212K->65447K(7543296K)] 20114636K->12739367K(21657088K), 1.5809787 secs] [Times: user=1.88 sys=0.01, real=1.58 secs] 
2023-04-09T22:27:01.289+0000: 11786.709: [GC (Allocation Failure) [PSYoungGen: 7499687K->20739K(7455232K)] 20173607K->12760555K(21569024K), 1.6930308 secs] [Times: user=1.97 sys=0.00, real=1.70 secs] 
2023-04-09T22:27:05.141+0000: 11790.560: [GC (Allocation Failure) [PSYoungGen: 7454979K->50583K(7534592K)] 20194795K->12801175K(21648384K), 1.6018342 secs] [Times: user=2.13 sys=0.00, real=1.60 secs] 
2023-04-09T22:27:08.630+0000: 11794.049: [GC (Allocation Failure) [PSYoungGen: 7484823K->33935K(7468544K)] 20235415K->12821167K(21582336K), 1.6370980 secs] [Times: user=2.08 sys=0.01, real=1.64 secs] 
2023-04-09T22:27:13.253+0000: 11798.673: [GC (Allocation Failure) [PSYoungGen: 7468175K->13828K(7533568K)] 20255407K->12814435K(21647360K), 1.6971824 secs] [Times: user=1.86 sys=0.00, real=1.69 secs] 
2023-04-09T22:27:16.963+0000: 11802.383: [GC (Allocation Failure) [PSYoungGen: 7448068K->37941K(7472640K)] 20248675K->12838628K(21586432K), 1.5644459 secs] [Times: user=1.88 sys=0.00, real=1.56 secs] 
2023-04-09T22:27:22.728+0000: 11808.147: [GC (Allocation Failure) [PSYoungGen: 7472181K->55184K(7528960K)] 20272868K->12856879K(21642752K), 1.5971841 secs] [Times: user=1.86 sys=0.01, real=1.60 secs] 
2023-04-09T22:27:28.738+0000: 11814.158: [GC (Allocation Failure) [PSYoungGen: 7489424K->65790K(7528960K)] 20291119K->12913413K(21642752K), 1.6002558 secs] [Times: user=1.88 sys=0.01, real=1.60 secs] 
2023-04-09T22:27:35.378+0000: 11820.798: [GC (Allocation Failure) [PSYoungGen: 7500030K->65575K(7529472K)] 20347653K->12972406K(21643264K), 1.5938916 secs] [Times: user=1.89 sys=0.00, real=1.60 secs] 
2023-04-09T22:28:00.561+0000: 11845.981: [GC (Allocation Failure) [PSYoungGen: 7497255K->26654K(7458816K)] 20404086K->12992765K(21572608K), 1.6843976 secs] [Times: user=1.99 sys=0.00, real=1.68 secs] 
2023-04-09T22:28:04.264+0000: 11849.684: [GC (Allocation Failure) [PSYoungGen: 7458334K->61602K(7528960K)] 20424445K->13050937K(21642752K), 1.6526766 secs] [Times: user=2.36 sys=0.01, real=1.65 secs] 
2023-04-09T22:28:07.887+0000: 11853.306: [GC (Allocation Failure) [PSYoungGen: 7492258K->24451K(7455232K)] 20481593K->13056946K(21569024K), 1.8944494 secs] [Times: user=2.23 sys=0.00, real=1.90 secs] 
2023-04-09T22:28:12.765+0000: 11858.185: [GC (Allocation Failure) [PSYoungGen: 7455107K->26542K(7524352K)] 20487602K->13066307K(21638144K), 1.6429538 secs] [Times: user=1.81 sys=0.00, real=1.64 secs] 
2023-04-09T22:28:16.340+0000: 11861.760: [GC (Allocation Failure) [PSYoungGen: 7457198K->14498K(7445504K)] 20496963K->13054327K(21559296K), 1.6095994 secs] [Times: user=1.78 sys=0.01, real=1.61 secs] 
2023-04-09T22:28:21.236+0000: 11866.656: [GC (Allocation Failure) [PSYoungGen: 7445154K->45717K(7519232K)] 20484983K->13085618K(21633024K), 1.5901167 secs] [Times: user=1.80 sys=0.01, real=1.59 secs] 
2023-04-09T22:28:27.600+0000: 11873.019: [GC (Allocation Failure) [PSYoungGen: 7476373K->72798K(7522304K)] 20516274K->13142499K(21636096K), 1.5772685 secs] [Times: user=1.87 sys=0.01, real=1.58 secs] 
2023-04-09T22:28:35.141+0000: 11880.561: [GC (Allocation Failure) [PSYoungGen: 7503454K->71400K(7524864K)] 20573155K->13208181K(21638656K), 1.5733981 secs] [Times: user=1.89 sys=0.01, real=1.57 secs] 
2023-04-09T22:29:00.899+0000: 11906.318: [GC (Allocation Failure) [PSYoungGen: 7497448K->22812K(7449088K)] 20634229K->13226569K(21562880K), 1.7313637 secs] [Times: user=2.08 sys=0.01, real=1.73 secs] 
2023-04-09T22:29:04.719+0000: 11910.139: [GC (Allocation Failure) [PSYoungGen: 7448860K->34451K(7519744K)] 20652617K->13253624K(21633536K), 1.6239655 secs] [Times: user=2.16 sys=0.01, real=1.63 secs] 
2023-04-09T22:29:08.661+0000: 11914.081: [GC (Allocation Failure) [PSYoungGen: 7460499K->15545K(7441920K)] 20679672K->13254395K(21555712K), 1.8299000 secs] [Times: user=2.23 sys=0.00, real=1.83 secs] 
2023-04-09T22:29:12.441+0000: 11917.861: [GC (Allocation Failure) [PSYoungGen: 7441593K->16106K(7519744K)] 20680443K->13255012K(21633536K), 1.5615145 secs] [Times: user=1.74 sys=0.01, real=1.56 secs] 
2023-04-09T22:29:15.906+0000: 11921.325: [GC (Allocation Failure) [PSYoungGen: 7442154K->25550K(7451648K)] 20681060K->13264544K(21565440K), 1.5917937 secs] [Times: user=2.03 sys=0.01, real=1.59 secs] 
2023-04-09T22:29:21.117+0000: 11926.537: [GC (Allocation Failure) [PSYoungGen: 7451598K->50737K(7517696K)] 20690592K->13289835K(21631488K), 1.5659694 secs] [Times: user=1.80 sys=0.00, real=1.57 secs] 
2023-04-09T22:29:27.785+0000: 11933.204: [GC (Allocation Failure) [PSYoungGen: 7476785K->79677K(7517696K)] 20715883K->13358910K(21631488K), 1.8244085 secs] [Times: user=2.07 sys=0.00, real=1.82 secs] 
2023-04-09T22:29:34.613+0000: 11940.033: [GC (Allocation Failure) [PSYoungGen: 7505725K->76800K(7520256K)] 20784958K->13428121K(21634048K), 1.5611994 secs] [Times: user=1.90 sys=0.01, real=1.56 secs] 
2023-04-09T22:30:00.334+0000: 11965.754: [GC (Allocation Failure) [PSYoungGen: 7495680K->34437K(7453696K)] 20847001K->13458710K(21567488K), 1.7218447 secs] [Times: user=2.00 sys=0.00, real=1.72 secs] 
2023-04-09T22:30:04.199+0000: 11969.619: [GC (Allocation Failure) [PSYoungGen: 7453317K->38987K(7513600K)] 20877590K->13495061K(21627392K), 1.8587785 secs] [Times: user=2.26 sys=0.01, real=1.86 secs] 
2023-04-09T22:30:08.428+0000: 11973.848: [GC (Allocation Failure) [PSYoungGen: 7457867K->29044K(7448064K)] 20913941K->13508581K(21561856K), 1.6497527 secs] [Times: user=2.06 sys=0.00, real=1.65 secs] 
2023-04-09T22:30:12.134+0000: 11977.553: [GC (Allocation Failure) [PSYoungGen: 7447924K->35143K(7506944K)] 20927461K->13535915K(21620736K), 1.5862800 secs] [Times: user=2.04 sys=0.01, real=1.58 secs] 
2023-04-09T22:30:15.835+0000: 11981.255: [GC (Allocation Failure) [PSYoungGen: 7454023K->30009K(7449088K)] 20954795K->13530854K(21562880K), 1.6189378 secs] [Times: user=1.94 sys=0.00, real=1.62 secs] 
2023-04-09T22:30:19.514+0000: 11984.934: [GC (Allocation Failure) [PSYoungGen: 7448889K->13951K(7506944K)] 20949734K->13514883K(21620736K), 1.5678510 secs] [Times: user=1.79 sys=0.00, real=1.57 secs] 
2023-04-09T22:30:23.075+0000: 11988.495: [GC (Allocation Failure) [PSYoungGen: 7432831K->26046K(7444992K)] 20933763K->13527059K(21558784K), 1.6454442 secs] [Times: user=1.89 sys=0.11, real=1.65 secs] 
2023-04-09T22:30:27.575+0000: 11992.995: [GC (Allocation Failure) [PSYoungGen: 7444926K->35635K(7495168K)] 20945939K->13536719K(21608960K), 1.6368971 secs] [Times: user=1.93 sys=0.01, real=1.64 secs] 
2023-04-09T22:30:33.452+0000: 11998.872: [GC (Allocation Failure) [PSYoungGen: 7454515K->54240K(7499776K)] 20955599K->13560549K(21613568K), 1.5824242 secs] [Times: user=1.82 sys=0.01, real=1.58 secs] 
2023-04-09T22:30:39.654+0000: 12005.074: [GC (Allocation Failure) [PSYoungGen: 7473120K->70837K(7494144K)] 20979429K->13621457K(21607936K), 1.5604828 secs] [Times: user=1.86 sys=0.01, real=1.56 secs] 
2023-04-09T22:30:46.494+0000: 12011.913: [GC (Allocation Failure) [PSYoungGen: 7482037K->67764K(7501824K)] 21032657K->13683857K(21615616K), 1.6390134 secs] [Times: user=2.01 sys=0.01, real=1.64 secs] 
2023-04-09T22:31:00.903+0000: 12026.323: [GC (Allocation Failure) [PSYoungGen: 7478964K->37197K(7499264K)] 21095057K->13718330K(21613056K), 1.7885474 secs] [Times: user=2.30 sys=0.00, real=1.79 secs] 
2023-04-09T22:31:05.101+0000: 12030.520: [GC (Allocation Failure) [PSYoungGen: 7448397K->33862K(7445504K)] 21129530K->13742971K(21559296K), 1.8298077 secs] [Times: user=2.41 sys=0.00, real=1.83 secs] 
2023-04-09T22:31:08.867+0000: 12034.287: [GC (Allocation Failure) [PSYoungGen: 7445062K->23274K(7496704K)] 21154171K->13749935K(21610496K), 1.6203280 secs] [Times: user=2.13 sys=0.00, real=1.62 secs] 
2023-04-09T22:31:12.380+0000: 12037.800: [GC (Allocation Failure) [PSYoungGen: 7434474K->24206K(7435776K)] 21161135K->13754037K(21549568K), 1.5533255 secs] [Times: user=1.78 sys=0.01, real=1.56 secs] 
2023-04-09T22:31:15.841+0000: 12041.261: [GC (Allocation Failure) [PSYoungGen: 7435406K->19276K(7493632K)] 21165237K->13749147K(21607424K), 1.5710692 secs] [Times: user=1.80 sys=0.01, real=1.57 secs] 
2023-04-09T22:31:21.604+0000: 12047.023: [GC (Allocation Failure) [PSYoungGen: 7430476K->61553K(7495168K)] 21160347K->13791528K(21608960K), 1.6156693 secs] [Times: user=1.89 sys=0.01, real=1.61 secs] 
2023-04-09T22:31:29.268+0000: 12054.687: [GC (Allocation Failure) [PSYoungGen: 7472753K->77047K(7491072K)] 21202728K->13850231K(21604864K), 1.5421985 secs] [Times: user=1.86 sys=0.01, real=1.54 secs] 
2023-04-09T22:31:41.370+0000: 12066.790: [GC (Allocation Failure) [PSYoungGen: 7479543K->62954K(7499776K)] 21252727K->13907698K(21613568K), 1.6388602 secs] [Times: user=1.94 sys=0.01, real=1.64 secs] 
2023-04-09T22:32:01.953+0000: 12087.373: [GC (Allocation Failure) [PSYoungGen: 7465450K->17981K(7500800K)] 21310194K->13924372K(21614592K), 1.9706008 secs] [Times: user=2.22 sys=0.00, real=1.97 secs] 
2023-04-09T22:32:06.411+0000: 12091.830: [GC (Allocation Failure) [PSYoungGen: 7420477K->52835K(7455744K)] 21326868K->13964338K(21569536K), 1.8757308 secs] [Times: user=2.78 sys=0.12, real=1.87 secs] 
2023-04-09T22:32:10.394+0000: 12095.814: [GC (Allocation Failure) [PSYoungGen: 7455331K->17294K(7498240K)] 21366834K->13947407K(21612032K), 1.5993586 secs] [Times: user=2.11 sys=0.00, real=1.60 secs] 
2023-04-09T22:32:13.999+0000: 12099.419: [GC (Allocation Failure) [PSYoungGen: 7419790K->14775K(7417344K)] 21349903K->13944961K(21531136K), 1.6136642 secs] [Times: user=1.74 sys=0.00, real=1.62 secs] 
2023-04-09T22:32:17.579+0000: 12102.999: [GC (Allocation Failure) [PSYoungGen: 7417271K->15032K(7494144K)] 21347457K->13946306K(21607936K), 1.6439138 secs] [Times: user=1.83 sys=0.00, real=1.65 secs] 
2023-04-09T22:32:24.443+0000: 12109.863: [GC (Allocation Failure) [PSYoungGen: 7417528K->62528K(7495680K)] 21348802K->13995818K(21609472K), 1.5621101 secs] [Times: user=1.81 sys=0.01, real=1.56 secs] 
2023-04-09T22:32:31.005+0000: 12116.425: [GC (Allocation Failure) [PSYoungGen: 7465024K->74914K(7492096K)] 21398314K->14064004K(21605888K), 1.6261564 secs] [Times: user=1.97 sys=0.03, real=1.63 secs] 
2023-04-09T22:32:37.568+0000: 12122.988: [GC (Allocation Failure) [PSYoungGen: 7469730K->69487K(7499776K)] 21458820K->14126425K(21613568K), 1.5472851 secs] [Times: user=1.90 sys=0.05, real=1.55 secs] 
2023-04-09T22:32:39.115+0000: 12124.535: [Full GC (Ergonomics) [PSYoungGen: 69487K->0K(7499776K)] [ParOldGen: 14056937K->12664294K(14305792K)] 14126425K->12664294K(21805568K), [Metaspace: 130888K->130888K(141312K)], 8.7061042 secs] [Times: user=60.53 sys=0.00, real=8.71 secs] 
2023-04-09T22:33:01.427+0000: 12146.847: [GC (Allocation Failure) [PSYoungGen: 7394816K->26477K(7496704K)] 20059110K->12690772K(21802496K), 2.1181589 secs] [Times: user=2.24 sys=0.01, real=2.12 secs] 
2023-04-09T22:33:05.968+0000: 12151.388: [GC (Allocation Failure) [PSYoungGen: 7421293K->37987K(7433216K)] 20085588K->12721754K(21739008K), 1.5784840 secs] [Times: user=2.04 sys=0.01, real=1.58 secs] 
2023-04-09T22:33:09.609+0000: 12155.029: [GC (Allocation Failure) [PSYoungGen: 7432803K->34274K(7485952K)] 20116570K->12734744K(21791744K), 1.6210960 secs] [Times: user=2.10 sys=0.01, real=1.63 secs] 
2023-04-09T22:33:13.163+0000: 12158.583: [GC (Allocation Failure) [PSYoungGen: 7429090K->20421K(7415296K)] 20129560K->12738038K(21721088K), 1.5844971 secs] [Times: user=1.80 sys=0.01, real=1.58 secs] 
2023-04-09T22:33:16.602+0000: 12162.022: [GC (Allocation Failure) [PSYoungGen: 7415237K->19187K(7484928K)] 20132854K->12736883K(21790720K), 1.5499718 secs] [Times: user=1.72 sys=0.01, real=1.55 secs] 
2023-04-09T22:33:22.792+0000: 12168.211: [GC (Allocation Failure) [PSYoungGen: 7414003K->55777K(7486976K)] 20131699K->12774577K(21792768K), 1.6693476 secs] [Times: user=2.01 sys=0.01, real=1.67 secs] 
2023-04-09T22:33:29.049+0000: 12174.468: [GC (Allocation Failure) [PSYoungGen: 7450593K->73507K(7481344K)] 20169393K->12841244K(21787136K), 1.5345205 secs] [Times: user=1.82 sys=0.01, real=1.54 secs] 
2023-04-09T22:33:35.608+0000: 12181.028: [GC (Allocation Failure) [PSYoungGen: 7461155K->72986K(7488512K)] 20228892K->12908698K(21794304K), 1.5709225 secs] [Times: user=1.88 sys=0.01, real=1.57 secs] 
2023-04-09T22:34:00.482+0000: 12205.902: [GC (Allocation Failure) [PSYoungGen: 7460634K->34363K(7485440K)] 20296346K->12938052K(21791232K), 1.8324526 secs] [Times: user=2.01 sys=0.01, real=1.83 secs] 
2023-04-09T22:34:04.286+0000: 12209.705: [GC (Allocation Failure) [PSYoungGen: 7422011K->35585K(7423488K)] 20325700K->12971417K(21729280K), 1.7109712 secs] [Times: user=2.05 sys=0.00, real=1.71 secs] 
2023-04-09T22:34:07.887+0000: 12213.306: [GC (Allocation Failure) [PSYoungGen: 7423233K->33476K(7478272K)] 20359065K->12985004K(21784064K), 1.6858794 secs] [Times: user=2.15 sys=0.00, real=1.69 secs] 
2023-04-09T22:34:11.832+0000: 12217.251: [GC (Allocation Failure) [PSYoungGen: 7421124K->22681K(7410688K)] 20372652K->12994674K(21716480K), 1.6100527 secs] [Times: user=1.89 sys=0.00, real=1.61 secs] 
2023-04-09T22:34:15.388+0000: 12220.808: [GC (Allocation Failure) [PSYoungGen: 7410329K->22004K(7476224K)] 20382322K->12994077K(21782016K), 1.5762039 secs] [Times: user=1.79 sys=0.01, real=1.58 secs] 
2023-04-09T22:34:20.574+0000: 12225.993: [GC (Allocation Failure) [PSYoungGen: 7409652K->40869K(7428608K)] 20381725K->13013022K(21734400K), 1.6932359 secs] [Times: user=2.01 sys=0.01, real=1.69 secs] 
2023-04-09T22:34:27.163+0000: 12232.583: [GC (Allocation Failure) [PSYoungGen: 7428517K->85865K(7460864K)] 20400670K->13082203K(21766656K), 1.8000457 secs] [Times: user=2.07 sys=0.00, real=1.80 secs] 
2023-04-09T22:34:33.771+0000: 12239.191: [GC (Allocation Failure) [PSYoungGen: 7460713K->77651K(7473664K)] 20457051K->13146461K(21779456K), 1.5384645 secs] [Times: user=1.85 sys=0.00, real=1.53 secs] 
2023-04-09T22:34:48.598+0000: 12254.018: [GC (Allocation Failure) [PSYoungGen: 7452499K->61847K(7479808K)] 20521309K->13203737K(21785600K), 1.5077323 secs] [Times: user=1.79 sys=0.00, real=1.51 secs] 
2023-04-09T22:35:01.859+0000: 12267.279: [GC (Allocation Failure) [PSYoungGen: 7436695K->16754K(7480320K)] 20578585K->13218892K(21786112K), 1.7399155 secs] [Times: user=2.07 sys=0.00, real=1.74 secs] 
2023-04-09T22:35:05.645+0000: 12271.065: [GC (Allocation Failure) [PSYoungGen: 7391602K->41049K(7469056K)] 20593740K->13248259K(21774848K), 1.6366762 secs] [Times: user=2.11 sys=0.01, real=1.64 secs] 
2023-04-09T22:35:09.172+0000: 12274.591: [GC (Allocation Failure) [PSYoungGen: 7415897K->33381K(7408640K)] 20623107K->13258886K(21714432K), 1.5942015 secs] [Times: user=2.11 sys=0.00, real=1.59 secs] 
2023-04-09T22:35:12.779+0000: 12278.199: [GC (Allocation Failure) [PSYoungGen: 7408229K->13900K(7471104K)] 20633734K->13254378K(21776896K), 1.6256902 secs] [Times: user=1.86 sys=0.00, real=1.63 secs] 
2023-04-09T22:35:17.685+0000: 12283.104: [GC (Allocation Failure) [PSYoungGen: 7388748K->16520K(7391744K)] 20629226K->13257045K(21697536K), 1.9119933 secs] [Times: user=2.03 sys=0.01, real=1.91 secs] 
2023-04-09T22:35:21.478+0000: 12286.898: [GC (Allocation Failure) [PSYoungGen: 7391368K->28178K(7462400K)] 20631893K->13268776K(21768192K), 1.5699590 secs] [Times: user=1.83 sys=0.01, real=1.57 secs] 
2023-04-09T22:35:24.925+0000: 12290.345: [GC (Allocation Failure) [PSYoungGen: 7403026K->20024K(7395328K)] 20643624K->13260678K(21701120K), 1.5899283 secs] [Times: user=1.95 sys=0.01, real=1.59 secs] 
2023-04-09T22:35:29.343+0000: 12294.763: [GC (Allocation Failure) [PSYoungGen: 7394872K->36431K(7453184K)] 20635526K->13278180K(21758976K), 1.5787458 secs] [Times: user=1.74 sys=0.00, real=1.58 secs] 
2023-04-09T22:35:35.762+0000: 12301.182: [GC (Allocation Failure) [PSYoungGen: 7411279K->78925K(7458304K)] 20653028K->13342050K(21764096K), 1.7642621 secs] [Times: user=2.04 sys=0.00, real=1.76 secs] 
2023-04-09T22:35:42.141+0000: 12307.561: [GC (Allocation Failure) [PSYoungGen: 7453773K->77076K(7461376K)] 20716898K->13413282K(21767168K), 1.5282395 secs] [Times: user=1.84 sys=0.01, real=1.52 secs] 
2023-04-09T22:36:00.494+0000: 12325.914: [GC (Allocation Failure) [PSYoungGen: 7443732K->43508K(7410176K)] 20779938K->13452689K(21715968K), 1.7280478 secs] [Times: user=2.05 sys=0.00, real=1.73 secs] 
2023-04-09T22:36:04.721+0000: 12330.141: [GC (Allocation Failure) [PSYoungGen: 7410164K->39619K(7454720K)] 20819345K->13490768K(21760512K), 1.6490630 secs] [Times: user=2.31 sys=0.01, real=1.64 secs] 
2023-04-09T22:36:08.199+0000: 12333.619: [GC (Allocation Failure) [PSYoungGen: 7406275K->40606K(7407616K)] 20857424K->13510652K(21713408K), 1.5423531 secs] [Times: user=1.91 sys=0.00, real=1.55 secs] 
2023-04-09T22:36:11.572+0000: 12336.992: [GC (Allocation Failure) [PSYoungGen: 7407262K->22493K(7452672K)] 20877308K->13504738K(21758464K), 1.6779223 secs] [Times: user=1.98 sys=0.00, real=1.67 secs] 
2023-04-09T22:36:15.886+0000: 12341.306: [GC (Allocation Failure) [PSYoungGen: 7389149K->19222K(7386112K)] 20871394K->13501515K(21691904K), 1.6119850 secs] [Times: user=1.83 sys=0.01, real=1.61 secs] 
2023-04-09T22:36:20.293+0000: 12345.713: [GC (Allocation Failure) [PSYoungGen: 7385878K->34048K(7444992K)] 20868171K->13516445K(21750784K), 1.5585207 secs] [Times: user=1.75 sys=0.01, real=1.56 secs] 
2023-04-09T22:36:26.623+0000: 12352.042: [GC (Allocation Failure) [PSYoungGen: 7400704K->77875K(7449088K)] 20883101K->13582608K(21754880K), 1.5767576 secs] [Times: user=1.86 sys=0.00, real=1.57 secs] 
2023-04-09T22:36:32.822+0000: 12358.242: [GC (Allocation Failure) [PSYoungGen: 7444531K->84920K(7448576K)] 20949264K->13660557K(21754368K), 1.8073723 secs] [Times: user=2.19 sys=0.01, real=1.80 secs] 
2023-04-09T22:36:44.964+0000: 12370.384: [GC (Allocation Failure) [PSYoungGen: 7440824K->62219K(7459328K)] 21016461K->13708672K(21765120K), 1.5444338 secs] [Times: user=1.87 sys=0.00, real=1.54 secs] 
2023-04-09T22:37:01.675+0000: 12387.095: [GC (Allocation Failure) [PSYoungGen: 7418123K->20438K(7458304K)] 21064576K->13727331K(21764096K), 1.7434395 secs] [Times: user=2.11 sys=0.01, real=1.74 secs] 
2023-04-09T22:37:05.261+0000: 12390.681: [GC (Allocation Failure) [PSYoungGen: 7376342K->31391K(7387648K)] 21083235K->13744484K(21693440K), 1.6394415 secs] [Times: user=2.06 sys=0.01, real=1.64 secs] 
2023-04-09T22:37:08.725+0000: 12394.144: [GC (Allocation Failure) [PSYoungGen: 7387295K->26050K(7450112K)] 21100388K->13755415K(21755904K), 1.5889374 secs] [Times: user=2.09 sys=0.00, real=1.59 secs] 
2023-04-09T22:37:13.299+0000: 12398.719: [GC (Allocation Failure) [PSYoungGen: 7381954K->21008K(7377408K)] 21111319K->13759582K(21683200K), 1.8010376 secs] [Times: user=2.15 sys=0.00, real=1.80 secs] 
2023-04-09T22:37:17.295+0000: 12402.715: [GC (Allocation Failure) [PSYoungGen: 7376912K->15639K(7448064K)] 21115486K->13755301K(21753856K), 1.5972519 secs] [Times: user=1.84 sys=0.00, real=1.60 secs] 
2023-04-09T22:37:22.930+0000: 12408.350: [GC (Allocation Failure) [PSYoungGen: 7371543K->71465K(7449600K)] 21111205K->13816295K(21755392K), 1.6042609 secs] [Times: user=1.82 sys=0.01, real=1.61 secs] 
2023-04-09T22:37:29.025+0000: 12414.445: [GC (Allocation Failure) [PSYoungGen: 7427369K->89111K(7444992K)] 21172199K->13895454K(21750784K), 1.6594045 secs] [Times: user=2.03 sys=0.01, real=1.66 secs] 
2023-04-09T22:37:35.831+0000: 12421.250: [GC (Allocation Failure) [PSYoungGen: 7433239K->78248K(7456768K)] 21239582K->13956702K(21762560K), 1.5616631 secs] [Times: user=1.89 sys=0.00, real=1.56 secs] 
2023-04-09T22:37:46.535+0000: 12431.955: [GC (Allocation Failure) [PSYoungGen: 7422376K->67305K(7461888K)] 21300830K->14018731K(21767680K), 1.5494660 secs] [Times: user=1.88 sys=0.01, real=1.55 secs] 
2023-04-09T22:38:01.751+0000: 12447.171: [GC (Allocation Failure) [PSYoungGen: 7411433K->23635K(7368192K)] 21362859K->14040492K(21673984K), 1.7354427 secs] [Times: user=2.04 sys=0.01, real=1.73 secs] 
2023-04-09T22:38:05.416+0000: 12450.835: [GC (Allocation Failure) [PSYoungGen: 7367763K->31721K(7451648K)] 21384620K->14053722K(21757440K), 1.5980522 secs] [Times: user=2.20 sys=0.00, real=1.60 secs] 
2023-04-09T22:38:09.578+0000: 12454.998: [GC (Allocation Failure) [PSYoungGen: 7375849K->13892K(7358464K)] 21397850K->14054084K(21664256K), 1.8140122 secs] [Times: user=2.21 sys=0.00, real=1.82 secs] 
2023-04-09T22:38:13.245+0000: 12458.665: [GC (Allocation Failure) [PSYoungGen: 7358020K->18377K(7450112K)] 21398212K->14058656K(21755904K), 1.6033203 secs] [Times: user=1.81 sys=0.00, real=1.60 secs] 
2023-04-09T22:38:16.913+0000: 12462.333: [GC (Allocation Failure) [PSYoungGen: 7362505K->26951K(7371264K)] 21402784K->14067302K(21677056K), 1.5672790 secs] [Times: user=1.78 sys=0.00, real=1.56 secs] 
2023-04-09T22:38:22.132+0000: 12467.552: [GC (Allocation Failure) [PSYoungGen: 7371079K->59870K(7447040K)] 21411430K->14100541K(21752832K), 1.5375037 secs] [Times: user=1.89 sys=0.01, real=1.53 secs] 
2023-04-09T22:38:28.194+0000: 12473.614: [GC (Allocation Failure) [PSYoungGen: 7402974K->65473K(7448064K)] 21443645K->14157712K(21753856K), 1.8067222 secs] [Times: user=2.15 sys=0.02, real=1.81 secs] 
2023-04-09T22:38:33.965+0000: 12479.385: [GC (Allocation Failure) [PSYoungGen: 7408577K->60437K(7450624K)] 21500816K->14211516K(21756416K), 1.5285619 secs] [Times: user=1.84 sys=0.03, real=1.53 secs] 
2023-04-09T22:39:00.969+0000: 12506.389: [GC (Allocation Failure) [PSYoungGen: 7403541K->21292K(7364608K)] 21554620K->14230203K(21670400K), 1.7045347 secs] [Times: user=2.04 sys=0.03, real=1.71 secs] 
2023-04-09T22:39:02.674+0000: 12508.094: [Full GC (Ergonomics) [PSYoungGen: 21292K->0K(7364608K)] [ParOldGen: 14208911K->12818612K(14495744K)] 14230203K->12818612K(21860352K), [Metaspace: 130942K->130942K(141312K)], 8.2960723 secs] [Times: user=58.07 sys=0.00, real=8.29 secs] 
2023-04-09T22:39:13.315+0000: 12518.735: [GC (Allocation Failure) [PSYoungGen: 7343104K->42676K(7436288K)] 20161716K->12861289K(21932032K), 1.7139518 secs] [Times: user=2.00 sys=0.00, real=1.71 secs] 
2023-04-09T22:39:17.001+0000: 12522.421: [GC (Allocation Failure) [PSYoungGen: 7385780K->22566K(7366144K)] 20204393K->12868948K(21861888K), 1.6171951 secs] [Times: user=1.94 sys=0.01, real=1.61 secs] 
2023-04-09T22:39:20.516+0000: 12525.936: [GC (Allocation Failure) [PSYoungGen: 7365670K->21001K(7435264K)] 20212052K->12867454K(21931008K), 1.5718765 secs] [Times: user=1.82 sys=0.00, real=1.57 secs] 
2023-04-09T22:39:23.991+0000: 12529.411: [GC (Allocation Failure) [PSYoungGen: 7364105K->15123K(7358464K)] 20210558K->12861641K(21854208K), 1.7307866 secs] [Times: user=1.89 sys=0.01, real=1.73 secs] 
2023-04-09T22:39:29.399+0000: 12534.818: [GC (Allocation Failure) [PSYoungGen: 7358227K->49058K(7434240K)] 20204745K->12895648K(21929984K), 1.5909855 secs] [Times: user=1.81 sys=0.00, real=1.59 secs] 
2023-04-09T22:39:34.923+0000: 12540.343: [GC (Allocation Failure) [PSYoungGen: 7392162K->64649K(7435264K)] 20238752K->12940879K(21931008K), 1.5431300 secs] [Times: user=1.83 sys=0.00, real=1.54 secs] 
2023-04-09T22:39:40.253+0000: 12545.673: [GC (Allocation Failure) [PSYoungGen: 7407753K->80930K(7430656K)] 20283983K->13013815K(21926400K), 1.5435269 secs] [Times: user=1.83 sys=0.00, real=1.54 secs] 
2023-04-09T22:40:01.361+0000: 12566.780: [GC (Allocation Failure) [PSYoungGen: 7414818K->25941K(7360000K)] 20347703K->13014963K(21855744K), 1.6869939 secs] [Times: user=1.96 sys=0.00, real=1.68 secs] 
2023-04-09T22:40:05.941+0000: 12571.360: [GC (Allocation Failure) [PSYoungGen: 7359829K->46960K(7428096K)] 20348851K->13050304K(21923840K), 1.7964025 secs] [Times: user=2.23 sys=0.01, real=1.79 secs] 
2023-04-09T22:40:09.631+0000: 12575.051: [GC (Allocation Failure) [PSYoungGen: 7380848K->35190K(7369216K)] 20384192K->13061414K(21864960K), 1.6218229 secs] [Times: user=2.24 sys=0.00, real=1.62 secs] 
2023-04-09T22:40:13.127+0000: 12578.547: [GC (Allocation Failure) [PSYoungGen: 7369078K->19061K(7425536K)] 20395302K->13064305K(21921280K), 1.5579260 secs] [Times: user=1.87 sys=0.00, real=1.56 secs] 
2023-04-09T22:40:16.515+0000: 12581.935: [GC (Allocation Failure) [PSYoungGen: 7352949K->30966K(7365120K)] 20398193K->13079346K(21860864K), 1.5696296 secs] [Times: user=1.86 sys=0.01, real=1.57 secs] 
2023-04-09T22:40:19.943+0000: 12585.362: [GC (Allocation Failure) [PSYoungGen: 7364854K->18109K(7420416K)] 20413234K->13066570K(21916160K), 1.6205721 secs] [Times: user=1.81 sys=0.00, real=1.62 secs] 
2023-04-09T22:40:23.842+0000: 12589.262: [GC (Allocation Failure) [PSYoungGen: 7351997K->26493K(7360512K)] 20400458K->13075026K(21856256K), 1.7117733 secs] [Times: user=1.94 sys=0.01, real=1.71 secs] 
2023-04-09T22:40:27.603+0000: 12593.022: [GC (Allocation Failure) [PSYoungGen: 7360381K->23086K(7412736K)] 20408914K->13072699K(21908480K), 1.5601555 secs] [Times: user=1.72 sys=0.01, real=1.56 secs] 
2023-04-09T22:40:33.214+0000: 12598.634: [GC (Allocation Failure) [PSYoungGen: 7356974K->69083K(7415808K)] 20406587K->13121431K(21911552K), 1.5152863 secs] [Times: user=1.79 sys=0.03, real=1.51 secs] 
2023-04-09T22:40:38.712+0000: 12604.131: [GC (Allocation Failure) [PSYoungGen: 7402971K->77178K(7414784K)] 20455319K->13193207K(21910528K), 1.5450842 secs] [Times: user=1.86 sys=0.01, real=1.54 secs] 
2023-04-09T22:40:49.096+0000: 12614.515: [GC (Allocation Failure) [PSYoungGen: 7401850K->63257K(7424000K)] 20517879K->13250861K(21919744K), 1.5300522 secs] [Times: user=1.85 sys=0.00, real=1.53 secs] 
2023-04-09T22:41:01.821+0000: 12627.241: [GC (Allocation Failure) [PSYoungGen: 7387929K->25671K(7420928K)] 20575533K->13277507K(21916672K), 1.8813816 secs] [Times: user=2.33 sys=0.00, real=1.88 secs] 
2023-04-09T22:41:06.352+0000: 12631.772: [GC (Allocation Failure) [PSYoungGen: 7350343K->35845K(7361024K)] 20602179K->13293353K(21856768K), 1.6401809 secs] [Times: user=2.16 sys=0.00, real=1.64 secs] 
2023-04-09T22:41:09.885+0000: 12635.305: [GC (Allocation Failure) [PSYoungGen: 7360517K->28853K(7412736K)] 20618025K->13301881K(21908480K), 1.6448614 secs] [Times: user=2.08 sys=0.01, real=1.64 secs] 
2023-04-09T22:41:13.448+0000: 12638.868: [GC (Allocation Failure) [PSYoungGen: 7353525K->24701K(7349760K)] 20626553K->13309063K(21845504K), 1.5882471 secs] [Times: user=1.82 sys=0.00, real=1.59 secs] 
2023-04-09T22:41:17.214+0000: 12642.634: [GC (Allocation Failure) [PSYoungGen: 7349373K->31872K(7405568K)] 20633735K->13316322K(21901312K), 1.6191673 secs] [Times: user=1.88 sys=0.01, real=1.62 secs] 
2023-04-09T22:41:22.838+0000: 12648.258: [GC (Allocation Failure) [PSYoungGen: 7356544K->73782K(7409664K)] 20640994K->13359408K(21905408K), 1.7339885 secs] [Times: user=1.95 sys=0.00, real=1.74 secs] 
2023-04-09T22:41:28.876+0000: 12654.296: [GC (Allocation Failure) [PSYoungGen: 7398454K->79867K(7409664K)] 20684080K->13432861K(21905408K), 1.5437212 secs] [Times: user=1.85 sys=0.00, real=1.54 secs] 
2023-04-09T22:41:34.987+0000: 12660.407: [GC (Allocation Failure) [PSYoungGen: 7395835K->76453K(7418368K)] 20748829K->13504215K(21914112K), 1.5767959 secs] [Times: user=1.92 sys=0.00, real=1.58 secs] 
2023-04-09T22:42:00.377+0000: 12685.797: [GC (Allocation Failure) [PSYoungGen: 7392421K->33425K(7417344K)] 20820183K->13534963K(21913088K), 1.8599821 secs] [Times: user=2.09 sys=0.00, real=1.86 secs] 
2023-04-09T22:42:04.490+0000: 12689.910: [GC (Allocation Failure) [PSYoungGen: 7349393K->32603K(7348736K)] 20850931K->13566141K(21844480K), 1.6461181 secs] [Times: user=2.07 sys=0.01, real=1.65 secs] 
2023-04-09T22:42:07.948+0000: 12693.368: [GC (Allocation Failure) [PSYoungGen: 7348571K->40289K(7408640K)] 20882109K->13589579K(21904384K), 1.5591058 secs] [Times: user=2.00 sys=0.00, real=1.56 secs] 
2023-04-09T22:42:11.506+0000: 12696.925: [GC (Allocation Failure) [PSYoungGen: 7356257K->15034K(7331328K)] 20905547K->13587511K(21827072K), 1.5922871 secs] [Times: user=1.93 sys=0.01, real=1.59 secs] 
2023-04-09T22:42:15.089+0000: 12700.508: [GC (Allocation Failure) [PSYoungGen: 7331002K->20407K(7409664K)] 20903479K->13592949K(21905408K), 1.5889681 secs] [Times: user=1.77 sys=0.22, real=1.59 secs] 
2023-04-09T22:42:19.556+0000: 12704.976: [GC (Allocation Failure) [PSYoungGen: 7336375K->32728K(7348736K)] 20908917K->13605350K(21844480K), 1.9004365 secs] [Times: user=2.07 sys=0.00, real=1.90 secs] 
2023-04-09T22:42:26.308+0000: 12711.728: [GC (Allocation Failure) [PSYoungGen: 7348696K->90871K(7393280K)] 20921318K->13691878K(21889024K), 1.5943324 secs] [Times: user=1.89 sys=0.01, real=1.60 secs] 
2023-04-09T22:42:32.143+0000: 12717.563: [GC (Allocation Failure) [PSYoungGen: 7393015K->85015K(7407104K)] 20994022K->13767253K(21902848K), 1.5589094 secs] [Times: user=1.90 sys=0.01, real=1.56 secs] 
2023-04-09T22:43:00.145+0000: 12745.565: [GC (Allocation Failure) [PSYoungGen: 7387159K->33907K(7408640K)] 21069397K->13796889K(21904384K), 1.7458713 secs] [Times: user=2.32 sys=0.00, real=1.75 secs] 
2023-04-09T22:43:04.159+0000: 12749.579: [GC (Allocation Failure) [PSYoungGen: 7336051K->33101K(7335424K)] 21099033K->13829468K(21831168K), 1.6632772 secs] [Times: user=2.08 sys=0.00, real=1.67 secs] 
2023-04-09T22:43:07.684+0000: 12753.104: [GC (Allocation Failure) [PSYoungGen: 7335245K->33190K(7399936K)] 21131612K->13848861K(21895680K), 1.7489198 secs] [Times: user=2.16 sys=0.01, real=1.75 secs] 
2023-04-09T22:43:11.849+0000: 12757.268: [GC (Allocation Failure) [PSYoungGen: 7335334K->14228K(7316480K)] 21151005K->13847703K(21812224K), 1.6438282 secs] [Times: user=1.89 sys=0.01, real=1.65 secs] 
2023-04-09T22:43:15.453+0000: 12760.873: [GC (Allocation Failure) [PSYoungGen: 7316372K->26706K(7396352K)] 21149847K->13860237K(21892096K), 1.7208705 secs] [Times: user=1.92 sys=0.00, real=1.72 secs] 
2023-04-09T22:43:20.085+0000: 12765.505: [GC (Allocation Failure) [PSYoungGen: 7328850K->46697K(7349248K)] 21162381K->13880316K(21844992K), 1.5533403 secs] [Times: user=1.85 sys=0.01, real=1.55 secs] 
2023-04-09T22:43:25.313+0000: 12770.733: [GC (Allocation Failure) [PSYoungGen: 7348841K->74877K(7389696K)] 21182460K->13919248K(21885440K), 1.5467105 secs] [Times: user=1.87 sys=0.01, real=1.54 secs] 
2023-04-09T22:43:30.616+0000: 12776.035: [GC (Allocation Failure) [PSYoungGen: 7369853K->75564K(7396864K)] 21214224K->13988439K(21892608K), 1.5725193 secs] [Times: user=1.95 sys=0.01, real=1.57 secs] 
2023-04-09T22:43:36.315+0000: 12781.734: [GC (Allocation Failure) [PSYoungGen: 7370540K->75780K(7398400K)] 21283415K->14058447K(21894144K), 1.7620434 secs] [Times: user=2.04 sys=0.00, real=1.76 secs] 
2023-04-09T22:43:48.574+0000: 12793.994: [GC (Allocation Failure) [PSYoungGen: 7366148K->99171K(7403008K)] 21348815K->14156497K(21898752K), 1.5695272 secs] [Times: user=2.20 sys=0.01, real=1.57 secs] 
2023-04-09T22:44:00.580+0000: 12806.000: [GC (Allocation Failure) [PSYoungGen: 7389539K->124158K(7395840K)] 21446865K->14277299K(21891584K), 1.8505646 secs] [Times: user=2.88 sys=0.02, real=1.86 secs] 
2023-04-09T22:44:04.367+0000: 12809.786: [GC (Allocation Failure) [PSYoungGen: 7395582K->44816K(7316480K)] 21548723K->14311534K(21812224K), 1.6501012 secs] [Times: user=2.59 sys=0.04, real=1.65 secs] 
2023-04-09T22:44:07.676+0000: 12813.096: [GC (Allocation Failure) [PSYoungGen: 7316240K->32809K(7403008K)] 21582958K->14324286K(21898752K), 1.6247773 secs] [Times: user=2.07 sys=0.01, real=1.63 secs] 
2023-04-09T22:44:11.066+0000: 12816.486: [GC (Allocation Failure) [PSYoungGen: 7304233K->24915K(7296512K)] 21595710K->14333421K(21792256K), 1.5887642 secs] [Times: user=1.95 sys=0.01, real=1.59 secs] 
2023-04-09T22:44:15.279+0000: 12820.699: [GC (Allocation Failure) [PSYoungGen: 7296339K->31627K(7395840K)] 21604845K->14347910K(21891584K), 1.7250620 secs] [Times: user=2.14 sys=0.00, real=1.73 secs] 
2023-04-09T22:44:19.427+0000: 12824.846: [GC (Allocation Failure) [PSYoungGen: 7303051K->34372K(7306240K)] 21619334K->14365391K(21801984K), 1.5230860 secs] [Times: user=1.78 sys=0.01, real=1.52 secs] 
2023-04-09T22:44:24.839+0000: 12830.259: [GC (Allocation Failure) [PSYoungGen: 7305796K->86921K(7389184K)] 21636815K->14429267K(21884928K), 1.5724847 secs] [Times: user=1.97 sys=0.01, real=1.58 secs] 
2023-04-09T22:44:30.167+0000: 12835.587: [GC (Allocation Failure) [PSYoungGen: 7352201K->71199K(7336960K)] 21694547K->14478554K(21832704K), 1.5609904 secs] [Times: user=1.92 sys=0.04, real=1.56 secs] 
2023-04-09T22:44:31.728+0000: 12837.148: [Full GC (Ergonomics) [PSYoungGen: 71199K->0K(7336960K)] [ParOldGen: 14407354K->12368277K(14083072K)] 14478554K->12368277K(21420032K), [Metaspace: 130969K->130969K(141312K)], 8.7967439 secs] [Times: user=60.68 sys=0.02, real=8.80 secs] 
2023-04-09T22:44:51.697+0000: 12857.117: [GC (Allocation Failure) [PSYoungGen: 7265280K->58631K(7382016K)] 19633557K->12426908K(21465088K), 1.6797038 secs] [Times: user=1.92 sys=0.01, real=1.68 secs] 
2023-04-09T22:45:01.976+0000: 12867.396: [GC (Allocation Failure) [PSYoungGen: 7323911K->51358K(7316992K)] 19692188K->12478635K(21400064K), 1.9148047 secs] [Times: user=3.19 sys=0.01, real=1.92 secs] 
2023-04-09T22:45:06.075+0000: 12871.495: [GC (Allocation Failure) [PSYoungGen: 7316638K->47177K(7372800K)] 19743915K->12493815K(21455872K), 1.6411508 secs] [Times: user=2.15 sys=0.00, real=1.64 secs] 
2023-04-09T22:45:09.588+0000: 12875.008: [GC (Allocation Failure) [PSYoungGen: 7312457K->36159K(7301632K)] 19759095K->12516149K(21384704K), 1.6986924 secs] [Times: user=2.05 sys=0.00, real=1.70 secs] 
2023-04-09T22:45:13.871+0000: 12879.290: [GC (Allocation Failure) [PSYoungGen: 7301439K->20866K(7374848K)] 19781429K->12527312K(21457920K), 1.6069721 secs] [Times: user=1.93 sys=0.00, real=1.60 secs] 
2023-04-09T22:45:17.349+0000: 12882.769: [GC (Allocation Failure) [PSYoungGen: 7286146K->16659K(7282176K)] 19792592K->12523152K(21365248K), 1.5497941 secs] [Times: user=1.72 sys=0.00, real=1.55 secs] 
2023-04-09T22:45:20.783+0000: 12886.203: [GC (Allocation Failure) [PSYoungGen: 7281939K->20313K(7370240K)] 19788432K->12526863K(21453312K), 1.5795330 secs] [Times: user=1.96 sys=0.01, real=1.58 secs] 
2023-04-09T22:45:24.240+0000: 12889.660: [GC (Allocation Failure) [PSYoungGen: 7285593K->15284K(7280640K)] 19792143K->12521866K(21363712K), 1.5165715 secs] [Times: user=1.66 sys=0.01, real=1.51 secs] 
2023-04-09T22:45:28.369+0000: 12893.789: [GC (Allocation Failure) [PSYoungGen: 7280564K->41255K(7358464K)] 19787146K->12548925K(21441536K), 1.5495634 secs] [Times: user=1.74 sys=0.00, real=1.55 secs] 
2023-04-09T22:45:35.348+0000: 12900.768: [GC (Allocation Failure) [PSYoungGen: 7306535K->84217K(7364608K)] 19814205K->12614198K(21447680K), 1.5389318 secs] [Times: user=1.81 sys=0.01, real=1.54 secs] 
2023-04-09T22:45:40.906+0000: 12906.326: [GC (Allocation Failure) [PSYoungGen: 7349497K->75104K(7370240K)] 19879478K->12675006K(21453312K), 1.5736469 secs] [Times: user=1.89 sys=0.00, real=1.57 secs] 
2023-04-09T22:46:00.160+0000: 12925.579: [GC (Allocation Failure) [PSYoungGen: 7335776K->52499K(7313408K)] 19935678K->12722240K(21396480K), 1.7203391 secs] [Times: user=2.02 sys=0.04, real=1.72 secs] 
2023-04-09T22:46:03.851+0000: 12929.271: [GC (Allocation Failure) [PSYoungGen: 7313171K->53075K(7361536K)] 19982912K->12777280K(21444608K), 1.6436354 secs] [Times: user=2.17 sys=0.01, real=1.64 secs] 
2023-04-09T22:46:07.382+0000: 12932.802: [GC (Allocation Failure) [PSYoungGen: 7313747K->38079K(7299072K)] 20037952K->12793788K(21382144K), 1.5817253 secs] [Times: user=2.15 sys=0.01, real=1.58 secs] 
2023-04-09T22:46:11.508+0000: 12936.927: [GC (Allocation Failure) [PSYoungGen: 7298751K->18887K(7361024K)] 20054460K->12793534K(21444096K), 1.7400303 secs] [Times: user=1.97 sys=0.00, real=1.74 secs] 
2023-04-09T22:46:15.083+0000: 12940.503: [GC (Allocation Failure) [PSYoungGen: 7279559K->31102K(7291904K)] 20054206K->12805805K(21374976K), 1.5376816 secs] [Times: user=1.71 sys=0.00, real=1.54 secs] 
2023-04-09T22:46:18.872+0000: 12944.292: [GC (Allocation Failure) [PSYoungGen: 7291774K->33910K(7350272K)] 20066477K->12808685K(21433344K), 1.7226527 secs] [Times: user=1.90 sys=0.00, real=1.72 secs] 
2023-04-09T22:46:24.942+0000: 12950.362: [GC (Allocation Failure) [PSYoungGen: 7294582K->76824K(7354368K)] 20069357K->12861039K(21437440K), 1.5476731 secs] [Times: user=1.80 sys=0.01, real=1.54 secs] 
2023-04-09T22:46:31.865+0000: 12957.284: [GC (Allocation Failure) [PSYoungGen: 7337496K->79612K(7354880K)] 20121711K->12932571K(21437952K), 1.6041687 secs] [Times: user=1.93 sys=0.01, real=1.60 secs] 
2023-04-09T22:46:37.580+0000: 12963.000: [GC (Allocation Failure) [PSYoungGen: 7333116K->78934K(7362048K)] 20186075K->13000989K(21445120K), 1.5346129 secs] [Times: user=1.86 sys=0.00, real=1.53 secs] 
2023-04-09T22:46:57.270+0000: 12982.690: [GC (Allocation Failure) [PSYoungGen: 7332438K->53952K(7356416K)] 20254493K->13049499K(21439488K), 1.5286355 secs] [Times: user=1.84 sys=0.00, real=1.53 secs] 
2023-04-09T22:47:02.227+0000: 12987.647: [GC (Allocation Failure) [PSYoungGen: 7307456K->24044K(7277568K)] 20303003K->13076175K(21360640K), 1.7270954 secs] [Times: user=2.07 sys=0.00, real=1.73 secs] 
2023-04-09T22:47:05.822+0000: 12991.242: [GC (Allocation Failure) [PSYoungGen: 7277548K->37791K(7353344K)] 20329679K->13100642K(21436416K), 1.8641111 secs] [Times: user=2.55 sys=0.00, real=1.86 secs] 
2023-04-09T22:47:10.377+0000: 12995.797: [GC (Allocation Failure) [PSYoungGen: 7291295K->15554K(7356928K)] 20354146K->13103447K(21440000K), 1.6681548 secs] [Times: user=2.00 sys=0.01, real=1.67 secs] 
2023-04-09T22:47:13.839+0000: 12999.259: [GC (Allocation Failure) [PSYoungGen: 7269058K->21409K(7353856K)] 20356951K->13109375K(21436928K), 1.5617258 secs] [Times: user=1.80 sys=0.01, real=1.57 secs] 
2023-04-09T22:47:17.559+0000: 13002.979: [GC (Allocation Failure) [PSYoungGen: 7274913K->40088K(7293952K)] 20362879K->13128117K(21377024K), 1.5844448 secs] [Times: user=1.80 sys=0.00, real=1.59 secs] 
2023-04-09T22:47:23.055+0000: 13008.475: [GC (Allocation Failure) [PSYoungGen: 7293592K->80147K(7341056K)] 20381621K->13173280K(21424128K), 1.5397990 secs] [Times: user=1.82 sys=0.00, real=1.54 secs] 
2023-04-09T22:47:29.011+0000: 13014.431: [GC (Allocation Failure) [PSYoungGen: 7324947K->71682K(7349760K)] 20418080K->13230104K(21432832K), 1.8071330 secs] [Times: user=2.35 sys=0.01, real=1.80 secs] 
2023-04-09T22:47:34.726+0000: 13020.146: [GC (Allocation Failure) [PSYoungGen: 7316482K->73499K(7350272K)] 20474904K->13298153K(21433344K), 1.5548286 secs] [Times: user=1.88 sys=0.01, real=1.56 secs] 
2023-04-09T22:48:00.461+0000: 13045.881: [GC (Allocation Failure) [PSYoungGen: 7315227K->46154K(7288320K)] 20539881K->13338224K(21371392K), 1.7217377 secs] [Times: user=2.01 sys=0.00, real=1.72 secs] 
2023-04-09T22:48:04.307+0000: 13049.727: [GC (Allocation Failure) [PSYoungGen: 7287882K->60188K(7344128K)] 20579952K->13395514K(21427200K), 1.7756077 secs] [Times: user=2.33 sys=0.00, real=1.78 secs] 
2023-04-09T22:48:08.528+0000: 13053.948: [GC (Allocation Failure) [PSYoungGen: 7301916K->39121K(7281152K)] 20637242K->13414310K(21364224K), 1.5784929 secs] [Times: user=2.04 sys=0.04, real=1.58 secs] 
2023-04-09T22:48:11.982+0000: 13057.401: [GC (Allocation Failure) [PSYoungGen: 7280849K->16021K(7342080K)] 20656038K->13406730K(21425152K), 1.5587613 secs] [Times: user=1.80 sys=0.00, real=1.56 secs] 
2023-04-09T22:48:15.537+0000: 13060.957: [GC (Allocation Failure) [PSYoungGen: 7256725K->26614K(7267328K)] 20647434K->13418404K(21350400K), 1.5745837 secs] [Times: user=1.92 sys=0.00, real=1.58 secs] 
2023-04-09T22:48:19.677+0000: 13065.097: [GC (Allocation Failure) [PSYoungGen: 7267318K->42267K(7330816K)] 20659108K->13434104K(21413888K), 1.5758622 secs] [Times: user=1.80 sys=0.00, real=1.58 secs] 
2023-04-09T22:48:25.263+0000: 13070.683: [GC (Allocation Failure) [PSYoungGen: 7282971K->77239K(7335936K)] 20674808K->13488532K(21419008K), 1.8359725 secs] [Times: user=2.74 sys=0.01, real=1.83 secs] 
2023-04-09T22:48:31.174+0000: 13076.594: [GC (Allocation Failure) [PSYoungGen: 7317943K->74520K(7339008K)] 20729236K->13553485K(21422080K), 1.5731562 secs] [Times: user=1.90 sys=0.00, real=1.57 secs] 
2023-04-09T22:48:36.548+0000: 13081.968: [GC (Allocation Failure) [PSYoungGen: 7311128K->71148K(7343104K)] 20790093K->13617593K(21426176K), 1.5498154 secs] [Times: user=1.86 sys=0.01, real=1.55 secs] 
2023-04-09T22:49:01.373+0000: 13106.793: [GC (Allocation Failure) [PSYoungGen: 7307756K->27565K(7343104K)] 20854201K->13642042K(21426176K), 1.8205325 secs] [Times: user=2.18 sys=0.00, real=1.82 secs] 
2023-04-09T22:49:05.918+0000: 13111.338: [GC (Allocation Failure) [PSYoungGen: 7264125K->33380K(7270400K)] 20878603K->13664210K(21353472K), 1.6160133 secs] [Times: user=2.06 sys=0.01, real=1.62 secs] 
2023-04-09T22:49:09.389+0000: 13114.809: [GC (Allocation Failure) [PSYoungGen: 7269988K->28330K(7336960K)] 20900818K->13678928K(21420032K), 1.6730753 secs] [Times: user=2.00 sys=0.01, real=1.68 secs] 
2023-04-09T22:49:13.024+0000: 13118.444: [GC (Allocation Failure) [PSYoungGen: 7264938K->14494K(7339008K)] 20915536K->13678131K(21422080K), 1.5967873 secs] [Times: user=1.81 sys=0.01, real=1.60 secs] 
2023-04-09T22:49:16.501+0000: 13121.921: [GC (Allocation Failure) [PSYoungGen: 7251102K->18390K(7334912K)] 20914739K->13682083K(21417984K), 1.5380075 secs] [Times: user=1.73 sys=0.00, real=1.53 secs] 
2023-04-09T22:49:21.592+0000: 13127.012: [GC (Allocation Failure) [PSYoungGen: 7254998K->64319K(7336960K)] 20918691K->13728068K(21420032K), 1.6701408 secs] [Times: user=1.97 sys=0.02, real=1.67 secs] 
2023-04-09T22:49:28.168+0000: 13133.588: [GC (Allocation Failure) [PSYoungGen: 7300927K->82973K(7331328K)] 20964676K->13800809K(21414400K), 1.7391088 secs] [Times: user=2.09 sys=0.01, real=1.74 secs] 
2023-04-09T22:49:34.700+0000: 13140.120: [GC (Allocation Failure) [PSYoungGen: 7310877K->84126K(7340032K)] 21028713K->13881298K(21423104K), 1.5444805 secs] [Times: user=1.91 sys=0.00, real=1.55 secs] 
2023-04-09T22:49:40.690+0000: 13146.109: [GC (Allocation Failure) [PSYoungGen: 7312030K->81709K(7342592K)] 21109202K->13959185K(21425664K), 1.6923972 secs] [Times: user=2.04 sys=0.01, real=1.70 secs] 
2023-04-09T22:50:02.237+0000: 13167.657: [GC (Allocation Failure) [PSYoungGen: 7305005K->29423K(7252992K)] 21182481K->13986507K(21336064K), 1.9533069 secs] [Times: user=2.15 sys=0.01, real=1.95 secs] 
2023-04-09T22:50:04.190+0000: 13169.610: [Full GC (Ergonomics) [PSYoungGen: 29423K->0K(7252992K)] [ParOldGen: 13957084K->12529450K(14274048K)] 13986507K->12529450K(21527040K), [Metaspace: 130986K->130986K(141312K)], 8.0070022 secs] [Times: user=58.41 sys=0.00, real=8.00 secs] 
2023-04-09T22:50:14.092+0000: 13179.512: [GC (Allocation Failure) [PSYoungGen: 7223296K->54710K(7332352K)] 19752746K->12584160K(21606400K), 1.5677471 secs] [Times: user=2.09 sys=0.00, real=1.56 secs] 
2023-04-09T22:50:17.836+0000: 13183.256: [GC (Allocation Failure) [PSYoungGen: 7278006K->13822K(7338496K)] 19807456K->12584951K(21612544K), 1.7771541 secs] [Times: user=2.13 sys=0.00, real=1.78 secs] 
2023-04-09T22:50:22.389+0000: 13187.809: [GC (Allocation Failure) [PSYoungGen: 7237118K->18465K(7334912K)] 19808247K->12589641K(21608960K), 1.7626675 secs] [Times: user=1.96 sys=0.00, real=1.77 secs] 
2023-04-09T22:50:25.996+0000: 13191.416: [GC (Allocation Failure) [PSYoungGen: 7241761K->32118K(7255552K)] 19812937K->12604391K(21529600K), 1.5809541 secs] [Times: user=1.75 sys=0.01, real=1.58 secs] 
2023-04-09T22:50:29.651+0000: 13195.070: [GC (Allocation Failure) [PSYoungGen: 7255414K->21336K(7327232K)] 19827687K->12593681K(21601280K), 1.6740704 secs] [Times: user=1.95 sys=0.01, real=1.67 secs] 
2023-04-09T22:50:33.588+0000: 13199.007: [GC (Allocation Failure) [PSYoungGen: 7244632K->16765K(7240192K)] 19816977K->12590206K(21514240K), 1.6155259 secs] [Times: user=1.79 sys=0.00, real=1.62 secs] 
2023-04-09T22:50:37.441+0000: 13202.860: [GC (Allocation Failure) [PSYoungGen: 7240061K->17767K(7322112K)] 19813502K->12592288K(21596160K), 1.6300764 secs] [Times: user=1.78 sys=0.00, real=1.63 secs] 
2023-04-09T22:50:43.994+0000: 13209.413: [GC (Allocation Failure) [PSYoungGen: 7241063K->71487K(7324672K)] 19815584K->12650816K(21598720K), 1.5833318 secs] [Times: user=1.82 sys=0.01, real=1.58 secs] 
2023-04-09T22:50:49.524+0000: 13214.944: [GC (Allocation Failure) [PSYoungGen: 7294783K->65576K(7328256K)] 19874112K->12704352K(21602304K), 1.5949085 secs] [Times: user=1.92 sys=0.00, real=1.59 secs] 
2023-04-09T22:51:01.735+0000: 13227.154: [GC (Allocation Failure) [PSYoungGen: 7286312K->44436K(7265280K)] 19925088K->12743973K(21539328K), 1.8814361 secs] [Times: user=2.38 sys=0.01, real=1.88 secs] 
2023-04-09T22:51:06.042+0000: 13231.462: [GC (Allocation Failure) [PSYoungGen: 7265172K->33131K(7316480K)] 19964709K->12764808K(21590528K), 1.6285289 secs] [Times: user=2.10 sys=0.01, real=1.63 secs] 
2023-04-09T22:51:09.472+0000: 13234.892: [GC (Allocation Failure) [PSYoungGen: 7253867K->27667K(7248896K)] 19985544K->12777928K(21522944K), 1.5905152 secs] [Times: user=1.91 sys=0.00, real=1.59 secs] 
2023-04-09T22:51:12.927+0000: 13238.346: [GC (Allocation Failure) [PSYoungGen: 7248403K->15823K(7314944K)] 19998664K->12779549K(21588992K), 1.5956461 secs] [Times: user=1.82 sys=0.00, real=1.60 secs] 
2023-04-09T22:51:16.512+0000: 13241.932: [GC (Allocation Failure) [PSYoungGen: 7236559K->16243K(7237120K)] 20000285K->12780009K(21511168K), 1.5789738 secs] [Times: user=1.75 sys=0.01, real=1.58 secs] 
2023-04-09T22:51:21.867+0000: 13247.286: [GC (Allocation Failure) [PSYoungGen: 7236979K->56687K(7311872K)] 20000745K->12822589K(21585920K), 1.6368838 secs] [Times: user=1.85 sys=0.00, real=1.64 secs] 
2023-04-09T22:51:27.673+0000: 13253.093: [GC (Allocation Failure) [PSYoungGen: 7275375K->74278K(7313920K)] 20041277K->12875468K(21587968K), 1.5871315 secs] [Times: user=1.85 sys=0.01, real=1.59 secs] 
2023-04-09T22:51:33.831+0000: 13259.250: [GC (Allocation Failure) [PSYoungGen: 7292966K->79219K(7313920K)] 20094156K->12943697K(21587968K), 1.5970795 secs] [Times: user=1.96 sys=0.00, real=1.59 secs] 
2023-04-09T22:52:01.261+0000: 13286.680: [GC (Allocation Failure) [PSYoungGen: 7290227K->30536K(7241728K)] 20154705K->12958374K(21515776K), 1.6287706 secs] [Times: user=1.94 sys=0.01, real=1.62 secs] 
2023-04-09T22:52:04.827+0000: 13290.247: [GC (Allocation Failure) [PSYoungGen: 7241544K->36395K(7308288K)] 20169382K->12984706K(21582336K), 1.6101151 secs] [Times: user=2.15 sys=0.00, real=1.61 secs] 
2023-04-09T22:52:08.196+0000: 13293.616: [GC (Allocation Failure) [PSYoungGen: 7247403K->24413K(7235584K)] 20195714K->12994484K(21509632K), 1.5279535 secs] [Times: user=1.82 sys=0.01, real=1.53 secs] 
2023-04-09T22:52:11.723+0000: 13297.143: [GC (Allocation Failure) [PSYoungGen: 7235421K->23164K(7304192K)] 20205492K->12993324K(21578240K), 1.5809363 secs] [Times: user=1.85 sys=0.00, real=1.58 secs] 
2023-04-09T22:52:15.134+0000: 13300.553: [GC (Allocation Failure) [PSYoungGen: 7234172K->17697K(7228928K)] 20204332K->12987904K(21502976K), 1.6700565 secs] [Times: user=1.83 sys=0.00, real=1.67 secs] 
2023-04-09T22:52:20.867+0000: 13306.286: [GC (Allocation Failure) [PSYoungGen: 7228705K->60048K(7302144K)] 20198912K->13030311K(21576192K), 1.5905289 secs] [Times: user=1.78 sys=0.00, real=1.59 secs] 
2023-04-09T22:52:26.526+0000: 13311.946: [GC (Allocation Failure) [PSYoungGen: 7267984K->73683K(7305216K)] 20238247K->13083210K(21579264K), 1.5617834 secs] [Times: user=1.85 sys=0.01, real=1.56 secs] 
2023-04-09T22:52:32.342+0000: 13317.762: [GC (Allocation Failure) [PSYoungGen: 7281619K->72283K(7306752K)] 20291146K->13149738K(21580800K), 1.5441072 secs] [Times: user=1.86 sys=0.00, real=1.54 secs] 
2023-04-09T22:53:00.713+0000: 13346.133: [GC (Allocation Failure) [PSYoungGen: 7275099K->32759K(7235584K)] 20352554K->13178206K(21509632K), 1.6391159 secs] [Times: user=1.90 sys=0.00, real=1.64 secs] 
2023-04-09T22:53:04.384+0000: 13349.803: [GC (Allocation Failure) [PSYoungGen: 7235575K->36347K(7298560K)] 20381022K->13208690K(21572608K), 1.6474959 secs] [Times: user=2.25 sys=0.00, real=1.65 secs] 
2023-04-09T22:53:07.976+0000: 13353.396: [GC (Allocation Failure) [PSYoungGen: 7239163K->16953K(7220224K)] 20411506K->13210474K(21494272K), 1.5839008 secs] [Times: user=1.96 sys=0.00, real=1.58 secs] 
2023-04-09T22:53:11.544+0000: 13356.964: [GC (Allocation Failure) [PSYoungGen: 7219769K->17330K(7298048K)] 20413290K->13212832K(21572096K), 1.7009838 secs] [Times: user=1.87 sys=0.01, real=1.70 secs] 
2023-04-09T22:53:15.947+0000: 13361.366: [GC (Allocation Failure) [PSYoungGen: 7220146K->19907K(7222784K)] 20415648K->13215457K(21496832K), 1.6157005 secs] [Times: user=1.83 sys=0.01, real=1.62 secs] 
2023-04-09T22:53:20.773+0000: 13366.192: [GC (Allocation Failure) [PSYoungGen: 7222723K->60384K(7294464K)] 20418273K->13256014K(21568512K), 1.6247124 secs] [Times: user=1.90 sys=0.00, real=1.62 secs] 
2023-04-09T22:53:27.673+0000: 13373.093: [GC (Allocation Failure) [PSYoungGen: 7260128K->95393K(7297536K)] 20455758K->13327431K(21571584K), 1.5766182 secs] [Times: user=1.90 sys=0.00, real=1.57 secs] 
2023-04-09T22:53:34.776+0000: 13380.196: [GC (Allocation Failure) [PSYoungGen: 7295137K->87388K(7303168K)] 20527175K->13406058K(21577216K), 1.6348862 secs] [Times: user=1.98 sys=0.01, real=1.64 secs] 
2023-04-09T22:54:01.480+0000: 13406.900: [GC (Allocation Failure) [PSYoungGen: 7277916K->28332K(7219200K)] 20596586K->13433601K(21493248K), 1.7600452 secs] [Times: user=2.11 sys=0.00, real=1.76 secs] 
2023-04-09T22:54:05.052+0000: 13410.472: [GC (Allocation Failure) [PSYoungGen: 7218860K->31284K(7300096K)] 20624129K->13451082K(21574144K), 1.5661003 secs] [Times: user=2.00 sys=0.00, real=1.56 secs] 
2023-04-09T22:54:08.457+0000: 13413.877: [GC (Allocation Failure) [PSYoungGen: 7221812K->19559K(7210496K)] 20641610K->13458325K(21484544K), 1.7152617 secs] [Times: user=2.30 sys=0.00, real=1.72 secs] 
2023-04-09T22:54:12.881+0000: 13418.301: [GC (Allocation Failure) [PSYoungGen: 7210087K->16430K(7297536K)] 20648853K->13455251K(21571584K), 1.7843407 secs] [Times: user=2.11 sys=0.00, real=1.78 secs] 
2023-04-09T22:54:16.727+0000: 13422.147: [GC (Allocation Failure) [PSYoungGen: 7206958K->13447K(7204352K)] 20645779K->13452332K(21478400K), 1.6175636 secs] [Times: user=1.88 sys=0.00, real=1.62 secs] 
2023-04-09T22:54:21.750+0000: 13427.170: [GC (Allocation Failure) [PSYoungGen: 7203975K->69954K(7291904K)] 20642860K->13508895K(21565952K), 1.5575915 secs] [Times: user=1.79 sys=0.01, real=1.56 secs] 
2023-04-09T22:54:27.157+0000: 13432.577: [GC (Allocation Failure) [PSYoungGen: 7255362K->69639K(7297024K)] 20694303K->13551820K(21571072K), 1.5844042 secs] [Times: user=1.88 sys=0.01, real=1.59 secs] 
2023-04-09T22:54:33.485+0000: 13438.905: [GC (Allocation Failure) [PSYoungGen: 7255047K->67374K(7299072K)] 20737228K->13612099K(21573120K), 1.6550339 secs] [Times: user=1.98 sys=0.01, real=1.65 secs] 
2023-04-09T22:55:01.327+0000: 13466.747: [GC (Allocation Failure) [PSYoungGen: 7251246K->27973K(7212032K)] 20795971K->13635155K(21486080K), 1.8783877 secs] [Times: user=2.51 sys=0.00, real=1.88 secs] 
2023-04-09T22:55:05.231+0000: 13470.651: [GC (Allocation Failure) [PSYoungGen: 7211845K->37966K(7284736K)] 20819027K->13664315K(21558784K), 1.6832226 secs] [Times: user=2.32 sys=0.00, real=1.68 secs] 
2023-04-09T22:55:08.683+0000: 13474.103: [GC (Allocation Failure) [PSYoungGen: 7221838K->39425K(7223808K)] 20848187K->13684143K(21497856K), 1.7785029 secs] [Times: user=2.34 sys=0.01, real=1.78 secs] 
2023-04-09T22:55:12.731+0000: 13478.151: [GC (Allocation Failure) [PSYoungGen: 7223297K->25316K(7280128K)] 20868015K->13699232K(21554176K), 1.6011146 secs] [Times: user=2.04 sys=0.00, real=1.60 secs] 
2023-04-09T22:55:16.293+0000: 13481.712: [GC (Allocation Failure) [PSYoungGen: 7209188K->35890K(7220224K)] 20883104K->13709863K(21494272K), 1.6035804 secs] [Times: user=1.91 sys=0.00, real=1.60 secs] 
2023-04-09T22:55:19.800+0000: 13485.220: [GC (Allocation Failure) [PSYoungGen: 7219762K->13828K(7276032K)] 20893735K->13687856K(21550080K), 1.6238093 secs] [Times: user=1.93 sys=0.00, real=1.63 secs] 
2023-04-09T22:55:23.387+0000: 13488.807: [GC (Allocation Failure) [PSYoungGen: 7197700K->28305K(7212544K)] 20871728K->13702397K(21486592K), 1.5975246 secs] [Times: user=1.90 sys=0.01, real=1.60 secs] 
2023-04-09T22:55:27.137+0000: 13492.556: [GC (Allocation Failure) [PSYoungGen: 7212177K->15232K(7270400K)] 20886269K->13690413K(21544448K), 1.5982235 secs] [Times: user=1.88 sys=0.01, real=1.60 secs] 
2023-04-09T22:55:33.768+0000: 13499.187: [GC (Allocation Failure) [PSYoungGen: 7199104K->73061K(7271936K)] 20874285K->13748554K(21545984K), 1.5767299 secs] [Times: user=1.86 sys=0.01, real=1.58 secs] 
2023-04-09T22:55:39.878+0000: 13505.298: [GC (Allocation Failure) [PSYoungGen: 7256933K->85521K(7268864K)] 20932426K->13821438K(21542912K), 1.5468774 secs] [Times: user=1.82 sys=0.00, real=1.55 secs] 
2023-04-09T22:55:45.713+0000: 13511.133: [GC (Allocation Failure) [PSYoungGen: 7257617K->88352K(7280640K)] 20993534K->13900941K(21554688K), 1.5788517 secs] [Times: user=2.02 sys=0.00, real=1.58 secs] 
2023-04-09T22:56:00.165+0000: 13525.585: [GC (Allocation Failure) [PSYoungGen: 7260448K->118263K(7223808K)] 21073037K->14058467K(21497856K), 1.8031272 secs] [Times: user=2.83 sys=0.02, real=1.80 secs] 
2023-04-09T22:56:04.065+0000: 13529.485: [GC (Allocation Failure) [PSYoungGen: 7223799K->61123K(7166976K)] 21164003K->14114967K(21441024K), 1.6791161 secs] [Times: user=2.71 sys=0.01, real=1.68 secs] 
2023-04-09T22:56:07.471+0000: 13532.891: [GC (Allocation Failure) [PSYoungGen: 7166659K->42036K(7267328K)] 21220503K->14138816K(21541376K), 1.7906575 secs] [Times: user=2.35 sys=0.01, real=1.79 secs] 
2023-04-09T22:56:11.323+0000: 13536.742: [GC (Allocation Failure) [PSYoungGen: 7147572K->15489K(7121408K)] 21244352K->14142340K(21395456K), 1.6129311 secs] [Times: user=2.00 sys=0.02, real=1.61 secs] 
2023-04-09T22:56:14.707+0000: 13540.126: [GC (Allocation Failure) [PSYoungGen: 7121025K->18689K(7264256K)] 21247876K->14145573K(21538304K), 1.5710356 secs] [Times: user=1.92 sys=0.00, real=1.57 secs] 
2023-04-09T22:56:18.163+0000: 13543.583: [GC (Allocation Failure) [PSYoungGen: 7124225K->26914K(7132672K)] 21251109K->14153853K(21406720K), 1.6047523 secs] [Times: user=1.88 sys=0.01, real=1.60 secs] 
2023-04-09T22:56:23.924+0000: 13549.343: [GC (Allocation Failure) [PSYoungGen: 7132450K->80193K(7261696K)] 21259389K->14208709K(21535744K), 1.5386498 secs] [Times: user=1.82 sys=0.01, real=1.54 secs] 
2023-04-09T22:56:30.281+0000: 13555.701: [GC (Allocation Failure) [PSYoungGen: 7185729K->76865K(7182848K)] 21314245K->14269669K(21456896K), 1.5584061 secs] [Times: user=1.92 sys=0.05, real=1.55 secs] 
2023-04-09T22:56:31.840+0000: 13557.260: [Full GC (Ergonomics) [PSYoungGen: 76865K->0K(7182848K)] [ParOldGen: 14192803K->12130825K(13897216K)] 14269669K->12130825K(21080064K), [Metaspace: 130991K->130991K(141312K)], 8.7518621 secs] [Times: user=66.28 sys=0.08, real=8.76 secs] 
2023-04-09T22:56:44.728+0000: 13570.147: [GC (Allocation Failure) [PSYoungGen: 7105536K->72424K(7251456K)] 19236361K->12203249K(21148672K), 1.6446478 secs] [Times: user=1.84 sys=0.01, real=1.65 secs] 
2023-04-09T22:57:01.059+0000: 13586.479: [GC (Allocation Failure) [PSYoungGen: 7177960K->57580K(7163392K)] 19308785K->12254445K(21060608K), 1.6737515 secs] [Times: user=1.98 sys=0.01, real=1.68 secs] 
2023-04-09T22:57:04.658+0000: 13590.078: [GC (Allocation Failure) [PSYoungGen: 7163116K->60801K(7231488K)] 19359981K->12307346K(21128704K), 1.6684748 secs] [Times: user=2.07 sys=0.01, real=1.67 secs] 
2023-04-09T22:57:08.542+0000: 13593.962: [GC (Allocation Failure) [PSYoungGen: 7166337K->17121K(7122944K)] 19412882K->12307382K(21020160K), 1.6519415 secs] [Times: user=2.12 sys=0.00, real=1.65 secs] 
2023-04-09T22:57:11.902+0000: 13597.322: [GC (Allocation Failure) [PSYoungGen: 7122657K->17313K(7236608K)] 19412918K->12307598K(21133824K), 1.5568212 secs] [Times: user=1.72 sys=0.00, real=1.55 secs] 
2023-04-09T22:57:15.212+0000: 13600.632: [GC (Allocation Failure) [PSYoungGen: 7122849K->14625K(7120384K)] 19413134K->12304942K(21017600K), 1.5712344 secs] [Times: user=1.75 sys=0.00, real=1.57 secs] 
2023-04-09T22:57:20.030+0000: 13605.450: [GC (Allocation Failure) [PSYoungGen: 7120161K->51105K(7222272K)] 19410478K->12341486K(21119488K), 1.5689821 secs] [Times: user=1.80 sys=0.00, real=1.57 secs] 
2023-04-09T22:57:26.561+0000: 13611.981: [GC (Allocation Failure) [PSYoungGen: 7156641K->94114K(7228928K)] 19447022K->12425879K(21126144K), 1.6626633 secs] [Times: user=1.97 sys=0.01, real=1.66 secs] 
2023-04-09T22:57:32.478+0000: 13617.897: [GC (Allocation Failure) [PSYoungGen: 7199650K->83679K(7234560K)] 19531415K->12492277K(21131776K), 1.5711066 secs] [Times: user=1.89 sys=0.01, real=1.57 secs] 
2023-04-09T22:58:01.913+0000: 13647.333: [GC (Allocation Failure) [PSYoungGen: 7185631K->31394K(7133696K)] 19594229K->12515823K(21030912K), 1.8378285 secs] [Times: user=2.23 sys=0.00, real=1.84 secs] 
2023-04-09T22:58:06.287+0000: 13651.707: [GC (Allocation Failure) [PSYoungGen: 7133346K->32116K(7225344K)] 19617775K->12535818K(21122560K), 1.5899504 secs] [Times: user=2.04 sys=0.00, real=1.59 secs] 
2023-04-09T22:58:09.605+0000: 13655.024: [GC (Allocation Failure) [PSYoungGen: 7134068K->26081K(7128064K)] 19637770K->12549015K(21025280K), 1.7712886 secs] [Times: user=2.25 sys=0.01, real=1.77 secs] 
2023-04-09T22:58:13.129+0000: 13658.549: [GC (Allocation Failure) [PSYoungGen: 7128033K->23137K(7220224K)] 19650967K->12557327K(21117440K), 1.6304679 secs] [Times: user=1.91 sys=0.00, real=1.63 secs] 
2023-04-09T22:58:16.512+0000: 13661.932: [GC (Allocation Failure) [PSYoungGen: 7125089K->18817K(7120896K)] 19659279K->12553039K(21018112K), 1.6361885 secs] [Times: user=1.87 sys=0.01, real=1.63 secs] 
2023-04-09T22:58:22.398+0000: 13667.818: [GC (Allocation Failure) [PSYoungGen: 7120769K->83905K(7212544K)] 19654991K->12618384K(21109760K), 1.7707926 secs] [Times: user=2.01 sys=0.00, real=1.77 secs] 
2023-04-09T22:58:28.642+0000: 13674.061: [GC (Allocation Failure) [PSYoungGen: 7178177K->88001K(7220224K)] 19712656K->12690319K(21117440K), 1.5585236 secs] [Times: user=1.84 sys=0.00, real=1.55 secs] 
2023-04-09T22:58:34.612+0000: 13680.032: [GC (Allocation Failure) [PSYoungGen: 7182273K->87266K(7222272K)] 19784591K->12769312K(21119488K), 1.5600199 secs] [Times: user=1.86 sys=0.00, real=1.56 secs] 
2023-04-09T22:59:01.338+0000: 13706.758: [GC (Allocation Failure) [PSYoungGen: 7176418K->62218K(7151616K)] 19858464K->12824737K(21048832K), 1.8010245 secs] [Times: user=2.13 sys=0.00, real=1.80 secs] 
2023-04-09T22:59:05.008+0000: 13710.427: [GC (Allocation Failure) [PSYoungGen: 7151370K->39226K(7212544K)] 19913889K->12853961K(21109760K), 1.5660103 secs] [Times: user=2.01 sys=0.01, real=1.57 secs] 
2023-04-09T22:59:08.387+0000: 13713.806: [GC (Allocation Failure) [PSYoungGen: 7128378K->30637K(7119872K)] 19943113K->12867179K(21017088K), 1.6163767 secs] [Times: user=2.05 sys=0.00, real=1.62 secs] 
2023-04-09T22:59:11.800+0000: 13717.220: [GC (Allocation Failure) [PSYoungGen: 7119789K->15137K(7211520K)] 19956331K->12859394K(21108736K), 1.6130943 secs] [Times: user=1.93 sys=0.01, real=1.62 secs] 
2023-04-09T22:59:15.207+0000: 13720.627: [GC (Allocation Failure) [PSYoungGen: 7104289K->17409K(7107072K)] 19948546K->12861698K(21004288K), 1.5815082 secs] [Times: user=1.77 sys=0.00, real=1.58 secs] 
2023-04-09T22:59:19.927+0000: 13725.347: [GC (Allocation Failure) [PSYoungGen: 7106561K->46657K(7196160K)] 19950850K->12890986K(21093376K), 1.8659182 secs] [Times: user=2.68 sys=0.01, real=1.87 secs] 
2023-04-09T22:59:25.769+0000: 13731.189: [GC (Allocation Failure) [PSYoungGen: 7135809K->97090K(7203328K)] 19980138K->12972595K(21100544K), 1.5558816 secs] [Times: user=1.92 sys=0.01, real=1.56 secs] 
2023-04-09T23:00:00.270+0000: 13765.690: [GC (Allocation Failure) [PSYoungGen: 7186242K->61752K(7208448K)] 20061747K->13010105K(21105664K), 1.6820686 secs] [Times: user=2.05 sys=0.01, real=1.69 secs] 
2023-04-09T23:00:03.966+0000: 13769.386: [GC (Allocation Failure) [PSYoungGen: 7150904K->53541K(7142912K)] 20099257K->13066414K(21040128K), 1.6138762 secs] [Times: user=2.11 sys=0.00, real=1.61 secs] 
2023-04-09T23:00:07.304+0000: 13772.724: [GC (Allocation Failure) [PSYoungGen: 7142693K->33121K(7199744K)] 20155566K->13073635K(21096960K), 1.6024422 secs] [Times: user=2.03 sys=0.01, real=1.60 secs] 
2023-04-09T23:00:10.613+0000: 13776.033: [GC (Allocation Failure) [PSYoungGen: 7122273K->23233K(7112704K)] 20162787K->13081491K(21009920K), 1.5469728 secs] [Times: user=1.79 sys=0.00, real=1.55 secs] 
2023-04-09T23:00:13.930+0000: 13779.350: [GC (Allocation Failure) [PSYoungGen: 7112385K->14048K(7198720K)] 20170643K->13072331K(21095936K), 1.7312600 secs] [Times: user=1.88 sys=0.00, real=1.74 secs] 
2023-04-09T23:00:17.959+0000: 13783.379: [GC (Allocation Failure) [PSYoungGen: 7103200K->20001K(7109632K)] 20161483K->13078315K(21006848K), 1.6051219 secs] [Times: user=1.85 sys=0.00, real=1.61 secs] 
2023-04-09T23:00:21.341+0000: 13786.760: [GC (Allocation Failure) [PSYoungGen: 7109153K->23777K(7190016K)] 20167467K->13082132K(21087232K), 1.5618904 secs] [Times: user=1.81 sys=0.01, real=1.56 secs] 
2023-04-09T23:00:24.683+0000: 13790.102: [GC (Allocation Failure) [PSYoungGen: 7112929K->24929K(7114240K)] 20171284K->13083324K(21011456K), 1.6240666 secs] [Times: user=1.99 sys=0.01, real=1.62 secs] 
2023-04-09T23:00:28.787+0000: 13794.206: [GC (Allocation Failure) [PSYoungGen: 7114081K->41793K(7179776K)] 20172476K->13102283K(21076992K), 1.5325399 secs] [Times: user=1.76 sys=0.00, real=1.53 secs] 
2023-04-09T23:00:34.235+0000: 13799.654: [GC (Allocation Failure) [PSYoungGen: 7130945K->75723K(7184896K)] 20191435K->13162317K(21082112K), 1.7719636 secs] [Times: user=2.16 sys=0.00, real=1.77 secs] 
2023-04-09T23:01:00.782+0000: 13826.202: [GC (Allocation Failure) [PSYoungGen: 7164875K->46201K(7183872K)] 20251469K->13194715K(21081088K), 1.6805263 secs] [Times: user=2.06 sys=0.00, real=1.68 secs] 
2023-04-09T23:01:04.318+0000: 13829.738: [GC (Allocation Failure) [PSYoungGen: 7135353K->43335K(7132672K)] 20283867K->13231865K(21029888K), 1.5943682 secs] [Times: user=2.13 sys=0.00, real=1.60 secs] 
2023-04-09T23:01:07.730+0000: 13833.150: [GC (Allocation Failure) [PSYoungGen: 7132487K->29530K(7177728K)] 20321017K->13240708K(21074944K), 1.5697116 secs] [Times: user=1.97 sys=0.01, real=1.57 secs] 
2023-04-09T23:01:11.117+0000: 13836.536: [GC (Allocation Failure) [PSYoungGen: 7118682K->23297K(7112704K)] 20329860K->13247757K(21009920K), 1.7943962 secs] [Times: user=2.06 sys=0.00, real=1.80 secs] 
2023-04-09T23:01:15.043+0000: 13840.462: [GC (Allocation Failure) [PSYoungGen: 7112449K->30210K(7171072K)] 20336909K->13254718K(21068288K), 1.5874555 secs] [Times: user=1.93 sys=0.00, real=1.58 secs] 
2023-04-09T23:01:19.834+0000: 13845.253: [GC (Allocation Failure) [PSYoungGen: 7119362K->50273K(7174656K)] 20343870K->13274837K(21071872K), 1.6057263 secs] [Times: user=1.85 sys=0.01, real=1.60 secs] 
2023-04-09T23:01:25.309+0000: 13850.729: [GC (Allocation Failure) [PSYoungGen: 7139425K->85473K(7148544K)] 20363989K->13348149K(21045760K), 1.6087565 secs] [Times: user=1.91 sys=0.00, real=1.61 secs] 
2023-04-09T23:01:30.964+0000: 13856.383: [GC (Allocation Failure) [PSYoungGen: 7148513K->82024K(7174656K)] 20411189K->13422884K(21071872K), 1.8483811 secs] [Times: user=2.15 sys=0.00, real=1.85 secs] 
2023-04-09T23:02:01.683+0000: 13887.103: [GC (Allocation Failure) [PSYoungGen: 7145064K->40665K(7171584K)] 20485924K->13459142K(21068800K), 1.7075646 secs] [Times: user=2.02 sys=0.01, real=1.71 secs] 
2023-04-09T23:02:05.244+0000: 13890.664: [GC (Allocation Failure) [PSYoungGen: 7103705K->44705K(7108096K)] 20522182K->13482222K(21005312K), 1.7257736 secs] [Times: user=2.21 sys=0.00, real=1.72 secs] 
2023-04-09T23:02:08.973+0000: 13894.393: [GC (Allocation Failure) [PSYoungGen: 7107745K->13856K(7170560K)] 20545262K->13473820K(21067776K), 1.8519315 secs] [Times: user=2.17 sys=0.01, real=1.85 secs] 
2023-04-09T23:02:12.823+0000: 13898.243: [GC (Allocation Failure) [PSYoungGen: 7076384K->21057K(7084032K)] 20536348K->13481060K(20981248K), 1.6346931 secs] [Times: user=1.82 sys=0.00, real=1.63 secs] 
2023-04-09T23:02:16.330+0000: 13901.750: [GC (Allocation Failure) [PSYoungGen: 7083585K->22881K(7163904K)] 20543588K->13482908K(21061120K), 1.5676365 secs] [Times: user=1.80 sys=0.00, real=1.57 secs] 
2023-04-09T23:02:21.635+0000: 13907.055: [GC (Allocation Failure) [PSYoungGen: 7085409K->83905K(7166464K)] 20545436K->13544260K(21063680K), 1.5722172 secs] [Times: user=1.84 sys=0.00, real=1.57 secs] 
2023-04-09T23:02:27.118+0000: 13912.538: [GC (Allocation Failure) [PSYoungGen: 7146433K->94817K(7164416K)] 20606788K->13623556K(21061632K), 1.6620921 secs] [Times: user=1.99 sys=0.01, real=1.67 secs] 
2023-04-09T23:03:00.254+0000: 13945.674: [GC (Allocation Failure) [PSYoungGen: 7146081K->70178K(7175680K)] 20674820K->13680573K(21072896K), 1.7030789 secs] [Times: user=1.96 sys=0.01, real=1.70 secs] 
2023-04-09T23:03:03.948+0000: 13949.368: [GC (Allocation Failure) [PSYoungGen: 7121442K->47575K(7163392K)] 20731837K->13732114K(21060608K), 1.7018949 secs] [Times: user=2.23 sys=0.00, real=1.70 secs] 
2023-04-09T23:03:08.159+0000: 13953.579: [GC (Allocation Failure) [PSYoungGen: 7098839K->42934K(7094272K)] 20783378K->13760161K(20991488K), 1.6167141 secs] [Times: user=2.13 sys=0.00, real=1.62 secs] 
2023-04-09T23:03:11.521+0000: 13956.941: [GC (Allocation Failure) [PSYoungGen: 7094198K->20353K(7162368K)] 20811425K->13759128K(21059584K), 1.6017472 secs] [Times: user=1.96 sys=0.01, real=1.60 secs] 
2023-04-09T23:03:15.080+0000: 13960.500: [GC (Allocation Failure) [PSYoungGen: 7071617K->15841K(7067136K)] 20810392K->13754640K(20964352K), 1.6342992 secs] [Times: user=1.94 sys=0.00, real=1.63 secs] 
2023-04-09T23:03:18.799+0000: 13964.219: [GC (Allocation Failure) [PSYoungGen: 7067105K->30242K(7154688K)] 20805904K->13769097K(21051904K), 1.5895708 secs] [Times: user=1.78 sys=0.00, real=1.59 secs] 
2023-04-09T23:03:24.129+0000: 13969.548: [GC (Allocation Failure) [PSYoungGen: 7081506K->80065K(7158784K)] 20820361K->13824296K(21056000K), 1.7169045 secs] [Times: user=2.05 sys=0.00, real=1.72 secs] 
2023-04-09T23:03:30.098+0000: 13975.518: [GC (Allocation Failure) [PSYoungGen: 7131329K->76128K(7162368K)] 20875560K->13891192K(21059584K), 1.5720060 secs] [Times: user=1.90 sys=0.01, real=1.57 secs] 
2023-04-09T23:03:31.670+0000: 13977.090: [Full GC (Ergonomics) [PSYoungGen: 76128K->0K(7162368K)] [ParOldGen: 13815063K->12360086K(14127104K)] 13891192K->12360086K(21289472K), [Metaspace: 130992K->130992K(141312K)], 7.9995287 secs] [Times: user=62.90 sys=0.07, real=8.00 secs] 
2023-04-09T23:03:43.854+0000: 13989.273: [GC (Allocation Failure) [PSYoungGen: 7047680K->88282K(7165952K)] 19407766K->12448368K(21293056K), 1.7470318 secs] [Times: user=2.03 sys=0.00, real=1.75 secs] 
2023-04-09T23:04:00.613+0000: 14006.033: [GC (Allocation Failure) [PSYoungGen: 7135962K->59619K(7163392K)] 19496048K->12490897K(21290496K), 1.8123694 secs] [Times: user=2.16 sys=0.00, real=1.81 secs] 
2023-04-09T23:04:05.055+0000: 14010.475: [GC (Allocation Failure) [PSYoungGen: 7107299K->38089K(7086080K)] 19538577K->12525952K(21213184K), 1.7986489 secs] [Times: user=2.47 sys=0.00, real=1.80 secs] 
2023-04-09T23:04:08.557+0000: 14013.976: [GC (Allocation Failure) [PSYoungGen: 7085769K->29735K(7160320K)] 19573632K->12541133K(21287424K), 1.6256817 secs] [Times: user=2.10 sys=0.01, real=1.63 secs] 
2023-04-09T23:04:12.006+0000: 14017.426: [GC (Allocation Failure) [PSYoungGen: 7077415K->13952K(7062016K)] 19588813K->12538866K(21189120K), 1.5702201 secs] [Times: user=1.81 sys=0.01, real=1.57 secs] 
2023-04-09T23:04:15.418+0000: 14020.837: [GC (Allocation Failure) [PSYoungGen: 7061632K->14016K(7159808K)] 19586546K->12538978K(21286912K), 1.5394509 secs] [Times: user=1.70 sys=0.00, real=1.54 secs] 
2023-04-09T23:04:19.166+0000: 14024.586: [GC (Allocation Failure) [PSYoungGen: 7061696K->43074K(7091200K)] 19586658K->12568068K(21218304K), 1.5180417 secs] [Times: user=1.70 sys=0.00, real=1.52 secs] 
2023-04-09T23:04:24.898+0000: 14030.317: [GC (Allocation Failure) [PSYoungGen: 7090754K->80994K(7146496K)] 19615748K->12620747K(21273600K), 1.6131986 secs] [Times: user=1.93 sys=0.01, real=1.62 secs] 
2023-04-09T23:04:30.397+0000: 14035.817: [GC (Allocation Failure) [PSYoungGen: 7120994K->67808K(7154176K)] 19660747K->12669690K(21281280K), 1.5787055 secs] [Times: user=1.85 sys=0.00, real=1.58 secs] 
2023-04-09T23:04:49.831+0000: 14055.251: [GC (Allocation Failure) [PSYoungGen: 7107808K->68615K(7153664K)] 19709690K->12732305K(21280768K), 1.5455061 secs] [Times: user=1.87 sys=0.01, real=1.54 secs] 
2023-04-09T23:05:03.010+0000: 14068.430: [GC (Allocation Failure) [PSYoungGen: 7107591K->28638K(7067648K)] 19771281K->12753640K(21194752K), 1.7883120 secs] [Times: user=2.24 sys=0.01, real=1.79 secs] 
2023-04-09T23:05:06.741+0000: 14072.161: [GC (Allocation Failure) [PSYoungGen: 7067614K->34880K(7143936K)] 19792616K->12772170K(21271040K), 1.6504400 secs] [Times: user=2.10 sys=0.00, real=1.65 secs] 
2023-04-09T23:05:10.020+0000: 14075.440: [GC (Allocation Failure) [PSYoungGen: 7073856K->40034K(7079424K)] 19811146K->12799284K(21206528K), 1.5467794 secs] [Times: user=1.98 sys=0.01, real=1.55 secs] 
2023-04-09T23:05:13.365+0000: 14078.785: [GC (Allocation Failure) [PSYoungGen: 7079010K->17601K(7141888K)] 19838260K->12798696K(21268992K), 1.6613248 secs] [Times: user=1.97 sys=0.00, real=1.66 secs] 
2023-04-09T23:05:16.969+0000: 14082.389: [GC (Allocation Failure) [PSYoungGen: 7056577K->16193K(7055360K)] 19837672K->12797320K(21182464K), 1.6447038 secs] [Times: user=1.84 sys=0.01, real=1.65 secs] 
2023-04-09T23:05:20.464+0000: 14085.884: [GC (Allocation Failure) [PSYoungGen: 7055169K->17330K(7137280K)] 19836296K->12798473K(21264384K), 1.7792396 secs] [Times: user=1.94 sys=0.00, real=1.78 secs] 
2023-04-09T23:05:24.154+0000: 14089.573: [GC (Allocation Failure) [PSYoungGen: 7056306K->22145K(7061504K)] 19837449K->12803320K(21188608K), 1.5867646 secs] [Times: user=1.83 sys=0.00, real=1.59 secs] 
2023-04-09T23:05:27.857+0000: 14093.277: [GC (Allocation Failure) [PSYoungGen: 7061121K->34113K(7125504K)] 19842296K->12818433K(21252608K), 1.5565877 secs] [Times: user=1.78 sys=0.01, real=1.56 secs] 
2023-04-09T23:05:32.880+0000: 14098.300: [GC (Allocation Failure) [PSYoungGen: 7073089K->70945K(7130624K)] 19857409K->12866905K(21257728K), 1.5778014 secs] [Times: user=1.84 sys=0.01, real=1.58 secs] 
2023-04-09T23:05:38.119+0000: 14103.539: [GC (Allocation Failure) [PSYoungGen: 7109921K->62944K(7135232K)] 19905881K->12915616K(21262336K), 1.7202537 secs] [Times: user=2.01 sys=0.01, real=1.72 secs] 
2023-04-09T23:05:43.866+0000: 14109.285: [GC (Allocation Failure) [PSYoungGen: 7099360K->64757K(7137792K)] 19952032K->12974093K(21264896K), 1.6335489 secs] [Times: user=1.94 sys=0.01, real=1.63 secs] 
2023-04-09T23:06:01.946+0000: 14127.365: [GC (Allocation Failure) [PSYoungGen: 7101173K->30511K(7133696K)] 20010509K->12996591K(21260800K), 1.8015228 secs] [Times: user=2.12 sys=0.01, real=1.80 secs] 
2023-04-09T23:06:05.678+0000: 14131.098: [GC (Allocation Failure) [PSYoungGen: 7066927K->44883K(7081472K)] 20033007K->13029538K(21208576K), 1.5913082 secs] [Times: user=2.01 sys=0.00, real=1.59 secs] 
2023-04-09T23:06:09.034+0000: 14134.454: [GC (Allocation Failure) [PSYoungGen: 7081299K->15425K(7130624K)] 20065954K->13032230K(21257728K), 1.6164198 secs] [Times: user=2.03 sys=0.00, real=1.62 secs] 
2023-04-09T23:06:12.520+0000: 14137.940: [GC (Allocation Failure) [PSYoungGen: 7051841K->22081K(7058944K)] 20068646K->13038927K(21186048K), 1.5977117 secs] [Times: user=1.82 sys=0.00, real=1.60 secs] 
2023-04-09T23:06:16.000+0000: 14141.420: [GC (Allocation Failure) [PSYoungGen: 7058497K->28354K(7121920K)] 20075343K->13045263K(21249024K), 1.7440846 secs] [Times: user=1.98 sys=0.01, real=1.74 secs] 
2023-04-09T23:06:21.073+0000: 14146.492: [GC (Allocation Failure) [PSYoungGen: 7064770K->62465K(7125504K)] 20081679K->13082751K(21252608K), 1.5670916 secs] [Times: user=1.86 sys=0.00, real=1.56 secs] 
2023-04-09T23:06:26.104+0000: 14151.524: [GC (Allocation Failure) [PSYoungGen: 7098881K->65216K(7126016K)] 20119167K->13131014K(21253120K), 1.6127678 secs] [Times: user=1.95 sys=0.00, real=1.61 secs] 
2023-04-09T23:06:31.460+0000: 14156.880: [GC (Allocation Failure) [PSYoungGen: 7098048K->74890K(7129600K)] 20163846K->13199175K(21256704K), 1.6551226 secs] [Times: user=2.02 sys=0.01, real=1.66 secs] 
2023-04-09T23:07:01.437+0000: 14186.857: [GC (Allocation Failure) [PSYoungGen: 7107722K->50999K(7129088K)] 20232007K->13233701K(21256192K), 1.7316875 secs] [Times: user=2.02 sys=0.00, real=1.73 secs] 
2023-04-09T23:07:05.154+0000: 14190.574: [GC (Allocation Failure) [PSYoungGen: 7083831K->53692K(7086592K)] 20266533K->13276890K(21213696K), 1.6128173 secs] [Times: user=2.19 sys=0.01, real=1.61 secs] 
2023-04-09T23:07:08.608+0000: 14194.027: [GC (Allocation Failure) [PSYoungGen: 7086524K->23798K(7128576K)] 20309722K->13289475K(21255680K), 1.5717404 secs] [Times: user=2.03 sys=0.00, real=1.57 secs] 
2023-04-09T23:07:11.985+0000: 14197.405: [GC (Allocation Failure) [PSYoungGen: 7056630K->21057K(7054336K)] 20322307K->13295004K(21181440K), 1.7641242 secs] [Times: user=2.07 sys=0.00, real=1.76 secs] 
2023-04-09T23:07:16.207+0000: 14201.626: [GC (Allocation Failure) [PSYoungGen: 7053889K->14368K(7127552K)] 20327836K->13288348K(21254656K), 1.6777465 secs] [Times: user=2.03 sys=0.00, real=1.68 secs] 
2023-04-09T23:07:20.798+0000: 14206.218: [GC (Allocation Failure) [PSYoungGen: 7047200K->58241K(7127552K)] 20321180K->13332268K(21254656K), 1.5643143 secs] [Times: user=1.82 sys=0.01, real=1.57 secs] 
2023-04-09T23:07:25.911+0000: 14211.331: [GC (Allocation Failure) [PSYoungGen: 7091073K->75137K(7121408K)] 20365100K->13390364K(21248512K), 1.6248882 secs] [Times: user=2.02 sys=0.00, real=1.62 secs] 
2023-04-09T23:07:31.096+0000: 14216.516: [GC (Allocation Failure) [PSYoungGen: 7100801K->76657K(7128576K)] 20416028K->13459508K(21255680K), 1.6353103 secs] [Times: user=1.97 sys=0.01, real=1.64 secs] 
2023-04-09T23:08:01.138+0000: 14246.557: [GC (Allocation Failure) [PSYoungGen: 7102321K->54698K(7127552K)] 20485172K->13505109K(21254656K), 1.7101596 secs] [Times: user=2.14 sys=0.00, real=1.71 secs] 
2023-04-09T23:08:04.839+0000: 14250.259: [GC (Allocation Failure) [PSYoungGen: 7080362K->66302K(7131136K)] 20530773K->13565889K(21258240K), 1.5922373 secs] [Times: user=2.22 sys=0.00, real=1.60 secs] 
2023-04-09T23:08:08.174+0000: 14253.594: [GC (Allocation Failure) [PSYoungGen: 7091966K->51667K(7121408K)] 20591553K->13605478K(21248512K), 1.5921651 secs] [Times: user=2.05 sys=0.00, real=1.59 secs] 
2023-04-09T23:08:12.292+0000: 14257.712: [GC (Allocation Failure) [PSYoungGen: 7077331K->23617K(7126528K)] 20631142K->13588953K(21253632K), 1.6125166 secs] [Times: user=1.95 sys=0.00, real=1.61 secs] 
2023-04-09T23:08:15.758+0000: 14261.178: [GC (Allocation Failure) [PSYoungGen: 7049281K->16833K(7126528K)] 20614617K->13582208K(21253632K), 1.5714468 secs] [Times: user=1.83 sys=0.00, real=1.57 secs] 
2023-04-09T23:08:19.937+0000: 14265.357: [GC (Allocation Failure) [PSYoungGen: 7042497K->50785K(7076864K)] 20607872K->13617257K(21203968K), 1.5309776 secs] [Times: user=1.75 sys=0.00, real=1.53 secs] 
2023-04-09T23:08:25.353+0000: 14270.773: [GC (Allocation Failure) [PSYoungGen: 7076449K->74432K(7117312K)] 20642921K->13674328K(21244416K), 1.5725188 secs] [Times: user=1.89 sys=0.01, real=1.57 secs] 
2023-04-09T23:08:30.822+0000: 14276.242: [GC (Allocation Failure) [PSYoungGen: 7094464K->84577K(7122944K)] 20694360K->13754345K(21250048K), 1.7149552 secs] [Times: user=2.10 sys=0.00, real=1.71 secs] 
2023-04-09T23:08:36.166+0000: 14281.586: [GC (Allocation Failure) [PSYoungGen: 7104609K->74123K(7129088K)] 20774377K->13813610K(21256192K), 1.5566616 secs] [Times: user=1.91 sys=0.01, real=1.56 secs] 
2023-04-09T23:09:01.873+0000: 14307.293: [GC (Allocation Failure) [PSYoungGen: 7092107K->36293K(7054336K)] 20831594K->13845772K(21181440K), 1.7377472 secs] [Times: user=2.10 sys=0.00, real=1.74 secs] 
2023-04-09T23:09:05.311+0000: 14310.730: [GC (Allocation Failure) [PSYoungGen: 7054277K->42802K(7120384K)] 20863756K->13874706K(21247488K), 1.7004040 secs] [Times: user=2.20 sys=0.00, real=1.70 secs] 
2023-04-09T23:09:09.314+0000: 14314.734: [GC (Allocation Failure) [PSYoungGen: 7060786K->24737K(7043072K)] 20892690K->13886690K(21170176K), 1.8018657 secs] [Times: user=2.23 sys=0.00, real=1.80 secs] 
2023-04-09T23:09:12.916+0000: 14318.336: [GC (Allocation Failure) [PSYoungGen: 7042721K->33762K(7117312K)] 20904674K->13895771K(21244416K), 1.5972954 secs] [Times: user=1.88 sys=0.00, real=1.60 secs] 
2023-04-09T23:09:16.330+0000: 14321.750: [GC (Allocation Failure) [PSYoungGen: 7051746K->13888K(7120384K)] 20913755K->13875929K(21247488K), 1.6145595 secs] [Times: user=2.00 sys=0.00, real=1.62 secs] 
2023-04-09T23:09:21.225+0000: 14326.645: [GC (Allocation Failure) [PSYoungGen: 7031872K->73057K(7115264K)] 20893913K->13935562K(21242368K), 1.5843273 secs] [Times: user=1.91 sys=0.01, real=1.58 secs] 
2023-04-09T23:09:26.686+0000: 14332.106: [GC (Allocation Failure) [PSYoungGen: 7085921K->80542K(7120384K)] 20948426K->14003207K(21247488K), 1.8464920 secs] [Times: user=2.17 sys=0.02, real=1.85 secs] 
2023-04-09T23:10:00.807+0000: 14366.227: [GC (Allocation Failure) [PSYoungGen: 7093406K->56481K(7119360K)] 21016071K->14055106K(21246464K), 1.8008568 secs] [Times: user=2.19 sys=0.04, real=1.80 secs] 
2023-04-09T23:10:05.270+0000: 14370.690: [GC (Allocation Failure) [PSYoungGen: 7069345K->58066K(7071232K)] 21067970K->14109435K(21198336K), 1.8705596 secs] [Times: user=2.71 sys=0.02, real=1.88 secs] 
2023-04-09T23:10:07.140+0000: 14372.560: [Full GC (Ergonomics) [PSYoungGen: 58066K->0K(7071232K)] [ParOldGen: 14051368K->12565489K(14357504K)] 14109435K->12565489K(21428736K), [Metaspace: 131003K->131003K(141312K)], 7.5869255 secs] [Times: user=57.49 sys=0.09, real=7.58 secs] 
2023-04-09T23:10:16.504+0000: 14381.923: [GC (Allocation Failure) [PSYoungGen: 7012864K->41585K(7114240K)] 19578353K->12607075K(21471744K), 1.6173895 secs] [Times: user=2.08 sys=0.00, real=1.62 secs] 
2023-04-09T23:10:19.878+0000: 14385.297: [GC (Allocation Failure) [PSYoungGen: 7055473K->14912K(7116800K)] 19620963K->12605261K(21474304K), 1.6494481 secs] [Times: user=2.03 sys=0.00, real=1.65 secs] 
2023-04-09T23:10:23.459+0000: 14388.879: [GC (Allocation Failure) [PSYoungGen: 7028800K->25281K(7113728K)] 19619149K->12615654K(21471232K), 1.8009615 secs] [Times: user=2.06 sys=0.00, real=1.80 secs] 
2023-04-09T23:10:27.245+0000: 14392.664: [GC (Allocation Failure) [PSYoungGen: 7039169K->26785K(7041024K)] 19629542K->12617190K(21398528K), 1.6162104 secs] [Times: user=1.84 sys=0.01, real=1.62 secs] 
2023-04-09T23:10:30.709+0000: 14396.129: [GC (Allocation Failure) [PSYoungGen: 7040673K->25153K(7115776K)] 19631078K->12615598K(21473280K), 1.6065037 secs] [Times: user=1.78 sys=0.01, real=1.61 secs] 
2023-04-09T23:10:34.131+0000: 14399.551: [GC (Allocation Failure) [PSYoungGen: 7041601K->30850K(7047680K)] 19632046K->12624415K(21405184K), 1.5554875 secs] [Times: user=1.73 sys=0.00, real=1.55 secs] 
2023-04-09T23:10:38.491+0000: 14403.911: [GC (Allocation Failure) [PSYoungGen: 7047298K->59713K(7107072K)] 19640863K->12653302K(21464576K), 1.5429613 secs] [Times: user=1.74 sys=0.01, real=1.54 secs] 
2023-04-09T23:10:44.211+0000: 14409.631: [GC (Allocation Failure) [PSYoungGen: 7074113K->81569K(7109120K)] 19667702K->12715525K(21466624K), 1.8836792 secs] [Times: user=2.23 sys=0.00, real=1.88 secs] 
2023-04-09T23:10:49.733+0000: 14415.152: [GC (Allocation Failure) [PSYoungGen: 7095969K->85238K(7109632K)] 19729925K->12793298K(21467136K), 1.5579820 secs] [Times: user=1.87 sys=0.01, real=1.56 secs] 
2023-04-09T23:11:00.536+0000: 14425.956: [GC (Allocation Failure) [PSYoungGen: 7090934K->61406K(7067136K)] 19798994K->12843715K(21424640K), 1.7025293 secs] [Times: user=2.02 sys=0.00, real=1.70 secs] 
2023-04-09T23:11:05.232+0000: 14430.652: [GC (Allocation Failure) [PSYoungGen: 7067102K->51899K(7107072K)] 19849411K->12895367K(21464576K), 1.6388620 secs] [Times: user=2.13 sys=0.00, real=1.64 secs] 
2023-04-09T23:11:08.588+0000: 14434.008: [GC (Allocation Failure) [PSYoungGen: 7058619K->37561K(7044608K)] 19902087K->12902782K(21402112K), 1.6067008 secs] [Times: user=2.03 sys=0.00, real=1.61 secs] 
2023-04-09T23:11:12.044+0000: 14437.463: [GC (Allocation Failure) [PSYoungGen: 7044281K->14689K(7107584K)] 19909502K->12899175K(21465088K), 1.6471478 secs] [Times: user=1.98 sys=0.01, real=1.65 secs] 
2023-04-09T23:11:15.430+0000: 14440.850: [GC (Allocation Failure) [PSYoungGen: 7020385K->24129K(7030272K)] 19904871K->12908640K(21387776K), 1.5558221 secs] [Times: user=1.79 sys=0.00, real=1.56 secs] 
2023-04-09T23:11:19.036+0000: 14444.456: [GC (Allocation Failure) [PSYoungGen: 7029825K->26049K(7109120K)] 19914336K->12910599K(21466624K), 1.5481002 secs] [Times: user=1.71 sys=0.00, real=1.55 secs] 
2023-04-09T23:11:24.764+0000: 14450.184: [GC (Allocation Failure) [PSYoungGen: 7034305K->88737K(7106560K)] 19918855K->12985216K(21464064K), 1.6160444 secs] [Times: user=1.89 sys=0.00, real=1.61 secs] 
2023-04-09T23:11:29.852+0000: 14455.271: [GC (Allocation Failure) [PSYoungGen: 7096993K->87105K(7109632K)] 19993472K->13057719K(21467136K), 1.5623629 secs] [Times: user=1.89 sys=0.01, real=1.56 secs] 
2023-04-09T23:11:35.321+0000: 14460.741: [GC (Allocation Failure) [PSYoungGen: 7086657K->81872K(7118336K)] 20057271K->13126455K(21475840K), 1.5768159 secs] [Times: user=1.87 sys=0.01, real=1.57 secs] 
2023-04-09T23:12:02.264+0000: 14487.684: [GC (Allocation Failure) [PSYoungGen: 7081424K->39090K(7113728K)] 20126007K->13157824K(21471232K), 1.8195068 secs] [Times: user=2.12 sys=0.00, real=1.82 secs] 
2023-04-09T23:12:05.890+0000: 14491.310: [GC (Allocation Failure) [PSYoungGen: 7038642K->33928K(7033856K)] 20157376K->13176278K(21391360K), 1.6402754 secs] [Times: user=2.20 sys=0.00, real=1.65 secs] 
2023-04-09T23:12:09.318+0000: 14494.738: [GC (Allocation Failure) [PSYoungGen: 7033480K->24679K(7117312K)] 20175830K->13187517K(21474816K), 1.5759329 secs] [Times: user=1.96 sys=0.00, real=1.58 secs] 
2023-04-09T23:12:12.676+0000: 14498.096: [GC (Allocation Failure) [PSYoungGen: 7026279K->15137K(7016960K)] 20189117K->13188800K(21374464K), 1.5478270 secs] [Times: user=1.75 sys=0.01, real=1.55 secs] 
2023-04-09T23:12:15.944+0000: 14501.364: [GC (Allocation Failure) [PSYoungGen: 7016737K->15553K(7116288K)] 20190400K->13189248K(21473792K), 1.5299433 secs] [Times: user=1.71 sys=0.01, real=1.53 secs] 
2023-04-09T23:12:20.930+0000: 14506.350: [GC (Allocation Failure) [PSYoungGen: 7019201K->75266K(7114240K)] 20192896K->13249393K(21471744K), 1.7232878 secs] [Times: user=2.01 sys=0.00, real=1.73 secs] 
2023-04-09T23:12:25.889+0000: 14511.309: [GC (Allocation Failure) [PSYoungGen: 7078914K->75329K(7115776K)] 20253041K->13297904K(21473280K), 1.5237780 secs] [Times: user=1.82 sys=0.00, real=1.53 secs] 
2023-04-09T23:12:30.874+0000: 14516.293: [GC (Allocation Failure) [PSYoungGen: 7074881K->64895K(7064576K)] 20297456K->13350478K(21422080K), 1.5924276 secs] [Times: user=1.85 sys=0.01, real=1.59 secs] 
2023-04-09T23:13:01.910+0000: 14547.329: [GC (Allocation Failure) [PSYoungGen: 7064447K->34814K(7110656K)] 20350030K->13383733K(21468160K), 1.6277820 secs] [Times: user=1.99 sys=0.00, real=1.63 secs] 
2023-04-09T23:13:05.322+0000: 14550.742: [GC (Allocation Failure) [PSYoungGen: 7034366K->35423K(7035392K)] 20383285K->13403574K(21392896K), 1.7000638 secs] [Times: user=2.18 sys=0.00, real=1.70 secs] 
2023-04-09T23:13:08.846+0000: 14554.266: [GC (Allocation Failure) [PSYoungGen: 7034975K->16929K(7111168K)] 20403126K->13405898K(21468672K), 1.5898392 secs] [Times: user=1.96 sys=0.00, real=1.59 secs] 
2023-04-09T23:13:12.254+0000: 14557.674: [GC (Allocation Failure) [PSYoungGen: 7017505K->24993K(7025664K)] 20406474K->13414011K(21383168K), 1.5781913 secs] [Times: user=1.82 sys=0.00, real=1.58 secs] 
2023-04-09T23:13:15.746+0000: 14561.166: [GC (Allocation Failure) [PSYoungGen: 7025569K->27618K(7110144K)] 20414587K->13416659K(21467648K), 1.8803474 secs] [Times: user=2.09 sys=0.00, real=1.88 secs] 
2023-04-09T23:13:20.841+0000: 14566.261: [GC (Allocation Failure) [PSYoungGen: 7031778K->74785K(7106560K)] 20420819K->13464370K(21464064K), 1.5567834 secs] [Times: user=1.86 sys=0.01, real=1.55 secs] 
2023-04-09T23:13:25.492+0000: 14570.911: [GC (Allocation Failure) [PSYoungGen: 7078945K->89217K(7102464K)] 20468530K->13540370K(21459968K), 1.5334969 secs] [Times: user=1.86 sys=0.00, real=1.53 secs] 
2023-04-09T23:14:00.158+0000: 14605.578: [GC (Allocation Failure) [PSYoungGen: 7083137K->66456K(7060480K)] 20534290K->13592897K(21417984K), 1.6974582 secs] [Times: user=2.16 sys=0.01, real=1.70 secs] 
2023-04-09T23:14:03.689+0000: 14609.108: [GC (Allocation Failure) [PSYoungGen: 7060376K->40865K(7101952K)] 20586817K->13638050K(21459456K), 1.6163132 secs] [Times: user=2.20 sys=0.01, real=1.62 secs] 
2023-04-09T23:14:07.073+0000: 14612.493: [GC (Allocation Failure) [PSYoungGen: 7034785K->29969K(7024128K)] 20631970K->13650914K(21381632K), 1.6054629 secs] [Times: user=2.10 sys=0.00, real=1.60 secs] 
2023-04-09T23:14:10.494+0000: 14615.913: [GC (Allocation Failure) [PSYoungGen: 7023889K->16897K(7105024K)] 20644834K->13654407K(21462528K), 1.5930263 secs] [Times: user=1.82 sys=0.01, real=1.59 secs] 
2023-04-09T23:14:14.662+0000: 14620.082: [GC (Allocation Failure) [PSYoungGen: 7011841K->23265K(7018496K)] 20649351K->13660800K(21376000K), 1.6332038 secs] [Times: user=1.92 sys=0.00, real=1.63 secs] 
2023-04-09T23:14:18.213+0000: 14623.633: [GC (Allocation Failure) [PSYoungGen: 7018209K->19041K(7104000K)] 20655744K->13656607K(21461504K), 1.6046899 secs] [Times: user=1.77 sys=0.00, real=1.60 secs] 
2023-04-09T23:14:22.928+0000: 14628.348: [GC (Allocation Failure) [PSYoungGen: 7016545K->77346K(7101440K)] 20654111K->13717592K(21458944K), 1.5630658 secs] [Times: user=1.84 sys=0.00, real=1.57 secs] 
2023-04-09T23:14:27.622+0000: 14633.041: [GC (Allocation Failure) [PSYoungGen: 7074850K->63200K(7108608K)] 20715096K->13758135K(21466112K), 1.5559473 secs] [Times: user=1.86 sys=0.00, real=1.55 secs] 
2023-04-09T23:15:01.184+0000: 14666.604: [GC (Allocation Failure) [PSYoungGen: 7060192K->40485K(7037952K)] 20755127K->13791819K(21395456K), 1.7686056 secs] [Times: user=2.17 sys=0.00, real=1.77 secs] 
2023-04-09T23:15:04.873+0000: 14670.293: [GC (Allocation Failure) [PSYoungGen: 7037477K->37792K(7107584K)] 20788811K->13815727K(21465088K), 1.6593854 secs] [Times: user=2.04 sys=0.01, real=1.66 secs] 
2023-04-09T23:15:08.178+0000: 14673.598: [GC (Allocation Failure) [PSYoungGen: 7039392K->31817K(7033856K)] 20817327K->13832927K(21391360K), 1.7599185 secs] [Times: user=2.25 sys=0.00, real=1.76 secs] 
2023-04-09T23:15:11.984+0000: 14677.404: [GC (Allocation Failure) [PSYoungGen: 7033417K->27298K(7101952K)] 20834527K->13846334K(21459456K), 1.6231812 secs] [Times: user=2.12 sys=0.00, real=1.62 secs] 
2023-04-09T23:15:15.297+0000: 14680.717: [GC (Allocation Failure) [PSYoungGen: 7031458K->15233K(7019520K)] 20850494K->13834301K(21377024K), 1.5596201 secs] [Times: user=1.81 sys=0.00, real=1.56 secs] 
2023-04-09T23:15:18.641+0000: 14684.061: [GC (Allocation Failure) [PSYoungGen: 7019393K->24545K(7101440K)] 20838461K->13846734K(21458944K), 1.5376703 secs] [Times: user=1.74 sys=0.00, real=1.53 secs] 
2023-04-09T23:15:21.984+0000: 14687.404: [GC (Allocation Failure) [PSYoungGen: 7031777K->23393K(7030784K)] 20853966K->13848686K(21388288K), 1.5486675 secs] [Times: user=1.80 sys=0.00, real=1.55 secs] 
2023-04-09T23:15:25.266+0000: 14690.686: [GC (Allocation Failure) [PSYoungGen: 7030625K->14369K(7096832K)] 20855918K->13840709K(21454336K), 1.5719087 secs] [Times: user=1.73 sys=0.01, real=1.57 secs] 
2023-04-09T23:15:30.924+0000: 14696.344: [GC (Allocation Failure) [PSYoungGen: 7023137K->72673K(7095296K)] 20849477K->13899054K(21452800K), 1.7799450 secs] [Times: user=2.06 sys=0.00, real=1.78 secs] 
2023-04-09T23:15:36.245+0000: 14701.665: [GC (Allocation Failure) [PSYoungGen: 7081441K->81091K(7094272K)] 20907822K->13963376K(21451776K), 1.5609277 secs] [Times: user=1.92 sys=0.00, real=1.56 secs] 
2023-04-09T23:16:00.432+0000: 14725.852: [GC (Allocation Failure) [PSYoungGen: 7079619K->56665K(7055360K)] 20961904K->14009902K(21412864K), 1.6634978 secs] [Times: user=2.00 sys=0.00, real=1.66 secs] 
2023-04-09T23:16:03.906+0000: 14729.326: [GC (Allocation Failure) [PSYoungGen: 7055193K->39064K(7108608K)] 21008430K->14050477K(21466112K), 1.6442205 secs] [Times: user=2.08 sys=0.01, real=1.64 secs] 
2023-04-09T23:16:07.458+0000: 14732.877: [GC (Allocation Failure) [PSYoungGen: 7042712K->29099K(7032832K)] 21054125K->14061911K(21390336K), 1.9226196 secs] [Times: user=2.36 sys=0.00, real=1.93 secs] 
2023-04-09T23:16:11.094+0000: 14736.514: [GC (Allocation Failure) [PSYoungGen: 7032747K->20225K(7101440K)] 21065559K->14067345K(21458944K), 1.5783370 secs] [Times: user=1.94 sys=0.00, real=1.58 secs] 
2023-04-09T23:16:14.412+0000: 14739.832: [GC (Allocation Failure) [PSYoungGen: 7025409K->23169K(7028736K)] 21072529K->14070312K(21386240K), 1.5540250 secs] [Times: user=1.78 sys=0.01, real=1.55 secs] 
2023-04-09T23:16:18.168+0000: 14743.588: [GC (Allocation Failure) [PSYoungGen: 7028353K->38914K(7102464K)] 21075496K->14086114K(21459968K), 1.6200632 secs] [Times: user=2.05 sys=0.01, real=1.62 secs] 
2023-04-09T23:16:22.902+0000: 14748.322: [GC (Allocation Failure) [PSYoungGen: 7049218K->75041K(7097344K)] 21096418K->14130808K(21454848K), 1.5350723 secs] [Times: user=1.81 sys=0.01, real=1.53 secs] 
2023-04-09T23:16:28.142+0000: 14753.562: [GC (Allocation Failure) [PSYoungGen: 7085345K->68928K(7101440K)] 21141112K->14187864K(21458944K), 1.6202593 secs] [Times: user=1.92 sys=0.04, real=1.62 secs] 
2023-04-09T23:16:33.135+0000: 14758.555: [GC (Allocation Failure) [PSYoungGen: 7074624K->68313K(7106048K)] 21193560K->14250576K(21463552K), 1.5781717 secs] [Times: user=1.92 sys=0.05, real=1.58 secs] 
2023-04-09T23:17:01.380+0000: 14786.800: [GC (Allocation Failure) [PSYoungGen: 7074009K->40804K(7100416K)] 21256272K->14286244K(21457920K), 1.7272871 secs] [Times: user=2.12 sys=0.03, real=1.73 secs] 
2023-04-09T23:17:05.717+0000: 14791.137: [GC (Allocation Failure) [PSYoungGen: 7046500K->33698K(7039488K)] 21291940K->14309831K(21396992K), 1.9055932 secs] [Times: user=2.53 sys=0.01, real=1.91 secs] 
2023-04-09T23:17:07.623+0000: 14793.042: [Full GC (Ergonomics) [PSYoungGen: 33698K->0K(7039488K)] [ParOldGen: 14276132K->12786456K(14585344K)] 14309831K->12786456K(21624832K), [Metaspace: 131011K->131011K(141312K)], 7.5417832 secs] [Times: user=57.84 sys=0.06, real=7.54 secs] 
2023-04-09T23:17:16.866+0000: 14802.286: [GC (Allocation Failure) [PSYoungGen: 7005696K->18721K(7101952K)] 19792152K->12805177K(21687296K), 1.5778021 secs] [Times: user=1.78 sys=0.00, real=1.58 secs] 
2023-04-09T23:17:20.168+0000: 14805.588: [GC (Allocation Failure) [PSYoungGen: 7024929K->16321K(7101440K)] 19811385K->12803073K(21686784K), 1.5968627 secs] [Times: user=1.73 sys=0.00, real=1.60 secs] 
2023-04-09T23:17:23.660+0000: 14809.080: [GC (Allocation Failure) [PSYoungGen: 7022529K->38659K(7186944K)] 19809281K->12825459K(21772288K), 1.8455603 secs] [Times: user=2.05 sys=0.02, real=1.85 secs] 
2023-04-09T23:17:29.122+0000: 14814.541: [GC (Allocation Failure) [PSYoungGen: 7141123K->64449K(7191552K)] 19927923K->12853369K(21776896K), 1.5692787 secs] [Times: user=1.78 sys=0.01, real=1.57 secs] 
2023-04-09T23:17:34.490+0000: 14819.909: [GC (Allocation Failure) [PSYoungGen: 7166913K->93281K(7198720K)] 19955833K->12941514K(21784064K), 1.5258703 secs] [Times: user=1.81 sys=0.04, real=1.53 secs] 
2023-04-09T23:18:00.360+0000: 14845.780: [GC (Allocation Failure) [PSYoungGen: 7198305K->68876K(7212544K)] 20046538K->13000693K(21797888K), 1.6951007 secs] [Times: user=2.01 sys=0.00, real=1.69 secs] 
2023-04-09T23:18:04.888+0000: 14850.308: [GC (Allocation Failure) [PSYoungGen: 7173900K->36672K(7206400K)] 20105717K->13040922K(21791744K), 1.7022139 secs] [Times: user=2.24 sys=0.00, real=1.71 secs] 
2023-04-09T23:18:08.270+0000: 14853.690: [GC (Allocation Failure) [PSYoungGen: 7141696K->37174K(7142400K)] 20145946K->13063071K(21727744K), 1.5742155 secs] [Times: user=2.07 sys=0.00, real=1.58 secs] 
2023-04-09T23:18:11.552+0000: 14856.972: [GC (Allocation Failure) [PSYoungGen: 7142198K->20161K(7207936K)] 20168095K->13061805K(21793280K), 1.5705050 secs] [Times: user=1.87 sys=0.00, real=1.57 secs] 
2023-04-09T23:18:14.837+0000: 14860.257: [GC (Allocation Failure) [PSYoungGen: 7126209K->16001K(7122432K)] 20167853K->13057669K(21707776K), 1.6207841 secs] [Times: user=1.75 sys=0.00, real=1.62 secs] 
2023-04-09T23:18:18.510+0000: 14863.930: [GC (Allocation Failure) [PSYoungGen: 7122049K->45826K(7209984K)] 20163717K->13087535K(21795328K), 1.5303220 secs] [Times: user=1.79 sys=0.00, real=1.54 secs] 
2023-04-09T23:18:23.799+0000: 14869.219: [GC (Allocation Failure) [PSYoungGen: 7155970K->74432K(7205888K)] 20197679K->13128637K(21791232K), 1.6560047 secs] [Times: user=1.89 sys=0.01, real=1.66 secs] 
2023-04-09T23:18:28.663+0000: 14874.082: [GC (Allocation Failure) [PSYoungGen: 7184576K->84321K(7203840K)] 20238781K->13208086K(21789184K), 1.5296093 secs] [Times: user=1.83 sys=0.01, real=1.53 secs] 
2023-04-09T23:19:01.099+0000: 14906.519: [GC (Allocation Failure) [PSYoungGen: 7185761K->52427K(7154176K)] 20309526K->13245127K(21739520K), 1.8492002 secs] [Times: user=2.24 sys=0.00, real=1.85 secs] 
2023-04-09T23:19:04.912+0000: 14910.332: [GC (Allocation Failure) [PSYoungGen: 7153867K->39787K(7212032K)] 20346567K->13281351K(21797376K), 1.6741259 secs] [Times: user=2.40 sys=0.00, real=1.67 secs] 
2023-04-09T23:19:08.310+0000: 14913.730: [GC (Allocation Failure) [PSYoungGen: 7145323K->30518K(7136256K)] 20386887K->13292322K(21721600K), 1.5751411 secs] [Times: user=2.08 sys=0.00, real=1.57 secs] 
2023-04-09T23:19:11.618+0000: 14917.037: [GC (Allocation Failure) [PSYoungGen: 7136054K->19169K(7205888K)] 20397858K->13298329K(21791232K), 1.5381892 secs] [Times: user=1.88 sys=0.00, real=1.54 secs] 
2023-04-09T23:19:14.964+0000: 14920.384: [GC (Allocation Failure) [PSYoungGen: 7125217K->27265K(7133696K)] 20404377K->13308513K(21719040K), 1.5646441 secs] [Times: user=1.72 sys=0.00, real=1.56 secs] 
2023-04-09T23:19:19.086+0000: 14924.506: [GC (Allocation Failure) [PSYoungGen: 7133313K->34337K(7206912K)] 20414561K->13316657K(21792256K), 1.7827387 secs] [Times: user=2.05 sys=0.00, real=1.78 secs] 
2023-04-09T23:19:24.482+0000: 14929.902: [GC (Allocation Failure) [PSYoungGen: 7144481K->87010K(7202816K)] 20426801K->13391082K(21788160K), 1.5729937 secs] [Times: user=1.82 sys=0.01, real=1.57 secs] 
2023-04-09T23:19:29.869+0000: 14935.289: [GC (Allocation Failure) [PSYoungGen: 7197154K->73857K(7209984K)] 20501226K->13445321K(21795328K), 1.5287733 secs] [Times: user=1.83 sys=0.01, real=1.53 secs] 
2023-04-09T23:20:00.244+0000: 14965.664: [GC (Allocation Failure) [PSYoungGen: 7179393K->57569K(7163392K)] 20550857K->13496185K(21748736K), 1.6805131 secs] [Times: user=2.01 sys=0.00, real=1.68 secs] 
2023-04-09T23:20:04.021+0000: 14969.441: [GC (Allocation Failure) [PSYoungGen: 7163105K->40834K(7215616K)] 20601721K->13539474K(21800960K), 1.6776200 secs] [Times: user=2.14 sys=0.00, real=1.67 secs] 
2023-04-09T23:20:07.377+0000: 14972.797: [GC (Allocation Failure) [PSYoungGen: 7150466K->42201K(7152128K)] 20649106K->13564362K(21737472K), 1.5848164 secs] [Times: user=2.02 sys=0.01, real=1.59 secs] 
2023-04-09T23:20:10.760+0000: 14976.180: [GC (Allocation Failure) [PSYoungGen: 7151833K->13952K(7206400K)] 20673994K->13559866K(21791744K), 1.5862430 secs] [Times: user=1.93 sys=0.00, real=1.59 secs] 
2023-04-09T23:20:14.575+0000: 14979.995: [GC (Allocation Failure) [PSYoungGen: 7122560K->21121K(7130112K)] 20668474K->13567115K(21715456K), 1.7713782 secs] [Times: user=1.94 sys=0.00, real=1.77 secs] 
2023-04-09T23:20:18.426+0000: 14983.846: [GC (Allocation Failure) [PSYoungGen: 7129729K->25890K(7208448K)] 20675723K->13571923K(21793792K), 1.5791511 secs] [Times: user=1.80 sys=0.00, real=1.58 secs] 
2023-04-09T23:20:21.791+0000: 14987.210: [GC (Allocation Failure) [PSYoungGen: 7137058K->28450K(7139840K)] 20683091K->13574523K(21725184K), 1.5832949 secs] [Times: user=1.78 sys=0.00, real=1.58 secs] 
2023-04-09T23:20:25.178+0000: 14990.598: [GC (Allocation Failure) [PSYoungGen: 7139618K->13920K(7202816K)] 20685691K->13561050K(21788160K), 1.5347102 secs] [Times: user=1.73 sys=0.00, real=1.54 secs] 
2023-04-09T23:20:29.388+0000: 14994.808: [GC (Allocation Failure) [PSYoungGen: 7125600K->45345K(7157248K)] 20672730K->13593539K(21742592K), 1.5263405 secs] [Times: user=1.73 sys=0.00, real=1.53 secs] 
2023-04-09T23:20:35.148+0000: 15000.568: [GC (Allocation Failure) [PSYoungGen: 7157025K->88034K(7186944K)] 20705219K->13665171K(21772288K), 1.7322612 secs] [Times: user=1.99 sys=0.01, real=1.74 secs] 
2023-04-09T23:20:40.658+0000: 15006.078: [GC (Allocation Failure) [PSYoungGen: 7186402K->91090K(7200256K)] 20763539K->13737948K(21785600K), 1.5551189 secs] [Times: user=1.90 sys=0.01, real=1.56 secs] 
2023-04-09T23:21:00.461+0000: 15025.881: [GC (Allocation Failure) [PSYoungGen: 7189458K->59856K(7204352K)] 20836316K->13776482K(21789696K), 1.9125379 secs] [Times: user=2.22 sys=0.01, real=1.91 secs] 
2023-04-09T23:21:04.388+0000: 15029.807: [GC (Allocation Failure) [PSYoungGen: 7158224K->70027K(7209984K)] 20874850K->13847341K(21795328K), 1.6688687 secs] [Times: user=2.26 sys=0.00, real=1.67 secs] 
2023-04-09T23:21:07.876+0000: 15033.296: [GC (Allocation Failure) [PSYoungGen: 7168395K->39031K(7203328K)] 20945709K->13876641K(21788672K), 1.5997640 secs] [Times: user=2.16 sys=0.00, real=1.60 secs] 
2023-04-09T23:21:11.207+0000: 15036.627: [GC (Allocation Failure) [PSYoungGen: 7137399K->28098K(7126528K)] 20975009K->13890560K(21711872K), 1.7564907 secs] [Times: user=2.14 sys=0.01, real=1.76 secs] 
2023-04-09T23:21:15.176+0000: 15040.596: [GC (Allocation Failure) [PSYoungGen: 7126466K->18913K(7206400K)] 20988928K->13881407K(21791744K), 1.6322933 secs] [Times: user=1.89 sys=0.01, real=1.63 secs] 
2023-04-09T23:21:19.184+0000: 15044.603: [GC (Allocation Failure) [PSYoungGen: 7118305K->42466K(7141888K)] 20980799K->13905008K(21727232K), 1.5726345 secs] [Times: user=1.82 sys=0.01, real=1.57 secs] 
2023-04-09T23:21:24.218+0000: 15049.638: [GC (Allocation Failure) [PSYoungGen: 7141858K->81505K(7191552K)] 21004400K->13961623K(21776896K), 1.6472577 secs] [Times: user=1.92 sys=0.00, real=1.65 secs] 
2023-04-09T23:21:29.407+0000: 15054.827: [GC (Allocation Failure) [PSYoungGen: 7172705K->88257K(7199744K)] 21052823K->14042671K(21785088K), 1.6286143 secs] [Times: user=2.06 sys=0.01, real=1.63 secs] 
2023-04-09T23:22:00.990+0000: 15086.409: [GC (Allocation Failure) [PSYoungGen: 7179457K->57432K(7199232K)] 21133871K->14085990K(21784576K), 1.6958299 secs] [Times: user=2.06 sys=0.01, real=1.70 secs] 
2023-04-09T23:22:04.496+0000: 15089.916: [GC (Allocation Failure) [PSYoungGen: 7148632K->67662K(7159296K)] 21177190K->14150460K(21744640K), 1.5939399 secs] [Times: user=2.16 sys=0.00, real=1.60 secs] 
2023-04-09T23:22:07.821+0000: 15093.241: [GC (Allocation Failure) [PSYoungGen: 7158862K->27345K(7204352K)] 21241660K->14169671K(21789696K), 1.6441978 secs] [Times: user=2.15 sys=0.00, real=1.64 secs] 
2023-04-09T23:22:11.930+0000: 15097.350: [GC (Allocation Failure) [PSYoungGen: 7119569K->14272K(7203328K)] 21261895K->14165647K(21788672K), 1.6100074 secs] [Times: user=2.02 sys=0.00, real=1.61 secs] 
2023-04-09T23:22:15.373+0000: 15100.793: [GC (Allocation Failure) [PSYoungGen: 7106496K->15169K(7201792K)] 21257871K->14166583K(21787136K), 1.5820144 secs] [Times: user=1.81 sys=0.00, real=1.58 secs] 
2023-04-09T23:22:19.711+0000: 15105.130: [GC (Allocation Failure) [PSYoungGen: 7107393K->47105K(7139840K)] 21258807K->14198551K(21725184K), 1.5430873 secs] [Times: user=1.82 sys=0.00, real=1.54 secs] 
2023-04-09T23:22:25.190+0000: 15110.610: [GC (Allocation Failure) [PSYoungGen: 7139329K->97665K(7183360K)] 21290775K->14285856K(21768704K), 1.5372686 secs] [Times: user=1.86 sys=0.01, real=1.53 secs] 
2023-04-09T23:22:31.496+0000: 15116.916: [GC (Allocation Failure) [PSYoungGen: 7176065K->87264K(7197184K)] 21364256K->14359183K(21782528K), 1.6322589 secs] [Times: user=1.92 sys=0.01, real=1.63 secs] 
2023-04-09T23:23:00.472+0000: 15145.891: [GC (Allocation Failure) [PSYoungGen: 7165664K->65979K(7198720K)] 21437583K->14422050K(21784064K), 1.6879019 secs] [Times: user=2.08 sys=0.07, real=1.68 secs] 
2023-04-09T23:23:03.932+0000: 15149.351: [GC (Allocation Failure) [PSYoungGen: 7144379K->36270K(7114752K)] 21500450K->14460284K(21700096K), 1.5954625 secs] [Times: user=2.04 sys=0.05, real=1.59 secs] 
2023-04-09T23:23:07.784+0000: 15153.204: [GC (Allocation Failure) [PSYoungGen: 7114670K->47634K(7203328K)] 21538684K->14491945K(21788672K), 1.7040228 secs] [Times: user=2.49 sys=0.01, real=1.70 secs] 
2023-04-09T23:23:11.183+0000: 15156.603: [GC (Allocation Failure) [PSYoungGen: 7131666K->19009K(7103488K)] 21575977K->14479106K(21688832K), 1.5589730 secs] [Times: user=1.85 sys=0.01, real=1.56 secs] 
2023-04-09T23:23:14.521+0000: 15159.941: [GC (Allocation Failure) [PSYoungGen: 7103041K->22881K(7198720K)] 21563138K->14483018K(21784064K), 1.6236974 secs] [Times: user=1.84 sys=0.00, real=1.62 secs] 
2023-04-09T23:23:18.328+0000: 15163.748: [GC (Allocation Failure) [PSYoungGen: 7108449K->33601K(7119360K)] 21568586K->14493770K(21704704K), 1.5162228 secs] [Times: user=1.75 sys=0.01, real=1.52 secs] 
2023-04-09T23:23:23.526+0000: 15168.946: [GC (Allocation Failure) [PSYoungGen: 7119169K->81057K(7185408K)] 21579338K->14556394K(21770752K), 1.5473667 secs] [Times: user=1.86 sys=0.02, real=1.55 secs] 
2023-04-09T23:23:29.203+0000: 15174.623: [GC (Allocation Failure) [PSYoungGen: 7159457K->76768K(7192576K)] 21634794K->14618033K(21777920K), 1.5789791 secs] [Times: user=1.92 sys=0.04, real=1.58 secs] 
2023-04-09T23:23:30.783+0000: 15176.202: [Full GC (Ergonomics) [PSYoungGen: 76768K->0K(7192576K)] [ParOldGen: 14541264K->12985543K(14819328K)] 14618033K->12985543K(22011904K), [Metaspace: 131015K->131015K(141312K)], 7.5922059 secs] [Times: user=58.13 sys=0.04, real=7.59 secs] 
2023-04-09T23:24:01.403+0000: 15206.822: [GC (Allocation Failure) [PSYoungGen: 7078400K->35812K(7199744K)] 20063943K->13021355K(22019072K), 1.7967839 secs] [Times: user=2.16 sys=0.00, real=1.79 secs] 
2023-04-09T23:24:06.084+0000: 15211.504: [GC (Allocation Failure) [PSYoungGen: 7117796K->39034K(7196160K)] 20103339K->13051800K(22015488K), 1.6126750 secs] [Times: user=2.30 sys=0.00, real=1.61 secs] 
2023-04-09T23:24:09.612+0000: 15215.032: [GC (Allocation Failure) [PSYoungGen: 7121018K->15617K(7287808K)] 20133784K->13053842K(22107136K), 1.6547406 secs] [Times: user=1.98 sys=0.01, real=1.65 secs] 
2023-04-09T23:24:13.108+0000: 15218.528: [GC (Allocation Failure) [PSYoungGen: 7193857K->26690K(7287296K)] 20232082K->13064947K(22106624K), 1.5605959 secs] [Times: user=1.75 sys=0.00, real=1.56 secs] 
2023-04-09T23:24:16.489+0000: 15221.909: [GC (Allocation Failure) [PSYoungGen: 7204930K->19105K(7298560K)] 20243187K->13057442K(22117888K), 1.5522237 secs] [Times: user=1.69 sys=0.01, real=1.56 secs] 
2023-04-09T23:24:21.502+0000: 15226.921: [GC (Allocation Failure) [PSYoungGen: 7212193K->68097K(7297024K)] 20250530K->13106722K(22116352K), 1.5811395 secs] [Times: user=1.88 sys=0.01, real=1.58 secs] 
2023-04-09T23:24:27.557+0000: 15232.977: [GC (Allocation Failure) [PSYoungGen: 7261185K->98894K(7293440K)] 20299810K->13191408K(22112768K), 1.5869231 secs] [Times: user=1.88 sys=0.05, real=1.59 secs] 
2023-04-09T23:24:32.887+0000: 15238.307: [GC (Allocation Failure) [PSYoungGen: 7284814K->78800K(7307776K)] 20377328K->13246106K(22127104K), 1.5588161 secs] [Times: user=1.88 sys=0.00, real=1.56 secs] 
2023-04-09T23:25:01.849+0000: 15267.269: [GC (Allocation Failure) [PSYoungGen: 7264720K->50677K(7297024K)] 20432026K->13293071K(22116352K), 1.8955832 secs] [Times: user=2.43 sys=0.01, real=1.90 secs] 
2023-04-09T23:25:05.717+0000: 15271.137: [GC (Allocation Failure) [PSYoungGen: 7236597K->43065K(7229440K)] 20478991K->13318443K(22048768K), 1.6624457 secs] [Times: user=2.11 sys=0.00, real=1.66 secs] 
2023-04-09T23:25:09.244+0000: 15274.664: [GC (Allocation Failure) [PSYoungGen: 7228985K->37448K(7302656K)] 20504363K->13340714K(22121984K), 1.6034624 secs] [Times: user=2.11 sys=0.00, real=1.60 secs] 
2023-04-09T23:25:12.601+0000: 15278.020: [GC (Allocation Failure) [PSYoungGen: 7226952K->15649K(7299072K)] 20530218K->13341450K(22118400K), 1.5397423 secs] [Times: user=1.95 sys=0.00, real=1.54 secs] 
2023-04-09T23:25:15.961+0000: 15281.381: [GC (Allocation Failure) [PSYoungGen: 7205153K->27778K(7294976K)] 20530954K->13353611K(22114304K), 1.5712318 secs] [Times: user=1.80 sys=0.00, real=1.57 secs] 
2023-04-09T23:25:19.400+0000: 15284.819: [GC (Allocation Failure) [PSYoungGen: 7218306K->16193K(7297024K)] 20544139K->13342082K(22116352K), 1.6387176 secs] [Times: user=1.95 sys=0.01, real=1.64 secs] 
2023-04-09T23:25:23.516+0000: 15288.936: [GC (Allocation Failure) [PSYoungGen: 7206721K->13856K(7299584K)] 20532610K->13339770K(22118912K), 1.6413997 secs] [Times: user=1.89 sys=0.00, real=1.64 secs] 
2023-04-09T23:25:27.091+0000: 15292.511: [GC (Allocation Failure) [PSYoungGen: 7212064K->21249K(7301632K)] 20537978K->13347202K(22120960K), 1.5745384 secs] [Times: user=1.75 sys=0.01, real=1.57 secs] 
2023-04-09T23:25:32.667+0000: 15298.087: [GC (Allocation Failure) [PSYoungGen: 7219457K->75712K(7296512K)] 20545410K->13404034K(22115840K), 1.5717100 secs] [Times: user=1.86 sys=0.00, real=1.57 secs] 
2023-04-09T23:25:37.834+0000: 15303.254: [GC (Allocation Failure) [PSYoungGen: 7272384K->87617K(7304704K)] 20600706K->13486035K(22124032K), 1.5588207 secs] [Times: user=1.88 sys=0.00, real=1.56 secs] 
2023-04-09T23:25:44.104+0000: 15309.524: [GC (Allocation Failure) [PSYoungGen: 7284289K->76289K(7315456K)] 20682707K->13546962K(22134784K), 1.5872592 secs] [Times: user=1.89 sys=0.01, real=1.59 secs] 
2023-04-09T23:26:02.547+0000: 15327.967: [GC (Allocation Failure) [PSYoungGen: 7272961K->25555K(7222272K)] 20743634K->13568397K(22041600K), 1.7649030 secs] [Times: user=2.04 sys=0.00, real=1.77 secs] 
2023-04-09T23:26:06.060+0000: 15331.479: [GC (Allocation Failure) [PSYoungGen: 7222227K->34509K(7321088K)] 20765069K->13591766K(22140416K), 1.5690228 secs] [Times: user=1.98 sys=0.00, real=1.57 secs] 
2023-04-09T23:26:09.378+0000: 15334.798: [GC (Allocation Failure) [PSYoungGen: 7236301K->16289K(7218176K)] 20793558K->13593891K(22037504K), 1.5353492 secs] [Times: user=1.86 sys=0.01, real=1.54 secs] 
2023-04-09T23:26:12.691+0000: 15338.110: [GC (Allocation Failure) [PSYoungGen: 7218081K->19201K(7316992K)] 20795683K->13596827K(22136320K), 1.5576791 secs] [Times: user=1.75 sys=0.00, real=1.55 secs] 
2023-04-09T23:26:16.110+0000: 15341.530: [GC (Allocation Failure) [PSYoungGen: 7224065K->17281K(7222272K)] 20801691K->13594954K(22041600K), 1.5168446 secs] [Times: user=1.71 sys=0.01, real=1.51 secs] 
2023-04-09T23:26:21.635+0000: 15347.054: [GC (Allocation Failure) [PSYoungGen: 7222145K->95010K(7296512K)] 20799818K->13675708K(22115840K), 1.6242075 secs] [Times: user=1.96 sys=0.00, real=1.62 secs] 
2023-04-09T23:26:26.559+0000: 15351.979: [GC (Allocation Failure) [PSYoungGen: 7285538K->76783K(7310848K)] 20866236K->13724945K(22130176K), 1.5290966 secs] [Times: user=1.86 sys=0.00, real=1.53 secs] 
2023-04-09T23:27:01.332+0000: 15386.752: [GC (Allocation Failure) [PSYoungGen: 7267311K->48758K(7301120K)] 20915473K->13765664K(22120448K), 1.7244930 secs] [Times: user=2.12 sys=0.00, real=1.72 secs] 
2023-04-09T23:27:04.867+0000: 15390.287: [GC (Allocation Failure) [PSYoungGen: 7239286K->51838K(7242752K)] 20956192K->13808287K(22062080K), 1.6104751 secs] [Times: user=2.04 sys=0.01, real=1.61 secs] 
2023-04-09T23:27:08.305+0000: 15393.725: [GC (Allocation Failure) [PSYoungGen: 7242366K->20484K(7305216K)] 20998815K->13812543K(22124544K), 1.5985322 secs] [Times: user=2.14 sys=0.01, real=1.60 secs] 
2023-04-09T23:27:11.735+0000: 15397.155: [GC (Allocation Failure) [PSYoungGen: 7213060K->16655K(7209472K)] 21005119K->13808762K(22028800K), 1.5688044 secs] [Times: user=1.77 sys=0.00, real=1.57 secs] 
2023-04-09T23:27:15.170+0000: 15400.590: [GC (Allocation Failure) [PSYoungGen: 7209231K->30426K(7306240K)] 21001338K->13822589K(22125568K), 1.8629628 secs] [Times: user=2.21 sys=0.01, real=1.87 secs] 
2023-04-09T23:27:20.739+0000: 15406.159: [GC (Allocation Failure) [PSYoungGen: 7227610K->63059K(7301632K)] 21019773K->13855294K(22120960K), 1.5482513 secs] [Times: user=1.80 sys=0.00, real=1.55 secs] 
2023-04-09T23:27:26.309+0000: 15411.728: [GC (Allocation Failure) [PSYoungGen: 7260243K->80896K(7294976K)] 21052478K->13920347K(22114304K), 1.5187161 secs] [Times: user=1.83 sys=0.00, real=1.52 secs] 
2023-04-09T23:27:31.989+0000: 15417.409: [GC (Allocation Failure) [PSYoungGen: 7269888K->78720K(7303168K)] 21109339K->13992587K(22122496K), 1.5644413 secs] [Times: user=1.91 sys=0.01, real=1.57 secs] 
2023-04-09T23:27:53.648+0000: 15439.068: [GC (Allocation Failure) [PSYoungGen: 7267494K->60675K(7301632K)] 21181361K->14048758K(22120960K), 1.6952441 secs] [Times: user=2.03 sys=0.00, real=1.70 secs] 
2023-04-09T23:28:02.094+0000: 15447.514: [GC (Allocation Failure) [PSYoungGen: 7249667K->22431K(7211520K)] 21237750K->14070778K(22030848K), 1.8016914 secs] [Times: user=2.16 sys=0.00, real=1.80 secs] 
2023-04-09T23:28:05.983+0000: 15451.403: [GC (Allocation Failure) [PSYoungGen: 7211423K->32715K(7307776K)] 21259770K->14092726K(22127104K), 1.7630847 secs] [Times: user=2.41 sys=0.01, real=1.76 secs] 
2023-04-09T23:28:09.494+0000: 15454.914: [GC (Allocation Failure) [PSYoungGen: 7225803K->15744K(7208960K)] 21285814K->14095954K(22028288K), 1.5622730 secs] [Times: user=2.06 sys=0.00, real=1.56 secs] 
2023-04-09T23:28:12.956+0000: 15458.376: [GC (Allocation Failure) [PSYoungGen: 7208832K->20163K(7305216K)] 21289042K->14100437K(22124544K), 1.7488869 secs] [Times: user=2.02 sys=0.00, real=1.75 secs] 
2023-04-09T23:28:16.837+0000: 15462.257: [GC (Allocation Failure) [PSYoungGen: 7215811K->22374K(7218176K)] 21296085K->14102728K(22037504K), 1.5364240 secs] [Times: user=1.75 sys=0.00, real=1.54 secs] 
2023-04-09T23:28:21.874+0000: 15467.293: [GC (Allocation Failure) [PSYoungGen: 7218022K->88255K(7287296K)] 21298376K->14172521K(22106624K), 1.5139526 secs] [Times: user=1.81 sys=0.00, real=1.51 secs] 
2023-04-09T23:28:26.887+0000: 15472.307: [GC (Allocation Failure) [PSYoungGen: 7272127K->94109K(7299072K)] 21356393K->14252256K(22118400K), 1.5503611 secs] [Times: user=1.91 sys=0.01, real=1.55 secs] 
2023-04-09T23:28:32.211+0000: 15477.631: [GC (Allocation Failure) [PSYoungGen: 7277981K->79676K(7310336K)] 21436128K->14313054K(22129664K), 1.8113910 secs] [Times: user=2.15 sys=0.01, real=1.81 secs] 
2023-04-09T23:29:01.270+0000: 15506.690: [GC (Allocation Failure) [PSYoungGen: 7263548K->23951K(7207936K)] 21496926K->14333033K(22027264K), 1.7950192 secs] [Times: user=2.18 sys=0.00, real=1.79 secs] 
2023-04-09T23:29:05.064+0000: 15510.484: [GC (Allocation Failure) [PSYoungGen: 7207823K->46255K(7318016K)] 21516905K->14371265K(22137344K), 1.5913380 secs] [Times: user=2.14 sys=0.01, real=1.59 secs] 
2023-04-09T23:29:08.472+0000: 15513.891: [GC (Allocation Failure) [PSYoungGen: 7237295K->16436K(7207936K)] 21562305K->14362389K(22027264K), 1.6445214 secs] [Times: user=2.08 sys=0.00, real=1.64 secs] 
2023-04-09T23:29:13.214+0000: 15518.634: [GC (Allocation Failure) [PSYoungGen: 7207476K->17857K(7311360K)] 21553429K->14363873K(22130688K), 1.6146403 secs] [Times: user=1.94 sys=0.01, real=1.61 secs] 
2023-04-09T23:29:16.714+0000: 15522.133: [GC (Allocation Failure) [PSYoungGen: 7210945K->20246K(7213568K)] 21556961K->14366327K(22032896K), 1.5617433 secs] [Times: user=1.73 sys=0.01, real=1.56 secs] 
2023-04-09T23:29:21.347+0000: 15526.767: [GC (Allocation Failure) [PSYoungGen: 7213334K->60379K(7305728K)] 21559415K->14406531K(22125056K), 1.5579523 secs] [Times: user=1.80 sys=0.00, real=1.56 secs] 
2023-04-09T23:29:26.632+0000: 15532.052: [GC (Allocation Failure) [PSYoungGen: 7253467K->79316K(7305728K)] 21599619K->14471421K(22125056K), 1.5872417 secs] [Times: user=1.92 sys=0.00, real=1.58 secs] 
2023-04-09T23:29:33.038+0000: 15538.458: [GC (Allocation Failure) [PSYoungGen: 7272404K->74617K(7309312K)] 21664509K->14539569K(22128640K), 1.5893086 secs] [Times: user=1.95 sys=0.01, real=1.59 secs] 
2023-04-09T23:30:01.344+0000: 15566.764: [GC (Allocation Failure) [PSYoungGen: 7264633K->23872K(7214080K)] 21729585K->14561473K(22033408K), 1.7047334 secs] [Times: user=2.02 sys=0.04, real=1.70 secs] 
2023-04-09T23:30:05.135+0000: 15570.555: [GC (Allocation Failure) [PSYoungGen: 7213888K->51930K(7314432K)] 21751489K->14603067K(22133760K), 1.6412240 secs] [Times: user=2.15 sys=0.02, real=1.64 secs] 
2023-04-09T23:30:08.555+0000: 15573.975: [GC (Allocation Failure) [PSYoungGen: 7247066K->30615K(7225856K)] 21798203K->14603288K(22045184K), 1.9089646 secs] [Times: user=2.26 sys=0.01, real=1.91 secs] 
2023-04-09T23:30:12.517+0000: 15577.937: [GC (Allocation Failure) [PSYoungGen: 7225751K->13722K(7306240K)] 21798424K->14602920K(22125568K), 1.5797438 secs] [Times: user=1.86 sys=0.01, real=1.58 secs] 
2023-04-09T23:30:15.901+0000: 15581.321: [GC (Allocation Failure) [PSYoungGen: 7209882K->21843K(7218176K)] 21799080K->14611096K(22037504K), 1.5807439 secs] [Times: user=1.86 sys=0.01, real=1.58 secs] 
2023-04-09T23:30:19.256+0000: 15584.675: [GC (Allocation Failure) [PSYoungGen: 7218003K->19765K(7305216K)] 21807256K->14609066K(22124544K), 1.6172936 secs] [Times: user=1.80 sys=0.00, real=1.62 secs] 
2023-04-09T23:30:22.824+0000: 15588.244: [GC (Allocation Failure) [PSYoungGen: 7218997K->13919K(7213568K)] 21808298K->14603253K(22032896K), 1.5494432 secs] [Times: user=1.75 sys=0.00, real=1.55 secs] 
2023-04-09T23:30:26.357+0000: 15591.777: [GC (Allocation Failure) [PSYoungGen: 7213151K->24527K(7306240K)] 21802485K->14613924K(22125568K), 1.8519047 secs] [Times: user=2.12 sys=0.01, real=1.85 secs] 
2023-04-09T23:30:32.416+0000: 15597.836: [GC (Allocation Failure) [PSYoungGen: 7229903K->68319K(7301632K)] 21819300K->14659908K(22120960K), 1.5507498 secs] [Times: user=1.83 sys=0.01, real=1.55 secs] 
2023-04-09T23:30:37.536+0000: 15602.956: [GC (Allocation Failure) [PSYoungGen: 7273695K->76746K(7306752K)] 21865284K->14729287K(22126080K), 1.5755673 secs] [Times: user=1.93 sys=0.04, real=1.58 secs] 
2023-04-09T23:30:46.428+0000: 15611.848: [GC (Allocation Failure) [PSYoungGen: 7281098K->65619K(7314944K)] 21933639K->14784088K(22134272K), 1.7415105 secs] [Times: user=2.11 sys=0.04, real=1.74 secs] 
2023-04-09T23:30:48.170+0000: 15613.590: [Full GC (Ergonomics) [PSYoungGen: 65619K->0K(7314944K)] [ParOldGen: 14718469K->13195956K(15041536K)] 14784088K->13195956K(22356480K), [Metaspace: 131032K->131032K(141312K)], 7.9466740 secs] [Times: user=59.08 sys=0.02, real=7.95 secs] 
2023-04-09T23:31:02.227+0000: 15627.646: [GC (Allocation Failure) [PSYoungGen: 7204352K->23985K(7319552K)] 20400308K->13219941K(22361088K), 1.6844071 secs] [Times: user=2.00 sys=0.00, real=1.69 secs] 
2023-04-09T23:31:05.679+0000: 15631.098: [GC (Allocation Failure) [PSYoungGen: 7231409K->32246K(7316480K)] 20427365K->13238202K(22358016K), 1.7110441 secs] [Times: user=2.16 sys=0.00, real=1.71 secs] 
2023-04-09T23:31:09.844+0000: 15635.264: [GC (Allocation Failure) [PSYoungGen: 7239670K->20020K(7406080K)] 20445626K->13244351K(22447616K), 1.5608099 secs] [Times: user=1.89 sys=0.02, real=1.56 secs] 
2023-04-09T23:31:13.277+0000: 15638.697: [GC (Allocation Failure) [PSYoungGen: 7322164K->18044K(7403520K)] 20546495K->13242407K(22445056K), 1.7574901 secs] [Times: user=1.98 sys=0.00, real=1.76 secs] 
2023-04-09T23:31:17.098+0000: 15642.517: [GC (Allocation Failure) [PSYoungGen: 7320188K->36673K(7412224K)] 20544551K->13262116K(22453760K), 1.5427869 secs] [Times: user=1.75 sys=0.02, real=1.55 secs] 
2023-04-09T23:31:22.627+0000: 15648.047: [GC (Allocation Failure) [PSYoungGen: 7357249K->90063K(7413248K)] 20582692K->13321010K(22454784K), 1.5226528 secs] [Times: user=1.80 sys=0.01, real=1.52 secs] 
2023-04-09T23:31:28.622+0000: 15654.041: [GC (Allocation Failure) [PSYoungGen: 7410639K->86977K(7428096K)] 20641586K->13390116K(22469632K), 1.6191265 secs] [Times: user=1.93 sys=0.05, real=1.62 secs] 
2023-04-09T23:31:50.446+0000: 15675.865: [GC (Allocation Failure) [PSYoungGen: 7408065K->58733K(7379968K)] 20711204K->13433807K(22421504K), 1.5286922 secs] [Times: user=1.83 sys=0.00, real=1.53 secs] 
2023-04-09T23:32:02.513+0000: 15687.933: [GC (Allocation Failure) [PSYoungGen: 7379821K->26113K(7437824K)] 20754895K->13459948K(22479360K), 1.8067681 secs] [Times: user=2.14 sys=0.01, real=1.80 secs] 
2023-04-09T23:32:07.020+0000: 15692.440: [GC (Allocation Failure) [PSYoungGen: 7349761K->33027K(7356928K)] 20783596K->13474558K(22398464K), 1.6098533 secs] [Times: user=2.05 sys=0.00, real=1.61 secs] 
2023-04-09T23:32:10.503+0000: 15695.923: [GC (Allocation Failure) [PSYoungGen: 7356675K->15230K(7431680K)] 20798206K->13474225K(22473216K), 1.5608987 secs] [Times: user=1.96 sys=0.01, real=1.56 secs] 
2023-04-09T23:32:13.988+0000: 15699.408: [GC (Allocation Failure) [PSYoungGen: 7339902K->18756K(7343616K)] 20798897K->13477814K(22385152K), 1.5596567 secs] [Times: user=1.81 sys=0.01, real=1.56 secs] 
2023-04-09T23:32:17.725+0000: 15703.145: [GC (Allocation Failure) [PSYoungGen: 7343428K->19988K(7431168K)] 20802486K->13479086K(22472704K), 1.5682451 secs] [Times: user=1.79 sys=0.01, real=1.57 secs] 
2023-04-09T23:32:23.618+0000: 15709.037: [GC (Allocation Failure) [PSYoungGen: 7347732K->100322K(7428096K)] 20806830K->13567364K(22469632K), 1.8202434 secs] [Times: user=2.15 sys=0.10, real=1.82 secs] 
2023-04-09T23:32:29.970+0000: 15715.389: [GC (Allocation Failure) [PSYoungGen: 7428066K->85405K(7440384K)] 20895108K->13632351K(22481920K), 1.5721414 secs] [Times: user=1.87 sys=0.00, real=1.58 secs] 
2023-04-09T23:33:01.117+0000: 15746.536: [GC (Allocation Failure) [PSYoungGen: 7405469K->37992K(7358464K)] 20952415K->13664802K(22400000K), 1.8217742 secs] [Times: user=2.08 sys=0.01, real=1.82 secs] 
2023-04-09T23:33:05.370+0000: 15750.789: [GC (Allocation Failure) [PSYoungGen: 7358056K->32515K(7447040K)] 20984866K->13688987K(22488576K), 1.6348447 secs] [Times: user=2.15 sys=0.01, real=1.64 secs] 
2023-04-09T23:33:08.875+0000: 15754.295: [GC (Allocation Failure) [PSYoungGen: 7357699K->31989K(7357440K)] 21014171K->13705772K(22398976K), 1.5759320 secs] [Times: user=2.14 sys=0.05, real=1.58 secs] 
2023-04-09T23:33:12.283+0000: 15757.703: [GC (Allocation Failure) [PSYoungGen: 7357173K->36574K(7442432K)] 21030956K->13724919K(22483968K), 1.5898252 secs] [Times: user=1.93 sys=0.00, real=1.59 secs] 
2023-04-09T23:33:15.681+0000: 15761.101: [GC (Allocation Failure) [PSYoungGen: 7366878K->14769K(7345152K)] 21055223K->13703147K(22386688K), 1.5570833 secs] [Times: user=1.85 sys=0.01, real=1.55 secs] 
2023-04-09T23:33:20.369+0000: 15765.788: [GC (Allocation Failure) [PSYoungGen: 7345073K->65826K(7433216K)] 21033451K->13754259K(22474752K), 1.6872723 secs] [Times: user=1.90 sys=0.01, real=1.69 secs] 
2023-04-09T23:33:26.708+0000: 15772.128: [GC (Allocation Failure) [PSYoungGen: 7393570K->87566K(7435776K)] 21082003K->13818791K(22477312K), 1.5680588 secs] [Times: user=1.82 sys=0.01, real=1.57 secs] 
2023-04-09T23:33:32.438+0000: 15777.857: [GC (Allocation Failure) [PSYoungGen: 7415310K->81201K(7440896K)] 21146535K->13888747K(22482432K), 1.5729986 secs] [Times: user=1.87 sys=0.01, real=1.58 secs] 
2023-04-09T23:33:38.511+0000: 15783.931: [GC (Allocation Failure) [PSYoungGen: 7403825K->72927K(7446016K)] 21211371K->13956936K(22487552K), 1.5423472 secs] [Times: user=1.87 sys=0.00, real=1.54 secs] 
2023-04-09T23:34:02.263+0000: 15807.683: [GC (Allocation Failure) [PSYoungGen: 7395551K->26684K(7441920K)] 21279560K->13986606K(22483456K), 1.7108213 secs] [Times: user=2.07 sys=0.06, real=1.71 secs] 
2023-04-09T23:34:06.053+0000: 15811.472: [GC (Allocation Failure) [PSYoungGen: 7349308K->39395K(7362048K)] 21309230K->14006845K(22403584K), 1.5850273 secs] [Times: user=2.09 sys=0.00, real=1.58 secs] 
2023-04-09T23:34:09.470+0000: 15814.890: [GC (Allocation Failure) [PSYoungGen: 7362019K->13791K(7439872K)] 21329469K->14001694K(22481408K), 1.6328659 secs] [Times: user=2.06 sys=0.01, real=1.64 secs] 
2023-04-09T23:34:12.988+0000: 15818.408: [GC (Allocation Failure) [PSYoungGen: 7336927K->17683K(7341056K)] 21324830K->14005634K(22382592K), 1.5266114 secs] [Times: user=1.76 sys=0.00, real=1.53 secs] 
2023-04-09T23:34:16.391+0000: 15821.811: [GC (Allocation Failure) [PSYoungGen: 7340819K->22579K(7440384K)] 21328770K->14010602K(22481920K), 1.6046493 secs] [Times: user=1.96 sys=0.12, real=1.60 secs] 
2023-04-09T23:34:23.142+0000: 15828.562: [GC (Allocation Failure) [PSYoungGen: 7349299K->70435K(7436800K)] 21337322K->14060570K(22478336K), 1.6336345 secs] [Times: user=1.87 sys=0.00, real=1.63 secs] 
2023-04-09T23:34:28.957+0000: 15834.377: [GC (Allocation Failure) [PSYoungGen: 7397155K->70220K(7438336K)] 21387290K->14118444K(22479872K), 1.5260846 secs] [Times: user=1.85 sys=0.01, real=1.53 secs] 
2023-04-09T23:34:49.248+0000: 15854.667: [GC (Allocation Failure) [PSYoungGen: 7394103K->54701K(7378944K)] 21442326K->14167558K(22420480K), 1.5558470 secs] [Times: user=1.88 sys=0.01, real=1.56 secs] 
2023-04-09T23:35:01.970+0000: 15867.390: [GC (Allocation Failure) [PSYoungGen: 7378861K->20923K(7439360K)] 21491718K->14186916K(22480896K), 1.6978286 secs] [Times: user=2.04 sys=0.00, real=1.70 secs] 
2023-04-09T23:35:05.615+0000: 15871.035: [GC (Allocation Failure) [PSYoungGen: 7347131K->35957K(7362560K)] 21513124K->14212390K(22404096K), 1.6760986 secs] [Times: user=2.09 sys=0.01, real=1.68 secs] 
2023-04-09T23:35:09.123+0000: 15874.543: [GC (Allocation Failure) [PSYoungGen: 7362165K->44145K(7438336K)] 21538598K->14240730K(22479872K), 1.7779124 secs] [Times: user=2.32 sys=0.00, real=1.78 secs] 
2023-04-09T23:35:12.804+0000: 15878.224: [GC (Allocation Failure) [PSYoungGen: 7376497K->24863K(7357440K)] 21573082K->14239635K(22398976K), 1.6046885 secs] [Times: user=1.88 sys=0.01, real=1.60 secs] 
2023-04-09T23:35:17.073+0000: 15882.493: [GC (Allocation Failure) [PSYoungGen: 7357215K->14287K(7430144K)] 21571987K->14229123K(22471680K), 1.6307979 secs] [Times: user=1.82 sys=0.00, real=1.63 secs] 
2023-04-09T23:35:20.822+0000: 15886.242: [GC (Allocation Failure) [PSYoungGen: 7347151K->24929K(7357952K)] 21561987K->14239821K(22399488K), 1.6372883 secs] [Times: user=2.04 sys=0.01, real=1.63 secs] 
2023-04-09T23:35:24.392+0000: 15889.811: [GC (Allocation Failure) [PSYoungGen: 7357793K->19137K(7428096K)] 21572685K->14234077K(22469632K), 1.6769120 secs] [Times: user=1.85 sys=0.01, real=1.67 secs] 
2023-04-09T23:35:29.089+0000: 15894.509: [GC (Allocation Failure) [PSYoungGen: 7354049K->46460K(7426048K)] 21568989K->14267616K(22467584K), 1.5860322 secs] [Times: user=1.82 sys=0.00, real=1.59 secs] 
2023-04-09T23:35:35.842+0000: 15901.262: [GC (Allocation Failure) [PSYoungGen: 7381372K->88641K(7412224K)] 21602528K->14341629K(22453760K), 1.6596265 secs] [Times: user=2.02 sys=0.00, real=1.66 secs] 
2023-04-09T23:35:41.967+0000: 15907.387: [GC (Allocation Failure) [PSYoungGen: 7411265K->82945K(7426048K)] 21664253K->14416013K(22467584K), 1.5696441 secs] [Times: user=1.92 sys=0.00, real=1.57 secs] 
2023-04-09T23:36:00.657+0000: 15926.077: [GC (Allocation Failure) [PSYoungGen: 7405569K->51009K(7420416K)] 21738637K->14463813K(22461952K), 1.7420387 secs] [Times: user=2.06 sys=0.00, real=1.74 secs] 
2023-04-09T23:36:04.483+0000: 15929.903: [GC (Allocation Failure) [PSYoungGen: 7373633K->37200K(7360000K)] 21786437K->14500069K(22401536K), 1.6193103 secs] [Times: user=2.07 sys=0.00, real=1.62 secs] 
2023-04-09T23:36:07.956+0000: 15933.376: [GC (Allocation Failure) [PSYoungGen: 7359824K->31370K(7428608K)] 21822693K->14514751K(22470144K), 1.5571441 secs] [Times: user=2.06 sys=0.00, real=1.56 secs] 
2023-04-09T23:36:11.446+0000: 15936.865: [GC (Allocation Failure) [PSYoungGen: 7357066K->18746K(7344640K)] 21840447K->14518608K(22386176K), 1.7729094 secs] [Times: user=2.04 sys=0.01, real=1.77 secs] 
2023-04-09T23:36:15.426+0000: 15940.846: [GC (Allocation Failure) [PSYoungGen: 7344442K->26846K(7427584K)] 21844304K->14526740K(22469120K), 1.5522852 secs] [Times: user=1.82 sys=0.01, real=1.55 secs] 
2023-04-09T23:36:19.999+0000: 15945.419: [GC (Allocation Failure) [PSYoungGen: 7355614K->38848K(7367680K)] 21855508K->14538822K(22409216K), 1.5171371 secs] [Times: user=1.74 sys=0.01, real=1.52 secs] 
2023-04-09T23:36:26.271+0000: 15951.691: [GC (Allocation Failure) [PSYoungGen: 7367616K->77572K(7409664K)] 21867590K->14605682K(22451200K), 1.5361576 secs] [Times: user=1.90 sys=0.10, real=1.53 secs] 
2023-04-09T23:36:33.183+0000: 15958.603: [GC (Allocation Failure) [PSYoungGen: 7397124K->77043K(7418880K)] 21925234K->14677657K(22460416K), 1.6185776 secs] [Times: user=1.93 sys=0.00, real=1.62 secs] 
2023-04-09T23:36:39.458+0000: 15964.877: [GC (Allocation Failure) [PSYoungGen: 7396595K->76555K(7424000K)] 21997209K->14749257K(22465536K), 1.5491574 secs] [Times: user=1.92 sys=0.00, real=1.55 secs] 
2023-04-09T23:37:00.609+0000: 15986.028: [GC (Allocation Failure) [PSYoungGen: 7396107K->48351K(7368192K)] 22068809K->14793029K(22409728K), 1.8074400 secs] [Times: user=2.26 sys=0.02, real=1.81 secs] 
2023-04-09T23:37:04.443+0000: 15989.863: [GC (Allocation Failure) [PSYoungGen: 7367903K->37910K(7427584K)] 22112581K->14828156K(22469120K), 1.6172480 secs] [Times: user=2.12 sys=0.04, real=1.62 secs] 
2023-04-09T23:37:07.967+0000: 15993.387: [GC (Allocation Failure) [PSYoungGen: 7360534K->35713K(7358464K)] 22150780K->14847383K(22400000K), 1.8194687 secs] [Times: user=2.30 sys=0.01, real=1.82 secs] 
2023-04-09T23:37:12.155+0000: 15997.575: [GC (Allocation Failure) [PSYoungGen: 7358337K->20737K(7421952K)] 22170007K->14845011K(22463488K), 1.7708084 secs] [Times: user=2.18 sys=0.01, real=1.77 secs] 
2023-04-09T23:37:15.982+0000: 16001.402: [GC (Allocation Failure) [PSYoungGen: 7343873K->17650K(7341056K)] 22168147K->14841964K(22382592K), 1.6304026 secs] [Times: user=1.83 sys=0.01, real=1.63 secs] 
2023-04-09T23:37:20.961+0000: 16006.381: [GC (Allocation Failure) [PSYoungGen: 7340786K->51861K(7422464K)] 22165100K->14876271K(22464000K), 1.6202923 secs] [Times: user=1.98 sys=0.00, real=1.62 secs] 
2023-04-09T23:37:27.459+0000: 16012.879: [GC (Allocation Failure) [PSYoungGen: 7377045K->78174K(7420928K)] 22201455K->14929903K(22462464K), 1.7328392 secs] [Times: user=2.04 sys=0.04, real=1.74 secs] 
2023-04-09T23:37:35.480+0000: 16020.899: [GC (Allocation Failure) [PSYoungGen: 7403358K->73908K(7427072K)] 22255087K->14993982K(22468608K), 1.6169412 secs] [Times: user=1.95 sys=0.05, real=1.62 secs] 
2023-04-09T23:37:43.508+0000: 16028.928: [GC (Allocation Failure) [PSYoungGen: 7397556K->68576K(7431168K)] 22317630K->15057186K(22472704K), 1.5451443 secs] [Times: user=1.91 sys=0.05, real=1.55 secs] 
2023-04-09T23:37:45.053+0000: 16030.473: [Full GC (Ergonomics) [PSYoungGen: 68576K->0K(7431168K)] [ParOldGen: 14988609K->13386058K(15257600K)] 15057186K->13386058K(22688768K), [Metaspace: 131072K->131072K(141312K)], 8.4815253 secs] [Times: user=63.47 sys=0.04, real=8.48 secs] 
2023-04-09T23:38:02.184+0000: 16047.603: [GC (Allocation Failure) [PSYoungGen: 7323648K->21264K(7433216K)] 20709706K->13407322K(22690816K), 1.7021931 secs] [Times: user=1.95 sys=0.01, real=1.70 secs] 
2023-04-09T23:38:05.738+0000: 16051.157: [GC (Allocation Failure) [PSYoungGen: 7345424K->34215K(7432704K)] 20731482K->13429441K(22690304K), 1.6735765 secs] [Times: user=2.12 sys=0.00, real=1.68 secs] 
2023-04-09T23:38:09.816+0000: 16055.236: [GC (Allocation Failure) [PSYoungGen: 7358375K->15425K(7516672K)] 20753601K->13430778K(22774272K), 1.6740592 secs] [Times: user=2.06 sys=0.01, real=1.68 secs] 
2023-04-09T23:38:13.515+0000: 16058.934: [GC (Allocation Failure) [PSYoungGen: 7427137K->18363K(7516160K)] 20842490K->13433773K(22773760K), 1.5408452 secs] [Times: user=1.72 sys=0.00, real=1.54 secs] 
2023-04-09T23:38:17.308+0000: 16062.728: [GC (Allocation Failure) [PSYoungGen: 7430075K->29041K(7519744K)] 20845485K->13444531K(22777344K), 1.5740027 secs] [Times: user=1.73 sys=0.02, real=1.58 secs] 
2023-04-09T23:38:23.845+0000: 16069.264: [GC (Allocation Failure) [PSYoungGen: 7450993K->72796K(7520768K)] 20866483K->13495597K(22778368K), 1.5625853 secs] [Times: user=1.85 sys=0.08, real=1.56 secs] 
2023-04-09T23:38:30.605+0000: 16076.025: [GC (Allocation Failure) [PSYoungGen: 7494748K->67142K(7527936K)] 20917549K->13550584K(22785536K), 1.5699890 secs] [Times: user=1.92 sys=0.02, real=1.57 secs] 
2023-04-09T23:39:00.445+0000: 16105.864: [GC (Allocation Failure) [PSYoungGen: 7492166K->44484K(7469568K)] 20975608K->13589013K(22727168K), 1.7438329 secs] [Times: user=2.21 sys=0.01, real=1.74 secs] 
2023-04-09T23:39:04.339+0000: 16109.759: [GC (Allocation Failure) [PSYoungGen: 7469508K->69628K(7522816K)] 21014037K->13657838K(22780416K), 1.8319084 secs] [Times: user=2.46 sys=0.11, real=1.84 secs] 
2023-04-09T23:39:08.742+0000: 16114.162: [GC (Allocation Failure) [PSYoungGen: 7491068K->33472K(7455232K)] 21079278K->13683322K(22712832K), 1.8152137 secs] [Times: user=2.31 sys=0.01, real=1.81 secs] 
2023-04-09T23:39:12.543+0000: 16117.962: [GC (Allocation Failure) [PSYoungGen: 7454912K->18529K(7525376K)] 21104762K->13688494K(22782976K), 1.5715127 secs] [Times: user=1.76 sys=0.01, real=1.57 secs] 
2023-04-09T23:39:16.192+0000: 16121.611: [GC (Allocation Failure) [PSYoungGen: 7442017K->19141K(7524352K)] 21111982K->13689155K(22781952K), 1.5733067 secs] [Times: user=1.73 sys=0.01, real=1.57 secs] 
2023-04-09T23:39:20.676+0000: 16126.096: [GC (Allocation Failure) [PSYoungGen: 7442629K->41054K(7519232K)] 21112643K->13711155K(22776832K), 1.5210613 secs] [Times: user=1.74 sys=0.00, real=1.52 secs] 
2023-04-09T23:39:27.583+0000: 16133.003: [GC (Allocation Failure) [PSYoungGen: 7469662K->78458K(7522304K)] 21139763K->13775655K(22779904K), 1.5770141 secs] [Times: user=1.88 sys=0.00, real=1.57 secs] 
2023-04-09T23:39:33.949+0000: 16139.368: [GC (Allocation Failure) [PSYoungGen: 7507066K->82909K(7535104K)] 21204263K->13853786K(22792704K), 1.5269174 secs] [Times: user=1.86 sys=0.01, real=1.53 secs] 
2023-04-09T23:39:40.191+0000: 16145.611: [GC (Allocation Failure) [PSYoungGen: 7515613K->75733K(7543296K)] 21286490K->13920203K(22800896K), 1.5388642 secs] [Times: user=1.87 sys=0.01, real=1.53 secs] 
2023-04-09T23:40:01.226+0000: 16166.646: [GC (Allocation Failure) [PSYoungGen: 7508437K->36745K(7539712K)] 21352907K->13955358K(22797312K), 1.7803451 secs] [Times: user=2.15 sys=0.01, real=1.78 secs] 
2023-04-09T23:40:05.842+0000: 16171.262: [GC (Allocation Failure) [PSYoungGen: 7469449K->34431K(7467520K)] 21388062K->13980796K(22725120K), 1.7704939 secs] [Times: user=2.18 sys=0.00, real=1.77 secs] 
2023-04-09T23:40:09.409+0000: 16174.829: [GC (Allocation Failure) [PSYoungGen: 7467135K->52106K(7543808K)] 21413500K->14017743K(22801408K), 1.5852304 secs] [Times: user=2.09 sys=0.01, real=1.59 secs] 
2023-04-09T23:40:13.004+0000: 16178.424: [GC (Allocation Failure) [PSYoungGen: 7488906K->19538K(7456768K)] 21454543K->14017707K(22714368K), 1.6160571 secs] [Times: user=1.97 sys=0.00, real=1.61 secs] 
2023-04-09T23:40:16.587+0000: 16182.007: [GC (Allocation Failure) [PSYoungGen: 7456338K->39286K(7543808K)] 21454507K->14037519K(22801408K), 1.6124348 secs] [Times: user=1.91 sys=0.01, real=1.61 secs] 
2023-04-09T23:40:20.046+0000: 16185.465: [GC (Allocation Failure) [PSYoungGen: 7480694K->26772K(7468544K)] 21478927K->14025068K(22726144K), 1.5623050 secs] [Times: user=1.76 sys=0.01, real=1.56 secs] 
2023-04-09T23:40:23.980+0000: 16189.399: [GC (Allocation Failure) [PSYoungGen: 7468180K->24031K(7539200K)] 21466476K->14022376K(22796800K), 1.7326405 secs] [Times: user=2.09 sys=0.00, real=1.74 secs] 
2023-04-09T23:40:28.069+0000: 16193.488: [GC (Allocation Failure) [PSYoungGen: 7467487K->39350K(7482880K)] 21465832K->14041864K(22740480K), 1.5490000 secs] [Times: user=1.77 sys=0.00, real=1.55 secs] 
2023-04-09T23:40:34.514+0000: 16199.934: [GC (Allocation Failure) [PSYoungGen: 7482806K->81830K(7522304K)] 21485320K->14094456K(22779904K), 1.5700744 secs] [Times: user=1.88 sys=0.01, real=1.57 secs] 
2023-04-09T23:40:40.767+0000: 16206.187: [GC (Allocation Failure) [PSYoungGen: 7515046K->81196K(7532544K)] 21527672K->14169373K(22790144K), 1.7523275 secs] [Times: user=2.11 sys=0.00, real=1.75 secs] 
2023-04-09T23:40:48.352+0000: 16213.772: [GC (Allocation Failure) [PSYoungGen: 7514412K->74960K(7540224K)] 21602589K->14238409K(22797824K), 1.5393845 secs] [Times: user=1.87 sys=0.01, real=1.54 secs] 
2023-04-09T23:41:01.803+0000: 16227.223: [GC (Allocation Failure) [PSYoungGen: 7508176K->29711K(7463424K)] 21671625K->14269016K(22721024K), 1.8935138 secs] [Times: user=2.32 sys=0.01, real=1.89 secs] 
2023-04-09T23:41:06.624+0000: 16232.044: [GC (Allocation Failure) [PSYoungGen: 7462927K->38355K(7545344K)] 21702232K->14295828K(22802944K), 1.6324046 secs] [Times: user=2.09 sys=0.00, real=1.63 secs] 
2023-04-09T23:41:10.326+0000: 16235.746: [GC (Allocation Failure) [PSYoungGen: 7475155K->19644K(7456768K)] 21732628K->14303818K(22714368K), 1.5598243 secs] [Times: user=1.89 sys=0.00, real=1.56 secs] 
2023-04-09T23:41:13.752+0000: 16239.172: [GC (Allocation Failure) [PSYoungGen: 7456444K->15468K(7541248K)] 21740618K->14299698K(22798848K), 1.5394790 secs] [Times: user=1.77 sys=0.00, real=1.54 secs] 
2023-04-09T23:41:17.289+0000: 16242.709: [GC (Allocation Failure) [PSYoungGen: 7452780K->20833K(7458304K)] 21737010K->14305127K(22715904K), 1.5368636 secs] [Times: user=1.70 sys=0.01, real=1.54 secs] 
2023-04-09T23:41:23.595+0000: 16249.014: [GC (Allocation Failure) [PSYoungGen: 7458145K->83962K(7527936K)] 21742439K->14370696K(22785536K), 1.7350717 secs] [Times: user=2.04 sys=0.00, real=1.73 secs] 
2023-04-09T23:41:29.886+0000: 16255.306: [GC (Allocation Failure) [PSYoungGen: 7511034K->86963K(7538176K)] 21797768K->14448922K(22795776K), 1.7652588 secs] [Times: user=2.10 sys=0.00, real=1.77 secs] 
2023-04-09T23:41:55.491+0000: 16280.911: [GC (Allocation Failure) [PSYoungGen: 7513981K->60399K(7541760K)] 21875939K->14499981K(22799360K), 1.5328191 secs] [Times: user=1.87 sys=0.01, real=1.53 secs] 
2023-04-09T23:42:02.904+0000: 16288.324: [GC (Allocation Failure) [PSYoungGen: 7487471K->38347K(7465472K)] 21927053K->14539041K(22723072K), 1.7977131 secs] [Times: user=2.14 sys=0.00, real=1.80 secs] 
2023-04-09T23:42:06.704+0000: 16292.124: [GC (Allocation Failure) [PSYoungGen: 7465419K->45310K(7545856K)] 21966113K->14575804K(22803456K), 1.6450683 secs] [Times: user=2.18 sys=0.01, real=1.64 secs] 
2023-04-09T23:42:10.297+0000: 16295.716: [GC (Allocation Failure) [PSYoungGen: 7478526K->19324K(7452672K)] 22009020K->14580906K(22710272K), 1.5725991 secs] [Times: user=1.95 sys=0.00, real=1.57 secs] 
2023-04-09T23:42:13.742+0000: 16299.162: [GC (Allocation Failure) [PSYoungGen: 7452540K->30351K(7542784K)] 22014122K->14592014K(22800384K), 1.5390479 secs] [Times: user=1.83 sys=0.00, real=1.54 secs] 
2023-04-09T23:42:18.183+0000: 16303.602: [GC (Allocation Failure) [PSYoungGen: 7467151K->37423K(7474688K)] 22028814K->14599117K(22732288K), 1.6131299 secs] [Times: user=1.89 sys=0.07, real=1.61 secs] 
2023-04-09T23:42:25.803+0000: 16311.222: [GC (Allocation Failure) [PSYoungGen: 7474223K->83986K(7524864K)] 22035917K->14662192K(22782464K), 1.5648412 secs] [Times: user=1.86 sys=0.01, real=1.56 secs] 
2023-04-09T23:42:32.669+0000: 16318.088: [GC (Allocation Failure) [PSYoungGen: 7511058K->81132K(7534592K)] 22089264K->14738786K(22792192K), 1.5952905 secs] [Times: user=1.97 sys=0.00, real=1.60 secs] 
2023-04-09T23:43:01.549+0000: 16346.969: [GC (Allocation Failure) [PSYoungGen: 7508204K->27889K(7536640K)] 22165858K->14765127K(22794240K), 1.7016140 secs] [Times: user=2.03 sys=0.00, real=1.71 secs] 
2023-04-09T23:43:05.330+0000: 16350.750: [GC (Allocation Failure) [PSYoungGen: 7454961K->32139K(7459328K)] 22192199K->14786137K(22716928K), 1.7843219 secs] [Times: user=2.19 sys=0.00, real=1.79 secs] 
2023-04-09T23:43:09.004+0000: 16354.424: [GC (Allocation Failure) [PSYoungGen: 7459211K->21665K(7537152K)] 22213209K->14794406K(22794752K), 1.5945680 secs] [Times: user=2.05 sys=0.01, real=1.59 secs] 
2023-04-09T23:43:12.525+0000: 16357.945: [GC (Allocation Failure) [PSYoungGen: 7450785K->25889K(7455232K)] 22223526K->14798670K(22712832K), 1.5738127 secs] [Times: user=1.81 sys=0.01, real=1.57 secs] 
2023-04-09T23:43:16.024+0000: 16361.444: [GC (Allocation Failure) [PSYoungGen: 7455009K->28787K(7536640K)] 22227790K->14801632K(22794240K), 1.6989156 secs] [Times: user=2.05 sys=0.00, real=1.70 secs] 
2023-04-09T23:43:22.097+0000: 16367.517: [GC (Allocation Failure) [PSYoungGen: 7462003K->64853K(7532544K)] 22234848K->14838186K(22790144K), 1.5770010 secs] [Times: user=1.87 sys=0.01, real=1.58 secs] 
2023-04-09T23:43:27.966+0000: 16373.386: [GC (Allocation Failure) [PSYoungGen: 7498069K->71257K(7531008K)] 22271402K->14900838K(22788608K), 1.5595808 secs] [Times: user=1.88 sys=0.01, real=1.56 secs] 
2023-04-09T23:43:51.023+0000: 16396.442: [GC (Allocation Failure) [PSYoungGen: 7499865K->52957K(7481856K)] 22329446K->14947906K(22739456K), 1.5428897 secs] [Times: user=1.85 sys=0.01, real=1.54 secs] 
2023-04-09T23:44:02.297+0000: 16407.717: [GC (Allocation Failure) [PSYoungGen: 7481565K->24763K(7534080K)] 22376514K->14973832K(22791680K), 1.7653773 secs] [Times: user=2.15 sys=0.09, real=1.77 secs] 
2023-04-09T23:44:05.965+0000: 16411.385: [GC (Allocation Failure) [PSYoungGen: 7455419K->32572K(7463424K)] 22404488K->14991761K(22721024K), 1.5890399 secs] [Times: user=2.09 sys=0.00, real=1.59 secs] 
2023-04-09T23:44:09.361+0000: 16414.781: [GC (Allocation Failure) [PSYoungGen: 7463228K->14483K(7528960K)] 22422417K->14993072K(22786560K), 1.5891220 secs] [Times: user=2.01 sys=0.00, real=1.59 secs] 
2023-04-09T23:44:12.899+0000: 16418.319: [GC (Allocation Failure) [PSYoungGen: 7445651K->14723K(7528448K)] 22424240K->14993361K(22786048K), 1.8094457 secs] [Times: user=2.14 sys=0.00, real=1.81 secs] 
2023-04-09T23:44:17.268+0000: 16422.688: [GC (Allocation Failure) [PSYoungGen: 7445891K->36831K(7521792K)] 22424529K->15015549K(22779392K), 1.5318214 secs] [Times: user=1.73 sys=0.01, real=1.53 secs] 
2023-04-09T23:44:23.516+0000: 16428.936: [GC (Allocation Failure) [PSYoungGen: 7472095K->89521K(7525888K)] 22450813K->15080071K(22783488K), 1.5239153 secs] [Times: user=1.84 sys=0.01, real=1.52 secs] 
2023-04-09T23:44:29.518+0000: 16434.938: [GC (Allocation Failure) [PSYoungGen: 7524785K->92750K(7539712K)] 22515335K->15160876K(22797312K), 1.5556260 secs] [Times: user=1.93 sys=0.05, real=1.56 secs] 
2023-04-09T23:44:36.513+0000: 16441.933: [GC (Allocation Failure) [PSYoungGen: 7528014K->79754K(7552000K)] 22596140K->15225136K(22809600K), 1.5713378 secs] [Times: user=1.92 sys=0.05, real=1.57 secs] 
2023-04-09T23:44:38.084+0000: 16443.504: [Full GC (Ergonomics) [PSYoungGen: 79754K->0K(7552000K)] [ParOldGen: 15145381K->13587390K(15489024K)] 15225136K->13587390K(23041024K), [Metaspace: 131172K->131172K(141312K)], 7.9856502 secs] [Times: user=59.82 sys=0.01, real=7.98 secs] 
2023-04-09T23:45:01.854+0000: 16467.274: [GC (Allocation Failure) [PSYoungGen: 7435264K->27295K(7559168K)] 21022654K->13614686K(23048192K), 1.6873211 secs] [Times: user=1.96 sys=0.00, real=1.69 secs] 
2023-04-09T23:45:05.631+0000: 16471.051: [GC (Allocation Failure) [PSYoungGen: 7465119K->45200K(7556608K)] 21052510K->13642382K(23045632K), 1.6269921 secs] [Times: user=2.11 sys=0.01, real=1.62 secs] 
2023-04-09T23:45:09.075+0000: 16474.495: [GC (Allocation Failure) [PSYoungGen: 7483024K->35938K(7620608K)] 21080206K->13660728K(23109632K), 1.7023520 secs] [Times: user=2.28 sys=0.00, real=1.70 secs] 
2023-04-09T23:45:13.371+0000: 16478.791: [GC (Allocation Failure) [PSYoungGen: 7544418K->21121K(7616512K)] 21169208K->13663900K(23105536K), 1.6624515 secs] [Times: user=1.94 sys=0.00, real=1.66 secs] 
2023-04-09T23:45:17.152+0000: 16482.572: [GC (Allocation Failure) [PSYoungGen: 7529601K->27682K(7632896K)] 21172380K->13670524K(23121920K), 1.6463419 secs] [Times: user=1.97 sys=0.01, real=1.64 secs] 
2023-04-09T23:45:20.766+0000: 16486.186: [GC (Allocation Failure) [PSYoungGen: 7555618K->17219K(7630848K)] 21198460K->13660086K(23119872K), 1.6147592 secs] [Times: user=1.86 sys=0.00, real=1.62 secs] 
2023-04-09T23:45:24.300+0000: 16489.720: [GC (Allocation Failure) [PSYoungGen: 7545155K->23258K(7638528K)] 21188022K->13666181K(23127552K), 1.5997432 secs] [Times: user=1.92 sys=0.01, real=1.60 secs] 
2023-04-09T23:45:29.574+0000: 16494.994: [GC (Allocation Failure) [PSYoungGen: 7562970K->59086K(7638016K)] 21205893K->13703089K(23127040K), 1.6348816 secs] [Times: user=1.86 sys=0.00, real=1.63 secs] 
2023-04-09T23:45:36.097+0000: 16501.517: [GC (Allocation Failure) [PSYoungGen: 7598798K->78453K(7639040K)] 21242801K->13755952K(23128064K), 1.5336239 secs] [Times: user=1.81 sys=0.04, real=1.54 secs] 
2023-04-09T23:45:42.219+0000: 16507.639: [GC (Allocation Failure) [PSYoungGen: 7617653K->80808K(7647232K)] 21295152K->13830635K(23136256K), 1.5761639 secs] [Times: user=1.91 sys=0.00, real=1.58 secs] 
2023-04-09T23:46:00.109+0000: 16525.529: [GC (Allocation Failure) [PSYoungGen: 7620008K->59805K(7649280K)] 21369835K->13882584K(23138304K), 1.6690659 secs] [Times: user=1.93 sys=0.00, real=1.67 secs] 
2023-04-09T23:46:03.990+0000: 16529.410: [GC (Allocation Failure) [PSYoungGen: 7599005K->59034K(7598592K)] 21421784K->13943429K(23087616K), 1.6213607 secs] [Times: user=2.30 sys=0.00, real=1.63 secs] 
2023-04-09T23:46:07.767+0000: 16533.187: [GC (Allocation Failure) [PSYoungGen: 7598234K->34970K(7652864K)] 21482629K->13965700K(23141888K), 1.8076502 secs] [Times: user=2.25 sys=0.00, real=1.81 secs] 
2023-04-09T23:46:11.830+0000: 16537.249: [GC (Allocation Failure) [PSYoungGen: 7577754K->15617K(7649280K)] 21508484K->13962040K(23138304K), 1.5761671 secs] [Times: user=1.80 sys=0.01, real=1.58 secs] 
2023-04-09T23:46:15.707+0000: 16541.127: [GC (Allocation Failure) [PSYoungGen: 7558401K->18926K(7646208K)] 21504824K->13965406K(23135232K), 1.6228252 secs] [Times: user=1.87 sys=0.00, real=1.62 secs] 
2023-04-09T23:46:20.200+0000: 16545.620: [GC (Allocation Failure) [PSYoungGen: 7561710K->44477K(7587328K)] 21508190K->13994133K(23076352K), 1.5280062 secs] [Times: user=1.73 sys=0.00, real=1.53 secs] 
2023-04-09T23:46:26.306+0000: 16551.726: [GC (Allocation Failure) [PSYoungGen: 7587261K->79054K(7634432K)] 21536917K->14053126K(23123456K), 1.7083454 secs] [Times: user=2.00 sys=0.01, real=1.71 secs] 
2023-04-09T23:46:33.009+0000: 16558.429: [GC (Allocation Failure) [PSYoungGen: 7614158K->78205K(7642112K)] 21588230K->14126685K(23131136K), 1.5354601 secs] [Times: user=1.91 sys=0.01, real=1.54 secs] 
2023-04-09T23:46:57.899+0000: 16583.318: [GC (Allocation Failure) [PSYoungGen: 7613309K->56442K(7637504K)] 21661789K->14178842K(23126528K), 1.5365169 secs] [Times: user=1.87 sys=0.00, real=1.54 secs] 
2023-04-09T23:47:02.833+0000: 16588.253: [GC (Allocation Failure) [PSYoungGen: 7591546K->26005K(7561216K)] 21713946K->14208077K(23050240K), 1.7884375 secs] [Times: user=2.35 sys=0.00, real=1.79 secs] 
2023-04-09T23:47:07.402+0000: 16592.821: [GC (Allocation Failure) [PSYoungGen: 7561109K->49778K(7648256K)] 21743181K->14241762K(23137280K), 1.6336498 secs] [Times: user=2.17 sys=0.18, real=1.63 secs] 
2023-04-09T23:47:10.899+0000: 16596.318: [GC (Allocation Failure) [PSYoungGen: 7590514K->25590K(7566336K)] 21782498K->14236870K(23055360K), 1.5860898 secs] [Times: user=2.02 sys=0.01, real=1.59 secs] 
2023-04-09T23:47:14.398+0000: 16599.818: [GC (Allocation Failure) [PSYoungGen: 7566326K->15777K(7641088K)] 21777606K->14227097K(23130112K), 1.6185704 secs] [Times: user=1.79 sys=0.00, real=1.62 secs] 
2023-04-09T23:47:18.986+0000: 16604.406: [GC (Allocation Failure) [PSYoungGen: 7556513K->37185K(7578112K)] 21767833K->14248577K(23067136K), 1.5505334 secs] [Times: user=1.74 sys=0.00, real=1.55 secs] 
2023-04-09T23:47:25.948+0000: 16611.368: [GC (Allocation Failure) [PSYoungGen: 7577921K->77970K(7631872K)] 21789313K->14312274K(23120896K), 1.6430527 secs] [Times: user=1.93 sys=0.01, real=1.65 secs] 
2023-04-09T23:47:32.601+0000: 16618.021: [GC (Allocation Failure) [PSYoungGen: 7614098K->76566K(7639552K)] 21848402K->14383862K(23128576K), 1.5574848 secs] [Times: user=1.82 sys=0.00, real=1.55 secs] 
2023-04-09T23:48:00.802+0000: 16646.222: [GC (Allocation Failure) [PSYoungGen: 7612694K->39599K(7626752K)] 21919990K->14419807K(23115776K), 1.7745654 secs] [Times: user=2.20 sys=0.00, real=1.77 secs] 
2023-04-09T23:48:05.543+0000: 16650.963: [GC (Allocation Failure) [PSYoungGen: 7575727K->35744K(7640576K)] 21955935K->14449648K(23129600K), 1.6324852 secs] [Times: user=2.25 sys=0.00, real=1.63 secs] 
2023-04-09T23:48:09.110+0000: 16654.530: [GC (Allocation Failure) [PSYoungGen: 7571872K->24311K(7626752K)] 21985776K->14457695K(23115776K), 1.5607743 secs] [Times: user=1.89 sys=0.00, real=1.57 secs] 
2023-04-09T23:48:12.631+0000: 16658.050: [GC (Allocation Failure) [PSYoungGen: 7563511K->15772K(7638528K)] 21996895K->14460022K(23127552K), 1.5557748 secs] [Times: user=1.79 sys=0.00, real=1.55 secs] 
2023-04-09T23:48:15.960+0000: 16661.380: [GC (Allocation Failure) [PSYoungGen: 7554972K->33757K(7625728K)] 21999222K->14478071K(23114752K), 1.5981261 secs] [Times: user=1.94 sys=0.00, real=1.60 secs] 
2023-04-09T23:48:21.743+0000: 16667.162: [GC (Allocation Failure) [PSYoungGen: 7580125K->82547K(7641088K)] 22024439K->14526925K(23130112K), 1.7704898 secs] [Times: user=2.21 sys=0.00, real=1.77 secs] 
2023-04-09T23:48:29.137+0000: 16674.557: [GC (Allocation Failure) [PSYoungGen: 7628915K->92778K(7650304K)] 22073293K->14590948K(23139328K), 1.5480869 secs] [Times: user=1.88 sys=0.02, real=1.55 secs] 
2023-04-09T23:48:36.087+0000: 16681.507: [GC (Allocation Failure) [PSYoungGen: 7639146K->82026K(7662592K)] 22137316K->14664163K(23151616K), 1.7114893 secs] [Times: user=2.16 sys=0.00, real=1.71 secs] 
2023-04-09T23:49:02.067+0000: 16707.487: [GC (Allocation Failure) [PSYoungGen: 7628394K->31335K(7661056K)] 22210531K->14697297K(23150080K), 1.8227801 secs] [Times: user=2.26 sys=0.01, real=1.82 secs] 
2023-04-09T23:49:05.942+0000: 16711.362: [GC (Allocation Failure) [PSYoungGen: 7577703K->41115K(7587840K)] 22243665K->14723895K(23076864K), 1.6515086 secs] [Times: user=2.41 sys=0.00, real=1.65 secs] 
2023-04-09T23:49:09.586+0000: 16715.006: [GC (Allocation Failure) [PSYoungGen: 7587483K->16572K(7661056K)] 22270263K->14720403K(23150080K), 1.6346589 secs] [Times: user=1.97 sys=0.01, real=1.64 secs] 
2023-04-09T23:49:13.322+0000: 16718.741: [GC (Allocation Failure) [PSYoungGen: 7563964K->26291K(7574016K)] 22267795K->14730186K(23063040K), 1.5879746 secs] [Times: user=1.96 sys=0.00, real=1.58 secs] 
2023-04-09T23:49:17.064+0000: 16722.484: [GC (Allocation Failure) [PSYoungGen: 7573683K->16431K(7658496K)] 22277578K->14720398K(23147520K), 1.5719811 secs] [Times: user=1.91 sys=0.00, real=1.57 secs] 
2023-04-09T23:49:24.860+0000: 16730.280: [GC (Allocation Failure) [PSYoungGen: 7565359K->83099K(7656960K)] 22269326K->14788882K(23145984K), 1.5620906 secs] [Times: user=1.86 sys=0.01, real=1.57 secs] 
2023-04-09T23:49:31.614+0000: 16737.034: [GC (Allocation Failure) [PSYoungGen: 7632027K->83363K(7659008K)] 22337810K->14864274K(23148032K), 1.5927878 secs] [Times: user=1.94 sys=0.00, real=1.59 secs] 
2023-04-09T23:49:38.353+0000: 16743.773: [GC (Allocation Failure) [PSYoungGen: 7625635K->78778K(7665664K)] 22406546K->14939409K(23154688K), 1.7714702 secs] [Times: user=2.15 sys=0.00, real=1.77 secs] 
2023-04-09T23:50:01.718+0000: 16767.137: [GC (Allocation Failure) [PSYoungGen: 7621050K->23994K(7664128K)] 22481681K->14964505K(23153152K), 1.7609334 secs] [Times: user=2.09 sys=0.01, real=1.76 secs] 
2023-04-09T23:50:05.673+0000: 16771.093: [GC (Allocation Failure) [PSYoungGen: 7566266K->39718K(7582208K)] 22506777K->14990558K(23071232K), 1.6383610 secs] [Times: user=2.12 sys=0.00, real=1.64 secs] 
2023-04-09T23:50:09.410+0000: 16774.830: [GC (Allocation Failure) [PSYoungGen: 7581990K->22523K(7663616K)] 22532830K->14997747K(23152640K), 1.8203546 secs] [Times: user=2.26 sys=0.01, real=1.82 secs] 
2023-04-09T23:50:13.364+0000: 16778.784: [GC (Allocation Failure) [PSYoungGen: 7567355K->19308K(7564288K)] 22542579K->15004202K(23053312K), 1.6132697 secs] [Times: user=2.04 sys=0.00, real=1.61 secs] 
2023-04-09T23:50:17.635+0000: 16783.055: [GC (Allocation Failure) [PSYoungGen: 7564140K->19475K(7661568K)] 22549034K->15004417K(23150592K), 1.6163981 secs] [Times: user=1.86 sys=0.00, real=1.62 secs] 
2023-04-09T23:50:21.183+0000: 16786.603: [GC (Allocation Failure) [PSYoungGen: 7567379K->22546K(7570944K)] 22552321K->15007552K(23059968K), 1.5805258 secs] [Times: user=1.83 sys=0.01, real=1.58 secs] 
2023-04-09T23:50:24.721+0000: 16790.140: [GC (Allocation Failure) [PSYoungGen: 7570450K->22288K(7659008K)] 22555456K->15010430K(23148032K), 1.5739815 secs] [Times: user=1.82 sys=0.00, real=1.57 secs] 
2023-04-09T23:50:29.801+0000: 16795.221: [GC (Allocation Failure) [PSYoungGen: 7574288K->51198K(7603200K)] 22562430K->15040436K(23092224K), 1.5136528 secs] [Times: user=1.74 sys=0.01, real=1.51 secs] 
2023-04-09T23:50:37.210+0000: 16802.630: [GC (Allocation Failure) [PSYoungGen: 7603198K->81997K(7643648K)] 22592436K->15108028K(23132672K), 1.6441122 secs] [Times: user=1.94 sys=0.00, real=1.65 secs] 
2023-04-09T23:51:00.182+0000: 16825.602: [GC (Allocation Failure) [PSYoungGen: 7624269K->59022K(7601664K)] 22650300K->15162964K(23090688K), 1.7403387 secs] [Times: user=2.14 sys=0.01, real=1.74 secs] 
2023-04-09T23:51:04.070+0000: 16829.490: [GC (Allocation Failure) [PSYoungGen: 7601294K->37852K(7658496K)] 22705236K->15203611K(23147520K), 1.6061973 secs] [Times: user=2.17 sys=0.02, real=1.61 secs] 
2023-04-09T23:51:07.619+0000: 16833.039: [GC (Allocation Failure) [PSYoungGen: 7585756K->26231K(7574528K)] 22751515K->15213989K(23063552K), 1.5943021 secs] [Times: user=2.04 sys=0.01, real=1.60 secs] 
2023-04-09T23:51:11.053+0000: 16836.472: [GC (Allocation Failure) [PSYoungGen: 7574135K->13788K(7650816K)] 22761893K->15220218K(23139840K), 1.6374219 secs] [Times: user=1.91 sys=0.02, real=1.63 secs] 
2023-04-09T23:51:15.335+0000: 16840.755: [GC (Allocation Failure) [PSYoungGen: 7562716K->14134K(7563264K)] 22769146K->15220620K(23052288K), 1.6537451 secs] [Times: user=1.89 sys=0.00, real=1.65 secs] 
2023-04-09T23:51:20.249+0000: 16845.668: [GC (Allocation Failure) [PSYoungGen: 7563062K->45595K(7650304K)] 22769548K->15252161K(23139328K), 1.5613214 secs] [Times: user=1.80 sys=0.01, real=1.56 secs] 
2023-04-09T23:51:27.289+0000: 16852.709: [GC (Allocation Failure) [PSYoungGen: 7597083K->93236K(7647744K)] 22803649K->15330570K(23136768K), 1.5400499 secs] [Times: user=1.88 sys=0.03, real=1.54 secs] 
2023-04-09T23:51:34.944+0000: 16860.364: [GC (Allocation Failure) [PSYoungGen: 7644724K->87779K(7652352K)] 22882058K->15409777K(23141376K), 1.5448068 secs] [Times: user=1.92 sys=0.06, real=1.54 secs] 
2023-04-09T23:52:00.772+0000: 16886.192: [GC (Allocation Failure) [PSYoungGen: 7629539K->46448K(7588352K)] 22951537K->15452510K(23077376K), 1.6692196 secs] [Times: user=1.99 sys=0.05, real=1.67 secs] 
2023-04-09T23:52:02.442+0000: 16887.861: [Full GC (Ergonomics) [PSYoungGen: 46448K->0K(7588352K)] [ParOldGen: 15406061K->13816298K(15749632K)] 15452510K->13816298K(23337984K), [Metaspace: 131179K->131179K(141312K)], 8.7944369 secs] [Times: user=63.07 sys=0.00, real=8.79 secs] 
2023-04-09T23:52:13.544+0000: 16898.964: [GC (Allocation Failure) [PSYoungGen: 7541760K->47952K(7662080K)] 21358058K->13864250K(23411712K), 1.5850537 secs] [Times: user=2.10 sys=0.00, real=1.58 secs] 
2023-04-09T23:52:17.103+0000: 16902.523: [GC (Allocation Failure) [PSYoungGen: 7596368K->16084K(7655424K)] 21412666K->13867743K(23405056K), 1.6325967 secs] [Times: user=2.02 sys=0.01, real=1.63 secs] 
2023-04-09T23:52:20.928+0000: 16906.348: [GC (Allocation Failure) [PSYoungGen: 7564500K->29696K(7763968K)] 21416159K->13881410K(23513600K), 1.6068649 secs] [Times: user=1.82 sys=0.02, real=1.61 secs] 
2023-04-09T23:52:24.705+0000: 16910.125: [GC (Allocation Failure) [PSYoungGen: 7687168K->36387K(7760384K)] 21538882K->13888165K(23510016K), 1.6044469 secs] [Times: user=1.88 sys=0.00, real=1.60 secs] 
2023-04-09T23:52:31.475+0000: 16916.895: [GC (Allocation Failure) [PSYoungGen: 7693859K->62147K(7760896K)] 21545637K->13914006K(23510528K), 1.9437076 secs] [Times: user=2.22 sys=0.02, real=1.94 secs] 
2023-04-09T23:52:39.030+0000: 16924.450: [GC (Allocation Failure) [PSYoungGen: 7725251K->90968K(7762944K)] 21577110K->13994811K(23512576K), 1.6100882 secs] [Times: user=1.91 sys=0.01, real=1.61 secs] 
2023-04-09T23:52:59.705+0000: 16945.124: [GC (Allocation Failure) [PSYoungGen: 7754072K->68233K(7762944K)] 21657915K->14050683K(23512576K), 1.7281947 secs] [Times: user=2.05 sys=0.03, real=1.73 secs] 
2023-04-09T23:53:03.848+0000: 16949.268: [GC (Allocation Failure) [PSYoungGen: 7731337K->47787K(7711232K)] 21713787K->14099734K(23460864K), 1.6977524 secs] [Times: user=2.48 sys=0.00, real=1.70 secs] 
2023-04-09T23:53:07.661+0000: 16953.081: [GC (Allocation Failure) [PSYoungGen: 7710891K->38625K(7773696K)] 21762838K->14107612K(23523328K), 1.7051445 secs] [Times: user=2.19 sys=0.00, real=1.70 secs] 
2023-04-09T23:53:12.198+0000: 16957.618: [GC (Allocation Failure) [PSYoungGen: 7705313K->15088K(7770112K)] 21774300K->14100225K(23519744K), 1.6278366 secs] [Times: user=2.02 sys=0.00, real=1.63 secs] 
2023-04-09T23:53:15.917+0000: 16961.337: [GC (Allocation Failure) [PSYoungGen: 7681776K->15196K(7770624K)] 21766913K->14100381K(23520256K), 1.6147126 secs] [Times: user=1.83 sys=0.00, real=1.62 secs] 
2023-04-09T23:53:21.272+0000: 16966.691: [GC (Allocation Failure) [PSYoungGen: 7682396K->53981K(7721472K)] 21767581K->14141286K(23471104K), 1.5587195 secs] [Times: user=1.83 sys=0.00, real=1.56 secs] 
2023-04-09T23:53:28.219+0000: 16973.639: [GC (Allocation Failure) [PSYoungGen: 7721181K->86386K(7759360K)] 21808486K->14204739K(23508992K), 1.7470161 secs] [Times: user=2.01 sys=0.00, real=1.75 secs] 
2023-04-09T23:53:35.983+0000: 16981.402: [GC (Allocation Failure) [PSYoungGen: 7744370K->81283K(7769088K)] 21862723K->14278572K(23518720K), 1.5648131 secs] [Times: user=1.92 sys=0.01, real=1.56 secs] 
2023-04-09T23:54:01.288+0000: 17006.708: [GC (Allocation Failure) [PSYoungGen: 7739267K->34217K(7763968K)] 21936556K->14310170K(23513600K), 1.6824205 secs] [Times: user=2.01 sys=0.00, real=1.69 secs] 
2023-04-09T23:54:05.064+0000: 17010.484: [GC (Allocation Failure) [PSYoungGen: 7692201K->37490K(7695872K)] 21968154K->14337659K(23445504K), 1.7888184 secs] [Times: user=2.42 sys=0.01, real=1.79 secs] 
2023-04-09T23:54:09.998+0000: 17015.417: [GC (Allocation Failure) [PSYoungGen: 7695474K->31447K(7770624K)] 21995643K->14352305K(23520256K), 1.7860238 secs] [Times: user=2.30 sys=0.01, real=1.79 secs] 
2023-04-09T23:54:13.704+0000: 17019.124: [GC (Allocation Failure) [PSYoungGen: 7692503K->15900K(7677440K)] 22013361K->14357001K(23427072K), 1.5991875 secs] [Times: user=1.90 sys=0.01, real=1.60 secs] 
2023-04-09T23:54:17.198+0000: 17022.618: [GC (Allocation Failure) [PSYoungGen: 7676956K->23550K(7769088K)] 22018057K->14364699K(23518720K), 1.5677289 secs] [Times: user=1.91 sys=0.01, real=1.57 secs] 
2023-04-09T23:54:23.593+0000: 17029.012: [GC (Allocation Failure) [PSYoungGen: 7686911K->80943K(7766528K)] 22028061K->14423108K(23516160K), 1.6102977 secs] [Times: user=1.84 sys=0.00, real=1.61 secs] 
2023-04-09T23:54:30.956+0000: 17036.375: [GC (Allocation Failure) [PSYoungGen: 7744559K->84415K(7769088K)] 22086724K->14497933K(23518720K), 1.5691000 secs] [Times: user=1.92 sys=0.01, real=1.57 secs] 
2023-04-09T23:54:37.604+0000: 17043.024: [GC (Allocation Failure) [PSYoungGen: 7742399K->84716K(7777280K)] 22155917K->14577753K(23526912K), 1.5567481 secs] [Times: user=1.93 sys=0.00, real=1.56 secs] 
2023-04-09T23:55:00.548+0000: 17065.968: [GC (Allocation Failure) [PSYoungGen: 7742700K->50656K(7769600K)] 22235737K->14623630K(23519232K), 1.6844320 secs] [Times: user=2.02 sys=0.00, real=1.69 secs] 
2023-04-09T23:55:04.599+0000: 17070.019: [GC (Allocation Failure) [PSYoungGen: 7708640K->36646K(7694848K)] 22281614K->14659380K(23444480K), 1.9016737 secs] [Times: user=2.38 sys=0.00, real=1.91 secs] 
2023-04-09T23:55:08.919+0000: 17074.339: [GC (Allocation Failure) [PSYoungGen: 7694630K->44250K(7777792K)] 22317364K->14686543K(23527424K), 1.6099909 secs] [Times: user=2.15 sys=0.00, real=1.61 secs] 
2023-04-09T23:55:12.525+0000: 17077.945: [GC (Allocation Failure) [PSYoungGen: 7707354K->21279K(7684608K)] 22349647K->14681391K(23434240K), 1.6306764 secs] [Times: user=1.91 sys=0.00, real=1.63 secs] 
2023-04-09T23:55:16.259+0000: 17081.678: [GC (Allocation Failure) [PSYoungGen: 7684383K->37014K(7775744K)] 22344495K->14697214K(23525376K), 1.6045609 secs] [Times: user=1.96 sys=0.01, real=1.61 secs] 
2023-04-09T23:55:19.854+0000: 17085.274: [GC (Allocation Failure) [PSYoungGen: 7704214K->21058K(7688704K)] 22364414K->14681330K(23438336K), 1.5792366 secs] [Times: user=1.77 sys=0.01, real=1.58 secs] 
2023-04-09T23:55:23.554+0000: 17088.974: [GC (Allocation Failure) [PSYoungGen: 7688258K->18159K(7771648K)] 22348530K->14678487K(23521280K), 1.6600779 secs] [Times: user=1.90 sys=0.01, real=1.66 secs] 
2023-04-09T23:55:28.004+0000: 17093.423: [GC (Allocation Failure) [PSYoungGen: 7686895K->31237K(7700480K)] 22347223K->14694709K(23450112K), 1.5905479 secs] [Times: user=1.98 sys=0.01, real=1.59 secs] 
2023-04-09T23:55:34.431+0000: 17099.851: [GC (Allocation Failure) [PSYoungGen: 7699973K->75675K(7760384K)] 22363445K->14742619K(23510016K), 1.5532920 secs] [Times: user=1.84 sys=0.00, real=1.55 secs] 
2023-04-09T23:55:40.708+0000: 17106.128: [GC (Allocation Failure) [PSYoungGen: 7738779K->89669K(7767552K)] 22405723K->14825701K(23517184K), 1.5579547 secs] [Times: user=1.96 sys=0.00, real=1.56 secs] 
2023-04-09T23:56:00.193+0000: 17125.613: [GC (Allocation Failure) [PSYoungGen: 7752773K->54601K(7760384K)] 22488805K->14860617K(23510016K), 1.7417706 secs] [Times: user=2.13 sys=0.01, real=1.74 secs] 
2023-04-09T23:56:04.148+0000: 17129.568: [GC (Allocation Failure) [PSYoungGen: 7717705K->44860K(7708160K)] 22523721K->14908684K(23457792K), 1.8157393 secs] [Times: user=2.30 sys=0.00, real=1.82 secs] 
2023-04-09T23:56:08.196+0000: 17133.615: [GC (Allocation Failure) [PSYoungGen: 7707964K->45438K(7776768K)] 22571788K->14930702K(23526400K), 1.6085064 secs] [Times: user=2.15 sys=0.00, real=1.61 secs] 
2023-04-09T23:56:11.798+0000: 17137.217: [GC (Allocation Failure) [PSYoungGen: 7716734K->18431K(7771648K)] 22601998K->14918950K(23521280K), 1.6406206 secs] [Times: user=1.92 sys=0.01, real=1.64 secs] 
2023-04-09T23:56:15.477+0000: 17140.897: [GC (Allocation Failure) [PSYoungGen: 7689727K->17695K(7772160K)] 22590246K->14918278K(23521792K), 1.5799110 secs] [Times: user=1.86 sys=0.01, real=1.58 secs] 
2023-04-09T23:56:20.369+0000: 17145.788: [GC (Allocation Failure) [PSYoungGen: 7689503K->51830K(7771648K)] 22590086K->14952477K(23521280K), 1.5547771 secs] [Times: user=1.75 sys=0.00, real=1.56 secs] 
2023-04-09T23:56:27.257+0000: 17152.676: [GC (Allocation Failure) [PSYoungGen: 7723638K->80158K(7763456K)] 22624285K->15013118K(23513088K), 1.5168938 secs] [Times: user=1.82 sys=0.00, real=1.52 secs] 
2023-04-09T23:56:33.842+0000: 17159.262: [GC (Allocation Failure) [PSYoungGen: 7746334K->78771K(7771648K)] 22679294K->15085627K(23521280K), 1.5471345 secs] [Times: user=1.92 sys=0.00, real=1.54 secs] 
2023-04-09T23:57:00.719+0000: 17186.139: [GC (Allocation Failure) [PSYoungGen: 7744947K->43781K(7761920K)] 22751803K->15124485K(23511552K), 1.8305762 secs] [Times: user=2.25 sys=0.00, real=1.83 secs] 
2023-04-09T23:57:05.483+0000: 17190.903: [GC (Allocation Failure) [PSYoungGen: 7709957K->41248K(7772672K)] 22790661K->15160583K(23522304K), 1.6717195 secs] [Times: user=2.21 sys=0.01, real=1.67 secs] 
2023-04-09T23:57:09.134+0000: 17194.554: [GC (Allocation Failure) [PSYoungGen: 7707424K->32836K(7757312K)] 22826759K->15171828K(23506944K), 1.5483349 secs] [Times: user=1.94 sys=0.01, real=1.55 secs] 
2023-04-09T23:57:12.580+0000: 17198.000: [GC (Allocation Failure) [PSYoungGen: 7699012K->13568K(7766016K)] 22838004K->15169319K(23515648K), 1.5609842 secs] [Times: user=1.86 sys=0.00, real=1.57 secs] 
2023-04-09T23:57:16.115+0000: 17201.535: [GC (Allocation Failure) [PSYoungGen: 7679744K->15709K(7763456K)] 22835495K->15171508K(23513088K), 1.5837392 secs] [Times: user=1.84 sys=0.01, real=1.58 secs] 
2023-04-09T23:57:22.433+0000: 17207.853: [GC (Allocation Failure) [PSYoungGen: 7690077K->63456K(7773696K)] 22845876K->15219503K(23523328K), 1.6600053 secs] [Times: user=1.95 sys=0.01, real=1.66 secs] 
2023-04-09T23:57:29.125+0000: 17214.545: [GC (Allocation Failure) [PSYoungGen: 7737824K->87131K(7776256K)] 22893871K->15298642K(23525888K), 1.5570231 secs] [Times: user=1.91 sys=0.01, real=1.56 secs] 
2023-04-09T23:57:35.761+0000: 17221.181: [GC (Allocation Failure) [PSYoungGen: 7761499K->83890K(7786496K)] 22973010K->15377713K(23536128K), 1.5714133 secs] [Times: user=1.90 sys=0.01, real=1.57 secs] 
2023-04-09T23:58:01.509+0000: 17246.929: [GC (Allocation Failure) [PSYoungGen: 7758258K->39947K(7783424K)] 23052081K->15416370K(23533056K), 1.8172374 secs] [Times: user=2.16 sys=0.01, real=1.82 secs] 
2023-04-09T23:58:05.599+0000: 17251.018: [GC (Allocation Failure) [PSYoungGen: 7714315K->37905K(7712768K)] 23090738K->15445913K(23462400K), 1.8122633 secs] [Times: user=2.66 sys=0.00, real=1.82 secs] 
2023-04-09T23:58:09.506+0000: 17254.926: [GC (Allocation Failure) [PSYoungGen: 7712273K->26549K(7787008K)] 23120281K->15456141K(23536640K), 1.6128154 secs] [Times: user=2.17 sys=0.01, real=1.61 secs] 
2023-04-09T23:58:13.121+0000: 17258.541: [GC (Allocation Failure) [PSYoungGen: 7703477K->24641K(7702016K)] 23133069K->15465603K(23451648K), 1.5679761 secs] [Times: user=1.87 sys=0.02, real=1.56 secs] 
2023-04-09T23:58:16.681+0000: 17262.101: [GC (Allocation Failure) [PSYoungGen: 7701569K->28880K(7785984K)] 23142531K->15469898K(23535616K), 1.6084827 secs] [Times: user=1.85 sys=0.00, real=1.60 secs] 
2023-04-09T23:58:23.519+0000: 17268.939: [GC (Allocation Failure) [PSYoungGen: 7709392K->77146K(7782400K)] 23150410K->15518412K(23532032K), 1.5791111 secs] [Times: user=1.85 sys=0.00, real=1.58 secs] 
2023-04-09T23:58:29.809+0000: 17275.229: [GC (Allocation Failure) [PSYoungGen: 7757658K->84225K(7780864K)] 23198924K->15589779K(23530496K), 1.6034865 secs] [Times: user=2.04 sys=0.03, real=1.61 secs] 
2023-04-09T23:58:36.313+0000: 17281.733: [GC (Allocation Failure) [PSYoungGen: 7756545K->80987K(7789056K)] 23262099K->15661941K(23538688K), 1.6282620 secs] [Times: user=2.01 sys=0.05, real=1.63 secs] 
2023-04-09T23:59:00.697+0000: 17306.117: [GC (Allocation Failure) [PSYoungGen: 7753307K->46616K(7782400K)] 23334261K->15702882K(23532032K), 1.7861935 secs] [Times: user=2.54 sys=0.03, real=1.79 secs] 
2023-04-09T23:59:02.483+0000: 17307.903: [Full GC (Ergonomics) [PSYoungGen: 46616K->0K(7782400K)] [ParOldGen: 15656265K->14006878K(15971328K)] 15702882K->14006878K(23753728K), [Metaspace: 131183K->131183K(141312K)], 7.8483327 secs] [Times: user=60.91 sys=0.01, real=7.85 secs] 
2023-04-09T23:59:12.139+0000: 17317.559: [GC (Allocation Failure) [PSYoungGen: 7672320K->59001K(7788032K)] 21679198K->14065879K(23759360K), 1.5643234 secs] [Times: user=2.01 sys=0.01, real=1.57 secs] 
2023-04-09T23:59:16.061+0000: 17321.481: [GC (Allocation Failure) [PSYoungGen: 7731321K->14414K(7869952K)] 21738199K->14057221K(23841280K), 1.9086289 secs] [Times: user=2.50 sys=0.01, real=1.90 secs] 
2023-04-09T23:59:20.330+0000: 17325.750: [GC (Allocation Failure) [PSYoungGen: 7772750K->18002K(7870976K)] 21815557K->14060857K(23842304K), 1.6353145 secs] [Times: user=1.86 sys=0.01, real=1.64 secs] 
2023-04-09T23:59:24.287+0000: 17329.707: [GC (Allocation Failure) [PSYoungGen: 7776338K->17596K(7869952K)] 21819193K->14060523K(23841280K), 1.6666559 secs] [Times: user=1.85 sys=0.01, real=1.67 secs] 
2023-04-09T23:59:30.233+0000: 17335.653: [GC (Allocation Failure) [PSYoungGen: 7779004K->67119K(7871488K)] 21821931K->14110110K(23842816K), 1.5610551 secs] [Times: user=1.78 sys=0.00, real=1.56 secs] 
2023-04-09T23:59:37.332+0000: 17342.752: [GC (Allocation Failure) [PSYoungGen: 7828527K->83807K(7871488K)] 21871518K->14182566K(23842816K), 1.6198907 secs] [Times: user=1.89 sys=0.05, real=1.62 secs] 
2023-04-10T00:00:00.186+0000: 17365.606: [GC (Allocation Failure) [PSYoungGen: 7843167K->73435K(7879168K)] 21941926K->14251986K(23850496K), 1.7656805 secs] [Times: user=2.31 sys=0.00, real=1.77 secs] 
2023-04-10T00:00:06.697+0000: 17372.117: [GC (Allocation Failure) [PSYoungGen: 7832795K->82847K(7876096K)] 22011346K->14337728K(23847424K), 1.5546365 secs] [Times: user=2.15 sys=0.01, real=1.56 secs] 
2023-04-10T00:00:13.876+0000: 17379.296: [GC (Allocation Failure) [PSYoungGen: 7837599K->63753K(7818752K)] 22092480K->14388775K(23790080K), 1.7902376 secs] [Times: user=2.34 sys=0.01, real=1.79 secs] 
2023-04-10T00:00:20.741+0000: 17386.160: [GC (Allocation Failure) [PSYoungGen: 7818505K->63060K(7881216K)] 22143527K->14437706K(23852544K), 1.5876731 secs] [Times: user=1.91 sys=0.01, real=1.58 secs] 
2023-04-10T00:00:28.322+0000: 17393.742: [GC (Allocation Failure) [PSYoungGen: 7821908K->71874K(7831040K)] 22196554K->14495808K(23802368K), 1.5877518 secs] [Times: user=1.99 sys=0.01, real=1.58 secs] 
2023-04-10T00:00:35.958+0000: 17401.378: [GC (Allocation Failure) [PSYoungGen: 7830722K->65884K(7879680K)] 22254656K->14539242K(23851008K), 1.5776947 secs] [Times: user=1.94 sys=0.00, real=1.58 secs] 
2023-04-10T00:00:42.791+0000: 17408.211: [GC (Allocation Failure) [PSYoungGen: 7827804K->68610K(7831040K)] 22301162K->14593193K(23802368K), 1.5406643 secs] [Times: user=1.87 sys=0.00, real=1.54 secs] 
2023-04-10T00:00:49.234+0000: 17414.653: [GC (Allocation Failure) [PSYoungGen: 7830530K->67541K(7877120K)] 22355113K->14651084K(23848448K), 1.5423313 secs] [Times: user=1.91 sys=0.01, real=1.54 secs] 
2023-04-10T00:00:56.194+0000: 17421.614: [GC (Allocation Failure) [PSYoungGen: 7832021K->70673K(7835648K)] 22415564K->14716824K(23806976K), 1.6020381 secs] [Times: user=1.95 sys=0.00, real=1.60 secs] 
2023-04-10T00:01:02.557+0000: 17427.977: [GC (Allocation Failure) [PSYoungGen: 7835153K->99410K(7864320K)] 22481304K->14808274K(23835648K), 1.6486578 secs] [Times: user=2.14 sys=0.01, real=1.65 secs] 
2023-04-10T00:01:08.393+0000: 17433.812: [GC (Allocation Failure) [PSYoungGen: 7854674K->118262K(7873536K)] 22563538K->14928753K(23844864K), 1.5805064 secs] [Times: user=2.16 sys=0.01, real=1.58 secs] 
2023-04-10T00:01:15.937+0000: 17441.357: [GC (Allocation Failure) [PSYoungGen: 7873526K->98560K(7918080K)] 22684017K->15025324K(23889408K), 1.5751359 secs] [Times: user=1.99 sys=0.04, real=1.58 secs] 
2023-04-10T00:01:19.574+0000: 17444.993: [GC (Allocation Failure) [PSYoungGen: 7853824K->20704K(7923200K)] 22780588K->15045900K(23894528K), 1.6553471 secs] [Times: user=2.14 sys=0.01, real=1.65 secs] 
2023-04-10T00:01:23.206+0000: 17448.626: [GC (Allocation Failure) [PSYoungGen: 7775968K->18863K(7924736K)] 22801164K->15051324K(23896064K), 1.5317171 secs] [Times: user=1.80 sys=0.01, real=1.53 secs] 
2023-04-10T00:01:26.683+0000: 17452.103: [GC (Allocation Failure) [PSYoungGen: 7773615K->37502K(7792640K)] 22806076K->15072218K(23763968K), 1.6065091 secs] [Times: user=1.84 sys=0.01, real=1.60 secs] 
2023-04-10T00:01:30.467+0000: 17455.886: [GC (Allocation Failure) [PSYoungGen: 7792254K->15522K(7921664K)] 22826970K->15053151K(23892992K), 1.9441598 secs] [Times: user=2.12 sys=0.01, real=1.95 secs] 
2023-04-10T00:01:35.762+0000: 17461.182: [GC (Allocation Failure) [PSYoungGen: 7771298K->72195K(7828480K)] 22808927K->15111871K(23799808K), 1.5333843 secs] [Times: user=1.78 sys=0.01, real=1.53 secs] 
2023-04-10T00:01:42.045+0000: 17467.465: [GC (Allocation Failure) [PSYoungGen: 7827971K->101057K(7909376K)] 22867647K->15196494K(23880704K), 1.5458903 secs] [Times: user=1.90 sys=0.01, real=1.55 secs] 
2023-04-10T00:01:48.459+0000: 17473.879: [GC (Allocation Failure) [PSYoungGen: 7851619K->93046K(7913984K)] 22947056K->15288154K(23885312K), 1.7233405 secs] [Times: user=2.13 sys=0.00, real=1.73 secs] 
2023-04-10T00:02:02.061+0000: 17487.480: [GC (Allocation Failure) [PSYoungGen: 7844214K->50288K(7902720K)] 23039322K->15343276K(23874048K), 1.8130337 secs] [Times: user=2.54 sys=0.00, real=1.81 secs] 
2023-04-10T00:02:05.969+0000: 17491.389: [GC (Allocation Failure) [PSYoungGen: 7801456K->36444K(7788032K)] 23094444K->15367856K(23759360K), 1.5767845 secs] [Times: user=2.02 sys=0.01, real=1.58 secs] 
2023-04-10T00:02:10.303+0000: 17495.723: [GC (Allocation Failure) [PSYoungGen: 7787612K->22810K(7906816K)] 23119024K->15376732K(23878144K), 1.6777061 secs] [Times: user=2.11 sys=0.00, real=1.68 secs] 
2023-04-10T00:02:14.021+0000: 17499.441: [GC (Allocation Failure) [PSYoungGen: 7776026K->23132K(7776768K)] 23129948K->15379550K(23748096K), 1.5888927 secs] [Times: user=1.91 sys=0.01, real=1.58 secs] 
2023-04-10T00:02:17.677+0000: 17503.097: [GC (Allocation Failure) [PSYoungGen: 7776348K->18494K(7905280K)] 23132766K->15377176K(23876608K), 1.5874031 secs] [Times: user=1.80 sys=0.01, real=1.59 secs] 
2023-04-10T00:02:23.628+0000: 17509.048: [GC (Allocation Failure) [PSYoungGen: 7774782K->94288K(7902208K)] 23133464K->15456674K(23873536K), 1.5215566 secs] [Times: user=1.85 sys=0.01, real=1.52 secs] 
2023-04-10T00:02:30.793+0000: 17516.213: [GC (Allocation Failure) [PSYoungGen: 7850576K->95811K(7903232K)] 23212962K->15549165K(23874560K), 1.6240045 secs] [Times: user=2.04 sys=0.01, real=1.62 secs] 
2023-04-10T00:02:40.019+0000: 17525.439: [GC (Allocation Failure) [PSYoungGen: 7846979K->88178K(7908352K)] 23300333K->15635476K(23879680K), 1.5743279 secs] [Times: user=1.98 sys=0.00, real=1.58 secs] 
2023-04-10T00:03:01.003+0000: 17546.422: [GC (Allocation Failure) [PSYoungGen: 7839346K->66140K(7891456K)] 23386644K->15704966K(23862784K), 1.7133058 secs] [Times: user=2.14 sys=0.01, real=1.71 secs] 
2023-04-10T00:03:04.713+0000: 17550.133: [GC (Allocation Failure) [PSYoungGen: 7817308K->57339K(7808512K)] 23456134K->15754425K(23779840K), 1.5970974 secs] [Times: user=2.18 sys=0.02, real=1.59 secs] 
2023-04-10T00:03:08.859+0000: 17554.279: [GC (Allocation Failure) [PSYoungGen: 7808507K->15520K(7892992K)] 23505593K->15756783K(23864320K), 1.6597367 secs] [Times: user=2.08 sys=0.03, real=1.66 secs] 
2023-04-10T00:03:12.509+0000: 17557.928: [GC (Allocation Failure) [PSYoungGen: 7766688K->25541K(7776768K)] 23507951K->15768523K(23748096K), 1.5755488 secs] [Times: user=1.81 sys=0.01, real=1.58 secs] 
2023-04-10T00:03:16.222+0000: 17561.642: [GC (Allocation Failure) [PSYoungGen: 7776709K->18432K(7892480K)] 23519691K->15763007K(23863808K), 1.6179262 secs] [Times: user=1.91 sys=0.02, real=1.61 secs] 
2023-04-10T00:03:21.454+0000: 17566.874: [GC (Allocation Failure) [PSYoungGen: 7771648K->79025K(7890432K)] 23516223K->15831552K(23861760K), 1.5767994 secs] [Times: user=1.98 sys=0.01, real=1.58 secs] 
2023-04-10T00:03:27.812+0000: 17573.232: [GC (Allocation Failure) [PSYoungGen: 7832241K->91164K(7886848K)] 23584768K->15905923K(23858176K), 1.7072774 secs] [Times: user=2.15 sys=0.11, real=1.70 secs] 
2023-04-10T00:03:33.903+0000: 17579.323: [GC (Allocation Failure) [PSYoungGen: 7839260K->85297K(7891968K)] 23654019K->15987088K(23863296K), 1.5891092 secs] [Times: user=1.98 sys=0.06, real=1.59 secs] 
2023-04-10T00:03:35.492+0000: 17580.912: [Full GC (Ergonomics) [PSYoungGen: 85297K->0K(7891968K)] [ParOldGen: 15901790K->13887027K(15895552K)] 15987088K->13887027K(23787520K), [Metaspace: 131257K->131257K(141312K)], 8.5587611 secs] [Times: user=67.10 sys=0.01, real=8.56 secs] 
2023-04-10T00:03:55.097+0000: 17600.517: [GC (Allocation Failure) [PSYoungGen: 7748096K->128443K(7876608K)] 21635123K->14015470K(23772160K), 1.5587539 secs] [Times: user=2.30 sys=0.00, real=1.56 secs] 
2023-04-10T00:04:01.619+0000: 17607.039: [GC (Allocation Failure) [PSYoungGen: 7859643K->77576K(7809024K)] 21746670K->14093012K(23704576K), 1.8458690 secs] [Times: user=2.68 sys=0.00, real=1.85 secs] 
2023-04-10T00:04:06.169+0000: 17611.589: [GC (Allocation Failure) [PSYoungGen: 7808776K->48109K(7876608K)] 21824212K->14126961K(23772160K), 1.6756436 secs] [Times: user=2.32 sys=0.00, real=1.68 secs] 
2023-04-10T00:04:09.719+0000: 17615.139: [GC (Allocation Failure) [PSYoungGen: 7779309K->29505K(7760896K)] 21858161K->14139912K(23656448K), 1.5412503 secs] [Times: user=1.89 sys=0.01, real=1.55 secs] 
2023-04-10T00:04:13.103+0000: 17618.523: [GC (Allocation Failure) [PSYoungGen: 7760705K->36705K(7884288K)] 21871112K->14158528K(23779840K), 1.6005810 secs] [Times: user=2.03 sys=0.00, real=1.60 secs] 
2023-04-10T00:04:16.636+0000: 17622.056: [GC (Allocation Failure) [PSYoungGen: 7772001K->34369K(7770112K)] 21893824K->14169207K(23665664K), 1.5456170 secs] [Times: user=1.83 sys=0.00, real=1.55 secs] 
2023-04-10T00:04:21.974+0000: 17627.394: [GC (Allocation Failure) [PSYoungGen: 7769665K->87961K(7873024K)] 21904503K->14241256K(23768576K), 1.6256119 secs] [Times: user=1.96 sys=0.00, real=1.62 secs] 
2023-04-10T00:04:29.501+0000: 17634.921: [GC (Allocation Failure) [PSYoungGen: 7820185K->97483K(7876096K)] 21973480K->14334490K(23771648K), 1.5779308 secs] [Times: user=1.94 sys=0.00, real=1.57 secs] 
2023-04-10T00:04:46.722+0000: 17652.141: [GC (Allocation Failure) [PSYoungGen: 7829707K->87877K(7880704K)] 22066714K->14423223K(23776256K), 1.5401229 secs] [Times: user=1.91 sys=0.01, real=1.54 secs] 
2023-04-10T00:05:01.609+0000: 17667.029: [GC (Allocation Failure) [PSYoungGen: 7819589K->51022K(7782912K)] 22154935K->14482615K(23678464K), 1.7867206 secs] [Times: user=2.27 sys=0.00, real=1.79 secs] 
2023-04-10T00:05:06.209+0000: 17671.629: [GC (Allocation Failure) [PSYoungGen: 7782734K->44690K(7880192K)] 22214327K->14519060K(23775744K), 1.6627144 secs] [Times: user=2.28 sys=0.01, real=1.67 secs] 
2023-04-10T00:05:09.662+0000: 17675.082: [GC (Allocation Failure) [PSYoungGen: 7781010K->39360K(7775744K)] 22255380K->14539098K(23671296K), 1.5676541 secs] [Times: user=1.97 sys=0.01, real=1.56 secs] 
2023-04-10T00:05:13.494+0000: 17678.914: [GC (Allocation Failure) [PSYoungGen: 7775680K->15776K(7871488K)] 22275418K->14537208K(23767040K), 1.6006116 secs] [Times: user=1.84 sys=0.00, real=1.60 secs] 
2023-04-10T00:05:16.957+0000: 17682.377: [GC (Allocation Failure) [PSYoungGen: 7751584K->22913K(7758848K)] 22273016K->14547009K(23654400K), 1.5690871 secs] [Times: user=1.84 sys=0.00, real=1.57 secs] 
2023-04-10T00:05:20.364+0000: 17685.784: [GC (Allocation Failure) [PSYoungGen: 7758721K->17569K(7871488K)] 22282817K->14544312K(23767040K), 1.5572789 secs] [Times: user=1.81 sys=0.00, real=1.56 secs] 
2023-04-10T00:05:24.147+0000: 17689.567: [GC (Allocation Failure) [PSYoungGen: 7755425K->18529K(7756800K)] 22282168K->14547208K(23652352K), 1.8278976 secs] [Times: user=1.95 sys=0.00, real=1.83 secs] 
2023-04-10T00:05:28.814+0000: 17694.233: [GC (Allocation Failure) [PSYoungGen: 7756385K->44640K(7874048K)] 22285064K->14576032K(23769600K), 1.5651272 secs] [Times: user=1.86 sys=0.00, real=1.56 secs] 
2023-04-10T00:05:34.465+0000: 17699.885: [GC (Allocation Failure) [PSYoungGen: 7790176K->82707K(7866368K)] 22321568K->14649419K(23761920K), 1.5480433 secs] [Times: user=1.89 sys=0.00, real=1.55 secs] 
2023-04-10T00:06:00.164+0000: 17725.583: [GC (Allocation Failure) [PSYoungGen: 7828243K->84332K(7867392K)] 22394955K->14732659K(23762944K), 1.9073460 secs] [Times: user=2.65 sys=0.01, real=1.91 secs] 
2023-04-10T00:06:04.809+0000: 17730.228: [GC (Allocation Failure) [PSYoungGen: 7824748K->47365K(7788032K)] 22473075K->14785812K(23683584K), 1.6966548 secs] [Times: user=2.29 sys=0.00, real=1.70 secs] 
2023-04-10T00:06:08.371+0000: 17733.791: [GC (Allocation Failure) [PSYoungGen: 7787781K->49987K(7872000K)] 22526228K->14811131K(23767552K), 1.6356642 secs] [Times: user=2.34 sys=0.00, real=1.63 secs] 
2023-04-10T00:06:11.928+0000: 17737.348: [GC (Allocation Failure) [PSYoungGen: 7797059K->16288K(7763456K)] 22558203K->14804918K(23659008K), 1.5606379 secs] [Times: user=1.91 sys=0.00, real=1.56 secs] 
2023-04-10T00:06:15.386+0000: 17740.806: [GC (Allocation Failure) [PSYoungGen: 7763360K->25089K(7867392K)] 22551990K->14816239K(23762944K), 1.5705262 secs] [Times: user=1.85 sys=0.01, real=1.57 secs] 
2023-04-10T00:06:19.617+0000: 17745.037: [GC (Allocation Failure) [PSYoungGen: 7774721K->50657K(7800320K)] 22565871K->14844935K(23695872K), 1.5595806 secs] [Times: user=1.82 sys=0.00, real=1.56 secs] 
2023-04-10T00:06:26.090+0000: 17751.510: [GC (Allocation Failure) [PSYoungGen: 7800289K->94081K(7847936K)] 22594567K->14922142K(23743488K), 1.5766044 secs] [Times: user=1.92 sys=0.00, real=1.57 secs] 
2023-04-10T00:06:31.897+0000: 17757.317: [GC (Allocation Failure) [PSYoungGen: 7832449K->100225K(7859200K)] 22660510K->15018303K(23754752K), 1.6542890 secs] [Times: user=2.13 sys=0.00, real=1.66 secs] 
2023-04-10T00:06:37.831+0000: 17763.251: [GC (Allocation Failure) [PSYoungGen: 7838593K->92768K(7864832K)] 22756671K->15101054K(23760384K), 1.5260811 secs] [Times: user=1.91 sys=0.00, real=1.52 secs] 
2023-04-10T00:06:45.983+0000: 17771.403: [GC (Allocation Failure) [PSYoungGen: 7825504K->84135K(7870464K)] 22833790K->15182701K(23766016K), 1.7185501 secs] [Times: user=2.14 sys=0.01, real=1.72 secs] 
2023-04-10T00:07:02.150+0000: 17787.570: [GC (Allocation Failure) [PSYoungGen: 7816871K->52471K(7859712K)] 22915437K->15241613K(23755264K), 1.8575666 secs] [Times: user=2.39 sys=0.00, real=1.85 secs] 
2023-04-10T00:07:06.073+0000: 17791.493: [GC (Allocation Failure) [PSYoungGen: 7785207K->36672K(7769600K)] 22974349K->15271830K(23665152K), 1.5636830 secs] [Times: user=2.22 sys=0.00, real=1.56 secs] 
2023-04-10T00:07:09.508+0000: 17794.928: [GC (Allocation Failure) [PSYoungGen: 7769408K->34841K(7865344K)] 23004566K->15293254K(23760896K), 1.6297950 secs] [Times: user=2.21 sys=0.00, real=1.63 secs] 
2023-04-10T00:07:13.139+0000: 17798.559: [GC (Allocation Failure) [PSYoungGen: 7770137K->16000K(7751680K)] 23028550K->15294582K(23647232K), 1.5770240 secs] [Times: user=1.88 sys=0.01, real=1.58 secs] 
2023-04-10T00:07:16.721+0000: 17802.141: [GC (Allocation Failure) [PSYoungGen: 7751296K->18401K(7863808K)] 23029878K->15299646K(23759360K), 1.6219470 secs] [Times: user=1.88 sys=0.00, real=1.62 secs] 
2023-04-10T00:07:21.967+0000: 17807.387: [GC (Allocation Failure) [PSYoungGen: 7755233K->61440K(7798784K)] 23036478K->15348110K(23694336K), 1.7149407 secs] [Times: user=2.26 sys=0.00, real=1.72 secs] 
2023-04-10T00:07:27.102+0000: 17812.522: [GC (Allocation Failure) [PSYoungGen: 7798272K->67456K(7860224K)] 23084942K->15408422K(23755776K), 1.5329147 secs] [Times: user=1.89 sys=0.01, real=1.53 secs] 
2023-04-10T00:07:32.142+0000: 17817.561: [GC (Allocation Failure) [PSYoungGen: 7805312K->69508K(7859200K)] 23146278K->15472665K(23754752K), 1.7773383 secs] [Times: user=2.25 sys=0.01, real=1.77 secs] 
2023-04-10T00:07:54.753+0000: 17840.173: [GC (Allocation Failure) [PSYoungGen: 7807364K->73579K(7858688K)] 23210521K->15543615K(23754240K), 1.5448646 secs] [Times: user=1.96 sys=0.01, real=1.54 secs] 
2023-04-10T00:08:02.124+0000: 17847.543: [GC (Allocation Failure) [PSYoungGen: 7810923K->36111K(7773696K)] 23280959K->15588028K(23669248K), 1.7050883 secs] [Times: user=2.14 sys=0.00, real=1.70 secs] 
2023-04-10T00:08:05.913+0000: 17851.332: [GC (Allocation Failure) [PSYoungGen: 7773455K->38910K(7859200K)] 23325372K->15614635K(23754752K), 1.5420611 secs] [Times: user=2.03 sys=0.00, real=1.54 secs] 
2023-04-10T00:08:09.424+0000: 17854.844: [GC (Allocation Failure) [PSYoungGen: 7779838K->20481K(7761920K)] 23355563K->15621158K(23657472K), 1.5855083 secs] [Times: user=2.00 sys=0.00, real=1.58 secs] 
2023-04-10T00:08:12.918+0000: 17858.338: [GC (Allocation Failure) [PSYoungGen: 7761409K->15684K(7855104K)] 23362086K->15618793K(23750656K), 1.5632643 secs] [Times: user=1.86 sys=0.01, real=1.57 secs] 
2023-04-10T00:08:16.889+0000: 17862.309: [GC (Allocation Failure) [PSYoungGen: 7757124K->30898K(7772672K)] 23360233K->15636134K(23668224K), 1.7610553 secs] [Times: user=2.01 sys=0.01, real=1.77 secs] 
2023-04-10T00:08:22.776+0000: 17868.195: [GC (Allocation Failure) [PSYoungGen: 7772338K->89182K(7840256K)] 23377574K->15711291K(23735808K), 1.5649697 secs] [Times: user=1.94 sys=0.01, real=1.57 secs] 
2023-04-10T00:08:27.982+0000: 17873.402: [GC (Allocation Failure) [PSYoungGen: 7820382K->88878K(7850496K)] 23442491K->15796139K(23746048K), 1.5408643 secs] [Times: user=1.99 sys=0.01, real=1.54 secs] 
2023-04-10T00:08:33.648+0000: 17879.068: [GC (Allocation Failure) [PSYoungGen: 7820078K->85350K(7853568K)] 23527339K->15878203K(23749120K), 1.5492730 secs] [Times: user=1.96 sys=0.01, real=1.55 secs] 
2023-04-10T00:08:35.198+0000: 17880.617: [Full GC (Ergonomics) [PSYoungGen: 85350K->0K(7853568K)] [ParOldGen: 15792852K->13637539K(15665664K)] 15878203K->13637539K(23519232K), [Metaspace: 131316K->131316K(141312K)], 11.7822713 secs] [Times: user=81.38 sys=0.05, real=11.78 secs] 
2023-04-10T00:09:00.608+0000: 17906.028: [GC (Allocation Failure) [PSYoungGen: 7726592K->61254K(7788032K)] 21364131K->13698794K(23453696K), 1.7202432 secs] [Times: user=2.30 sys=0.00, real=1.72 secs] 
2023-04-10T00:09:04.462+0000: 17909.882: [GC (Allocation Failure) [PSYoungGen: 7787846K->41489K(7843328K)] 21425386K->13739893K(23508992K), 1.6675724 secs] [Times: user=2.29 sys=0.00, real=1.66 secs] 
2023-04-10T00:09:08.620+0000: 17914.040: [GC (Allocation Failure) [PSYoungGen: 7768081K->31006K(7757824K)] 21466485K->13753370K(23423488K), 1.6279754 secs] [Times: user=2.14 sys=0.00, real=1.63 secs] 
2023-04-10T00:09:12.368+0000: 17917.788: [GC (Allocation Failure) [PSYoungGen: 7757598K->21873K(7842816K)] 21479962K->13760368K(23508480K), 1.6285445 secs] [Times: user=1.86 sys=0.01, real=1.63 secs] 
2023-04-10T00:09:16.758+0000: 17922.177: [GC (Allocation Failure) [PSYoungGen: 7748465K->31071K(7757824K)] 21486960K->13772326K(23423488K), 1.5955224 secs] [Times: user=1.88 sys=0.01, real=1.60 secs] 
2023-04-10T00:09:21.081+0000: 17926.501: [GC (Allocation Failure) [PSYoungGen: 7757663K->59744K(7836672K)] 21498918K->13803287K(23502336K), 1.5783406 secs] [Times: user=1.77 sys=0.00, real=1.57 secs] 
2023-04-10T00:09:26.001+0000: 17931.421: [GC (Allocation Failure) [PSYoungGen: 7786336K->83351K(7838720K)] 21529879K->13868382K(23504384K), 1.5579848 secs] [Times: user=1.85 sys=0.00, real=1.55 secs] 
2023-04-10T00:09:30.912+0000: 17936.331: [GC (Allocation Failure) [PSYoungGen: 7809943K->82888K(7840256K)] 21594974K->13945215K(23505920K), 1.5738629 secs] [Times: user=1.94 sys=0.00, real=1.57 secs] 
2023-04-10T00:09:39.400+0000: 17944.820: [GC (Allocation Failure) [PSYoungGen: 7804872K->73167K(7844864K)] 21667199K->14017065K(23510528K), 1.5794648 secs] [Times: user=1.95 sys=0.01, real=1.58 secs] 
2023-04-10T00:10:00.501+0000: 17965.921: [GC (Allocation Failure) [PSYoungGen: 7795151K->69081K(7840768K)] 21739049K->14089915K(23506432K), 1.6461473 secs] [Times: user=2.04 sys=0.00, real=1.64 secs] 
2023-04-10T00:10:04.373+0000: 17969.793: [GC (Allocation Failure) [PSYoungGen: 7791065K->41470K(7763456K)] 21811899K->14130881K(23429120K), 1.6706130 secs] [Times: user=2.11 sys=0.00, real=1.67 secs] 
2023-04-10T00:10:07.912+0000: 17973.332: [GC (Allocation Failure) [PSYoungGen: 7763454K->40106K(7833088K)] 21852865K->14151405K(23498752K), 1.5806200 secs] [Times: user=2.02 sys=0.00, real=1.58 secs] 
2023-04-10T00:10:11.403+0000: 17976.823: [GC (Allocation Failure) [PSYoungGen: 7762090K->17712K(7836160K)] 21873389K->14155120K(23501824K), 1.6216093 secs] [Times: user=1.96 sys=0.01, real=1.62 secs] 
2023-04-10T00:10:15.607+0000: 17981.027: [GC (Allocation Failure) [PSYoungGen: 7739696K->22559K(7833600K)] 21877104K->14162912K(23499264K), 1.6232279 secs] [Times: user=1.83 sys=0.01, real=1.63 secs] 
2023-04-10T00:10:19.288+0000: 17984.708: [GC (Allocation Failure) [PSYoungGen: 7744543K->17280K(7739392K)] 21884896K->14159528K(23405056K), 1.5818550 secs] [Times: user=1.95 sys=0.01, real=1.58 secs] 
2023-04-10T00:10:22.806+0000: 17988.226: [GC (Allocation Failure) [PSYoungGen: 7739264K->17555K(7830016K)] 21881512K->14162059K(23495680K), 1.6614810 secs] [Times: user=2.03 sys=0.00, real=1.66 secs] 
2023-04-10T00:10:26.523+0000: 17991.943: [GC (Allocation Failure) [PSYoungGen: 7739539K->18014K(7740416K)] 21884043K->14165294K(23406080K), 1.5854767 secs] [Times: user=1.79 sys=0.01, real=1.58 secs] 
2023-04-10T00:10:31.909+0000: 17997.329: [GC (Allocation Failure) [PSYoungGen: 7739998K->87314K(7818752K)] 21887278K->14239226K(23484416K), 1.7736299 secs] [Times: user=2.12 sys=0.00, real=1.78 secs] 
2023-04-10T00:10:37.860+0000: 18003.280: [GC (Allocation Failure) [PSYoungGen: 7798546K->87344K(7829504K)] 21950458K->14311112K(23495168K), 1.5969930 secs] [Times: user=1.93 sys=0.01, real=1.60 secs] 
2023-04-10T00:10:44.122+0000: 18009.541: [GC (Allocation Failure) [PSYoungGen: 7798576K->94318K(7829504K)] 22022344K->14401054K(23495168K), 1.6549068 secs] [Times: user=2.01 sys=0.01, real=1.65 secs] 
2023-04-10T00:11:00.333+0000: 18025.753: [GC (Allocation Failure) [PSYoungGen: 7796846K->64863K(7767552K)] 22103582K->14455567K(23433216K), 1.7944825 secs] [Times: user=2.12 sys=0.01, real=1.79 secs] 
2023-04-10T00:11:04.522+0000: 18029.942: [GC (Allocation Failure) [PSYoungGen: 7767391K->38593K(7824896K)] 22158095K->14499977K(23490560K), 1.6524737 secs] [Times: user=2.13 sys=0.01, real=1.65 secs] 
2023-04-10T00:11:08.189+0000: 18033.609: [GC (Allocation Failure) [PSYoungGen: 7741121K->38450K(7741440K)] 22202505K->14522378K(23407104K), 1.6628152 secs] [Times: user=2.36 sys=0.01, real=1.67 secs] 
2023-04-10T00:11:13.177+0000: 18038.597: [GC (Allocation Failure) [PSYoungGen: 7740978K->15935K(7822336K)] 22224906K->14517835K(23488000K), 1.9690217 secs] [Times: user=2.07 sys=0.00, real=1.97 secs] 
2023-04-10T00:11:17.384+0000: 18042.804: [GC (Allocation Failure) [PSYoungGen: 7718463K->16478K(7719424K)] 22220363K->14520946K(23385088K), 1.6210933 secs] [Times: user=1.86 sys=0.00, real=1.62 secs] 
2023-04-10T00:11:21.691+0000: 18047.111: [GC (Allocation Failure) [PSYoungGen: 7719006K->43948K(7806464K)] 22223474K->14550680K(23472128K), 1.5761444 secs] [Times: user=1.81 sys=0.00, real=1.57 secs] 
2023-04-10T00:11:27.168+0000: 18052.587: [GC (Allocation Failure) [PSYoungGen: 7746476K->90481K(7814144K)] 22253208K->14630837K(23479808K), 1.6380339 secs] [Times: user=2.02 sys=0.01, real=1.64 secs] 
2023-04-10T00:11:33.776+0000: 18059.196: [GC (Allocation Failure) [PSYoungGen: 7793009K->88908K(7816704K)] 22333365K->14711000K(23482368K), 1.7390114 secs] [Times: user=2.08 sys=0.00, real=1.74 secs] 
2023-04-10T00:11:42.441+0000: 18067.861: [GC (Allocation Failure) [PSYoungGen: 7783756K->74090K(7824384K)] 22405848K->14779395K(23490048K), 1.5945610 secs] [Times: user=2.02 sys=0.01, real=1.59 secs] 
2023-04-10T00:12:00.947+0000: 18086.367: [GC (Allocation Failure) [PSYoungGen: 7768938K->50324K(7811072K)] 22474243K->14835668K(23476736K), 1.8017055 secs] [Times: user=2.22 sys=0.00, real=1.80 secs] 
2023-04-10T00:12:05.111+0000: 18090.531: [GC (Allocation Failure) [PSYoungGen: 7745172K->38312K(7733248K)] 22530516K->14871072K(23398912K), 1.6697234 secs] [Times: user=2.28 sys=0.00, real=1.67 secs] 
2023-04-10T00:12:08.822+0000: 18094.241: [GC (Allocation Failure) [PSYoungGen: 7733160K->33029K(7806976K)] 22565920K->14888941K(23472640K), 1.6877211 secs] [Times: user=2.06 sys=0.00, real=1.68 secs] 
2023-04-10T00:12:13.210+0000: 18098.629: [GC (Allocation Failure) [PSYoungGen: 7727877K->16226K(7711232K)] 22583789K->14890339K(23376896K), 1.6741201 secs] [Times: user=1.91 sys=0.01, real=1.68 secs] 
2023-04-10T00:12:17.063+0000: 18102.483: [GC (Allocation Failure) [PSYoungGen: 7711074K->23744K(7812608K)] 22585187K->14900354K(23478272K), 1.8158249 secs] [Times: user=2.00 sys=0.00, real=1.81 secs] 
2023-04-10T00:12:22.198+0000: 18107.618: [GC (Allocation Failure) [PSYoungGen: 7721152K->55322K(7753216K)] 22597762K->14934164K(23418880K), 1.5870114 secs] [Times: user=1.92 sys=0.01, real=1.59 secs] 
2023-04-10T00:12:27.604+0000: 18113.024: [GC (Allocation Failure) [PSYoungGen: 7752730K->77788K(7801344K)] 22631572K->15003733K(23467008K), 1.6327161 secs] [Times: user=2.09 sys=0.01, real=1.63 secs] 
2023-04-10T00:12:34.378+0000: 18119.797: [GC (Allocation Failure) [PSYoungGen: 7769288K->74916K(7806976K)] 22695233K->15072982K(23472640K), 1.5933383 secs] [Times: user=1.96 sys=0.00, real=1.60 secs] 
2023-04-10T00:12:56.679+0000: 18142.099: [GC (Allocation Failure) [PSYoungGen: 7766692K->62554K(7804416K)] 22764758K->15136648K(23470080K), 1.5514078 secs] [Times: user=1.94 sys=0.01, real=1.56 secs] 
2023-04-10T00:13:02.447+0000: 18147.867: [GC (Allocation Failure) [PSYoungGen: 7754330K->31659K(7723520K)] 22828424K->15175658K(23389184K), 1.8205875 secs] [Times: user=2.36 sys=0.01, real=1.82 secs] 
2023-04-10T00:13:06.569+0000: 18151.989: [GC (Allocation Failure) [PSYoungGen: 7723435K->32115K(7798272K)] 22867434K->15193642K(23463936K), 1.6177302 secs] [Times: user=2.06 sys=0.01, real=1.62 secs] 
2023-04-10T00:13:11.086+0000: 18156.505: [GC (Allocation Failure) [PSYoungGen: 7723891K->16114K(7801344K)] 22885418K->15196946K(23467008K), 1.6657644 secs] [Times: user=2.12 sys=0.00, real=1.67 secs] 
2023-04-10T00:13:14.708+0000: 18160.128: [GC (Allocation Failure) [PSYoungGen: 7707890K->19393K(7797248K)] 22888722K->15202624K(23462912K), 1.6211200 secs] [Times: user=1.91 sys=0.00, real=1.62 secs] 
2023-04-10T00:13:18.775+0000: 18164.195: [GC (Allocation Failure) [PSYoungGen: 7711169K->31188K(7723008K)] 22894400K->15216932K(23388672K), 1.5453699 secs] [Times: user=1.78 sys=0.00, real=1.55 secs] 
2023-04-10T00:13:24.517+0000: 18169.936: [GC (Allocation Failure) [PSYoungGen: 7722964K->80350K(7786496K)] 22908708K->15283565K(23452160K), 1.5844558 secs] [Times: user=1.93 sys=0.01, real=1.59 secs] 
2023-04-10T00:13:30.696+0000: 18176.116: [GC (Allocation Failure) [PSYoungGen: 7763934K->81039K(7794688K)] 22967149K->15359703K(23460352K), 1.7261423 secs] [Times: user=2.13 sys=0.01, real=1.73 secs] 
2023-04-10T00:13:36.594+0000: 18182.013: [GC (Allocation Failure) [PSYoungGen: 7764623K->75383K(7798272K)] 23043287K->15429998K(23463936K), 1.5977367 secs] [Times: user=2.00 sys=0.00, real=1.60 secs] 
2023-04-10T00:14:00.551+0000: 18205.971: [GC (Allocation Failure) [PSYoungGen: 7755895K->57191K(7737856K)] 23110510K->15487567K(23403520K), 1.7650396 secs] [Times: user=2.34 sys=0.00, real=1.76 secs] 
2023-04-10T00:14:04.616+0000: 18210.036: [GC (Allocation Failure) [PSYoungGen: 7737703K->37252K(7789056K)] 23168079K->15525452K(23454720K), 1.6964232 secs] [Times: user=2.22 sys=0.01, real=1.70 secs] 
2023-04-10T00:14:09.265+0000: 18214.685: [GC (Allocation Failure) [PSYoungGen: 7717764K->27299K(7708160K)] 23205964K->15536923K(23373824K), 1.7034097 secs] [Times: user=2.38 sys=0.01, real=1.70 secs] 
2023-04-10T00:14:12.945+0000: 18218.364: [GC (Allocation Failure) [PSYoungGen: 7707811K->16253K(7791616K)] 23217435K->15539714K(23457280K), 1.6033524 secs] [Times: user=1.87 sys=0.00, real=1.60 secs] 
2023-04-10T00:14:16.504+0000: 18221.924: [GC (Allocation Failure) [PSYoungGen: 7697789K->16846K(7698432K)] 23221250K->15542299K(23364096K), 1.5806631 secs] [Times: user=1.82 sys=0.01, real=1.58 secs] 
2023-04-10T00:14:21.224+0000: 18226.644: [GC (Allocation Failure) [PSYoungGen: 7698382K->45424K(7794176K)] 23223835K->15572685K(23459840K), 1.5894102 secs] [Times: user=1.86 sys=0.00, real=1.59 secs] 
2023-04-10T00:14:27.716+0000: 18233.136: [GC (Allocation Failure) [PSYoungGen: 7732080K->89345K(7789056K)] 23259341K->15652741K(23454720K), 1.7267473 secs] [Times: user=2.08 sys=0.00, real=1.73 secs] 
2023-04-10T00:14:29.443+0000: 18234.863: [Full GC (Ergonomics) [PSYoungGen: 89345K->0K(7789056K)] [ParOldGen: 15563396K->13880506K(15909376K)] 15652741K->13880506K(23698432K), [Metaspace: 131316K->131316K(141312K)], 7.9876784 secs] [Times: user=62.03 sys=0.00, real=7.99 secs] 
2023-04-10T00:14:41.879+0000: 18247.299: [GC (Allocation Failure) [PSYoungGen: 7686656K->80169K(7794688K)] 21567162K->13960675K(23704064K), 1.5777759 secs] [Times: user=1.85 sys=0.01, real=1.58 secs] 
2023-04-10T00:14:55.905+0000: 18261.325: [GC (Allocation Failure) [PSYoungGen: 7761193K->68533K(7800320K)] 21641699K->14027625K(23709696K), 1.5795328 secs] [Times: user=1.94 sys=0.01, real=1.58 secs] 
2023-04-10T00:15:02.317+0000: 18267.737: [GC (Allocation Failure) [PSYoungGen: 7749557K->32073K(7823872K)] 21708649K->14063957K(23733248K), 1.7170494 secs] [Times: user=2.12 sys=0.00, real=1.72 secs] 
2023-04-10T00:15:06.899+0000: 18272.318: [GC (Allocation Failure) [PSYoungGen: 7748425K->37013K(7832064K)] 21780309K->14085369K(23741440K), 1.8653536 secs] [Times: user=2.50 sys=0.00, real=1.87 secs] 
2023-04-10T00:15:10.722+0000: 18276.142: [GC (Allocation Failure) [PSYoungGen: 7753365K->31256K(7828480K)] 21801721K->14101060K(23737856K), 1.6149366 secs] [Times: user=1.99 sys=0.00, real=1.61 secs] 
2023-04-10T00:15:14.440+0000: 18279.860: [GC (Allocation Failure) [PSYoungGen: 7758360K->17690K(7835648K)] 21828164K->14105549K(23745024K), 1.6126823 secs] [Times: user=1.92 sys=0.01, real=1.62 secs] 
2023-04-10T00:15:18.229+0000: 18283.648: [GC (Allocation Failure) [PSYoungGen: 7744794K->16667K(7836672K)] 21832653K->14106190K(23746048K), 1.5641442 secs] [Times: user=1.79 sys=0.01, real=1.57 secs] 
2023-04-10T00:15:21.845+0000: 18287.264: [GC (Allocation Failure) [PSYoungGen: 7755035K->22940K(7844352K)] 21844558K->14114303K(23753728K), 1.6519494 secs] [Times: user=1.99 sys=0.00, real=1.65 secs] 
2023-04-10T00:15:25.948+0000: 18291.367: [GC (Allocation Failure) [PSYoungGen: 7761308K->22111K(7838208K)] 21852671K->14115715K(23747584K), 1.9123457 secs] [Times: user=2.18 sys=0.00, real=1.91 secs] 
2023-04-10T00:15:31.962+0000: 18297.382: [GC (Allocation Failure) [PSYoungGen: 7768159K->61749K(7845376K)] 21861763K->14158432K(23754752K), 1.6158265 secs] [Times: user=1.86 sys=0.00, real=1.61 secs] 
2023-04-10T00:15:38.387+0000: 18303.807: [GC (Allocation Failure) [PSYoungGen: 7807797K->84453K(7854592K)] 21904480K->14232897K(23763968K), 1.5482204 secs] [Times: user=1.89 sys=0.04, real=1.55 secs] 
2023-04-10T00:15:44.779+0000: 18310.198: [GC (Allocation Failure) [PSYoungGen: 7837157K->86182K(7864832K)] 21985601K->14315354K(23774208K), 1.7048024 secs] [Times: user=2.09 sys=0.00, real=1.71 secs] 
2023-04-10T00:15:59.079+0000: 18324.499: [GC (Allocation Failure) [PSYoungGen: 7838886K->72105K(7872000K)] 22068058K->14384679K(23781376K), 1.6227311 secs] [Times: user=2.01 sys=0.01, real=1.63 secs] 
2023-04-10T00:16:03.243+0000: 18328.663: [GC (Allocation Failure) [PSYoungGen: 7823273K->42844K(7794176K)] 22135847K->14432834K(23703552K), 1.8583195 secs] [Times: user=2.41 sys=0.00, real=1.86 secs] 
2023-04-10T00:16:07.751+0000: 18333.171: [GC (Allocation Failure) [PSYoungGen: 7794012K->40026K(7873024K)] 22184002K->14449352K(23782400K), 1.6812072 secs] [Times: user=2.19 sys=0.00, real=1.68 secs] 
2023-04-10T00:16:11.527+0000: 18336.947: [GC (Allocation Failure) [PSYoungGen: 7796314K->15324K(7771648K)] 22205640K->14451114K(23681024K), 1.5893250 secs] [Times: user=2.04 sys=0.00, real=1.59 secs] 
2023-04-10T00:16:15.491+0000: 18340.911: [GC (Allocation Failure) [PSYoungGen: 7771612K->17920K(7868928K)] 22207402K->14455606K(23778304K), 1.5660531 secs] [Times: user=1.80 sys=0.00, real=1.56 secs] 
2023-04-10T00:16:19.898+0000: 18345.317: [GC (Allocation Failure) [PSYoungGen: 7775744K->38436K(7796736K)] 22213430K->14480642K(23706112K), 1.5542613 secs] [Times: user=1.80 sys=0.00, real=1.56 secs] 
2023-04-10T00:16:26.379+0000: 18351.799: [GC (Allocation Failure) [PSYoungGen: 7796260K->86606K(7852032K)] 22238466K->14556605K(23761408K), 1.6086737 secs] [Times: user=1.98 sys=0.01, real=1.61 secs] 
2023-04-10T00:16:32.372+0000: 18357.792: [GC (Allocation Failure) [PSYoungGen: 7834702K->82495K(7861760K)] 22304701K->14631710K(23771136K), 1.5851629 secs] [Times: user=1.97 sys=0.01, real=1.58 secs] 
2023-04-10T00:16:38.353+0000: 18363.772: [GC (Allocation Failure) [PSYoungGen: 7830591K->74804K(7866368K)] 22379806K->14703026K(23775744K), 1.5372529 secs] [Times: user=1.93 sys=0.00, real=1.53 secs] 
2023-04-10T00:17:00.573+0000: 18385.993: [GC (Allocation Failure) [PSYoungGen: 7820852K->55209K(7801344K)] 22449074K->14762919K(23710720K), 1.9235063 secs] [Times: user=2.27 sys=0.01, real=1.92 secs] 
2023-04-10T00:17:05.847+0000: 18391.266: [GC (Allocation Failure) [PSYoungGen: 7801257K->42783K(7866880K)] 22508967K->14805526K(23776256K), 1.6731626 secs] [Times: user=2.32 sys=0.00, real=1.67 secs] 
2023-04-10T00:17:09.436+0000: 18394.856: [GC (Allocation Failure) [PSYoungGen: 7793439K->29619K(7780352K)] 22556182K->14819489K(23689728K), 1.5866480 secs] [Times: user=2.09 sys=0.01, real=1.59 secs] 
2023-04-10T00:17:13.086+0000: 18398.506: [GC (Allocation Failure) [PSYoungGen: 7780275K->21972K(7861248K)] 22570145K->14821089K(23770624K), 1.5631041 secs] [Times: user=1.85 sys=0.00, real=1.56 secs] 
2023-04-10T00:17:16.622+0000: 18402.042: [GC (Allocation Failure) [PSYoungGen: 7773652K->17245K(7769088K)] 22572769K->14818946K(23678464K), 1.6191959 secs] [Times: user=1.84 sys=0.01, real=1.62 secs] 
2023-04-10T00:17:21.650+0000: 18407.070: [GC (Allocation Failure) [PSYoungGen: 7768925K->62466K(7858688K)] 22570626K->14866295K(23768064K), 1.7111498 secs] [Times: user=2.14 sys=0.00, real=1.71 secs] 
2023-04-10T00:17:27.785+0000: 18413.205: [GC (Allocation Failure) [PSYoungGen: 7813634K->75624K(7859200K)] 22617463K->14921796K(23768576K), 1.5587761 secs] [Times: user=1.94 sys=0.00, real=1.56 secs] 
2023-04-10T00:17:41.989+0000: 18427.408: [GC (Allocation Failure) [PSYoungGen: 7826792K->68757K(7862784K)] 22672964K->14987809K(23772160K), 1.8516001 secs] [Times: user=2.33 sys=0.01, real=1.86 secs] 
2023-04-10T00:18:01.482+0000: 18446.902: [GC (Allocation Failure) [PSYoungGen: 7818901K->59255K(7809536K)] 22737953K->15048099K(23718912K), 1.9128172 secs] [Times: user=2.36 sys=0.00, real=1.91 secs] 
2023-04-10T00:18:05.736+0000: 18451.156: [GC (Allocation Failure) [PSYoungGen: 7809399K->38790K(7864320K)] 22798243K->15074746K(23773696K), 1.5855745 secs] [Times: user=2.25 sys=0.00, real=1.59 secs] 
2023-04-10T00:18:09.263+0000: 18454.683: [GC (Allocation Failure) [PSYoungGen: 7792518K->28840K(7782912K)] 22828474K->15086020K(23692288K), 1.6185240 secs] [Times: user=2.06 sys=0.00, real=1.62 secs] 
2023-04-10T00:18:12.852+0000: 18458.271: [GC (Allocation Failure) [PSYoungGen: 7782568K->17896K(7859200K)] 22839748K->15083481K(23768576K), 1.5797757 secs] [Times: user=1.82 sys=0.00, real=1.58 secs] 
2023-04-10T00:18:16.461+0000: 18461.881: [GC (Allocation Failure) [PSYoungGen: 7772136K->17602K(7772160K)] 22837721K->15084962K(23681536K), 1.5874180 secs] [Times: user=1.85 sys=0.17, real=1.58 secs] 
2023-04-10T00:18:22.188+0000: 18467.607: [GC (Allocation Failure) [PSYoungGen: 7771842K->60593K(7857152K)] 22839202K->15130401K(23766528K), 1.6931012 secs] [Times: user=2.08 sys=0.01, real=1.70 secs] 
2023-04-10T00:18:27.685+0000: 18473.104: [GC (Allocation Failure) [PSYoungGen: 7814321K->75841K(7857664K)] 22884129K->15198433K(23767040K), 1.5603395 secs] [Times: user=1.94 sys=0.01, real=1.56 secs] 
2023-04-10T00:18:33.647+0000: 18479.067: [GC (Allocation Failure) [PSYoungGen: 7829569K->68728K(7861760K)] 22952161K->15261545K(23771136K), 1.5604267 secs] [Times: user=1.95 sys=0.01, real=1.56 secs] 
2023-04-10T00:19:00.337+0000: 18505.757: [GC (Allocation Failure) [PSYoungGen: 7820920K->59562K(7812096K)] 23013737K->15320930K(23721472K), 1.7417592 secs] [Times: user=2.31 sys=0.00, real=1.74 secs] 
2023-04-10T00:19:04.306+0000: 18509.726: [GC (Allocation Failure) [PSYoungGen: 7811754K->46294K(7866368K)] 23073122K->15370246K(23775744K), 1.7029401 secs] [Times: user=2.34 sys=0.00, real=1.70 secs] 
2023-04-10T00:19:07.994+0000: 18513.413: [GC (Allocation Failure) [PSYoungGen: 7803606K->27128K(7784448K)] 23127558K->15373421K(23693824K), 1.6213932 secs] [Times: user=2.24 sys=0.00, real=1.62 secs] 
2023-04-10T00:19:11.539+0000: 18516.959: [GC (Allocation Failure) [PSYoungGen: 7784440K->17212K(7859712K)] 23130733K->15377197K(23769088K), 1.6727471 secs] [Times: user=2.06 sys=0.01, real=1.68 secs] 
2023-04-10T00:19:15.316+0000: 18520.736: [GC (Allocation Failure) [PSYoungGen: 7774524K->24475K(7781888K)] 23134509K->15386276K(23691264K), 1.6880202 secs] [Times: user=2.02 sys=0.01, real=1.69 secs] 
2023-04-10T00:19:20.717+0000: 18526.136: [GC (Allocation Failure) [PSYoungGen: 7781787K->44430K(7862272K)] 23143588K->15408462K(23771648K), 1.5602240 secs] [Times: user=1.83 sys=0.01, real=1.56 secs] 
2023-04-10T00:19:26.586+0000: 18532.006: [GC (Allocation Failure) [PSYoungGen: 7806862K->71764K(7857152K)] 23170894K->15463316K(23766528K), 1.5430741 secs] [Times: user=1.90 sys=0.01, real=1.54 secs] 
2023-04-10T00:19:32.108+0000: 18537.528: [GC (Allocation Failure) [PSYoungGen: 7834196K->73612K(7858176K)] 23225748K->15530917K(23767552K), 1.5759806 secs] [Times: user=1.99 sys=0.00, real=1.58 secs] 
2023-04-10T00:19:38.190+0000: 18543.610: [GC (Allocation Failure) [PSYoungGen: 7831436K->68579K(7862784K)] 23288741K->15592419K(23772160K), 1.6202790 secs] [Times: user=1.99 sys=0.00, real=1.62 secs] 
2023-04-10T00:19:55.815+0000: 18561.235: [GC (Allocation Failure) [PSYoungGen: 7826403K->56492K(7857664K)] 23350243K->15653374K(23767040K), 1.7583088 secs] [Times: user=2.23 sys=0.00, real=1.76 secs] 
2023-04-10T00:20:02.137+0000: 18567.557: [GC (Allocation Failure) [PSYoungGen: 7814316K->27773K(7785984K)] 23411198K->15688151K(23695360K), 1.7461448 secs] [Times: user=2.12 sys=0.01, real=1.75 secs] 
2023-04-10T00:20:06.053+0000: 18571.472: [GC (Allocation Failure) [PSYoungGen: 7785597K->53963K(7863808K)] 23445975K->15730342K(23773184K), 1.6175607 secs] [Times: user=2.35 sys=0.01, real=1.61 secs] 
2023-04-10T00:20:09.736+0000: 18575.155: [GC (Allocation Failure) [PSYoungGen: 7815371K->26691K(7788544K)] 23491750K->15741529K(23697920K), 1.7911556 secs] [Times: user=2.38 sys=0.01, real=1.79 secs] 
2023-04-10T00:20:13.580+0000: 18579.000: [GC (Allocation Failure) [PSYoungGen: 7788099K->18409K(7859200K)] 23502937K->15745421K(23768576K), 1.7055789 secs] [Times: user=1.99 sys=0.01, real=1.71 secs] 
2023-04-10T00:20:17.928+0000: 18583.348: [GC (Allocation Failure) [PSYoungGen: 7779817K->15406K(7777280K)] 23506829K->15744785K(23686656K), 1.6702860 secs] [Times: user=2.06 sys=0.01, real=1.67 secs] 
2023-04-10T00:20:21.722+0000: 18587.142: [GC (Allocation Failure) [PSYoungGen: 7776814K->22011K(7861248K)] 23506193K->15753510K(23770624K), 1.5700064 secs] [Times: user=1.97 sys=0.00, real=1.57 secs] 
2023-04-10T00:20:25.240+0000: 18590.660: [GC (Allocation Failure) [PSYoungGen: 7785979K->21646K(7785984K)] 23517478K->15755441K(23695360K), 1.5532855 secs] [Times: user=1.83 sys=0.02, real=1.56 secs] 
2023-04-10T00:20:30.238+0000: 18595.658: [GC (Allocation Failure) [PSYoungGen: 7785614K->57936K(7854592K)] 23519409K->15795219K(23763968K), 1.5587327 secs] [Times: user=1.87 sys=0.00, real=1.56 secs] 
2023-04-10T00:20:37.227+0000: 18602.647: [GC (Allocation Failure) [PSYoungGen: 7819856K->86778K(7856640K)] 23557139K->15874509K(23766016K), 1.6146559 secs] [Times: user=2.01 sys=0.04, real=1.62 secs] 
2023-04-10T00:20:43.375+0000: 18608.794: [GC (Allocation Failure) [PSYoungGen: 7848698K->88172K(7863296K)] 23636429K->15958831K(23772672K), 1.5717560 secs] [Times: user=2.02 sys=0.05, real=1.57 secs] 
2023-04-10T00:20:44.946+0000: 18610.366: [Full GC (Ergonomics) [PSYoungGen: 88172K->0K(7863296K)] [ParOldGen: 15870659K->14107321K(16168448K)] 15958831K->14107321K(24031744K), [Metaspace: 131316K->131316K(141312K)], 8.2909360 secs] [Times: user=65.58 sys=0.04, real=8.29 secs] 
2023-04-10T00:21:01.065+0000: 18626.485: [GC (Allocation Failure) [PSYoungGen: 7756800K->49133K(7873536K)] 21864121K->14156454K(24041984K), 1.7545329 secs] [Times: user=2.07 sys=0.00, real=1.75 secs] 
2023-04-10T00:21:04.907+0000: 18630.327: [GC (Allocation Failure) [PSYoungGen: 7805933K->39241K(7954432K)] 21913254K->14192426K(24122880K), 1.6095938 secs] [Times: user=2.20 sys=0.02, real=1.61 secs] 
2023-04-10T00:21:08.644+0000: 18634.064: [GC (Allocation Failure) [PSYoungGen: 7896393K->31690K(7962624K)] 22049578K->14201604K(24131072K), 1.5974327 secs] [Times: user=1.94 sys=0.00, real=1.60 secs] 
2023-04-10T00:21:12.417+0000: 18637.837: [GC (Allocation Failure) [PSYoungGen: 7888842K->23791K(7970304K)] 22058756K->14206523K(24138752K), 1.7940868 secs] [Times: user=2.13 sys=0.01, real=1.80 secs] 
2023-04-10T00:21:16.969+0000: 18642.389: [GC (Allocation Failure) [PSYoungGen: 7899887K->17093K(7976960K)] 22082619K->14203696K(24145408K), 1.5441092 secs] [Times: user=1.74 sys=0.01, real=1.55 secs] 
2023-04-10T00:21:22.248+0000: 18647.668: [GC (Allocation Failure) [PSYoungGen: 7893189K->65671K(7983104K)] 22079792K->14254450K(24151552K), 1.5637424 secs] [Times: user=1.84 sys=0.03, real=1.57 secs] 
2023-04-10T00:21:28.203+0000: 18653.623: [GC (Allocation Failure) [PSYoungGen: 7949447K->79771K(7986688K)] 22138226K->14326735K(24155136K), 1.6209481 secs] [Times: user=1.99 sys=0.25, real=1.62 secs] 
2023-04-10T00:21:36.285+0000: 18661.705: [GC (Allocation Failure) [PSYoungGen: 7963547K->68770K(7991808K)] 22210511K->14384990K(24160256K), 1.5412492 secs] [Times: user=1.90 sys=0.01, real=1.54 secs] 
2023-04-10T00:22:00.198+0000: 18685.618: [GC (Allocation Failure) [PSYoungGen: 7950498K->43200K(7925248K)] 22266718K->14426635K(24093696K), 1.7333583 secs] [Times: user=2.06 sys=0.00, real=1.74 secs] 
2023-04-10T00:22:04.331+0000: 18689.751: [GC (Allocation Failure) [PSYoungGen: 7924928K->42050K(7993344K)] 22308363K->14471301K(24161792K), 1.5794643 secs] [Times: user=1.99 sys=0.01, real=1.58 secs] 
2023-04-10T00:22:08.040+0000: 18693.459: [GC (Allocation Failure) [PSYoungGen: 7928386K->32485K(7919104K)] 22357637K->14480856K(24087552K), 1.6299503 secs] [Times: user=2.02 sys=0.00, real=1.63 secs] 
2023-04-10T00:22:12.379+0000: 18697.798: [GC (Allocation Failure) [PSYoungGen: 7918821K->19415K(7986176K)] 22367192K->14476795K(24154624K), 1.7871514 secs] [Times: user=2.04 sys=0.00, real=1.79 secs] 
2023-04-10T00:22:16.374+0000: 18701.794: [GC (Allocation Failure) [PSYoungGen: 7906263K->22040K(7909376K)] 22363643K->14481660K(24077824K), 1.5715408 secs] [Times: user=1.84 sys=0.01, real=1.57 secs] 
2023-04-10T00:22:21.330+0000: 18706.749: [GC (Allocation Failure) [PSYoungGen: 7908888K->41490K(7989760K)] 22368508K->14503846K(24158208K), 1.5286146 secs] [Times: user=1.78 sys=0.00, real=1.53 secs] 
2023-04-10T00:22:27.594+0000: 18713.014: [GC (Allocation Failure) [PSYoungGen: 7933970K->77729K(7984128K)] 22396326K->14572277K(24152576K), 1.5278757 secs] [Times: user=1.87 sys=0.01, real=1.53 secs] 
2023-04-10T00:22:35.028+0000: 18720.448: [GC (Allocation Failure) 